11-19 21:51:33.537  4588  4588 W ViewRootImpl[MainActivity]: Cancelling event due to no window focus: KeyEvent { action=ACTION_UP, keyCode=KEYCODE_DPAD_LEFT, scanCode=0, metaState=0, flags=0x420, repeatCount=0, eventTime=1846505, downTime=1846505, deviceId=-1, source=0x101 }
11-19 21:51:33.537  4588  4588 W ViewRootImpl[MainActivity]: Cancelling event due to no window focus: KeyEvent { action=ACTION_UP, keyCode=KEYCODE_DPAD_LEFT, scanCode=0, metaState=0, flags=0x420, repeatCount=0, eventTime=1846505, downTime=1846505, deviceId=-1, source=0x101 }
11-19 21:51:33.537  4588  4588 W ViewRootImpl[MainActivity]: Cancelling event due to no window focus: KeyEvent { action=ACTION_UP, keyCode=KEYCODE_DPAD_LEFT, scanCode=0, metaState=0, flags=0x420, repeatCount=0, eventTime=1846505, downTime=1846505, deviceId=-1, source=0x101 }
11-19 21:51:33.537  4588  4588 W ViewRootImpl[MainActivity]: Cancelling event due to no window focus: KeyEvent { action=ACTION_UP, keyCode=KEYCODE_DPAD_LEFT, scanCode=0, metaState=0, flags=0x420, repeatCount=0, eventTime=1846505, downTime=1846505, deviceId=-1, source=0x101 }
11-19 21:51:33.537  4588  4588 W ViewRootImpl[MainActivity]: Cancelling event due to no window focus: KeyEvent { action=ACTION_UP, keyCode=KEYCODE_DPAD_LEFT, scanCode=0, metaState=0, flags=0x420, repeatCount=0, eventTime=1846505, downTime=1846505, deviceId=-1, source=0x101 }
11-19 21:51:33.537  4588  4588 W ViewRootImpl[MainActivity]: Cancelling event due to no window focus: KeyEvent { action=ACTION_UP, keyCode=KEYCODE_DPAD_LEFT, scanCode=0, metaState=0, flags=0x420, repeatCount=0, eventTime=1846505, downTime=1846505, deviceId=-1, source=0x101 }
11-19 21:51:33.538  4588  4588 W ViewRootImpl[MainActivity]: Cancelling event due to no window focus: KeyEvent { action=ACTION_UP, keyCode=KEYCODE_DPAD_LEFT, scanCode=0, metaState=0, flags=0x420, repeatCount=0, eventTime=1846505, downTime=1846505, deviceId=-1, source=0x101 }
11-19 21:51:33.538  4588  4588 W ViewRootImpl[MainActivity]: Cancelling event due to no window focus: KeyEvent { action=ACTION_UP, keyCode=KEYCODE_DPAD_LEFT, scanCode=0, metaState=0, flags=0x420, repeatCount=0, eventTime=1846505, downTime=1846505, deviceId=-1, source=0x101 }
11-19 21:51:33.538  4588  4588 W ViewRootImpl[MainActivity]: Cancelling event due to no window focus: KeyEvent { action=ACTION_UP, keyCode=KEYCODE_DPAD_LEFT, scanCode=0, metaState=0, flags=0x420, repeatCount=0, eventTime=1846505, downTime=1846505, deviceId=-1, source=0x101 }
11-19 21:51:33.538  4588  4588 W ViewRootImpl[MainActivity]: Cancelling event due to no window focus: KeyEvent { action=ACTION_UP, keyCode=KEYCODE_DPAD_LEFT, scanCode=0, metaState=0, flags=0x420, repeatCount=0, eventTime=1846505, downTime=1846505, deviceId=-1, source=0x101 }
11-19 21:51:33.538  4588  4588 W ViewRootImpl[MainActivity]: Cancelling event due to no window focus: KeyEvent { action=ACTION_UP, keyCode=KEYCODE_DPAD_LEFT, scanCode=0, metaState=0, flags=0x420, repeatCount=0, eventTime=1846505, downTime=1846505, deviceId=-1, source=0x101 }
11-19 21:51:33.538  4588  4588 W ViewRootImpl[MainActivity]: Cancelling event due to no window focus: KeyEvent { action=ACTION_UP, keyCode=KEYCODE_DPAD_LEFT, scanCode=0, metaState=0, flags=0x420, repeatCount=0, eventTime=1846505, downTime=1846505, deviceId=-1, source=0x101 }
11-19 21:51:33.538  4588  4588 W ViewRootImpl[MainActivity]: Cancelling event due to no window focus: KeyEvent { action=ACTION_UP, keyCode=KEYCODE_DPAD_LEFT, scanCode=0, metaState=0, flags=0x420, repeatCount=0, eventTime=1846505, downTime=1846505, deviceId=-1, source=0x101 }
11-19 21:51:33.538  4588  4588 W ViewRootImpl[MainActivity]: Cancelling event due to no window focus: KeyEvent { action=ACTION_UP, keyCode=KEYCODE_DPAD_LEFT, scanCode=0, metaState=0, flags=0x420, repeatCount=0, eventTime=1846505, downTime=1846505, deviceId=-1, source=0x101 }
11-19 21:51:33.538  4588  4588 W ViewRootImpl[MainActivity]: Cancelling event due to no window focus: KeyEvent { action=ACTION_UP, keyCode=KEYCODE_DPAD_LEFT, scanCode=0, metaState=0, flags=0x420, repeatCount=0, eventTime=1846505, downTime=1846505, deviceId=-1, source=0x101 }
11-19 21:51:33.538  4588  4588 W ViewRootImpl[MainActivity]: Cancelling event due to no window focus: KeyEvent { action=ACTION_UP, keyCode=KEYCODE_DPAD_LEFT, scanCode=0, metaState=0, flags=0x420, repeatCount=0, eventTime=1846505, downTime=1846505, deviceId=-1, source=0x101 }
11-19 21:51:33.549  1588  1620 I InputDispatcher: Dropped event because of pending overdue app switch.
11-19 21:51:33.549  1588  2186 W InputManager: Input event injection from pid 4578 failed.
11-19 21:51:33.625  1588  1608 I WindowManager: Destroying surface Surface(name=SubPanel:net.alaindonesia.silectric/net.alaindonesia.silectric.MainActivity) called by com.android.server.wm.WindowStateAnimator.destroySurface:2016 com.android.server.wm.WindowStateAnimator.destroySurfaceLocked:882 com.android.server.wm.WindowState.destroyOrSaveSurface:2100 com.android.server.wm.AppWindowToken.destroySurfaces:363 com.android.server.wm.WindowStateAnimator.finishExit:565 com.android.server.wm.WindowStateAnimator.stepAnimationLocked:491 com.android.server.wm.WindowAnimator.updateWindowsLocked:303 com.android.server.wm.WindowAnimator.animateLocked:704 
11-19 21:51:33.632  4588  4588 W ViewRootImpl[UsageActivity]: Cancelling event due to no window focus: KeyEvent { action=ACTION_UP, keyCode=KEYCODE_DPAD_DOWN, scanCode=0, metaState=0, flags=0x28, repeatCount=0, eventTime=1846524, downTime=1846524, deviceId=-1, source=0x101 }
11-19 21:51:33.632  4588  4588 W ViewRootImpl[UsageActivity]: Cancelling event due to no window focus: KeyEvent { action=ACTION_UP, keyCode=KEYCODE_DPAD_DOWN, scanCode=0, metaState=0, flags=0x28, repeatCount=0, eventTime=1846524, downTime=1846524, deviceId=-1, source=0x101 }
11-19 21:51:33.632  4588  4588 W ViewRootImpl[UsageActivity]: Cancelling event due to no window focus: KeyEvent { action=ACTION_UP, keyCode=KEYCODE_DPAD_DOWN, scanCode=0, metaState=0, flags=0x28, repeatCount=0, eventTime=1846524, downTime=1846524, deviceId=-1, source=0x101 }
11-19 21:51:33.632  4588  4588 W ViewRootImpl[UsageActivity]: Cancelling event due to no window focus: KeyEvent { action=ACTION_UP, keyCode=KEYCODE_DPAD_DOWN, scanCode=0, metaState=0, flags=0x28, repeatCount=0, eventTime=1846524, downTime=1846524, deviceId=-1, source=0x101 }
11-19 21:51:33.632  4588  4588 W ViewRootImpl[UsageActivity]: Cancelling event due to no window focus: KeyEvent { action=ACTION_UP, keyCode=KEYCODE_DPAD_DOWN, scanCode=0, metaState=0, flags=0x28, repeatCount=0, eventTime=1846524, downTime=1846524, deviceId=-1, source=0x101 }
11-19 21:51:33.632  4588  4588 W ViewRootImpl[UsageActivity]: Cancelling event due to no window focus: KeyEvent { action=ACTION_UP, keyCode=KEYCODE_DPAD_DOWN, scanCode=0, metaState=0, flags=0x28, repeatCount=0, eventTime=1846524, downTime=1846524, deviceId=-1, source=0x101 }
11-19 21:51:33.632  4588  4588 W ViewRootImpl[UsageActivity]: Cancelling event due to no window focus: KeyEvent { action=ACTION_UP, keyCode=KEYCODE_DPAD_DOWN, scanCode=0, metaState=0, flags=0x28, repeatCount=0, eventTime=1846524, downTime=1846524, deviceId=-1, source=0x101 }
11-19 21:51:33.633  4588  4588 W ViewRootImpl[UsageActivity]: Cancelling event due to no window focus: KeyEvent { action=ACTION_UP, keyCode=KEYCODE_DPAD_DOWN, scanCode=0, metaState=0, flags=0x28, repeatCount=0, eventTime=1846524, downTime=1846524, deviceId=-1, source=0x101 }
11-19 21:51:33.633  4588  4588 W ViewRootImpl[UsageActivity]: Cancelling event due to no window focus: KeyEvent { action=ACTION_UP, keyCode=KEYCODE_DPAD_DOWN, scanCode=0, metaState=0, flags=0x28, repeatCount=0, eventTime=1846524, downTime=1846524, deviceId=-1, source=0x101 }
11-19 21:51:33.641  4588  4588 W ViewRootImpl[UsageActivity]: Dropping event due to no window focus: MotionEvent { action=ACTION_MOVE, actionButton=0, id[0]=0, x[0]=-2.0, y[0]=0.0, toolType[0]=TOOL_TYPE_UNKNOWN, buttonState=0, metaState=0, flags=0x0, edgeFlags=0x0, pointerCount=1, historySize=9, eventTime=1846574, downTime=-1, deviceId=0, source=0x10004 }
11-19 21:51:33.675  4588  4603 D EGL_emulation: eglMakeCurrent: 0xad529440: ver 2 0 (tinfo 0xa39f1a10)
11-19 21:51:33.683  4588  4603 D EGL_emulation: eglMakeCurrent: 0xad529440: ver 2 0 (tinfo 0xa39f1a10)
11-19 21:51:33.693  1588  1608 I ActivityManager: Displayed net.alaindonesia.silectric/.UsageActivity: +163ms
11-19 21:51:33.694  4588  4588 W ViewRootImpl[UsageActivity]: Dropping event due to no window focus: KeyEvent { action=ACTION_DOWN, keyCode=KEYCODE_DPAD_RIGHT, scanCode=0, metaState=0, flags=0x8, repeatCount=0, eventTime=1846580, downTime=1846580, deviceId=-1, source=0x101 }
11-19 21:51:33.696  4588  4588 W ViewRootImpl[UsageActivity]: Cancelling event due to no window focus: KeyEvent { action=ACTION_UP, keyCode=KEYCODE_DPAD_RIGHT, scanCode=0, metaState=0, flags=0x28, repeatCount=0, eventTime=1846622, downTime=1846622, deviceId=-1, source=0x101 }
11-19 21:51:33.696  4588  4588 W ViewRootImpl[UsageActivity]: Cancelling event due to no window focus: KeyEvent { action=ACTION_UP, keyCode=KEYCODE_DPAD_RIGHT, scanCode=0, metaState=0, flags=0x28, repeatCount=0, eventTime=1846622, downTime=1846622, deviceId=-1, source=0x101 }
11-19 21:51:33.696  4588  4588 W ViewRootImpl[UsageActivity]: Cancelling event due to no window focus: KeyEvent { action=ACTION_UP, keyCode=KEYCODE_DPAD_RIGHT, scanCode=0, metaState=0, flags=0x28, repeatCount=0, eventTime=1846622, downTime=1846622, deviceId=-1, source=0x101 }
11-19 21:51:33.696  4588  4588 W ViewRootImpl[UsageActivity]: Cancelling event due to no window focus: KeyEvent { action=ACTION_UP, keyCode=KEYCODE_DPAD_RIGHT, scanCode=0, metaState=0, flags=0x28, repeatCount=0, eventTime=1846622, downTime=1846622, deviceId=-1, source=0x101 }
11-19 21:51:33.696  4588  4588 W ViewRootImpl[UsageActivity]: Cancelling event due to no window focus: KeyEvent { action=ACTION_UP, keyCode=KEYCODE_DPAD_RIGHT, scanCode=0, metaState=0, flags=0x28, repeatCount=0, eventTime=1846622, downTime=1846622, deviceId=-1, source=0x101 }
11-19 21:51:33.696  4588  4588 W ViewRootImpl[UsageActivity]: Cancelling event due to no window focus: KeyEvent { action=ACTION_UP, keyCode=KEYCODE_DPAD_RIGHT, scanCode=0, metaState=0, flags=0x28, repeatCount=0, eventTime=1846622, downTime=1846622, deviceId=-1, source=0x101 }
11-19 21:51:33.696  4588  4588 W ViewRootImpl[UsageActivity]: Cancelling event due to no window focus: KeyEvent { action=ACTION_UP, keyCode=KEYCODE_DPAD_RIGHT, scanCode=0, metaState=0, flags=0x28, repeatCount=0, eventTime=1846622, downTime=1846622, deviceId=-1, source=0x101 }
11-19 21:51:33.697  4588  4588 W ViewRootImpl[UsageActivity]: Cancelling event due to no window focus: KeyEvent { action=ACTION_UP, keyCode=KEYCODE_DPAD_RIGHT, scanCode=0, metaState=0, flags=0x28, repeatCount=0, eventTime=1846622, downTime=1846622, deviceId=-1, source=0x101 }
11-19 21:51:33.697  4588  4588 W ViewRootImpl[UsageActivity]: Cancelling event due to no window focus: KeyEvent { action=ACTION_UP, keyCode=KEYCODE_DPAD_RIGHT, scanCode=0, metaState=0, flags=0x28, repeatCount=0, eventTime=1846622, downTime=1846622, deviceId=-1, source=0x101 }
11-19 21:51:33.698  4588  4588 W ViewRootImpl[UsageActivity]: Dropping event due to no window focus: KeyEvent { action=ACTION_DOWN, keyCode=KEYCODE_DPAD_UP, scanCode=0, metaState=0, flags=0x8, repeatCount=0, eventTime=1846669, downTime=1846669, deviceId=-1, source=0x101 }
11-19 21:51:33.698  4588  4588 W ViewRootImpl[UsageActivity]: Cancelling event due to no window focus: KeyEvent { action=ACTION_UP, keyCode=KEYCODE_DPAD_UP, scanCode=0, metaState=0, flags=0x28, repeatCount=0, eventTime=1846673, downTime=1846673, deviceId=-1, source=0x101 }
11-19 21:51:33.698  4588  4588 W ViewRootImpl[UsageActivity]: Cancelling event due to no window focus: KeyEvent { action=ACTION_UP, keyCode=KEYCODE_DPAD_UP, scanCode=0, metaState=0, flags=0x28, repeatCount=0, eventTime=1846673, downTime=1846673, deviceId=-1, source=0x101 }
11-19 21:51:33.698  4588  4588 W ViewRootImpl[UsageActivity]: Cancelling event due to no window focus: KeyEvent { action=ACTION_UP, keyCode=KEYCODE_DPAD_UP, scanCode=0, metaState=0, flags=0x28, repeatCount=0, eventTime=1846673, downTime=1846673, deviceId=-1, source=0x101 }
11-19 21:51:33.699  4588  4588 W ViewRootImpl[UsageActivity]: Cancelling event due to no window focus: KeyEvent { action=ACTION_UP, keyCode=KEYCODE_DPAD_UP, scanCode=0, metaState=0, flags=0x28, repeatCount=0, eventTime=1846673, downTime=1846673, deviceId=-1, source=0x101 }
11-19 21:51:33.699  4588  4588 W ViewRootImpl[UsageActivity]: Cancelling event due to no window focus: KeyEvent { action=ACTION_UP, keyCode=KEYCODE_DPAD_UP, scanCode=0, metaState=0, flags=0x28, repeatCount=0, eventTime=1846673, downTime=1846673, deviceId=-1, source=0x101 }
11-19 21:51:33.699  4588  4588 W ViewRootImpl[UsageActivity]: Cancelling event due to no window focus: KeyEvent { action=ACTION_UP, keyCode=KEYCODE_DPAD_UP, scanCode=0, metaState=0, flags=0x28, repeatCount=0, eventTime=1846673, downTime=1846673, deviceId=-1, source=0x101 }
11-19 21:51:33.699  4588  4588 W ViewRootImpl[UsageActivity]: Cancelling event due to no window focus: KeyEvent { action=ACTION_UP, keyCode=KEYCODE_DPAD_UP, scanCode=0, metaState=0, flags=0x28, repeatCount=0, eventTime=1846673, downTime=1846673, deviceId=-1, source=0x101 }
11-19 21:51:33.699  4588  4588 W ViewRootImpl[UsageActivity]: Cancelling event due to no window focus: KeyEvent { action=ACTION_UP, keyCode=KEYCODE_DPAD_UP, scanCode=0, metaState=0, flags=0x28, repeatCount=0, eventTime=1846673, downTime=1846673, deviceId=-1, source=0x101 }
11-19 21:51:33.699  4588  4588 W ViewRootImpl[UsageActivity]: Cancelling event due to no window focus: KeyEvent { action=ACTION_UP, keyCode=KEYCODE_DPAD_UP, scanCode=0, metaState=0, flags=0x28, repeatCount=0, eventTime=1846673, downTime=1846673, deviceId=-1, source=0x101 }
11-19 21:51:33.704  1660  1834 D EGL_emulation: eglMakeCurrent: 0x94199fc0: ver 2 0 (tinfo 0xa3a48260)
11-19 21:51:33.707  1588  1599 W ResourceType: Invalid package identifier when getting bag for resource number 0xffffffff
11-19 21:51:33.707  1588  1599 I WindowManager: Destroying surface Surface(name=VolumeDialog) called by com.android.server.wm.WindowStateAnimator.destroySurface:2016 com.android.server.wm.WindowStateAnimator.destroySurfaceLocked:882 com.android.server.wm.WindowState.removeLocked:1456 com.android.server.wm.WindowManagerService.removeWindowInnerLocked:2484 com.android.server.wm.WindowManagerService.removeWindowLocked:2442 com.android.server.wm.WindowManagerService.removeWindowLocked:2311 com.android.server.wm.WindowManagerService.removeWindow:2306 com.android.server.wm.Session.remove:202 
11-19 21:51:33.727  4588  4603 D EGL_emulation: eglMakeCurrent: 0xad529440: ver 2 0 (tinfo 0xa39f1a10)
11-19 21:51:33.737  4588  4603 D EGL_emulation: eglMakeCurrent: 0xad529440: ver 2 0 (tinfo 0xa39f1a10)
11-19 21:51:33.759  4588  4603 D EGL_emulation: eglMakeCurrent: 0xad529440: ver 2 0 (tinfo 0xa39f1a10)
11-19 21:51:33.771  4588  4603 D OpenGLRenderer: endAllActiveAnimators on 0x93aa7d80 (RippleDrawable) with handle 0x9403e270
11-19 21:51:33.787  1588  1724 I ActivityManager: START u0 {act=android.intent.action.MAIN cat=[android.intent.category.LAUNCHER] flg=0x1000c000 cmp=net.alaindonesia.silectric/.MainActivity} from uid 10074 on display 0
11-19 21:51:33.815  1308  1313 D gralloc_ranchu: gralloc_alloc: Creating ashmem region of size 8294400
11-19 21:51:33.828  1308  3407 D gralloc_ranchu: gralloc_alloc: Creating ashmem region of size 2691072
11-19 21:51:33.834  1308  1308 E EGL_emulation: tid 1308: eglCreateSyncKHR(1901): error 0x3004 (EGL_BAD_ATTRIBUTE)
11-19 21:51:33.867  4588  4588 W ViewRootImpl[UsageActivity]: Dropping event due to no window focus: KeyEvent { action=ACTION_DOWN, keyCode=KEYCODE_DPAD_RIGHT, scanCode=0, metaState=0, flags=0x400, repeatCount=0, eventTime=1846789, downTime=1846789, deviceId=-1, source=0x101 }
11-19 21:51:33.867  4588  4588 W ViewRootImpl[UsageActivity]: Cancelling event due to no window focus: KeyEvent { action=ACTION_UP, keyCode=KEYCODE_DPAD_RIGHT, scanCode=0, metaState=0, flags=0x420, repeatCount=0, eventTime=1846789, downTime=1846789, deviceId=-1, source=0x101 }
11-19 21:51:33.867  4588  4588 W ViewRootImpl[UsageActivity]: Cancelling event due to no window focus: KeyEvent { action=ACTION_UP, keyCode=KEYCODE_DPAD_RIGHT, scanCode=0, metaState=0, flags=0x420, repeatCount=0, eventTime=1846789, downTime=1846789, deviceId=-1, source=0x101 }
11-19 21:51:33.867  4588  4588 W ViewRootImpl[UsageActivity]: Cancelling event due to no window focus: KeyEvent { action=ACTION_UP, keyCode=KEYCODE_DPAD_RIGHT, scanCode=0, metaState=0, flags=0x420, repeatCount=0, eventTime=1846789, downTime=1846789, deviceId=-1, source=0x101 }
11-19 21:51:33.867  4588  4588 W ViewRootImpl[UsageActivity]: Dropping event due to no window focus: KeyEvent { action=ACTION_DOWN, keyCode=KEYCODE_DPAD_RIGHT, scanCode=0, metaState=0, flags=0x400, repeatCount=0, eventTime=1846789, downTime=1846789, deviceId=-1, source=0x101 }
11-19 21:51:33.867  4588  4588 W ViewRootImpl[UsageActivity]: Cancelling event due to no window focus: KeyEvent { action=ACTION_UP, keyCode=KEYCODE_DPAD_RIGHT, scanCode=0, metaState=0, flags=0x420, repeatCount=0, eventTime=1846789, downTime=1846789, deviceId=-1, source=0x101 }
11-19 21:51:33.867  4588  4588 W ViewRootImpl[UsageActivity]: Cancelling event due to no window focus: KeyEvent { action=ACTION_UP, keyCode=KEYCODE_DPAD_RIGHT, scanCode=0, metaState=0, flags=0x420, repeatCount=0, eventTime=1846789, downTime=1846789, deviceId=-1, source=0x101 }
11-19 21:51:33.867  4588  4588 W ViewRootImpl[UsageActivity]: Cancelling event due to no window focus: KeyEvent { action=ACTION_UP, keyCode=KEYCODE_DPAD_RIGHT, scanCode=0, metaState=0, flags=0x420, repeatCount=0, eventTime=1846789, downTime=1846789, deviceId=-1, source=0x101 }
11-19 21:51:33.867  4588  4588 W ViewRootImpl[UsageActivity]: Cancelling event due to no window focus: KeyEvent { action=ACTION_UP, keyCode=KEYCODE_DPAD_RIGHT, scanCode=0, metaState=0, flags=0x420, repeatCount=0, eventTime=1846789, downTime=1846789, deviceId=-1, source=0x101 }
11-19 21:51:33.867  4588  4588 W ViewRootImpl[UsageActivity]: Cancelling event due to no window focus: KeyEvent { action=ACTION_UP, keyCode=KEYCODE_DPAD_RIGHT, scanCode=0, metaState=0, flags=0x420, repeatCount=0, eventTime=1846789, downTime=1846789, deviceId=-1, source=0x101 }
11-19 21:51:33.867  4588  4588 W ViewRootImpl[UsageActivity]: Cancelling event due to no window focus: KeyEvent { action=ACTION_UP, keyCode=KEYCODE_DPAD_RIGHT, scanCode=0, metaState=0, flags=0x420, repeatCount=0, eventTime=1846789, downTime=1846789, deviceId=-1, source=0x101 }
11-19 21:51:33.867  4588  4588 W ViewRootImpl[UsageActivity]: Cancelling event due to no window focus: KeyEvent { action=ACTION_UP, keyCode=KEYCODE_DPAD_RIGHT, scanCode=0, metaState=0, flags=0x420, repeatCount=0, eventTime=1846789, downTime=1846789, deviceId=-1, source=0x101 }
11-19 21:51:33.867  4588  4588 W ViewRootImpl[UsageActivity]: Cancelling event due to no window focus: KeyEvent { action=ACTION_UP, keyCode=KEYCODE_DPAD_RIGHT, scanCode=0, metaState=0, flags=0x420, repeatCount=0, eventTime=1846789, downTime=1846789, deviceId=-1, source=0x101 }
11-19 21:51:33.867  4588  4588 W ViewRootImpl[UsageActivity]: Cancelling event due to no window focus: KeyEvent { action=ACTION_UP, keyCode=KEYCODE_DPAD_RIGHT, scanCode=0, metaState=0, flags=0x420, repeatCount=0, eventTime=1846789, downTime=1846789, deviceId=-1, source=0x101 }
11-19 21:51:33.867  4588  4588 W ViewRootImpl[UsageActivity]: Cancelling event due to no window focus: KeyEvent { action=ACTION_UP, keyCode=KEYCODE_DPAD_RIGHT, scanCode=0, metaState=0, flags=0x420, repeatCount=0, eventTime=1846789, downTime=1846789, deviceId=-1, source=0x101 }
11-19 21:51:33.867  4588  4588 W ViewRootImpl[UsageActivity]: Cancelling event due to no window focus: KeyEvent { action=ACTION_UP, keyCode=KEYCODE_DPAD_RIGHT, scanCode=0, metaState=0, flags=0x420, repeatCount=0, eventTime=1846789, downTime=1846789, deviceId=-1, source=0x101 }
11-19 21:51:33.867  4588  4588 W ViewRootImpl[UsageActivity]: Cancelling event due to no window focus: KeyEvent { action=ACTION_UP, keyCode=KEYCODE_DPAD_RIGHT, scanCode=0, metaState=0, flags=0x420, repeatCount=0, eventTime=1846789, downTime=1846789, deviceId=-1, source=0x101 }
11-19 21:51:33.867  4588  4588 W ViewRootImpl[UsageActivity]: Cancelling event due to no window focus: KeyEvent { action=ACTION_UP, keyCode=KEYCODE_DPAD_RIGHT, scanCode=0, metaState=0, flags=0x420, repeatCount=0, eventTime=1846789, downTime=1846789, deviceId=-1, source=0x101 }
11-19 21:51:33.868  4588  4588 W ViewRootImpl[UsageActivity]: Cancelling event due to no window focus: KeyEvent { action=ACTION_UP, keyCode=KEYCODE_DPAD_RIGHT, scanCode=0, metaState=0, flags=0x420, repeatCount=0, eventTime=1846789, downTime=1846789, deviceId=-1, source=0x101 }
11-19 21:51:33.871  4588  4588 W ViewRootImpl[UsageActivity]: Cancelling event due to no window focus: KeyEvent { action=ACTION_UP, keyCode=KEYCODE_DPAD_RIGHT, scanCode=0, metaState=0, flags=0x420, repeatCount=0, eventTime=1846789, downTime=1846789, deviceId=-1, source=0x101 }
11-19 21:51:33.908  1588  1608 I WindowManager: Destroying surface Surface(name=net.alaindonesia.silectric/net.alaindonesia.silectric.MainActivity) called by com.android.server.wm.WindowStateAnimator.destroySurface:2016 com.android.server.wm.WindowStateAnimator.destroySurfaceLocked:882 com.android.server.wm.WindowState.destroyOrSaveSurface:2100 com.android.server.wm.AppWindowToken.destroySurfaces:363 com.android.server.wm.WindowStateAnimator.finishExit:565 com.android.server.wm.AppWindowAnimator.stepAnimationLocked:427 com.android.server.wm.WindowAnimator.updateAppWindowsLocked:196 com.android.server.wm.WindowAnimator.animateLocked:678 
11-19 21:51:33.980  4588  4603 D EGL_emulation: eglMakeCurrent: 0xad529440: ver 2 0 (tinfo 0xa39f1a10)
11-19 21:51:33.985  4588  4588 W ViewRootImpl[MainActivity]: Dropping event due to no window focus: MotionEvent { action=ACTION_MOVE, actionButton=0, id[0]=0, x[0]=0.0, y[0]=-4.0, toolType[0]=TOOL_TYPE_UNKNOWN, buttonState=0, metaState=0, flags=0x0, edgeFlags=0x0, pointerCount=1, historySize=2, eventTime=1846923, downTime=-1, deviceId=0, source=0x10004 }
11-19 21:51:33.985  4588  4588 W ViewRootImpl[MainActivity]: Dropping event due to no window focus: MotionEvent { action=ACTION_DOWN, actionButton=0, id[0]=0, x[0]=0.0, y[0]=0.0, toolType[0]=TOOL_TYPE_UNKNOWN, buttonState=0, metaState=0, flags=0x0, edgeFlags=0x0, pointerCount=1, historySize=0, eventTime=1846923, downTime=1846756, deviceId=0, source=0x10004 }
11-19 21:51:33.986  4588  4588 W ViewRootImpl[MainActivity]: Cancelling event due to no window focus: MotionEvent { action=ACTION_CANCEL, actionButton=0, id[0]=0, x[0]=0.0, y[0]=0.0, toolType[0]=TOOL_TYPE_UNKNOWN, buttonState=0, metaState=0, flags=0x0, edgeFlags=0x0, pointerCount=1, historySize=0, eventTime=1846927, downTime=1846756, deviceId=0, source=0x10004 }
11-19 21:51:33.986  4588  4588 W ViewRootImpl[MainActivity]: Cancelling event due to no window focus: MotionEvent { action=ACTION_CANCEL, actionButton=0, id[0]=0, x[0]=0.0, y[0]=0.0, toolType[0]=TOOL_TYPE_UNKNOWN, buttonState=0, metaState=0, flags=0x0, edgeFlags=0x0, pointerCount=1, historySize=0, eventTime=1846927, downTime=1846756, deviceId=0, source=0x10004 }
11-19 21:51:33.986  4588  4588 W ViewRootImpl[MainActivity]: Cancelling event due to no window focus: MotionEvent { action=ACTION_CANCEL, actionButton=0, id[0]=0, x[0]=0.0, y[0]=0.0, toolType[0]=TOOL_TYPE_UNKNOWN, buttonState=0, metaState=0, flags=0x0, edgeFlags=0x0, pointerCount=1, historySize=0, eventTime=1846927, downTime=1846756, deviceId=0, source=0x10004 }
11-19 21:51:33.986  4588  4588 W ViewRootImpl[MainActivity]: Cancelling event due to no window focus: MotionEvent { action=ACTION_CANCEL, actionButton=0, id[0]=0, x[0]=0.0, y[0]=0.0, toolType[0]=TOOL_TYPE_UNKNOWN, buttonState=0, metaState=0, flags=0x0, edgeFlags=0x0, pointerCount=1, historySize=0, eventTime=1846927, downTime=1846756, deviceId=0, source=0x10004 }
11-19 21:51:33.986  4588  4588 W ViewRootImpl[MainActivity]: Cancelling event due to no window focus: MotionEvent { action=ACTION_CANCEL, actionButton=0, id[0]=0, x[0]=0.0, y[0]=0.0, toolType[0]=TOOL_TYPE_UNKNOWN, buttonState=0, metaState=0, flags=0x0, edgeFlags=0x0, pointerCount=1, historySize=0, eventTime=1846927, downTime=1846756, deviceId=0, source=0x10004 }
11-19 21:51:33.986  4588  4588 W ViewRootImpl[MainActivity]: Cancelling event due to no window focus: MotionEvent { action=ACTION_CANCEL, actionButton=0, id[0]=0, x[0]=0.0, y[0]=0.0, toolType[0]=TOOL_TYPE_UNKNOWN, buttonState=0, metaState=0, flags=0x0, edgeFlags=0x0, pointerCount=1, historySize=0, eventTime=1846927, downTime=1846756, deviceId=0, source=0x10004 }
11-19 21:51:33.986  4588  4588 W ViewRootImpl[MainActivity]: Cancelling event due to no window focus: MotionEvent { action=ACTION_CANCEL, actionButton=0, id[0]=0, x[0]=0.0, y[0]=0.0, toolType[0]=TOOL_TYPE_UNKNOWN, buttonState=0, metaState=0, flags=0x0, edgeFlags=0x0, pointerCount=1, historySize=0, eventTime=1846927, downTime=1846756, deviceId=0, source=0x10004 }
11-19 21:51:33.987  4588  4588 W ViewRootImpl[MainActivity]: Dropping event due to no window focus: KeyEvent { action=ACTION_DOWN, keyCode=KEYCODE_DPAD_CENTER, scanCode=0, metaState=0, flags=0x8, repeatCount=0, eventTime=1846932, downTime=1846932, deviceId=-1, source=0x101 }
11-19 21:51:33.989  4588  4588 W ViewRootImpl[MainActivity]: Cancelling event due to no window focus: KeyEvent { action=ACTION_UP, keyCode=KEYCODE_DPAD_CENTER, scanCode=0, metaState=0, flags=0x28, repeatCount=0, eventTime=1846963, downTime=1846963, deviceId=-1, source=0x101 }
11-19 21:51:33.989  4588  4588 W ViewRootImpl[MainActivity]: Cancelling event due to no window focus: KeyEvent { action=ACTION_UP, keyCode=KEYCODE_DPAD_CENTER, scanCode=0, metaState=0, flags=0x28, repeatCount=0, eventTime=1846963, downTime=1846963, deviceId=-1, source=0x101 }
11-19 21:51:33.989  4588  4588 W ViewRootImpl[MainActivity]: Cancelling event due to no window focus: KeyEvent { action=ACTION_UP, keyCode=KEYCODE_DPAD_CENTER, scanCode=0, metaState=0, flags=0x28, repeatCount=0, eventTime=1846963, downTime=1846963, deviceId=-1, source=0x101 }
11-19 21:51:33.989  4588  4588 W ViewRootImpl[MainActivity]: Cancelling event due to no window focus: KeyEvent { action=ACTION_UP, keyCode=KEYCODE_DPAD_CENTER, scanCode=0, metaState=0, flags=0x28, repeatCount=0, eventTime=1846963, downTime=1846963, deviceId=-1, source=0x101 }
11-19 21:51:33.989  4588  4588 W ViewRootImpl[MainActivity]: Cancelling event due to no window focus: KeyEvent { action=ACTION_UP, keyCode=KEYCODE_DPAD_CENTER, scanCode=0, metaState=0, flags=0x28, repeatCount=0, eventTime=1846963, downTime=1846963, deviceId=-1, source=0x101 }
11-19 21:51:33.989  4588  4588 W ViewRootImpl[MainActivity]: Cancelling event due to no window focus: KeyEvent { action=ACTION_UP, keyCode=KEYCODE_DPAD_CENTER, scanCode=0, metaState=0, flags=0x28, repeatCount=0, eventTime=1846963, downTime=1846963, deviceId=-1, source=0x101 }
11-19 21:51:33.989  4588  4588 W ViewRootImpl[MainActivity]: Cancelling event due to no window focus: KeyEvent { action=ACTION_UP, keyCode=KEYCODE_DPAD_CENTER, scanCode=0, metaState=0, flags=0x28, repeatCount=0, eventTime=1846963, downTime=1846963, deviceId=-1, source=0x101 }
11-19 21:51:33.989  4588  4588 W ViewRootImpl[MainActivity]: Cancelling event due to no window focus: KeyEvent { action=ACTION_UP, keyCode=KEYCODE_DPAD_CENTER, scanCode=0, metaState=0, flags=0x28, repeatCount=0, eventTime=1846963, downTime=1846963, deviceId=-1, source=0x101 }
11-19 21:51:33.989  4588  4588 W ViewRootImpl[MainActivity]: Cancelling event due to no window focus: KeyEvent { action=ACTION_UP, keyCode=KEYCODE_DPAD_CENTER, scanCode=0, metaState=0, flags=0x28, repeatCount=0, eventTime=1846963, downTime=1846963, deviceId=-1, source=0x101 }
11-19 21:51:33.993  4588  4603 D EGL_emulation: eglMakeCurrent: 0xad529440: ver 2 0 (tinfo 0xa39f1a10)
11-19 21:51:33.997  1588  2152 I ActivityManager: START u0 {act=android.intent.action.MAIN cat=[android.intent.category.LAUNCHER] flg=0x10200000 cmp=net.alaindonesia.silectric/.MainActivity} from uid 2000 on display 0
11-19 21:51:34.008  1588  1608 I ActivityManager: Displayed net.alaindonesia.silectric/.MainActivity: +193ms
11-19 21:51:34.014  1660  1834 D EGL_emulation: eglMakeCurrent: 0x94199fc0: ver 2 0 (tinfo 0xa3a48260)
11-19 21:51:34.070  4588  4588 W ViewRootImpl[MainActivity]: Dropping event due to no window focus: KeyEvent { action=ACTION_DOWN, keyCode=KEYCODE_DPAD_UP, scanCode=0, metaState=0, flags=0x8, repeatCount=0, eventTime=1847042, downTime=1847042, deviceId=-1, source=0x101 }
11-19 21:51:34.105  4588  4588 W ViewRootImpl[MainActivity]: Cancelling event due to no window focus: KeyEvent { action=ACTION_UP, keyCode=KEYCODE_DPAD_UP, scanCode=0, metaState=0, flags=0x28, repeatCount=0, eventTime=1847044, downTime=1847044, deviceId=-1, source=0x101 }
11-19 21:51:34.105  4588  4588 W ViewRootImpl[MainActivity]: Cancelling event due to no window focus: KeyEvent { action=ACTION_UP, keyCode=KEYCODE_DPAD_UP, scanCode=0, metaState=0, flags=0x28, repeatCount=0, eventTime=1847044, downTime=1847044, deviceId=-1, source=0x101 }
11-19 21:51:34.105  4588  4588 W ViewRootImpl[MainActivity]: Cancelling event due to no window focus: KeyEvent { action=ACTION_UP, keyCode=KEYCODE_DPAD_UP, scanCode=0, metaState=0, flags=0x28, repeatCount=0, eventTime=1847044, downTime=1847044, deviceId=-1, source=0x101 }
11-19 21:51:34.105  4588  4588 W ViewRootImpl[MainActivity]: Cancelling event due to no window focus: KeyEvent { action=ACTION_UP, keyCode=KEYCODE_DPAD_UP, scanCode=0, metaState=0, flags=0x28, repeatCount=0, eventTime=1847044, downTime=1847044, deviceId=-1, source=0x101 }
11-19 21:51:34.105  4588  4588 W ViewRootImpl[MainActivity]: Cancelling event due to no window focus: KeyEvent { action=ACTION_UP, keyCode=KEYCODE_DPAD_UP, scanCode=0, metaState=0, flags=0x28, repeatCount=0, eventTime=1847044, downTime=1847044, deviceId=-1, source=0x101 }
11-19 21:51:34.106  4588  4588 W ViewRootImpl[MainActivity]: Cancelling event due to no window focus: KeyEvent { action=ACTION_UP, keyCode=KEYCODE_DPAD_UP, scanCode=0, metaState=0, flags=0x28, repeatCount=0, eventTime=1847044, downTime=1847044, deviceId=-1, source=0x101 }
11-19 21:51:34.106  4588  4588 W ViewRootImpl[MainActivity]: Cancelling event due to no window focus: KeyEvent { action=ACTION_UP, keyCode=KEYCODE_DPAD_UP, scanCode=0, metaState=0, flags=0x28, repeatCount=0, eventTime=1847044, downTime=1847044, deviceId=-1, source=0x101 }
11-19 21:51:34.106  4588  4588 W ViewRootImpl[MainActivity]: Cancelling event due to no window focus: KeyEvent { action=ACTION_UP, keyCode=KEYCODE_DPAD_UP, scanCode=0, metaState=0, flags=0x28, repeatCount=0, eventTime=1847044, downTime=1847044, deviceId=-1, source=0x101 }
11-19 21:51:34.106  4588  4588 W ViewRootImpl[MainActivity]: Cancelling event due to no window focus: KeyEvent { action=ACTION_UP, keyCode=KEYCODE_DPAD_UP, scanCode=0, metaState=0, flags=0x28, repeatCount=0, eventTime=1847044, downTime=1847044, deviceId=-1, source=0x101 }
11-19 21:51:34.110  4588  4588 W ViewRootImpl[MainActivity]: Dropping event due to no window focus: KeyEvent { action=ACTION_DOWN, keyCode=KEYCODE_DPAD_LEFT, scanCode=0, metaState=0, flags=0x8, repeatCount=0, eventTime=1847047, downTime=1847047, deviceId=-1, source=0x101 }
11-19 21:51:34.113  4588  4588 W ViewRootImpl[MainActivity]: Cancelling event due to no window focus: KeyEvent { action=ACTION_UP, keyCode=KEYCODE_DPAD_LEFT, scanCode=0, metaState=0, flags=0x28, repeatCount=0, eventTime=1847081, downTime=1847081, deviceId=-1, source=0x101 }
11-19 21:51:34.114  4588  4588 W ViewRootImpl[MainActivity]: Cancelling event due to no window focus: KeyEvent { action=ACTION_UP, keyCode=KEYCODE_DPAD_LEFT, scanCode=0, metaState=0, flags=0x28, repeatCount=0, eventTime=1847081, downTime=1847081, deviceId=-1, source=0x101 }
11-19 21:51:34.114  4588  4588 W ViewRootImpl[MainActivity]: Cancelling event due to no window focus: KeyEvent { action=ACTION_UP, keyCode=KEYCODE_DPAD_LEFT, scanCode=0, metaState=0, flags=0x28, repeatCount=0, eventTime=1847081, downTime=1847081, deviceId=-1, source=0x101 }
11-19 21:51:34.114  4588  4588 W ViewRootImpl[MainActivity]: Cancelling event due to no window focus: KeyEvent { action=ACTION_UP, keyCode=KEYCODE_DPAD_LEFT, scanCode=0, metaState=0, flags=0x28, repeatCount=0, eventTime=1847081, downTime=1847081, deviceId=-1, source=0x101 }
11-19 21:51:34.114  4588  4588 W ViewRootImpl[MainActivity]: Cancelling event due to no window focus: KeyEvent { action=ACTION_UP, keyCode=KEYCODE_DPAD_LEFT, scanCode=0, metaState=0, flags=0x28, repeatCount=0, eventTime=1847081, downTime=1847081, deviceId=-1, source=0x101 }
11-19 21:51:34.114  4588  4588 W ViewRootImpl[MainActivity]: Cancelling event due to no window focus: KeyEvent { action=ACTION_UP, keyCode=KEYCODE_DPAD_LEFT, scanCode=0, metaState=0, flags=0x28, repeatCount=0, eventTime=1847081, downTime=1847081, deviceId=-1, source=0x101 }
11-19 21:51:34.114  4588  4588 W ViewRootImpl[MainActivity]: Cancelling event due to no window focus: KeyEvent { action=ACTION_UP, keyCode=KEYCODE_DPAD_LEFT, scanCode=0, metaState=0, flags=0x28, repeatCount=0, eventTime=1847081, downTime=1847081, deviceId=-1, source=0x101 }
11-19 21:51:34.114  4588  4588 W ViewRootImpl[MainActivity]: Cancelling event due to no window focus: KeyEvent { action=ACTION_UP, keyCode=KEYCODE_DPAD_LEFT, scanCode=0, metaState=0, flags=0x28, repeatCount=0, eventTime=1847081, downTime=1847081, deviceId=-1, source=0x101 }
11-19 21:51:34.114  4588  4588 W ViewRootImpl[MainActivity]: Cancelling event due to no window focus: KeyEvent { action=ACTION_UP, keyCode=KEYCODE_DPAD_LEFT, scanCode=0, metaState=0, flags=0x28, repeatCount=0, eventTime=1847081, downTime=1847081, deviceId=-1, source=0x101 }
11-19 21:51:34.125  4588  4603 D EGL_emulation: eglMakeCurrent: 0xad529440: ver 2 0 (tinfo 0xa39f1a10)
11-19 21:51:34.133  4588  4603 D EGL_emulation: eglMakeCurrent: 0xad529440: ver 2 0 (tinfo 0xa39f1a10)
11-19 21:51:34.166  1588  1933 I ActivityManager: START u0 {cmp=net.alaindonesia.silectric/.OptionsActivity} from uid 10074 on display 0
11-19 21:51:34.206  1588  1620 I InputDispatcher: Dropping event because there is no touchable window at (1041, 1737).
11-19 21:51:34.206  1588  1598 W InputManager: Input event injection from pid 4578 failed.
11-19 21:51:34.208  1588  1608 I WindowManager: Destroying surface Surface(name=Starting net.alaindonesia.silectric) called by com.android.server.wm.WindowStateAnimator.destroySurface:2016 com.android.server.wm.WindowStateAnimator.destroySurfaceLocked:882 com.android.server.wm.WindowState.destroyOrSaveSurface:2100 com.android.server.wm.AppWindowToken.destroySurfaces:363 com.android.server.wm.WindowStateAnimator.finishExit:565 com.android.server.wm.WindowStateAnimator.stepAnimationLocked:491 com.android.server.wm.WindowAnimator.updateWindowsLocked:303 com.android.server.wm.WindowAnimator.animateLocked:704 
11-19 21:51:34.208  1588  2784 W InputManager: Input event injection from pid 4578 failed.
11-19 21:51:34.210  1588  1620 I InputDispatcher: Dropping event because there is no touchable window at (158, 1571).
11-19 21:51:34.210  1588  1694 W InputManager: Input event injection from pid 4578 failed.
11-19 21:51:34.217  1588  1598 W InputManager: Input event injection from pid 4578 failed.
11-19 21:51:34.219  1588  1940 W InputManager: Input event injection from pid 4578 failed.
11-19 21:51:34.219  1588  1724 W InputManager: Input event injection from pid 4578 failed.
11-19 21:51:34.220  1588  2152 W InputManager: Input event injection from pid 4578 failed.
11-19 21:51:34.220  1588  1955 W InputManager: Input event injection from pid 4578 failed.
11-19 21:51:34.221  1588  1933 W InputManager: Input event injection from pid 4578 failed.
11-19 21:51:34.221  1588  2186 W InputManager: Input event injection from pid 4578 failed.
11-19 21:51:34.222  1588  1694 W InputManager: Input event injection from pid 4578 failed.
11-19 21:51:34.223  1588  1620 I ActivityManager: START u0 {act=android.intent.action.MAIN cat=[android.intent.category.LAUNCHER] flg=0x10000000 cmp=com.android.contacts/.activities.PeopleActivity sel=act=android.intent.action.MAIN cat=[android.intent.category.APP_CONTACTS]}} from uid 1000 on display 0
11-19 21:51:34.260  2154  2454 I Icing   : IndexChimeraService.getServiceInterface callingPackage=com.google.android.music componentName=null serviceId=36
11-19 21:51:34.299  2154  2453 I Icing   : Usage reports ok 0, Failed Usage reports 0, indexed 0, rejected 0, imm upload false
11-19 21:51:34.319  2154  2456 I Icing   : IndexChimeraService.getServiceInterface callingPackage=com.google.android.music componentName=null serviceId=36
11-19 21:51:34.339  2154  2453 I Icing   : Usage reports ok 0, Failed Usage reports 0, indexed 0, rejected 0, imm upload false
11-19 21:51:34.356  2154  2456 I Icing   : IndexChimeraService.getServiceInterface callingPackage=com.google.android.music componentName=null serviceId=36
11-19 21:51:34.376  2154  2453 I Icing   : Usage reports ok 0, Failed Usage reports 0, indexed 0, rejected 0, imm upload false
11-19 21:51:34.385  2154  2454 I Icing   : IndexChimeraService.getServiceInterface callingPackage=com.google.android.music componentName=null serviceId=36
11-19 21:51:34.403  2154  2453 I Icing   : Usage reports ok 0, Failed Usage reports 0, indexed 0, rejected 0, imm upload false
11-19 21:51:34.441  1588  1608 I WindowManager: Destroying surface Surface(name=SubPanel:net.alaindonesia.silectric/net.alaindonesia.silectric.MainActivity) called by com.android.server.wm.WindowStateAnimator.destroySurface:2016 com.android.server.wm.WindowStateAnimator.destroySurfaceLocked:882 com.android.server.wm.WindowState.destroyOrSaveSurface:2100 com.android.server.wm.AppWindowToken.destroySurfaces:363 com.android.server.wm.WindowStateAnimator.finishExit:565 com.android.server.wm.WindowStateAnimator.stepAnimationLocked:491 com.android.server.wm.WindowAnimator.updateWindowsLocked:303 com.android.server.wm.WindowAnimator.animateLocked:704 
11-19 21:51:34.493  4588  4588 W ViewRootImpl[OptionsActivity]: Cancelling event due to no window focus: KeyEvent { action=ACTION_UP, keyCode=KEYCODE_CONTACTS, scanCode=0, metaState=0, flags=0x28, repeatCount=0, eventTime=1847200, downTime=1847200, deviceId=-1, source=0x101 }
11-19 21:51:34.493  4588  4588 W ViewRootImpl[OptionsActivity]: Cancelling event due to no window focus: KeyEvent { action=ACTION_UP, keyCode=KEYCODE_CONTACTS, scanCode=0, metaState=0, flags=0x28, repeatCount=0, eventTime=1847200, downTime=1847200, deviceId=-1, source=0x101 }
11-19 21:51:34.493  4588  4588 W ViewRootImpl[OptionsActivity]: Cancelling event due to no window focus: KeyEvent { action=ACTION_UP, keyCode=KEYCODE_CONTACTS, scanCode=0, metaState=0, flags=0x28, repeatCount=0, eventTime=1847200, downTime=1847200, deviceId=-1, source=0x101 }
11-19 21:51:34.493  4588  4588 W ViewRootImpl[OptionsActivity]: Cancelling event due to no window focus: KeyEvent { action=ACTION_UP, keyCode=KEYCODE_CONTACTS, scanCode=0, metaState=0, flags=0x28, repeatCount=0, eventTime=1847200, downTime=1847200, deviceId=-1, source=0x101 }
11-19 21:51:34.493  4588  4588 W ViewRootImpl[OptionsActivity]: Cancelling event due to no window focus: KeyEvent { action=ACTION_UP, keyCode=KEYCODE_CONTACTS, scanCode=0, metaState=0, flags=0x28, repeatCount=0, eventTime=1847200, downTime=1847200, deviceId=-1, source=0x101 }
11-19 21:51:34.493  4588  4588 W ViewRootImpl[OptionsActivity]: Cancelling event due to no window focus: KeyEvent { action=ACTION_UP, keyCode=KEYCODE_CONTACTS, scanCode=0, metaState=0, flags=0x28, repeatCount=0, eventTime=1847200, downTime=1847200, deviceId=-1, source=0x101 }
11-19 21:51:34.493  4588  4588 W ViewRootImpl[OptionsActivity]: Cancelling event due to no window focus: KeyEvent { action=ACTION_UP, keyCode=KEYCODE_CONTACTS, scanCode=0, metaState=0, flags=0x28, repeatCount=0, eventTime=1847200, downTime=1847200, deviceId=-1, source=0x101 }
11-19 21:51:34.493  4588  4588 W ViewRootImpl[OptionsActivity]: Cancelling event due to no window focus: KeyEvent { action=ACTION_UP, keyCode=KEYCODE_CONTACTS, scanCode=0, metaState=0, flags=0x28, repeatCount=0, eventTime=1847200, downTime=1847200, deviceId=-1, source=0x101 }
11-19 21:51:34.493  4588  4588 W ViewRootImpl[OptionsActivity]: Cancelling event due to no window focus: KeyEvent { action=ACTION_UP, keyCode=KEYCODE_CONTACTS, scanCode=0, metaState=0, flags=0x28, repeatCount=0, eventTime=1847200, downTime=1847200, deviceId=-1, source=0x101 }
11-19 21:51:34.495  4588  4588 W ViewRootImpl[OptionsActivity]: Dropping event due to no window focus: KeyEvent { action=ACTION_DOWN, keyCode=KEYCODE_DPAD_UP, scanCode=0, metaState=0, flags=0x8, repeatCount=0, eventTime=1847434, downTime=1847434, deviceId=-1, source=0x101 }
11-19 21:51:34.508  4588  4588 W ViewRootImpl[OptionsActivity]: Cancelling event due to no window focus: KeyEvent { action=ACTION_UP, keyCode=KEYCODE_DPAD_UP, scanCode=0, metaState=0, flags=0x28, repeatCount=0, eventTime=1847469, downTime=1847469, deviceId=-1, source=0x101 }
11-19 21:51:34.508  4588  4588 W ViewRootImpl[OptionsActivity]: Cancelling event due to no window focus: KeyEvent { action=ACTION_UP, keyCode=KEYCODE_DPAD_UP, scanCode=0, metaState=0, flags=0x28, repeatCount=0, eventTime=1847469, downTime=1847469, deviceId=-1, source=0x101 }
11-19 21:51:34.508  4588  4588 W ViewRootImpl[OptionsActivity]: Cancelling event due to no window focus: KeyEvent { action=ACTION_UP, keyCode=KEYCODE_DPAD_UP, scanCode=0, metaState=0, flags=0x28, repeatCount=0, eventTime=1847469, downTime=1847469, deviceId=-1, source=0x101 }
11-19 21:51:34.508  4588  4588 W ViewRootImpl[OptionsActivity]: Cancelling event due to no window focus: KeyEvent { action=ACTION_UP, keyCode=KEYCODE_DPAD_UP, scanCode=0, metaState=0, flags=0x28, repeatCount=0, eventTime=1847469, downTime=1847469, deviceId=-1, source=0x101 }
11-19 21:51:34.508  4588  4588 W ViewRootImpl[OptionsActivity]: Cancelling event due to no window focus: KeyEvent { action=ACTION_UP, keyCode=KEYCODE_DPAD_UP, scanCode=0, metaState=0, flags=0x28, repeatCount=0, eventTime=1847469, downTime=1847469, deviceId=-1, source=0x101 }
11-19 21:51:34.508  4588  4588 W ViewRootImpl[OptionsActivity]: Cancelling event due to no window focus: KeyEvent { action=ACTION_UP, keyCode=KEYCODE_DPAD_UP, scanCode=0, metaState=0, flags=0x28, repeatCount=0, eventTime=1847469, downTime=1847469, deviceId=-1, source=0x101 }
11-19 21:51:34.508  4588  4588 W ViewRootImpl[OptionsActivity]: Cancelling event due to no window focus: KeyEvent { action=ACTION_UP, keyCode=KEYCODE_DPAD_UP, scanCode=0, metaState=0, flags=0x28, repeatCount=0, eventTime=1847469, downTime=1847469, deviceId=-1, source=0x101 }
11-19 21:51:34.508  4588  4588 W ViewRootImpl[OptionsActivity]: Cancelling event due to no window focus: KeyEvent { action=ACTION_UP, keyCode=KEYCODE_DPAD_UP, scanCode=0, metaState=0, flags=0x28, repeatCount=0, eventTime=1847469, downTime=1847469, deviceId=-1, source=0x101 }
11-19 21:51:34.509  4588  4588 W ViewRootImpl[OptionsActivity]: Cancelling event due to no window focus: KeyEvent { action=ACTION_UP, keyCode=KEYCODE_DPAD_UP, scanCode=0, metaState=0, flags=0x28, repeatCount=0, eventTime=1847469, downTime=1847469, deviceId=-1, source=0x101 }
11-19 21:51:34.513  4588  4603 D EGL_emulation: eglMakeCurrent: 0xad529440: ver 2 0 (tinfo 0xa39f1a10)
11-19 21:51:34.521  4588  4603 D EGL_emulation: eglMakeCurrent: 0xad529440: ver 2 0 (tinfo 0xa39f1a10)
11-19 21:51:34.523  4588  4588 W ViewRootImpl[OptionsActivity]: Dropping event due to no window focus: KeyEvent { action=ACTION_DOWN, keyCode=KEYCODE_VOLUME_MUTE, scanCode=0, metaState=0, flags=0x8, repeatCount=0, eventTime=1847472, downTime=1847472, deviceId=-1, source=0x101 }
11-19 21:51:34.526  1588  1608 I ActivityManager: Displayed net.alaindonesia.silectric/.OptionsActivity: +341ms
11-19 21:51:34.530  4588  4588 W ViewRootImpl[OptionsActivity]: Cancelling event due to no window focus: KeyEvent { action=ACTION_UP, keyCode=KEYCODE_VOLUME_MUTE, scanCode=0, metaState=0, flags=0x28, repeatCount=0, eventTime=1847486, downTime=1847486, deviceId=-1, source=0x101 }
11-19 21:51:34.530  4588  4588 W ViewRootImpl[OptionsActivity]: Cancelling event due to no window focus: KeyEvent { action=ACTION_UP, keyCode=KEYCODE_VOLUME_MUTE, scanCode=0, metaState=0, flags=0x28, repeatCount=0, eventTime=1847486, downTime=1847486, deviceId=-1, source=0x101 }
11-19 21:51:34.530  4588  4588 W ViewRootImpl[OptionsActivity]: Cancelling event due to no window focus: KeyEvent { action=ACTION_UP, keyCode=KEYCODE_VOLUME_MUTE, scanCode=0, metaState=0, flags=0x28, repeatCount=0, eventTime=1847486, downTime=1847486, deviceId=-1, source=0x101 }
11-19 21:51:34.530  4588  4588 W ViewRootImpl[OptionsActivity]: Cancelling event due to no window focus: KeyEvent { action=ACTION_UP, keyCode=KEYCODE_VOLUME_MUTE, scanCode=0, metaState=0, flags=0x28, repeatCount=0, eventTime=1847486, downTime=1847486, deviceId=-1, source=0x101 }
11-19 21:51:34.530  4588  4588 W ViewRootImpl[OptionsActivity]: Cancelling event due to no window focus: KeyEvent { action=ACTION_UP, keyCode=KEYCODE_VOLUME_MUTE, scanCode=0, metaState=0, flags=0x28, repeatCount=0, eventTime=1847486, downTime=1847486, deviceId=-1, source=0x101 }
11-19 21:51:34.530  4588  4588 W ViewRootImpl[OptionsActivity]: Cancelling event due to no window focus: KeyEvent { action=ACTION_UP, keyCode=KEYCODE_VOLUME_MUTE, scanCode=0, metaState=0, flags=0x28, repeatCount=0, eventTime=1847486, downTime=1847486, deviceId=-1, source=0x101 }
11-19 21:51:34.542  4588  4603 D EGL_emulation: eglMakeCurrent: 0xad529440: ver 2 0 (tinfo 0xa39f1a10)
11-19 21:51:34.554  4588  4603 D EGL_emulation: eglMakeCurrent: 0xad529440: ver 2 0 (tinfo 0xa39f1a10)
11-19 21:51:34.576  4588  4603 D EGL_emulation: eglMakeCurrent: 0xad529440: ver 2 0 (tinfo 0xa39f1a10)
11-19 21:51:34.578  4588  4603 D OpenGLRenderer: endAllActiveAnimators on 0x93aabc80 (RippleDrawable) with handle 0x93cf4030
11-19 21:51:34.603  1588  1694 D WindowManager: relayoutVisibleWindow: Window{746eefe u0 net.alaindonesia.silectric/net.alaindonesia.silectric.MainActivity EXITING} mAnimatingExit=true, mRemoveOnExit=false, mDestroying=false
11-19 21:51:34.635  4588  4603 D EGL_emulation: eglMakeCurrent: 0xad529440: ver 2 0 (tinfo 0xa39f1a10)
11-19 21:51:34.637  1652  1652 W InputMethodService: Window size has been changed. This may cause jankiness of resizing window: -1 -> -2
11-19 21:51:34.638  4588  4588 W ViewRootImpl[MainActivity]: Dropping event due to no window focus: MotionEvent { action=ACTION_MOVE, actionButton=0, id[0]=0, x[0]=-3.0, y[0]=2.0, toolType[0]=TOOL_TYPE_UNKNOWN, buttonState=0, metaState=0, flags=0x0, edgeFlags=0x0, pointerCount=1, historySize=1, eventTime=1847580, downTime=-1, deviceId=0, source=0x10004 }
11-19 21:51:34.644  4588  4603 D EGL_emulation: eglMakeCurrent: 0xad529440: ver 2 0 (tinfo 0xa39f1a10)
11-19 21:51:34.664  4588  4588 W ViewRootImpl[MainActivity]: Dropping event due to no window focus: KeyEvent { action=ACTION_DOWN, keyCode=KEYCODE_MENU, scanCode=0, metaState=0, flags=0x8, repeatCount=0, eventTime=1847580, downTime=1847580, deviceId=-1, source=0x101 }
11-19 21:51:34.667  4588  4588 W ViewRootImpl[OptionsActivity]: Dropping event due to no window focus: MotionEvent { action=ACTION_MOVE, actionButton=0, id[0]=0, x[0]=2.0, y[0]=-1.0, toolType[0]=TOOL_TYPE_UNKNOWN, buttonState=0, metaState=0, flags=0x0, edgeFlags=0x0, pointerCount=1, historySize=7, eventTime=1847578, downTime=-1, deviceId=0, source=0x10004 }
11-19 21:51:34.669  1652  1652 I LatinIME: Starting input. Cursor position = 0,0
11-19 21:51:34.669  4588  4588 W IInputConnectionWrapper: getSelectedText on inactive InputConnection
11-19 21:51:34.670  4588  4588 W IInputConnectionWrapper: requestCursorAnchorInfo on inactive InputConnection
11-19 21:51:34.670  4588  4588 W IInputConnectionWrapper: getTextBeforeCursor on inactive InputConnection
11-19 21:51:34.670  1652  1652 E RichInputConnection: Unable to connect to the editor to retrieve text.
11-19 21:51:34.670  1652  1652 D RichInputConnection: Will try to retrieve text later.
11-19 21:51:34.672  4588  4588 W IInputConnectionWrapper: getTextBeforeCursor on inactive InputConnection
11-19 21:51:34.672  1652  1652 E RichInputConnection: Unable to connect to the editor to retrieve text.
11-19 21:51:34.672  1652  1652 W RichInputConnection: Unable to connect to the editor. Setting caps mode without knowing text.
11-19 21:51:34.697  1660  1834 D EGL_emulation: eglMakeCurrent: 0x94199fc0: ver 2 0 (tinfo 0xa3a48260)
11-19 21:51:34.753  1652  1652 W InputMethodService: Window size has been changed. This may cause jankiness of resizing window: -1 -> -2
11-19 21:51:34.776  4588  4588 W IInputConnectionWrapper: finishComposingText on inactive InputConnection
11-19 21:51:34.776  4588  4588 W IInputConnectionWrapper: getTextBeforeCursor on inactive InputConnection
11-19 21:51:34.777  1652  1652 E RichInputConnection: Unable to connect to the editor to retrieve text.
11-19 21:51:34.777  1652  1652 W RichInputConnection: Unable to connect to the editor. Setting caps mode without knowing text.
11-19 21:51:34.781  4588  4588 W IInputConnectionWrapper: beginBatchEdit on inactive InputConnection
11-19 21:51:34.809  4588  4588 W IInputConnectionWrapper: sendKeyEvent on inactive InputConnection
11-19 21:51:34.809  4588  4588 W IInputConnectionWrapper: sendKeyEvent on inactive InputConnection
11-19 21:51:34.809  4588  4588 W IInputConnectionWrapper: endBatchEdit on inactive InputConnection
11-19 21:51:34.809  4588  4588 W IInputConnectionWrapper: beginBatchEdit on inactive InputConnection
