11-19 21:49:21.194  3716  3716 D HomePagerActivity: OnCollapse
11-19 21:49:21.240  3716  3716 D HomePagerActivity: OnCollapse
11-19 21:49:21.247  3716  3716 D HomePagerActivity: OnCollapse
11-19 21:49:21.287  3716  3716 W IInputConnectionWrapper: finishComposingText on inactive InputConnection
11-19 21:49:21.290  3716  3716 D HomePagerActivity: OnExpand
11-19 21:49:21.306  3716  3716 W IInputConnectionWrapper: finishComposingText on inactive InputConnection
11-19 21:49:21.307  3716  3716 D HomePagerActivity: OnExpand
11-19 21:49:21.314  3716  3716 D HomePagerActivity: OnExpand
11-19 21:49:21.323  3716  3716 W IInputConnectionWrapper: finishComposingText on inactive InputConnection
11-19 21:49:21.329  3716  3716 D HomePagerActivity: OnExpand
11-19 21:49:21.355  3716  3716 D HomePagerActivity: OnExpand
11-19 21:49:21.368  3716  3716 D HomePagerActivity: OnExpand
11-19 21:49:21.415  1588  1694 I ActivityManager: START u0 {cmp=com.google.android.googlequicksearchbox/com.google.android.apps.gsa.velvet.ui.settings.SettingsActivity} from uid 10028 on display 0
11-19 21:49:21.471  3716  3716 D HomePagerActivity: OnExpand
11-19 21:49:21.497  3716  3716 W IInputConnectionWrapper: finishComposingText on inactive InputConnection
11-19 21:49:21.517  3716  3716 D HomePagerActivity: OnCollapse
11-19 21:49:21.537  3716  3716 D HomePagerActivity: OnCollapse
11-19 21:49:21.551  3716  3716 D HomePagerActivity: OnCollapse
11-19 21:49:21.567  3716  3716 D HomePagerActivity: OnCollapse
11-19 21:49:21.581  3716  3716 D HomePagerActivity: OnCollapse
11-19 21:49:21.599  3716  3716 D HomePagerActivity: OnCollapse
11-19 21:49:21.614  3716  3716 D HomePagerActivity: OnCollapse
11-19 21:49:21.638  3716  3716 D HomePagerActivity: OnCollapse
11-19 21:49:21.649  3716  3716 D HomePagerActivity: OnCollapse
11-19 21:49:21.665  3716  3716 D HomePagerActivity: OnCollapse
11-19 21:49:21.680  3716  3716 D HomePagerActivity: OnCollapse
11-19 21:49:21.696  3716  3716 D HomePagerActivity: OnCollapse
11-19 21:49:21.716  3716  3716 D HomePagerActivity: OnCollapse
11-19 21:49:21.730  3716  3716 D HomePagerActivity: OnCollapse
11-19 21:49:21.944  1588  2784 I ActivityManager: START u0 {cmp=com.google.android.googlequicksearchbox/com.google.android.apps.gsa.velvet.ui.settings.SettingsActivity} from uid 10028 on display 0
11-19 21:49:22.042  1588  1599 I ActivityManager: START u0 {cmp=com.google.android.googlequicksearchbox/com.google.android.apps.gsa.velvet.ui.settings.SettingsActivity} from uid 10028 on display 0
11-19 21:49:22.051  3716  3716 D HomePagerActivity: OnCollapse
11-19 21:49:22.134  1588  1940 I ActivityManager: Not finishing activity because controller resumed
11-19 21:49:22.202  1588  1620 I ActivityManager: START u0 {act=android.intent.action.MAIN cat=[android.intent.category.HOME] flg=0x10200000 cmp=com.android.launcher3/.Launcher (has extras)} from uid 1000 on display 0
11-19 21:49:22.291  3716  3716 D AlarmReceiver.class: Received alarm: 1
11-19 21:49:22.320  3716  4533 D AlarmIntentService: Service started
11-19 21:49:22.320  3716  4533 D AlarmIntentService: Alarm received: AlarmIntentParams{action=1, routineId=3, scheduleId=-1, scheduleTime='', date='19/11/2017'}
11-19 21:49:22.323  3716  4533 D AlarmScheduler: onAlarmReceived: 3, Dinner
11-19 21:49:22.324  3716  4533 D AlarmScheduler: Routine alarm received, is user action: false
11-19 21:49:22.500  1660  1660 I vol.Events: writeEvent show_dialog volume_changed keyguard=false
11-19 21:49:22.619  2227  2257 I MusicPlaybackService: onMediaButtonEvent: Intent { act=android.intent.action.MEDIA_BUTTON (has extras) }
11-19 21:49:22.624  2227  2257 I MusicPlaybackService: onMediaButtonEvent: Intent { act=android.intent.action.MEDIA_BUTTON (has extras) }
11-19 21:49:22.630  1588  2152 I ActivityManager: Not finishing activity because controller resumed
11-19 21:49:22.649  1588  1620 I ActivityManager: START u0 {act=android.intent.action.MAIN cat=[android.intent.category.HOME] flg=0x10200000 cmp=com.android.launcher3/.Launcher (has extras)} from uid 1000 on display 0
11-19 21:49:22.661  1660  1834 D EGL_emulation: eglMakeCurrent: 0x94199fc0: ver 2 0 (tinfo 0xa3a48260)
11-19 21:49:22.685  1660  1834 D EGL_emulation: eglMakeCurrent: 0x94199fc0: ver 2 0 (tinfo 0xa3a48260)
11-19 21:49:22.700  1588  1608 W ResourceType: Invalid package identifier when getting bag for resource number 0xffffffff
11-19 21:49:22.727  1660  1834 D EGL_emulation: eglMakeCurrent: 0x94199fc0: ver 2 0 (tinfo 0xa3a48260)
11-19 21:49:22.738  1660  1834 D EGL_emulation: eglMakeCurrent: 0x94199fc0: ver 2 0 (tinfo 0xa3a48260)
11-19 21:49:22.775  1660  1834 D EGL_emulation: eglMakeCurrent: 0x94199fc0: ver 2 0 (tinfo 0xa3a48260)
11-19 21:49:22.784  1660  1834 D EGL_emulation: eglMakeCurrent: 0x94199fc0: ver 2 0 (tinfo 0xa3a48260)
11-19 21:49:22.793  1660  1834 D EGL_emulation: eglMakeCurrent: 0x94199fc0: ver 2 0 (tinfo 0xa3a48260)
11-19 21:49:22.805  1660  1834 D EGL_emulation: eglMakeCurrent: 0x94199fc0: ver 2 0 (tinfo 0xa3a48260)
11-19 21:49:22.825  1660  1834 D EGL_emulation: eglMakeCurrent: 0x94199fc0: ver 2 0 (tinfo 0xa3a48260)
11-19 21:49:22.836  1588  1620 I ActivityManager: START u0 {act=android.intent.action.MAIN cat=[android.intent.category.HOME] flg=0x10200000 cmp=com.android.launcher3/.Launcher (has extras)} from uid 1000 on display 0
11-19 21:49:22.838  2227  2257 I MusicPlaybackService: onMediaButtonEvent: Intent { act=android.intent.action.MEDIA_BUTTON (has extras) }
11-19 21:49:22.839  2227  2257 I MusicPlaybackService: onMediaButtonEvent: Intent { act=android.intent.action.MEDIA_BUTTON (has extras) }
11-19 21:49:22.840  1660  1834 D EGL_emulation: eglMakeCurrent: 0x94199fc0: ver 2 0 (tinfo 0xa3a48260)
11-19 21:49:22.853  1660  1834 D EGL_emulation: eglMakeCurrent: 0x94199fc0: ver 2 0 (tinfo 0xa3a48260)
11-19 21:49:22.857  1660  1834 D EGL_emulation: eglMakeCurrent: 0x94199fc0: ver 2 0 (tinfo 0xa3a48260)
11-19 21:49:22.867  1660  1834 D EGL_emulation: eglMakeCurrent: 0x94199fc0: ver 2 0 (tinfo 0xa3a48260)
11-19 21:49:22.872  1660  1834 D EGL_emulation: eglMakeCurrent: 0x94199fc0: ver 2 0 (tinfo 0xa3a48260)
11-19 21:49:22.878  1660  1834 D EGL_emulation: eglMakeCurrent: 0x94199fc0: ver 2 0 (tinfo 0xa3a48260)
11-19 21:49:22.885  1660  1834 D EGL_emulation: eglMakeCurrent: 0x94199fc0: ver 2 0 (tinfo 0xa3a48260)
11-19 21:49:22.891  1660  1834 D EGL_emulation: eglMakeCurrent: 0x94199fc0: ver 2 0 (tinfo 0xa3a48260)
11-19 21:49:22.898  1660  1660 D PhoneStatusBar: disable: < expand icons* alerts system_info* back home recent clock search quick_settings >
11-19 21:49:22.920  1660  1834 D EGL_emulation: eglMakeCurrent: 0x94199fc0: ver 2 0 (tinfo 0xa3a48260)
11-19 21:49:22.928  1660  1834 D EGL_emulation: eglMakeCurrent: 0x94199fc0: ver 2 0 (tinfo 0xa3a48260)
11-19 21:49:22.947  1660  1834 D EGL_emulation: eglMakeCurrent: 0x94199fc0: ver 2 0 (tinfo 0xa3a48260)
11-19 21:49:22.951  1660  1834 D EGL_emulation: eglMakeCurrent: 0x94199fc0: ver 2 0 (tinfo 0xa3a48260)
11-19 21:49:22.975  1660  1834 D EGL_emulation: eglMakeCurrent: 0x94199fc0: ver 2 0 (tinfo 0xa3a48260)
11-19 21:49:22.978  1660  1834 D EGL_emulation: eglMakeCurrent: 0x94199fc0: ver 2 0 (tinfo 0xa3a48260)
11-19 21:49:22.992  1660  1834 D EGL_emulation: eglMakeCurrent: 0x94199fc0: ver 2 0 (tinfo 0xa3a48260)
11-19 21:49:23.000  1660  1834 D EGL_emulation: eglMakeCurrent: 0x94199fc0: ver 2 0 (tinfo 0xa3a48260)
11-19 21:49:23.008  1660  1834 D EGL_emulation: eglMakeCurrent: 0x94199fc0: ver 2 0 (tinfo 0xa3a48260)
11-19 21:49:23.015  1660  1834 D EGL_emulation: eglMakeCurrent: 0x94199fc0: ver 2 0 (tinfo 0xa3a48260)
11-19 21:49:23.025  1660  1834 D EGL_emulation: eglMakeCurrent: 0x94199fc0: ver 2 0 (tinfo 0xa3a48260)
11-19 21:49:23.029  1660  1834 D EGL_emulation: eglMakeCurrent: 0x94199fc0: ver 2 0 (tinfo 0xa3a48260)
11-19 21:49:23.041  3716  3716 D HomePagerActivity: OnCollapse
11-19 21:49:23.047  1588  1620 I ActivityManager: START u0 {act=android.speech.action.WEB_SEARCH cmp=com.google.android.googlequicksearchbox/.SearchActivity} from uid 1000 on display 0
11-19 21:49:23.048  1660  1834 D EGL_emulation: eglMakeCurrent: 0x94199fc0: ver 2 0 (tinfo 0xa3a48260)
11-19 21:49:23.053  1660  1834 D EGL_emulation: eglMakeCurrent: 0x94199fc0: ver 2 0 (tinfo 0xa3a48260)
11-19 21:49:23.059  1660  1834 D EGL_emulation: eglMakeCurrent: 0x94199fc0: ver 2 0 (tinfo 0xa3a48260)
11-19 21:49:23.068  1588  1694 I ActivityManager: START u0 {cmp=es.usc.citius.servando.calendula/.activities.SettingsActivity} from uid 10075 on display 0
11-19 21:49:23.072  1660  1834 D EGL_emulation: eglMakeCurrent: 0x94199fc0: ver 2 0 (tinfo 0xa3a48260)
11-19 21:49:23.079  1660  1834 D EGL_emulation: eglMakeCurrent: 0x94199fc0: ver 2 0 (tinfo 0xa3a48260)
11-19 21:49:23.083  1660  1834 D EGL_emulation: eglMakeCurrent: 0x94199fc0: ver 2 0 (tinfo 0xa3a48260)
11-19 21:49:23.094  1660  1834 D EGL_emulation: eglMakeCurrent: 0x94199fc0: ver 2 0 (tinfo 0xa3a48260)
11-19 21:49:23.098  3716  3716 I chatty  : uid=10075(es.usc.citius.servando.calendula) expire 743 lines
11-19 21:49:23.100  1660  1834 D EGL_emulation: eglMakeCurrent: 0x94199fc0: ver 2 0 (tinfo 0xa3a48260)
11-19 21:49:23.111  1660  1834 D EGL_emulation: eglMakeCurrent: 0x94199fc0: ver 2 0 (tinfo 0xa3a48260)
11-19 21:49:23.223  1660  1660 I vol.Events: writeEvent dismiss_dialog volume_controller
11-19 21:49:23.224  1660  1774 I vol.Events: writeEvent active_stream_changed UNKNOWN_STREAM_-1
11-19 21:49:23.229  1588  1620 I ActivityManager: START u0 {act=android.intent.action.MAIN cat=[android.intent.category.HOME] flg=0x10200000 cmp=com.android.launcher3/.Launcher (has extras)} from uid 1000 on display 0
11-19 21:49:23.232  1660  1834 D EGL_emulation: eglMakeCurrent: 0x94199fc0: ver 2 0 (tinfo 0xa3a48260)
11-19 21:49:23.239  1660  1834 D EGL_emulation: eglMakeCurrent: 0x94199fc0: ver 2 0 (tinfo 0xa3a48260)
11-19 21:49:23.259  1660  1834 D EGL_emulation: eglMakeCurrent: 0x94199fc0: ver 2 0 (tinfo 0xa3a48260)
11-19 21:49:23.264  1660  1834 D EGL_emulation: eglMakeCurrent: 0x94199fc0: ver 2 0 (tinfo 0xa3a48260)
11-19 21:49:23.276  1660  1834 D EGL_emulation: eglMakeCurrent: 0x94199fc0: ver 2 0 (tinfo 0xa3a48260)
11-19 21:49:23.279  1660  1834 D EGL_emulation: eglMakeCurrent: 0x94199fc0: ver 2 0 (tinfo 0xa3a48260)
11-19 21:49:23.293  3716  3741 D EGL_emulation: eglMakeCurrent: 0xb1105660: ver 2 0 (tinfo 0xb11037a0)
11-19 21:49:23.293  1660  1834 D EGL_emulation: eglMakeCurrent: 0x94199fc0: ver 2 0 (tinfo 0xa3a48260)
11-19 21:49:23.301  1660  1834 D EGL_emulation: eglMakeCurrent: 0x94199fc0: ver 2 0 (tinfo 0xa3a48260)
11-19 21:49:23.307  3716  3741 D EGL_emulation: eglMakeCurrent: 0xb1105660: ver 2 0 (tinfo 0xb11037a0)
11-19 21:49:23.308  1660  1834 D EGL_emulation: eglMakeCurrent: 0x94199fc0: ver 2 0 (tinfo 0xa3a48260)
11-19 21:49:23.336  1588  1608 I ActivityManager: Displayed es.usc.citius.servando.calendula/.activities.SettingsActivity: +247ms
11-19 21:49:23.361  3716  3741 D EGL_emulation: eglMakeCurrent: 0xb1105660: ver 2 0 (tinfo 0xb11037a0)
11-19 21:49:23.368  3716  3741 D EGL_emulation: eglMakeCurrent: 0xb1105660: ver 2 0 (tinfo 0xb11037a0)
11-19 21:49:23.397  3716  3741 D EGL_emulation: eglMakeCurrent: 0xb1105660: ver 2 0 (tinfo 0xb11037a0)
11-19 21:49:23.400  3716  3741 D OpenGLRenderer: endAllActiveAnimators on 0x8cf78080 (StateListDrawable) with handle 0x8efa8ba0
11-19 21:49:23.400  1588  2186 I WindowManager: Destroying surface Surface(name=es.usc.citius.servando.calendula/es.usc.citius.servando.calendula.HomePagerActivity) called by com.android.server.wm.WindowStateAnimator.destroySurface:2016 com.android.server.wm.WindowStateAnimator.destroySurfaceLocked:882 com.android.server.wm.WindowState.destroyOrSaveSurface:2100 com.android.server.wm.WindowManagerService.tryStartExitingAnimation:3024 com.android.server.wm.WindowManagerService.relayoutWindow:2904 com.android.server.wm.Session.relayout:224 android.view.IWindowSession$Stub.onTransact:286 com.android.server.wm.Session.onTransact:145 
11-19 21:49:23.403  3716  3741 D EGL_emulation: eglMakeCurrent: 0xb1105660: ver 2 0 (tinfo 0xb11037a0)
11-19 21:49:23.490  1588  1955 I ActivityManager: START u0 {act=android.intent.action.MAIN cat=[android.intent.category.LAUNCHER] flg=0x10200000 cmp=es.usc.citius.servando.calendula/.activities.StartActivity} from uid 2000 on display 0
11-19 21:49:23.506  1588  2152 I WindowManager: Destroying surface Surface(name=AtchDlg:es.usc.citius.servando.calendula/es.usc.citius.servando.calendula.activities.SettingsActivity) called by com.android.server.wm.WindowStateAnimator.destroySurface:2016 com.android.server.wm.WindowStateAnimator.destroySurfaceLocked:882 com.android.server.wm.WindowState.removeLocked:1456 com.android.server.wm.WindowManagerService.removeWindowInnerLocked:2484 com.android.server.wm.WindowManagerService.removeWindowLocked:2442 com.android.server.wm.WindowManagerService.removeWindowLocked:2311 com.android.server.wm.WindowManagerService.removeWindow:2306 com.android.server.wm.Session.remove:202 
11-19 21:49:23.512  1588  1955 W InputMethodManagerService: Window already focused, ignoring focus gain of: com.android.internal.view.IInputMethodClient$Stub$Proxy@6c5dbb0 attribute=null, token = android.os.BinderProxy@6ae7198
11-19 21:49:23.529  1660  1834 D EGL_emulation: eglMakeCurrent: 0x94199fc0: ver 2 0 (tinfo 0xa3a48260)
11-19 21:49:23.531  1588  1694 I WindowManager: Destroying surface Surface(name=VolumeDialog) called by com.android.server.wm.WindowStateAnimator.destroySurface:2016 com.android.server.wm.WindowStateAnimator.destroySurfaceLocked:882 com.android.server.wm.WindowState.removeLocked:1456 com.android.server.wm.WindowManagerService.removeWindowInnerLocked:2484 com.android.server.wm.WindowManagerService.removeWindowLocked:2442 com.android.server.wm.WindowManagerService.removeWindowLocked:2311 com.android.server.wm.WindowManagerService.removeWindow:2306 com.android.server.wm.Session.remove:202 
11-19 21:49:23.590  1588  2784 I WindowManager: Destroying surface Surface(name=AtchDlg:es.usc.citius.servando.calendula/es.usc.citius.servando.calendula.activities.SettingsActivity) called by com.android.server.wm.WindowStateAnimator.destroySurface:2016 com.android.server.wm.WindowStateAnimator.destroySurfaceLocked:882 com.android.server.wm.WindowState.removeLocked:1456 com.android.server.wm.WindowManagerService.removeWindowInnerLocked:2484 com.android.server.wm.WindowManagerService.removeWindowLocked:2442 com.android.server.wm.WindowManagerService.removeWindowLocked:2311 com.android.server.wm.WindowManagerService.removeWindow:2306 com.android.server.wm.Session.remove:202 
11-19 21:49:23.602  1588  2152 W InputMethodManagerService: Window already focused, ignoring focus gain of: com.android.internal.view.IInputMethodClient$Stub$Proxy@32dbb4f attribute=null, token = android.os.BinderProxy@6ae7198
11-19 21:49:23.678  1588  2152 I ActivityManager: START u0 {act=android.intent.action.MAIN cat=[android.intent.category.LAUNCHER] flg=0x10200000 cmp=es.usc.citius.servando.calendula/.activities.StartActivity} from uid 2000 on display 0
11-19 21:49:23.712  1588  1724 W InputMethodManagerService: Window already focused, ignoring focus gain of: com.android.internal.view.IInputMethodClient$Stub$Proxy@17a9aba attribute=null, token = android.os.BinderProxy@6ae7198
11-19 21:49:23.718  1588  1620 I InputDispatcher: Dropped event because of pending overdue app switch.
11-19 21:49:23.718  1588  2186 W InputManager: Input event injection from pid 4436 failed.
11-19 21:49:23.890  1652  1652 W InputMethodService: Window size has been changed. This may cause jankiness of resizing window: -1 -> -2
11-19 21:49:23.903  1652  1652 I LatinIME: Starting input. Cursor position = 0,9
11-19 21:49:23.906  3716  3741 D EGL_emulation: eglMakeCurrent: 0xb1105660: ver 2 0 (tinfo 0xb11037a0)
11-19 21:49:23.931  3716  3741 D EGL_emulation: eglMakeCurrent: 0xb1105660: ver 2 0 (tinfo 0xb11037a0)
11-19 21:49:23.959  1588  1608 I WindowManager: Destroying surface Surface(name=AtchDlg:es.usc.citius.servando.calendula/es.usc.citius.servando.calendula.activities.SettingsActivity) called by com.android.server.wm.WindowStateAnimator.destroySurface:2016 com.android.server.wm.WindowStateAnimator.destroySurfaceLocked:882 com.android.server.wm.WindowState.destroyOrSaveSurface:2100 com.android.server.wm.AppWindowToken.destroySurfaces:363 com.android.server.wm.WindowStateAnimator.finishExit:565 com.android.server.wm.WindowStateAnimator.stepAnimationLocked:491 com.android.server.wm.WindowAnimator.updateWindowsLocked:303 com.android.server.wm.WindowAnimator.animateLocked:704 
11-19 21:49:23.962  3716  3741 D EGL_emulation: eglMakeCurrent: 0xb1105660: ver 2 0 (tinfo 0xb11037a0)
11-19 21:49:23.969  3716  3741 D EGL_emulation: eglMakeCurrent: 0xb1105660: ver 2 0 (tinfo 0xb11037a0)
11-19 21:49:24.058  1660  1834 D EGL_emulation: eglMakeCurrent: 0x94199fc0: ver 2 0 (tinfo 0xa3a48260)
11-19 21:49:24.143  3716  3716 W InputEventReceiver: Attempted to finish an input event but the input event receiver has already been disposed.
11-19 21:49:24.143  3716  3716 W InputEventReceiver: Attempted to finish an input event but the input event receiver has already been disposed.
11-19 21:49:24.143  3716  3716 W InputEventReceiver: Attempted to finish an input event but the input event receiver has already been disposed.
11-19 21:49:24.144  3716  3716 W InputEventReceiver: Attempted to finish an input event but the input event receiver has already been disposed.
11-19 21:49:24.144  3716  3716 W InputEventReceiver: Attempted to finish an input event but the input event receiver has already been disposed.
11-19 21:49:24.146  3716  3716 W InputEventReceiver: Attempted to finish an input event but the input event receiver has already been disposed.
11-19 21:49:24.147  3716  3716 W IInputConnectionWrapper: getTextBeforeCursor on inactive InputConnection
11-19 21:49:24.147  1652  1652 E RichInputConnection: Unable to connect to the editor to retrieve text.
11-19 21:49:24.147  1652  1652 D RichInputConnection: Will try to retrieve text later.
11-19 21:49:24.148  3716  3716 W IInputConnectionWrapper: getTextBeforeCursor on inactive InputConnection
11-19 21:49:24.149  1652  1652 E RichInputConnection: Unable to connect to the editor to retrieve text.
11-19 21:49:24.149  1652  1652 W RichInputConnection: Unable to connect to the editor. Setting caps mode without knowing text.
11-19 21:49:24.160  1660  1660 D PhoneStatusBar: disable: < expand ICONS* alerts SYSTEM_INFO* back home recent clock search quick_settings >
11-19 21:49:24.162  1588  2152 W VibratorService: Tried to stop vibrating but there is no vibrator device.
11-19 21:49:24.172  1652  1652 I LatinIME: Starting input. Cursor position = -1,-1
11-19 21:49:24.176  3716  3716 W IInputConnectionWrapper: finishComposingText on inactive InputConnection
11-19 21:49:24.226  1652  1652 I InputAttributes: InputType.TYPE_NULL is specified
11-19 21:49:24.237  1652  3412 D EGL_emulation: eglMakeCurrent: 0xa1cc2780: ver 2 0 (tinfo 0x94cffc30)
11-19 21:49:24.240  1660  1834 D EGL_emulation: eglMakeCurrent: 0x94199fc0: ver 2 0 (tinfo 0xa3a48260)
11-19 21:49:24.275  1652  1652 W InputMethodService: Window size has been changed. This may cause jankiness of resizing window: -1 -> -2
11-19 21:49:24.292  1652  3412 D EGL_emulation: eglMakeCurrent: 0xa1cc2780: ver 2 0 (tinfo 0x94cffc30)
11-19 21:49:24.298  1660  1660 W ViewRootImpl[StatusBar]: Dropping event due to no window focus: KeyEvent { action=ACTION_DOWN, keyCode=KEYCODE_DPAD_CENTER, scanCode=0, metaState=0, flags=0x8, repeatCount=0, eventTime=1717168, downTime=1717168, deviceId=-1, source=0x101 }
11-19 21:49:24.300  1660  1660 W ViewRootImpl[StatusBar]: Cancelling event due to no window focus: KeyEvent { action=ACTION_UP, keyCode=KEYCODE_DPAD_CENTER, scanCode=0, metaState=0, flags=0x28, repeatCount=0, eventTime=1717184, downTime=1717184, deviceId=-1, source=0x101 }
11-19 21:49:24.300  1660  1660 W ViewRootImpl[StatusBar]: Cancelling event due to no window focus: KeyEvent { action=ACTION_UP, keyCode=KEYCODE_DPAD_CENTER, scanCode=0, metaState=0, flags=0x28, repeatCount=0, eventTime=1717184, downTime=1717184, deviceId=-1, source=0x101 }
11-19 21:49:24.300  1660  1660 W ViewRootImpl[StatusBar]: Cancelling event due to no window focus: KeyEvent { action=ACTION_UP, keyCode=KEYCODE_DPAD_CENTER, scanCode=0, metaState=0, flags=0x28, repeatCount=0, eventTime=1717184, downTime=1717184, deviceId=-1, source=0x101 }
11-19 21:49:24.300  1660  1660 W ViewRootImpl[StatusBar]: Cancelling event due to no window focus: KeyEvent { action=ACTION_UP, keyCode=KEYCODE_DPAD_CENTER, scanCode=0, metaState=0, flags=0x28, repeatCount=0, eventTime=1717184, downTime=1717184, deviceId=-1, source=0x101 }
11-19 21:49:24.300  1660  1660 W ViewRootImpl[StatusBar]: Cancelling event due to no window focus: KeyEvent { action=ACTION_UP, keyCode=KEYCODE_DPAD_CENTER, scanCode=0, metaState=0, flags=0x28, repeatCount=0, eventTime=1717184, downTime=1717184, deviceId=-1, source=0x101 }
11-19 21:49:24.300  1660  1660 W ViewRootImpl[StatusBar]: Cancelling event due to no window focus: KeyEvent { action=ACTION_UP, keyCode=KEYCODE_DPAD_CENTER, scanCode=0, metaState=0, flags=0x28, repeatCount=0, eventTime=1717184, downTime=1717184, deviceId=-1, source=0x101 }
11-19 21:49:24.300  1660  1660 W ViewRootImpl[StatusBar]: Cancelling event due to no window focus: KeyEvent { action=ACTION_UP, keyCode=KEYCODE_DPAD_CENTER, scanCode=0, metaState=0, flags=0x28, repeatCount=0, eventTime=1717184, downTime=1717184, deviceId=-1, source=0x101 }
11-19 21:49:24.300  1660  1660 W ViewRootImpl[StatusBar]: Cancelling event due to no window focus: KeyEvent { action=ACTION_UP, keyCode=KEYCODE_DPAD_CENTER, scanCode=0, metaState=0, flags=0x28, repeatCount=0, eventTime=1717184, downTime=1717184, deviceId=-1, source=0x101 }
11-19 21:49:24.300  1660  1660 W ViewRootImpl[StatusBar]: Cancelling event due to no window focus: KeyEvent { action=ACTION_UP, keyCode=KEYCODE_DPAD_CENTER, scanCode=0, metaState=0, flags=0x28, repeatCount=0, eventTime=1717184, downTime=1717184, deviceId=-1, source=0x101 }
11-19 21:49:24.309  1660  1660 W ViewRootImpl[StatusBar]: Dropping event due to no window focus: KeyEvent { action=ACTION_DOWN, keyCode=KEYCODE_HELP, scanCode=0, metaState=0, flags=0x8, repeatCount=0, eventTime=1717274, downTime=1717274, deviceId=-1, source=0x101 }
11-19 21:49:24.310  1660  1660 W ViewRootImpl[StatusBar]: Cancelling event due to no window focus: KeyEvent { action=ACTION_UP, keyCode=KEYCODE_HELP, scanCode=0, metaState=0, flags=0x28, repeatCount=0, eventTime=1717280, downTime=1717280, deviceId=-1, source=0x101 }
11-19 21:49:24.310  1660  1660 W ViewRootImpl[StatusBar]: Cancelling event due to no window focus: KeyEvent { action=ACTION_UP, keyCode=KEYCODE_HELP, scanCode=0, metaState=0, flags=0x28, repeatCount=0, eventTime=1717280, downTime=1717280, deviceId=-1, source=0x101 }
11-19 21:49:24.310  1660  1660 W ViewRootImpl[StatusBar]: Cancelling event due to no window focus: KeyEvent { action=ACTION_UP, keyCode=KEYCODE_HELP, scanCode=0, metaState=0, flags=0x28, repeatCount=0, eventTime=1717280, downTime=1717280, deviceId=-1, source=0x101 }
11-19 21:49:24.310  1660  1660 W ViewRootImpl[StatusBar]: Cancelling event due to no window focus: KeyEvent { action=ACTION_UP, keyCode=KEYCODE_HELP, scanCode=0, metaState=0, flags=0x28, repeatCount=0, eventTime=1717280, downTime=1717280, deviceId=-1, source=0x101 }
11-19 21:49:24.310  1660  1660 W ViewRootImpl[StatusBar]: Cancelling event due to no window focus: KeyEvent { action=ACTION_UP, keyCode=KEYCODE_HELP, scanCode=0, metaState=0, flags=0x28, repeatCount=0, eventTime=1717280, downTime=1717280, deviceId=-1, source=0x101 }
11-19 21:49:24.310  1660  1660 W ViewRootImpl[StatusBar]: Cancelling event due to no window focus: KeyEvent { action=ACTION_UP, keyCode=KEYCODE_HELP, scanCode=0, metaState=0, flags=0x28, repeatCount=0, eventTime=1717280, downTime=1717280, deviceId=-1, source=0x101 }
11-19 21:49:24.310  1660  1660 W ViewRootImpl[StatusBar]: Cancelling event due to no window focus: KeyEvent { action=ACTION_UP, keyCode=KEYCODE_HELP, scanCode=0, metaState=0, flags=0x28, repeatCount=0, eventTime=1717280, downTime=1717280, deviceId=-1, source=0x101 }
11-19 21:49:24.310  1660  1660 W ViewRootImpl[StatusBar]: Cancelling event due to no window focus: KeyEvent { action=ACTION_UP, keyCode=KEYCODE_HELP, scanCode=0, metaState=0, flags=0x28, repeatCount=0, eventTime=1717280, downTime=1717280, deviceId=-1, source=0x101 }
11-19 21:49:24.310  1660  1660 W ViewRootImpl[StatusBar]: Cancelling event due to no window focus: KeyEvent { action=ACTION_UP, keyCode=KEYCODE_HELP, scanCode=0, metaState=0, flags=0x28, repeatCount=0, eventTime=1717280, downTime=1717280, deviceId=-1, source=0x101 }
11-19 21:49:24.323  1660  1660 W ViewRootImpl[StatusBar]: Dropping event due to no window focus: KeyEvent { action=ACTION_DOWN, keyCode=KEYCODE_DPAD_LEFT, scanCode=0, metaState=0, flags=0x8, repeatCount=0, eventTime=1717288, downTime=1717288, deviceId=-1, source=0x101 }
11-19 21:49:24.324  1660  1660 W ViewRootImpl[StatusBar]: Cancelling event due to no window focus: KeyEvent { action=ACTION_UP, keyCode=KEYCODE_DPAD_LEFT, scanCode=0, metaState=0, flags=0x28, repeatCount=0, eventTime=1717298, downTime=1717298, deviceId=-1, source=0x101 }
11-19 21:49:24.324  1588  1724 I ActivityManager: START u0 {act=android.intent.action.MAIN cat=[android.intent.category.LAUNCHER] flg=0x10200000 cmp=es.usc.citius.servando.calendula/.activities.StartActivity} from uid 2000 on display 0
11-19 21:49:24.331  1660  1660 W ViewRootImpl[StatusBar]: Cancelling event due to no window focus: KeyEvent { action=ACTION_UP, keyCode=KEYCODE_DPAD_LEFT, scanCode=0, metaState=0, flags=0x28, repeatCount=0, eventTime=1717298, downTime=1717298, deviceId=-1, source=0x101 }
11-19 21:49:24.331  1660  1660 W ViewRootImpl[StatusBar]: Cancelling event due to no window focus: KeyEvent { action=ACTION_UP, keyCode=KEYCODE_DPAD_LEFT, scanCode=0, metaState=0, flags=0x28, repeatCount=0, eventTime=1717298, downTime=1717298, deviceId=-1, source=0x101 }
11-19 21:49:24.331  1660  1660 W ViewRootImpl[StatusBar]: Cancelling event due to no window focus: KeyEvent { action=ACTION_UP, keyCode=KEYCODE_DPAD_LEFT, scanCode=0, metaState=0, flags=0x28, repeatCount=0, eventTime=1717298, downTime=1717298, deviceId=-1, source=0x101 }
11-19 21:49:24.331  1660  1660 W ViewRootImpl[StatusBar]: Cancelling event due to no window focus: KeyEvent { action=ACTION_UP, keyCode=KEYCODE_DPAD_LEFT, scanCode=0, metaState=0, flags=0x28, repeatCount=0, eventTime=1717298, downTime=1717298, deviceId=-1, source=0x101 }
11-19 21:49:24.331  1660  1660 W ViewRootImpl[StatusBar]: Cancelling event due to no window focus: KeyEvent { action=ACTION_UP, keyCode=KEYCODE_DPAD_LEFT, scanCode=0, metaState=0, flags=0x28, repeatCount=0, eventTime=1717298, downTime=1717298, deviceId=-1, source=0x101 }
11-19 21:49:24.334  1660  1660 W ViewRootImpl[StatusBar]: Cancelling event due to no window focus: KeyEvent { action=ACTION_UP, keyCode=KEYCODE_DPAD_LEFT, scanCode=0, metaState=0, flags=0x28, repeatCount=0, eventTime=1717298, downTime=1717298, deviceId=-1, source=0x101 }
11-19 21:49:24.334  1660  1660 W ViewRootImpl[StatusBar]: Cancelling event due to no window focus: KeyEvent { action=ACTION_UP, keyCode=KEYCODE_DPAD_LEFT, scanCode=0, metaState=0, flags=0x28, repeatCount=0, eventTime=1717298, downTime=1717298, deviceId=-1, source=0x101 }
11-19 21:49:24.334  1660  1660 W ViewRootImpl[StatusBar]: Cancelling event due to no window focus: KeyEvent { action=ACTION_UP, keyCode=KEYCODE_DPAD_LEFT, scanCode=0, metaState=0, flags=0x28, repeatCount=0, eventTime=1717298, downTime=1717298, deviceId=-1, source=0x101 }
11-19 21:49:24.334  1660  1660 W ViewRootImpl[StatusBar]: Dropping event due to no window focus: KeyEvent { action=ACTION_DOWN, keyCode=KEYCODE_DPAD_RIGHT, scanCode=0, metaState=0, flags=0x8, repeatCount=0, eventTime=1717305, downTime=1717305, deviceId=-1, source=0x101 }
11-19 21:49:24.341  1588  1608 I WindowManager: Destroying surface Surface(name=es.usc.citius.servando.calendula/es.usc.citius.servando.calendula.activities.SettingsActivity) called by com.android.server.wm.WindowStateAnimator.destroySurface:2016 com.android.server.wm.WindowStateAnimator.destroySurfaceLocked:882 com.android.server.wm.WindowState.destroyOrSaveSurface:2100 com.android.server.wm.AppWindowToken.destroySurfaces:363 com.android.server.wm.WindowStateAnimator.finishExit:565 com.android.server.wm.WindowStateAnimator.stepAnimationLocked:491 com.android.server.wm.WindowAnimator.updateWindowsLocked:303 com.android.server.wm.WindowAnimator.animateLocked:704 
11-19 21:49:24.351  1308  1308 W SurfaceFlinger: couldn't log to binary event log: overflow.
11-19 21:49:24.386  1660  1834 D EGL_emulation: eglMakeCurrent: 0x94199fc0: ver 2 0 (tinfo 0xa3a48260)
11-19 21:49:24.406  1660  1834 D EGL_emulation: eglMakeCurrent: 0x94199fc0: ver 2 0 (tinfo 0xa3a48260)
11-19 21:49:24.425  1588  1608 I WindowManager: Destroying surface Surface(name=AtchDlg:es.usc.citius.servando.calendula/es.usc.citius.servando.calendula.activities.SettingsActivity) called by com.android.server.wm.WindowStateAnimator.destroySurface:2016 com.android.server.wm.WindowStateAnimator.destroySurfaceLocked:882 com.android.server.wm.WindowState.destroyOrSaveSurface:2100 com.android.server.wm.AppWindowToken.destroySurfaces:363 com.android.server.wm.WindowStateAnimator.finishExit:565 com.android.server.wm.WindowStateAnimator.stepAnimationLocked:491 com.android.server.wm.WindowAnimator.updateWindowsLocked:303 com.android.server.wm.WindowAnimator.animateLocked:704 
11-19 21:49:24.476  1588  1608 I WindowManager: Destroying surface Surface(name=InputMethod) called by com.android.server.wm.WindowStateAnimator.destroySurface:2016 com.android.server.wm.WindowStateAnimator.destroySurfaceLocked:882 com.android.server.wm.WindowState.destroyOrSaveSurface:2100 com.android.server.wm.WindowSurfacePlacer.performSurfacePlacementInner:429 com.android.server.wm.WindowSurfacePlacer.performSurfacePlacementLoop:232 com.android.server.wm.WindowSurfacePlacer.performSurfacePlacement:180 com.android.server.wm.WindowManagerService$H.handleMessage:8086 android.os.Handler.dispatchMessage:102 
11-19 21:49:24.605  1588  2186 I ActivityManager: START u0 {act=android.intent.action.MAIN cat=[android.intent.category.LAUNCHER] flg=0x10200000 cmp=es.usc.citius.servando.calendula/.activities.StartActivity} from uid 2000 on display 0
11-19 21:49:24.637  1588  2186 I ActivityManager: START u0 {act=android.intent.action.MAIN cat=[android.intent.category.LAUNCHER] flg=0x10200000 cmp=es.usc.citius.servando.calendula/.activities.StartActivity} from uid 2000 on display 0
11-19 21:49:24.738  1588  1933 I ActivityManager: START u0 {act=android.intent.action.MAIN cat=[android.intent.category.LAUNCHER] flg=0x10200000 cmp=es.usc.citius.servando.calendula/.activities.StartActivity} from uid 2000 on display 0
11-19 21:49:24.772  1588  1694 I ActivityManager: START u0 {act=android.intent.action.MAIN cat=[android.intent.category.LAUNCHER] flg=0x10200000 cmp=es.usc.citius.servando.calendula/.activities.StartActivity} from uid 2000 on display 0
11-19 21:49:24.894  2227  2257 I MusicPlaybackService: onMediaButtonEvent: Intent { act=android.intent.action.MEDIA_BUTTON (has extras) }
11-19 21:49:24.899  2227  2227 I MusicPlaybackService: onStartCommand com.android.music.musicservicecommand / togglepause
11-19 21:49:24.899  2227  2227 V MusicPlaybackService: notifyChange: com.google.android.music.shufflemodechanged
11-19 21:49:24.899  2227  2227 I MusicPlaybackService: Sending out broadcast: com.google.android.music.shufflemodechanged Extras: Bundle[{shuffle=1}]
11-19 21:49:24.901  2227  2257 I MusicPlaybackService: onMediaButtonEvent: Intent { act=android.intent.action.MEDIA_BUTTON (has extras) }
11-19 21:49:24.901  2227  2257 D DevicePlayback: Current route null, CQ mode: false
11-19 21:49:24.902  2227  2257 D MusicPlaybackService: new playback state: PlaybackState {state=2, position=0, buffered position=0, speed=1.0, updated=1717878, actions=7607, error=null, custom actions=[], active item id=-1}
11-19 21:49:24.904  2227  2257 D DevicePlayback: open: medialist=AllSongsList: [0] position=-1 play=true 
11-19 21:49:24.904  2227  2257 V MusicPlaybackService: setting should show notification to true
11-19 21:49:24.905  2227  2257 D DevicePlayback: Current route null, CQ mode: false
11-19 21:49:24.906  2227  2257 V MusicPlaybackService: Updating notification + media session metadata due to completed art request: ArtRequest{mState=30, mDescriptor=DocumentArtDescriptor{artType=NOTIFICATION, sizeHandling=com.google.android.music.art.ArtDescriptor$SizeHandling@2d9cb39, width=1024, height=1024, identifier=[mArtUrl=null, mTitle=null, mSubTitle=null, mDescription=null, mReason1=null, mExplicitType=UNKNOWN, mDuration=0, mPlayPositionMillis=0, mPublicationTimestamp=0, mId=-1, mAlbumId=-1, mPodcastEpisodeId=null, mPodcastSeriesId=null, mPodcastSeriesTitle=null, mAlbumName=null, mArtistId=-1, mArtistName=null, mType=ALBUM, mIsNautilus=false, mTrackMetajamId=null, mAlbumMetajamId=null, mArtistMetajamId=null, mPlaylistName=null, mPlaylistType=-1, mPlaylistShareToken=null, mPlaylistOwnerName=null, mProfilePhotoUrl=null, mPlaylistSharedState=1, mPlaylistMemberId=-1, mSongStoreId=null, mGenreId=null, mParentGenreId=null, mSubgenreCount=0, mHasLocal=false, mCanAddtoLibrary=false, mQueueItemId=-1, mQueueItemState=0, mQueueItemContainerId=-1, mQueueItemContainerType=0, mQueueItemContainerName=null, mIsFromSearch=false, mSearchString=null, mPosition=-1, mAdapterPosition=-1, mRadioSourceType=0, mRadioSourceId=null, mRadioTrackSeedMetajamId=null, mMainstageReason=-1, mRadioRemoteId=null, mSourceAccount=0, mVideoId=null, mVideoThumbnailUrl=null, mPlaylistEditorArtwork=null, mRadioHighlightColor=null, mSituationId=null, mIsTopLevelSituation=false, mHasSubSituations=false, mSituationWideArtUrl=null, mCategoryId=null, mDontModifyRadioDisplayTitle=false, mCanDismiss=false, mCompositeWideArtUrl=null, mCompositeSquareArtUrl=null, mNavBarSection=0, mCollectionId=null, mCollectionPos=-1, mIsFromSoundSearch=false, mAvailableForPurchase=true, mAvailableForSubscription=true, mPodcastPodlistId=null, mSituationContainsPodlists=false, mDismissalKey=null, mDismissalText=null, mDismissalToken=null, mLogToken=null], useDefaultIfMissing=true, aspectRatio=1.0}, mItems={}}
11-19 21:49:24.907  2227  2257 D MusicPlaybackService: cancelNotification id=1
11-19 21:49:24.907  2227  2257 V MusicPlaybackService: setting should show notification to true
11-19 21:49:24.907  2227  2257 V MusicPlaybackService: notifyChange: com.android.music.queuechanged
11-19 21:49:24.911  1588  1620 I ActivityManager: START u0 {act=android.intent.action.SHOW_BRIGHTNESS_DIALOG cmp=com.android.systemui/.settings.BrightnessDialog} from uid 1000 on display 0
11-19 21:49:24.935  2227  2257 I MusicPlaybackService: Sending out broadcast: com.android.music.queuechanged Extras: Bundle[{hasValidPlaylist=false, woodstock=false, isPodcast=false, queueLoading=false, isDoubleclickAd=false, ListSize=0, isSoundAd=false, isSkipLimitReached=false}]
11-19 21:49:24.935  2227  2257 D DevicePlayback: onSongChanged: isFromUserAction=false
11-19 21:49:24.936  2227  2257 V MusicPlaybackService: notifyChange: com.android.music.metachanged
11-19 21:49:24.936  2227  2257 W MusicPlaybackService: Song is not loaded. Ignoring.
11-19 21:49:24.936  2227  2257 D MusicPlaybackService: cancelNotification id=1
11-19 21:49:24.936  2227  2257 V MusicPlaybackService: setting should show notification to true
11-19 21:49:24.936  2227  2257 D DevicePlayback: mMixGenerationState=null
11-19 21:49:24.936  2227  2257 D DevicePlayback: Current route null, CQ mode: false
11-19 21:49:24.938  2227  2257 D DevicePlayback: Current route null, CQ mode: false
11-19 21:49:24.938  2227  2257 I MusicStore: caqPlay: descriptor=[13, 42, All%20songs, <null>, <null>]
11-19 21:49:24.938  2227  2257 E MusicStore: Invalid request size=0
11-19 21:49:24.939  2227  2257 D DevicePlayback: Current route null, CQ mode: false
11-19 21:49:24.942  2227  2257 V MusicPlaybackService: Updating notification + media session metadata due to completed art request: ArtRequest{mState=30, mDescriptor=DocumentArtDescriptor{artType=NOTIFICATION, sizeHandling=com.google.android.music.art.ArtDescriptor$SizeHandling@2d9cb39, width=1024, height=1024, identifier=[mArtUrl=null, mTitle=null, mSubTitle=null, mDescription=null, mReason1=null, mExplicitType=UNKNOWN, mDuration=0, mPlayPositionMillis=0, mPublicationTimestamp=0, mId=-1, mAlbumId=-1, mPodcastEpisodeId=null, mPodcastSeriesId=null, mPodcastSeriesTitle=null, mAlbumName=null, mArtistId=-1, mArtistName=null, mType=ALBUM, mIsNautilus=false, mTrackMetajamId=null, mAlbumMetajamId=null, mArtistMetajamId=null, mPlaylistName=null, mPlaylistType=-1, mPlaylistShareToken=null, mPlaylistOwnerName=null, mProfilePhotoUrl=null, mPlaylistSharedState=1, mPlaylistMemberId=-1, mSongStoreId=null, mGenreId=null, mParentGenreId=null, mSubgenreCount=0, mHasLocal=false, mCanAddtoLibrary=false, mQueueItemId=-1, mQueueItemState=0, mQueueItemContainerId=-1, mQueueItemContainerType=0, mQueueItemContainerName=null, mIsFromSearch=false, mSearchString=null, mPosition=-1, mAdapterPosition=-1, mRadioSourceType=0, mRadioSourceId=null, mRadioTrackSeedMetajamId=null, mMainstageReason=-1, mRadioRemoteId=null, mSourceAccount=0, mVideoId=null, mVideoThumbnailUrl=null, mPlaylistEditorArtwork=null, mRadioHighlightColor=null, mSituationId=null, mIsTopLevelSituation=false, mHasSubSituations=false, mSituationWideArtUrl=null, mCategoryId=null, mDontModifyRadioDisplayTitle=false, mCanDismiss=false, mCompositeWideArtUrl=null, mCompositeSquareArtUrl=null, mNavBarSection=0, mCollectionId=null, mCollectionPos=-1, mIsFromSoundSearch=false, mAvailableForPurchase=true, mAvailableForSubscription=true, mPodcastPodlistId=null, mSituationContainsPodlists=false, mDismissalKey=null, mDismissalText=null, mDismissalToken=null, mLogToken=null], useDefaultIfMissing=true, aspectRatio=1.0}, mItems={}}
11-19 21:49:24.942  2227  2257 D MusicPlaybackService: cancelNotification id=1
11-19 21:49:24.942  2227  2257 V MusicPlaybackService: setting should show notification to true
11-19 21:49:25.115  1660  1774 I vol.Events: writeEvent active_stream_changed STREAM_RING
11-19 21:49:25.116  1588  1955 I ActivityManager: START u0 {act=android.intent.action.MAIN cat=[android.intent.category.LAUNCHER] flg=0x10200000 cmp=es.usc.citius.servando.calendula/.activities.StartActivity} from uid 2000 on display 0
11-19 21:49:25.116  1660  1774 I vol.Events: writeEvent key STREAM_RING 2
11-19 21:49:25.136  1588  1940 I ActivityManager: START u0 {act=android.intent.action.MAIN cat=[android.intent.category.LAUNCHER] flg=0x10008000 cmp=com.android.settings/.deviceinfo.UsbModeChooserActivity} from uid 1000 on display 0
11-19 21:49:25.147  1660  1660 I vol.Events: writeEvent show_dialog volume_changed keyguard=false
11-19 21:49:25.159  1588  2784 W InputMethodManagerService: Window already focused, ignoring focus gain of: com.android.internal.view.IInputMethodClient$Stub$Proxy@2017fa4 attribute=null, token = android.os.BinderProxy@6ae7198
11-19 21:49:25.246  1660  1834 D EGL_emulation: eglMakeCurrent: 0x94199fc0: ver 2 0 (tinfo 0xa3a48260)
11-19 21:49:25.268  1588  2152 I ActivityManager: START u0 {cmp=com.google.android.googlequicksearchbox/com.google.android.apps.gsa.velvet.ui.settings.SettingsActivity} from uid 10028 on display 0
11-19 21:49:25.288  1660  1834 D EGL_emulation: eglMakeCurrent: 0x94199fc0: ver 2 0 (tinfo 0xa3a48260)
11-19 21:49:25.311  1660  1834 D EGL_emulation: eglMakeCurrent: 0x94199fc0: ver 2 0 (tinfo 0xa3a48260)
11-19 21:49:25.330  1660  1834 D EGL_emulation: eglMakeCurrent: 0x94199fc0: ver 2 0 (tinfo 0xa3a48260)
11-19 21:49:25.350  1660  1834 D EGL_emulation: eglMakeCurrent: 0x94199fc0: ver 2 0 (tinfo 0xa3a48260)
11-19 21:49:25.355  1660  1834 D EGL_emulation: eglMakeCurrent: 0x94199fc0: ver 2 0 (tinfo 0xa3a48260)
11-19 21:49:25.362  1660  1834 D EGL_emulation: eglMakeCurrent: 0x94199fc0: ver 2 0 (tinfo 0xa3a48260)
11-19 21:49:25.372  1660  1834 D EGL_emulation: eglMakeCurrent: 0x94199fc0: ver 2 0 (tinfo 0xa3a48260)
11-19 21:49:25.389  1660  1834 D EGL_emulation: eglMakeCurrent: 0x94199fc0: ver 2 0 (tinfo 0xa3a48260)
11-19 21:49:25.397  1660  1834 D EGL_emulation: eglMakeCurrent: 0x94199fc0: ver 2 0 (tinfo 0xa3a48260)
11-19 21:49:25.410  1660  1834 D EGL_emulation: eglMakeCurrent: 0x94199fc0: ver 2 0 (tinfo 0xa3a48260)
11-19 21:49:25.419  1588  2186 W InputMethodManagerService: Window already focused, ignoring focus gain of: com.android.internal.view.IInputMethodClient$Stub$Proxy@e0b0d2f attribute=null, token = android.os.BinderProxy@6ae7198
11-19 21:49:25.420  1660  1834 D EGL_emulation: eglMakeCurrent: 0x94199fc0: ver 2 0 (tinfo 0xa3a48260)
11-19 21:49:25.446  1660  1834 D EGL_emulation: eglMakeCurrent: 0x94199fc0: ver 2 0 (tinfo 0xa3a48260)
11-19 21:49:25.454  1660  1834 D EGL_emulation: eglMakeCurrent: 0x94199fc0: ver 2 0 (tinfo 0xa3a48260)
11-19 21:49:25.474  1660  1834 D EGL_emulation: eglMakeCurrent: 0x94199fc0: ver 2 0 (tinfo 0xa3a48260)
11-19 21:49:25.480  1660  1834 D EGL_emulation: eglMakeCurrent: 0x94199fc0: ver 2 0 (tinfo 0xa3a48260)
11-19 21:49:25.488  1660  1834 D EGL_emulation: eglMakeCurrent: 0x94199fc0: ver 2 0 (tinfo 0xa3a48260)
11-19 21:49:25.495  1660  1834 D EGL_emulation: eglMakeCurrent: 0x94199fc0: ver 2 0 (tinfo 0xa3a48260)
11-19 21:49:25.506  1660  1834 D EGL_emulation: eglMakeCurrent: 0x94199fc0: ver 2 0 (tinfo 0xa3a48260)
11-19 21:49:25.516  1660  1834 D EGL_emulation: eglMakeCurrent: 0x94199fc0: ver 2 0 (tinfo 0xa3a48260)
11-19 21:49:25.528  1660  1834 D EGL_emulation: eglMakeCurrent: 0x94199fc0: ver 2 0 (tinfo 0xa3a48260)
11-19 21:49:25.538  1660  1834 D EGL_emulation: eglMakeCurrent: 0x94199fc0: ver 2 0 (tinfo 0xa3a48260)
11-19 21:49:25.543  1660  1834 D EGL_emulation: eglMakeCurrent: 0x94199fc0: ver 2 0 (tinfo 0xa3a48260)
11-19 21:49:25.560  1660  1834 D EGL_emulation: eglMakeCurrent: 0x94199fc0: ver 2 0 (tinfo 0xa3a48260)
11-19 21:49:25.572  1660  1834 D EGL_emulation: eglMakeCurrent: 0x94199fc0: ver 2 0 (tinfo 0xa3a48260)
11-19 21:49:25.582  1652  1652 W InputMethodService: Window size has been changed. This may cause jankiness of resizing window: -1 -> -2
11-19 21:49:25.592  1660  1834 D EGL_emulation: eglMakeCurrent: 0x94199fc0: ver 2 0 (tinfo 0xa3a48260)
11-19 21:49:25.605  1660  1834 D EGL_emulation: eglMakeCurrent: 0x94199fc0: ver 2 0 (tinfo 0xa3a48260)
11-19 21:49:25.607  1652  1652 I LatinIME: Starting input. Cursor position = 0,9
11-19 21:49:25.609  3716  3741 D EGL_emulation: eglMakeCurrent: 0xb1105660: ver 2 0 (tinfo 0xb11037a0)
11-19 21:49:25.620  1660  1834 D EGL_emulation: eglMakeCurrent: 0x94199fc0: ver 2 0 (tinfo 0xa3a48260)
11-19 21:49:25.621  3716  3741 D EGL_emulation: eglMakeCurrent: 0xb1105660: ver 2 0 (tinfo 0xb11037a0)
11-19 21:49:25.632  1660  1834 D EGL_emulation: eglMakeCurrent: 0x94199fc0: ver 2 0 (tinfo 0xa3a48260)
11-19 21:49:25.641  1660  1834 D EGL_emulation: eglMakeCurrent: 0x94199fc0: ver 2 0 (tinfo 0xa3a48260)
11-19 21:49:25.652  3716  3741 D EGL_emulation: eglMakeCurrent: 0xb1105660: ver 2 0 (tinfo 0xb11037a0)
11-19 21:49:25.661  1660  1834 D EGL_emulation: eglMakeCurrent: 0x94199fc0: ver 2 0 (tinfo 0xa3a48260)
11-19 21:49:25.666  1588  1608 I WindowManager: Destroying surface Surface(name=AtchDlg:es.usc.citius.servando.calendula/es.usc.citius.servando.calendula.activities.SettingsActivity) called by com.android.server.wm.WindowStateAnimator.destroySurface:2016 com.android.server.wm.WindowStateAnimator.destroySurfaceLocked:882 com.android.server.wm.WindowState.destroyOrSaveSurface:2100 com.android.server.wm.AppWindowToken.destroySurfaces:363 com.android.server.wm.WindowStateAnimator.finishExit:565 com.android.server.wm.WindowStateAnimator.stepAnimationLocked:491 com.android.server.wm.WindowAnimator.updateWindowsLocked:303 com.android.server.wm.WindowAnimator.animateLocked:704 
11-19 21:49:25.669  3716  3741 D EGL_emulation: eglMakeCurrent: 0xb1105660: ver 2 0 (tinfo 0xb11037a0)
11-19 21:49:25.674  1660  1834 D EGL_emulation: eglMakeCurrent: 0x94199fc0: ver 2 0 (tinfo 0xa3a48260)
11-19 21:49:25.688  1660  1834 D EGL_emulation: eglMakeCurrent: 0x94199fc0: ver 2 0 (tinfo 0xa3a48260)
11-19 21:49:25.694  1660  1834 D EGL_emulation: eglMakeCurrent: 0x94199fc0: ver 2 0 (tinfo 0xa3a48260)
11-19 21:49:25.699  1660  1660 D PhoneStatusBar: disable: < expand icons* alerts system_info* back home recent clock search quick_settings >
11-19 21:49:25.743  1660  1834 D EGL_emulation: eglMakeCurrent: 0x94199fc0: ver 2 0 (tinfo 0xa3a48260)
11-19 21:49:25.766  3716  3741 D EGL_emulation: eglMakeCurrent: 0xb1105660: ver 2 0 (tinfo 0xb11037a0)
11-19 21:49:25.768  1660  1834 D EGL_emulation: eglMakeCurrent: 0x94199fc0: ver 2 0 (tinfo 0xa3a48260)
11-19 21:49:25.780  3716  3741 D EGL_emulation: eglMakeCurrent: 0xb1105660: ver 2 0 (tinfo 0xb11037a0)
11-19 21:49:25.792  1660  1834 D EGL_emulation: eglMakeCurrent: 0x94199fc0: ver 2 0 (tinfo 0xa3a48260)
11-19 21:49:25.803  1660  1834 D EGL_emulation: eglMakeCurrent: 0x94199fc0: ver 2 0 (tinfo 0xa3a48260)
11-19 21:49:25.804  3716  3741 D EGL_emulation: eglMakeCurrent: 0xb1105660: ver 2 0 (tinfo 0xb11037a0)
11-19 21:49:25.816  3716  3741 D EGL_emulation: eglMakeCurrent: 0xb1105660: ver 2 0 (tinfo 0xb11037a0)
11-19 21:49:25.826  3716  3741 D EGL_emulation: eglMakeCurrent: 0xb1105660: ver 2 0 (tinfo 0xb11037a0)
11-19 21:49:25.835  3716  3741 D EGL_emulation: eglMakeCurrent: 0xb1105660: ver 2 0 (tinfo 0xb11037a0)
11-19 21:49:25.841  3716  3741 D EGL_emulation: eglMakeCurrent: 0xb1105660: ver 2 0 (tinfo 0xb11037a0)
11-19 21:49:25.843  3716  3716 W IInputConnectionWrapper: getTextBeforeCursor on inactive InputConnection
11-19 21:49:25.843  1652  1652 E RichInputConnection: Unable to connect to the editor to retrieve text.
11-19 21:49:25.843  1652  1652 D RichInputConnection: Will try to retrieve text later.
11-19 21:49:25.846  3716  3741 D EGL_emulation: eglMakeCurrent: 0xb1105660: ver 2 0 (tinfo 0xb11037a0)
11-19 21:49:25.859  3716  3741 D EGL_emulation: eglMakeCurrent: 0xb1105660: ver 2 0 (tinfo 0xb11037a0)
11-19 21:49:25.862  3716  3716 W IInputConnectionWrapper: getTextBeforeCursor on inactive InputConnection
11-19 21:49:25.863  1652  1652 E RichInputConnection: Unable to connect to the editor to retrieve text.
11-19 21:49:25.864  1652  1652 W RichInputConnection: Unable to connect to the editor. Setting caps mode without knowing text.
11-19 21:49:25.869  3716  3741 D EGL_emulation: eglMakeCurrent: 0xb1105660: ver 2 0 (tinfo 0xb11037a0)
11-19 21:49:25.875  3716  3741 D EGL_emulation: eglMakeCurrent: 0xb1105660: ver 2 0 (tinfo 0xb11037a0)
11-19 21:49:25.876  3716  3716 W IInputConnectionWrapper: finishComposingText on inactive InputConnection
11-19 21:49:25.881  3716  3741 D EGL_emulation: eglMakeCurrent: 0xb1105660: ver 2 0 (tinfo 0xb11037a0)
11-19 21:49:25.882  1652  1652 I LatinIME: Starting input. Cursor position = -1,-1
11-19 21:49:25.891  3716  3741 D EGL_emulation: eglMakeCurrent: 0xb1105660: ver 2 0 (tinfo 0xb11037a0)
11-19 21:49:25.895  3716  3741 D EGL_emulation: eglMakeCurrent: 0xb1105660: ver 2 0 (tinfo 0xb11037a0)
11-19 21:49:25.908  3716  3741 D EGL_emulation: eglMakeCurrent: 0xb1105660: ver 2 0 (tinfo 0xb11037a0)
11-19 21:49:25.914  3716  3741 D EGL_emulation: eglMakeCurrent: 0xb1105660: ver 2 0 (tinfo 0xb11037a0)
11-19 21:49:25.917  1652  1652 I InputAttributes: InputType.TYPE_NULL is specified
11-19 21:49:25.928  3716  3741 D EGL_emulation: eglMakeCurrent: 0xb1105660: ver 2 0 (tinfo 0xb11037a0)
11-19 21:49:25.936  3716  3741 D EGL_emulation: eglMakeCurrent: 0xb1105660: ver 2 0 (tinfo 0xb11037a0)
11-19 21:49:25.941  1652  3412 D EGL_emulation: eglMakeCurrent: 0xa1cc2780: ver 2 0 (tinfo 0x94cffc30)
11-19 21:49:25.979  1652  1652 I LatinIME: Starting input. Cursor position = 0,9
11-19 21:49:25.995  3716  3741 D EGL_emulation: eglMakeCurrent: 0xb1105660: ver 2 0 (tinfo 0xb11037a0)
11-19 21:49:26.002  3716  3741 D EGL_emulation: eglMakeCurrent: 0xb1105660: ver 2 0 (tinfo 0xb11037a0)
11-19 21:49:26.012  3716  3741 D EGL_emulation: eglMakeCurrent: 0xb1105660: ver 2 0 (tinfo 0xb11037a0)
11-19 21:49:26.038  3716  3741 D EGL_emulation: eglMakeCurrent: 0xb1105660: ver 2 0 (tinfo 0xb11037a0)
11-19 21:49:26.065  3716  3741 D EGL_emulation: eglMakeCurrent: 0xb1105660: ver 2 0 (tinfo 0xb11037a0)
11-19 21:49:26.071  3716  3741 D EGL_emulation: eglMakeCurrent: 0xb1105660: ver 2 0 (tinfo 0xb11037a0)
11-19 21:49:26.122  1660  1660 I vol.Events: writeEvent dismiss_dialog touch_outside
11-19 21:49:26.123  1660  1774 I vol.Events: writeEvent active_stream_changed UNKNOWN_STREAM_-1
11-19 21:49:26.127  1660  1834 D EGL_emulation: eglMakeCurrent: 0x94199fc0: ver 2 0 (tinfo 0xa3a48260)
11-19 21:49:26.193  3716  3741 D EGL_emulation: eglMakeCurrent: 0xb1105660: ver 2 0 (tinfo 0xb11037a0)
11-19 21:49:26.197  3716  3741 D EGL_emulation: eglMakeCurrent: 0xb1105660: ver 2 0 (tinfo 0xb11037a0)
11-19 21:49:26.212  3716  3741 D EGL_emulation: eglMakeCurrent: 0xb1105660: ver 2 0 (tinfo 0xb11037a0)
11-19 21:49:26.310  3716  3716 W IInputConnectionWrapper: beginBatchEdit on inactive InputConnection
11-19 21:49:26.310  3716  3716 W IInputConnectionWrapper: commitText on inactive InputConnection
11-19 21:49:26.310  3716  3716 W IInputConnectionWrapper: endBatchEdit on inactive InputConnection
11-19 21:49:26.310  3716  3716 W IInputConnectionWrapper: beginBatchEdit on inactive InputConnection
11-19 21:49:26.312  3716  3716 W IInputConnectionWrapper: getTextAfterCursor on inactive InputConnection
11-19 21:49:26.313  3716  3716 W IInputConnectionWrapper: setComposingText on inactive InputConnection
11-19 21:49:26.313  3716  3716 W IInputConnectionWrapper: endBatchEdit on inactive InputConnection
