11-19 21:51:08.167  1652  1735 I LatinIME:LogUtils: Dictionary info: dictionary = spellcheck_userunigram.en_US ; version = 1511146268 ; date = ?
11-19 21:51:08.167  1660  1834 D EGL_emulation: eglMakeCurrent: 0x94199fc0: ver 2 0 (tinfo 0xa3a48260)
11-19 21:51:08.175  1652  1735 I LatinIME:LogUtils: Dictionary info: dictionary = main:en ; version = 54 ; date = 1414726273
11-19 21:51:08.176  1660  1834 D EGL_emulation: eglMakeCurrent: 0x94199fc0: ver 2 0 (tinfo 0xa3a48260)
11-19 21:51:08.187  1660  1834 D EGL_emulation: eglMakeCurrent: 0x94199fc0: ver 2 0 (tinfo 0xa3a48260)
11-19 21:51:08.203  1660  1834 D EGL_emulation: eglMakeCurrent: 0x94199fc0: ver 2 0 (tinfo 0xa3a48260)
11-19 21:51:08.205  1660  1834 D EGL_emulation: eglMakeCurrent: 0x94199fc0: ver 2 0 (tinfo 0xa3a48260)
11-19 21:51:08.210  1660  1834 D EGL_emulation: eglMakeCurrent: 0x94199fc0: ver 2 0 (tinfo 0xa3a48260)
11-19 21:51:08.213  4588  4603 D EGL_emulation: eglMakeCurrent: 0xad529440: ver 2 0 (tinfo 0xa39f1a10)
11-19 21:51:08.216  1660  1834 D EGL_emulation: eglMakeCurrent: 0x94199fc0: ver 2 0 (tinfo 0xa3a48260)
11-19 21:51:08.223  4588  4603 D EGL_emulation: eglMakeCurrent: 0xad529440: ver 2 0 (tinfo 0xa39f1a10)
11-19 21:51:08.227  1660  1834 D EGL_emulation: eglMakeCurrent: 0x94199fc0: ver 2 0 (tinfo 0xa3a48260)
11-19 21:51:08.235  1660  1834 D EGL_emulation: eglMakeCurrent: 0x94199fc0: ver 2 0 (tinfo 0xa3a48260)
11-19 21:51:08.236  1588  1608 I ActivityManager: Displayed net.alaindonesia.silectric/.MainActivity: +135ms
11-19 21:51:08.239  4588  4603 D EGL_emulation: eglMakeCurrent: 0xad529440: ver 2 0 (tinfo 0xa39f1a10)
11-19 21:51:08.244  1660  1834 D EGL_emulation: eglMakeCurrent: 0x94199fc0: ver 2 0 (tinfo 0xa3a48260)
11-19 21:51:08.245  4588  4603 D EGL_emulation: eglMakeCurrent: 0xad529440: ver 2 0 (tinfo 0xa39f1a10)
11-19 21:51:08.250  1660  1834 D EGL_emulation: eglMakeCurrent: 0x94199fc0: ver 2 0 (tinfo 0xa3a48260)
11-19 21:51:08.257  4588  4603 D EGL_emulation: eglMakeCurrent: 0xad529440: ver 2 0 (tinfo 0xa39f1a10)
11-19 21:51:08.260  1660  1834 D EGL_emulation: eglMakeCurrent: 0x94199fc0: ver 2 0 (tinfo 0xa3a48260)
11-19 21:51:08.265  1660  1834 D EGL_emulation: eglMakeCurrent: 0x94199fc0: ver 2 0 (tinfo 0xa3a48260)
11-19 21:51:08.276  1660  1834 D EGL_emulation: eglMakeCurrent: 0x94199fc0: ver 2 0 (tinfo 0xa3a48260)
11-19 21:51:08.279  1660  1834 D EGL_emulation: eglMakeCurrent: 0x94199fc0: ver 2 0 (tinfo 0xa3a48260)
11-19 21:51:08.302  1660  1834 D EGL_emulation: eglMakeCurrent: 0x94199fc0: ver 2 0 (tinfo 0xa3a48260)
11-19 21:51:08.305  1660  1834 D EGL_emulation: eglMakeCurrent: 0x94199fc0: ver 2 0 (tinfo 0xa3a48260)
11-19 21:51:08.317  1660  1834 D EGL_emulation: eglMakeCurrent: 0x94199fc0: ver 2 0 (tinfo 0xa3a48260)
11-19 21:51:08.321  1660  1834 D EGL_emulation: eglMakeCurrent: 0x94199fc0: ver 2 0 (tinfo 0xa3a48260)
11-19 21:51:08.338  1660  1834 D EGL_emulation: eglMakeCurrent: 0x94199fc0: ver 2 0 (tinfo 0xa3a48260)
11-19 21:51:08.340  1660  1834 D EGL_emulation: eglMakeCurrent: 0x94199fc0: ver 2 0 (tinfo 0xa3a48260)
11-19 21:51:08.354  1660  1834 D EGL_emulation: eglMakeCurrent: 0x94199fc0: ver 2 0 (tinfo 0xa3a48260)
11-19 21:51:08.357  1660  1834 D EGL_emulation: eglMakeCurrent: 0x94199fc0: ver 2 0 (tinfo 0xa3a48260)
11-19 21:51:08.369  1660  1834 D EGL_emulation: eglMakeCurrent: 0x94199fc0: ver 2 0 (tinfo 0xa3a48260)
11-19 21:51:08.371  1660  1834 D EGL_emulation: eglMakeCurrent: 0x94199fc0: ver 2 0 (tinfo 0xa3a48260)
11-19 21:51:08.381  1660  1834 D EGL_emulation: eglMakeCurrent: 0x94199fc0: ver 2 0 (tinfo 0xa3a48260)
11-19 21:51:08.434  1308  3407 D gralloc_ranchu: gralloc_alloc: Creating ashmem region of size 905216
11-19 21:51:08.471  2227  2257 I MusicPlaybackService: onMediaButtonEvent: Intent { act=android.intent.action.MEDIA_BUTTON (has extras) }
11-19 21:51:08.473  2227  2227 I MusicPlaybackService: onStartCommand com.android.music.musicservicecommand / stop
11-19 21:51:08.476  2227  2257 I MusicPlaybackService: onMediaButtonEvent: Intent { act=android.intent.action.MEDIA_BUTTON (has extras) }
11-19 21:51:08.477  2227  2257 I DevicePlayback: stop: willPlay=false, currentPos=-1
11-19 21:51:08.478  2227  2257 V MusicPlaybackService: notifyChange: com.android.music.playstatechanged
11-19 21:51:08.478  2227  2257 W MusicPlaybackService: Song is not loaded. Ignoring.
11-19 21:51:08.478  2227  2257 D MusicPlaybackService: cancelNotification id=1
11-19 21:51:08.478  2227  2257 V MusicPlaybackService: setting should show notification to true
11-19 21:51:08.492  1660  1660 D PhoneStatusBar: disable: < expand ICONS* alerts SYSTEM_INFO* back home recent clock search quick_settings >
11-19 21:51:08.514  1660  1834 D EGL_emulation: eglMakeCurrent: 0x94199fc0: ver 2 0 (tinfo 0xa3a48260)
11-19 21:51:08.528  1660  1834 D EGL_emulation: eglMakeCurrent: 0x94199fc0: ver 2 0 (tinfo 0xa3a48260)
11-19 21:51:08.558  1588  1598 W VibratorService: Tried to stop vibrating but there is no vibrator device.
11-19 21:51:08.623  4588  4603 D EGL_emulation: eglMakeCurrent: 0xad529440: ver 2 0 (tinfo 0xa39f1a10)
11-19 21:51:08.636  4588  4603 D EGL_emulation: eglMakeCurrent: 0xad529440: ver 2 0 (tinfo 0xa39f1a10)
11-19 21:51:08.644  4588  4603 D EGL_emulation: eglMakeCurrent: 0xad529440: ver 2 0 (tinfo 0xa39f1a10)
11-19 21:51:08.652  4588  4603 D EGL_emulation: eglMakeCurrent: 0xad529440: ver 2 0 (tinfo 0xa39f1a10)
11-19 21:51:08.674  4588  4603 D EGL_emulation: eglMakeCurrent: 0xad529440: ver 2 0 (tinfo 0xa39f1a10)
11-19 21:51:08.685  4588  4603 D EGL_emulation: eglMakeCurrent: 0xad529440: ver 2 0 (tinfo 0xa39f1a10)
11-19 21:51:08.798  1588  2186 I chatty  : uid=1000(system) Binder:1588_9 expire 3 lines
11-19 21:51:08.829  4588  4603 D EGL_emulation: eglMakeCurrent: 0xad529440: ver 2 0 (tinfo 0xa39f1a10)
11-19 21:51:08.867  4588  4603 D EGL_emulation: eglMakeCurrent: 0xad529440: ver 2 0 (tinfo 0xa39f1a10)
11-19 21:51:08.871  1308  1315 D gralloc_ranchu: gralloc_alloc: Creating ashmem region of size 905216
11-19 21:51:09.096  4588  4603 D EGL_emulation: eglMakeCurrent: 0xad529440: ver 2 0 (tinfo 0xa39f1a10)
11-19 21:51:09.124  1588  1608 I ActivityManager: Displayed net.alaindonesia.silectric/.OptionsActivity: +242ms
11-19 21:51:09.161  4588  4588 W IInputConnectionWrapper: finishComposingText on inactive InputConnection
11-19 21:51:09.167  1652  1652 W InputMethodService: Window size has been changed. This may cause jankiness of resizing window: -1 -> -2
11-19 21:51:09.198  1652  1652 I LatinIME: Starting input. Cursor position = 3,3
11-19 21:51:09.200  1660  1660 D PhoneStatusBar: disable: < expand icons* alerts system_info* back home recent clock search quick_settings >
11-19 21:51:09.228  1660  1834 D EGL_emulation: eglMakeCurrent: 0x94199fc0: ver 2 0 (tinfo 0xa3a48260)
11-19 21:51:09.258  1660  1834 D EGL_emulation: eglMakeCurrent: 0x94199fc0: ver 2 0 (tinfo 0xa3a48260)
11-19 21:51:09.293  1652  3412 D EGL_emulation: eglMakeCurrent: 0xa1cc2780: ver 2 0 (tinfo 0x94cffc30)
11-19 21:51:09.294  1660  1834 D EGL_emulation: eglMakeCurrent: 0x94199fc0: ver 2 0 (tinfo 0xa3a48260)
11-19 21:51:09.315  1660  1834 D EGL_emulation: eglMakeCurrent: 0x94199fc0: ver 2 0 (tinfo 0xa3a48260)
11-19 21:51:09.512  4588  4588 W IInputConnectionWrapper: getTextBeforeCursor on inactive InputConnection
11-19 21:51:09.513  1652  1652 E RichInputConnection: Unable to connect to the editor to retrieve text.
11-19 21:51:09.513  1652  1652 D RichInputConnection: Will try to retrieve text later.
11-19 21:51:09.561  4588  4588 W IInputConnectionWrapper: getTextBeforeCursor on inactive InputConnection
11-19 21:51:09.562  1652  1652 E RichInputConnection: Unable to connect to the editor to retrieve text.
11-19 21:51:09.562  1652  1652 W RichInputConnection: Unable to connect to the editor. Setting caps mode without knowing text.
11-19 21:51:09.625  1588  1598 I chatty  : uid=1000(system) Binder:1588_1 expire 5 lines
11-19 21:51:09.638  4588  4588 W IInputConnectionWrapper: getTextBeforeCursor on inactive InputConnection
11-19 21:51:09.638  1652  1652 E RichInputConnection: Unable to connect to the editor to retrieve text.
11-19 21:51:09.638  1652  1652 D RichInputConnection: Will try to retrieve text later.
11-19 21:51:09.642  4588  4588 W IInputConnectionWrapper: getTextBeforeCursor on inactive InputConnection
11-19 21:51:09.642  1652  1652 E RichInputConnection: Unable to connect to the editor to retrieve text.
11-19 21:51:09.642  1652  1652 W RichInputConnection: Unable to connect to the editor. Setting caps mode without knowing text.
11-19 21:51:09.659  4588  4588 W IInputConnectionWrapper: getTextBeforeCursor on inactive InputConnection
11-19 21:51:09.659  1652  1652 E RichInputConnection: Unable to connect to the editor to retrieve text.
11-19 21:51:09.659  1652  1652 D RichInputConnection: Will try to retrieve text later.
11-19 21:51:09.675  4588  4588 W IInputConnectionWrapper: getTextBeforeCursor on inactive InputConnection
11-19 21:51:09.675  1652  1652 E RichInputConnection: Unable to connect to the editor to retrieve text.
11-19 21:51:09.675  1652  1652 W RichInputConnection: Unable to connect to the editor. Setting caps mode without knowing text.
11-19 21:51:09.687  1652  1652 I LatinIME: Starting input. Cursor position = 20,20
11-19 21:51:09.691  4588  4588 W IInputConnectionWrapper: finishComposingText on inactive InputConnection
11-19 21:51:09.892  1652  1652 I LatinIME: Starting input. Cursor position = 0,0
11-19 21:51:09.896  4588  4603 D EGL_emulation: eglMakeCurrent: 0xad529440: ver 2 0 (tinfo 0xa39f1a10)
11-19 21:51:09.916  4588  4588 W IInputConnectionWrapper: finishComposingText on inactive InputConnection
11-19 21:51:09.942  4588  4603 D EGL_emulation: eglMakeCurrent: 0xad529440: ver 2 0 (tinfo 0xa39f1a10)
11-19 21:51:09.980  4588  4603 D EGL_emulation: eglMakeCurrent: 0xad529440: ver 2 0 (tinfo 0xa39f1a10)
11-19 21:51:09.988  1652  1652 W InputMethodService: Window size has been changed. This may cause jankiness of resizing window: -1 -> -2
11-19 21:51:09.989  1652  3412 D EGL_emulation: eglMakeCurrent: 0xa1cc2780: ver 2 0 (tinfo 0x94cffc30)
11-19 21:51:09.992  1660  1834 D EGL_emulation: eglMakeCurrent: 0x94199fc0: ver 2 0 (tinfo 0xa3a48260)
11-19 21:51:10.060  4588  4603 D EGL_emulation: eglMakeCurrent: 0xad529440: ver 2 0 (tinfo 0xa39f1a10)
11-19 21:51:10.122  4588  4603 D EGL_emulation: eglMakeCurrent: 0xad529440: ver 2 0 (tinfo 0xa39f1a10)
11-19 21:51:10.127  1652  1652 W InputMethodService: Window size has been changed. This may cause jankiness of resizing window: -1 -> -2
11-19 21:51:10.145  1652  1652 I LatinIME: Starting input. Cursor position = 0,0
11-19 21:51:10.147  4588  4603 D EGL_emulation: eglMakeCurrent: 0xad529440: ver 2 0 (tinfo 0xa39f1a10)
11-19 21:51:10.162  4588  4603 D EGL_emulation: eglMakeCurrent: 0xad529440: ver 2 0 (tinfo 0xa39f1a10)
11-19 21:51:10.228  4588  4603 D EGL_emulation: eglMakeCurrent: 0xad529440: ver 2 0 (tinfo 0xa39f1a10)
11-19 21:51:10.243  4588  4588 W IInputConnectionWrapper: getSelectedText on inactive InputConnection
11-19 21:51:10.246  4588  4603 D EGL_emulation: eglMakeCurrent: 0xad529440: ver 2 0 (tinfo 0xa39f1a10)
11-19 21:51:10.247  4588  4588 W IInputConnectionWrapper: requestCursorAnchorInfo on inactive InputConnection
11-19 21:51:10.263  4588  4588 W IInputConnectionWrapper: getTextBeforeCursor on inactive InputConnection
11-19 21:51:10.263  1652  1652 E RichInputConnection: Unable to connect to the editor to retrieve text.
11-19 21:51:10.263  1652  1652 D RichInputConnection: Will try to retrieve text later.
11-19 21:51:10.275  4588  4588 W IInputConnectionWrapper: getTextBeforeCursor on inactive InputConnection
11-19 21:51:10.275  1652  1652 E RichInputConnection: Unable to connect to the editor to retrieve text.
11-19 21:51:10.275  1652  1652 W RichInputConnection: Unable to connect to the editor. Setting caps mode without knowing text.
11-19 21:51:10.282  4588  4588 W InputEventReceiver: Attempted to finish an input event but the input event receiver has already been disposed.
11-19 21:51:10.338  4588  4588 W IInputConnectionWrapper: getTextBeforeCursor on inactive InputConnection
11-19 21:51:10.338  1652  1652 E RichInputConnection: Unable to connect to the editor to retrieve text.
11-19 21:51:10.338  1652  1652 D RichInputConnection: Will try to retrieve text later.
11-19 21:51:10.340  1652  1652 W InputMethodService: Window size has been changed. This may cause jankiness of resizing window: -1 -> -2
11-19 21:51:10.343  4588  4588 W IInputConnectionWrapper: finishComposingText on inactive InputConnection
11-19 21:51:10.353  4588  4588 W IInputConnectionWrapper: finishComposingText on inactive InputConnection
11-19 21:51:10.370  1652  1652 W InputMethodService: Window size has been changed. This may cause jankiness of resizing window: -1 -> -2
11-19 21:51:10.381  1652  1652 I LatinIME: Starting input. Cursor position = 18,18
11-19 21:51:10.456  1652  1652 I LatinIME: Starting input. Cursor position = 17,17
11-19 21:51:10.456  4588  4588 W IInputConnectionWrapper: finishComposingText on inactive InputConnection
11-19 21:51:10.458  4588  4588 W IInputConnectionWrapper: getSelectedText on inactive InputConnection
11-19 21:51:10.459  4588  4588 W IInputConnectionWrapper: requestCursorAnchorInfo on inactive InputConnection
11-19 21:51:10.459  4588  4588 W IInputConnectionWrapper: getTextBeforeCursor on inactive InputConnection
11-19 21:51:10.459  1652  1652 E RichInputConnection: Unable to connect to the editor to retrieve text.
11-19 21:51:10.459  1652  1652 D RichInputConnection: Will try to retrieve text later.
11-19 21:51:10.461  4588  4588 W IInputConnectionWrapper: getTextBeforeCursor on inactive InputConnection
11-19 21:51:10.461  1652  1652 E RichInputConnection: Unable to connect to the editor to retrieve text.
11-19 21:51:10.461  1652  1652 W RichInputConnection: Unable to connect to the editor. Setting caps mode without knowing text.
11-19 21:51:10.477  4588  4588 W IInputConnectionWrapper: finishComposingText on inactive InputConnection
11-19 21:51:10.486  1652  1652 I LatinIME: Starting input. Cursor position = 3,3
11-19 21:51:10.508  1652  3412 D EGL_emulation: eglMakeCurrent: 0xa1cc2780: ver 2 0 (tinfo 0x94cffc30)
11-19 21:51:10.561  4588  4588 W IInputConnectionWrapper: getTextBeforeCursor on inactive InputConnection
11-19 21:51:10.562  1652  1652 E RichInputConnection: Unable to connect to the editor to retrieve text.
11-19 21:51:10.562  1652  1652 D RichInputConnection: Will try to retrieve text later.
11-19 21:51:10.575  4588  4588 W IInputConnectionWrapper: getTextBeforeCursor on inactive InputConnection
11-19 21:51:10.575  1652  1652 E RichInputConnection: Unable to connect to the editor to retrieve text.
11-19 21:51:10.575  1652  1652 W RichInputConnection: Unable to connect to the editor. Setting caps mode without knowing text.
11-19 21:51:10.594  1652  1652 I LatinIME: Starting input. Cursor position = 0,0
11-19 21:51:10.596  4588  4588 W IInputConnectionWrapper: finishComposingText on inactive InputConnection
11-19 21:51:10.711  4588  4588 W IInputConnectionWrapper: getTextBeforeCursor on inactive InputConnection
11-19 21:51:10.711  1652  1652 E RichInputConnection: Unable to connect to the editor to retrieve text.
11-19 21:51:10.711  1652  1652 D RichInputConnection: Will try to retrieve text later.
11-19 21:51:10.752  4588  4588 W IInputConnectionWrapper: getTextBeforeCursor on inactive InputConnection
11-19 21:51:10.752  1652  1652 E RichInputConnection: Unable to connect to the editor to retrieve text.
11-19 21:51:10.752  1652  1652 W RichInputConnection: Unable to connect to the editor. Setting caps mode without knowing text.
11-19 21:51:10.769  4588  4588 W IInputConnectionWrapper: getTextBeforeCursor on inactive InputConnection
11-19 21:51:10.769  1652  1652 E RichInputConnection: Unable to connect to the editor to retrieve text.
11-19 21:51:10.769  1652  1652 W RichInputConnection: Unable to connect to the editor. Setting caps mode without knowing text.
11-19 21:51:10.778  4588  4588 W IInputConnectionWrapper: getTextBeforeCursor on inactive InputConnection
11-19 21:51:10.778  1652  1652 E RichInputConnection: Unable to connect to the editor to retrieve text.
11-19 21:51:10.778  1652  1652 W RichInputConnection: Unable to connect to the editor. Setting caps mode without knowing text.
11-19 21:51:10.788  1652  1652 I LatinIME: Starting input. Cursor position = 3,3
11-19 21:51:10.793  4588  4588 W IInputConnectionWrapper: finishComposingText on inactive InputConnection
11-19 21:51:10.888  1660  1774 I vol.Events: writeEvent active_stream_changed STREAM_RING
11-19 21:51:10.888  1660  1774 I vol.Events: writeEvent key STREAM_RING 2
11-19 21:51:10.903  1660  1660 I vol.Events: writeEvent show_dialog volume_changed keyguard=false
11-19 21:51:10.952  4588  4588 W IInputConnectionWrapper: finishComposingText on inactive InputConnection
11-19 21:51:10.971  1652  1652 I LatinIME: Starting input. Cursor position = 17,17
11-19 21:51:10.978  1660  1834 D EGL_emulation: eglMakeCurrent: 0x94199fc0: ver 2 0 (tinfo 0xa3a48260)
11-19 21:51:10.990  1588  1608 W ResourceType: Invalid package identifier when getting bag for resource number 0xffffffff
11-19 21:51:11.112  4588  4588 W IInputConnectionWrapper: finishComposingText on inactive InputConnection
11-19 21:51:11.123  1652  1652 I LatinIME: Starting input. Cursor position = -1,-1
11-19 21:51:11.127  1652  1652 I InputAttributes: InputType.TYPE_NULL is specified
11-19 21:51:11.182  1652  1652 I LatinIME: Starting input. Cursor position = 17,17
11-19 21:51:11.209  1660  1660 I vol.Events: writeEvent touch_level_changed STREAM_RING 1
11-19 21:51:11.209  1660  1660 I vol.Events: writeEvent touch_level_done STREAM_RING 1
11-19 21:51:11.232  1660  1774 I vol.Events: writeEvent level_changed STREAM_SYSTEM 1
11-19 21:51:11.232  1660  1774 I vol.Events: writeEvent level_changed STREAM_RING 1
11-19 21:51:11.280  4588  4588 W IInputConnectionWrapper: finishComposingText on inactive InputConnection
11-19 21:51:11.298  1652  1652 I LatinIME: Starting input. Cursor position = -1,-1
11-19 21:51:11.302  1652  1652 I InputAttributes: InputType.TYPE_NULL is specified
11-19 21:51:11.308  1660  1660 I vol.Events: writeEvent touch_level_changed STREAM_RING 3
11-19 21:51:11.310  1660  1660 I vol.Events: writeEvent touch_level_done STREAM_RING 3
11-19 21:51:11.332  1660  1774 I vol.Events: writeEvent level_changed STREAM_SYSTEM 3
11-19 21:51:11.332  1660  1774 I vol.Events: writeEvent level_changed STREAM_RING 3
11-19 21:51:11.354  1652  1652 I LatinIME: Starting input. Cursor position = 3,3
11-19 21:51:11.363  4588  4588 W IInputConnectionWrapper: getSelectedText on inactive InputConnection
11-19 21:51:11.389  4588  4588 W IInputConnectionWrapper: requestCursorAnchorInfo on inactive InputConnection
11-19 21:51:11.390  4588  4603 D EGL_emulation: eglMakeCurrent: 0xad529440: ver 2 0 (tinfo 0xa39f1a10)
11-19 21:51:11.396  4588  4603 D EGL_emulation: eglMakeCurrent: 0xad529440: ver 2 0 (tinfo 0xa39f1a10)
11-19 21:51:11.404  4588  4588 W IInputConnectionWrapper: getTextBeforeCursor on inactive InputConnection
11-19 21:51:11.404  1652  1652 E RichInputConnection: Unable to connect to the editor to retrieve text.
11-19 21:51:11.404  1652  1652 D RichInputConnection: Will try to retrieve text later.
11-19 21:51:11.417  4588  4588 W IInputConnectionWrapper: getTextBeforeCursor on inactive InputConnection
11-19 21:51:11.417  1652  1652 E RichInputConnection: Unable to connect to the editor to retrieve text.
11-19 21:51:11.417  1652  1652 W RichInputConnection: Unable to connect to the editor. Setting caps mode without knowing text.
11-19 21:51:11.439  4588  4588 W IInputConnectionWrapper: getTextBeforeCursor on inactive InputConnection
11-19 21:51:11.439  1652  1652 E RichInputConnection: Unable to connect to the editor to retrieve text.
11-19 21:51:11.439  1652  1652 W RichInputConnection: Unable to connect to the editor. Setting caps mode without knowing text.
11-19 21:51:11.440  4588  4588 W IInputConnectionWrapper: beginBatchEdit on inactive InputConnection
11-19 21:51:11.440  4588  4588 W IInputConnectionWrapper: sendKeyEvent on inactive InputConnection
11-19 21:51:11.440  4588  4588 W IInputConnectionWrapper: sendKeyEvent on inactive InputConnection
11-19 21:51:11.440  4588  4588 W IInputConnectionWrapper: endBatchEdit on inactive InputConnection
11-19 21:51:11.476  1652  1652 I LatinIME: Starting input. Cursor position = 17,17
11-19 21:51:11.477  4588  4588 W IInputConnectionWrapper: finishComposingText on inactive InputConnection
11-19 21:51:11.479  1660  1660 I vol.Events: writeEvent dismiss_dialog touch_outside
11-19 21:51:11.480  1660  1774 I vol.Events: writeEvent active_stream_changed UNKNOWN_STREAM_-1
11-19 21:51:11.552  4588  4588 W IInputConnectionWrapper: getSelectedText on inactive InputConnection
11-19 21:51:11.571  4588  4588 W IInputConnectionWrapper: requestCursorAnchorInfo on inactive InputConnection
11-19 21:51:11.627  4588  4588 W IInputConnectionWrapper: getTextBeforeCursor on inactive InputConnection
11-19 21:51:11.627  1652  1652 E RichInputConnection: Unable to connect to the editor to retrieve text.
11-19 21:51:11.627  1652  1652 D RichInputConnection: Will try to retrieve text later.
11-19 21:51:11.644  4588  4603 D EGL_emulation: eglMakeCurrent: 0xad529440: ver 2 0 (tinfo 0xa39f1a10)
11-19 21:51:11.652  4588  4603 D EGL_emulation: eglMakeCurrent: 0xad529440: ver 2 0 (tinfo 0xa39f1a10)
11-19 21:51:11.660  4588  4603 D EGL_emulation: eglMakeCurrent: 0xad529440: ver 2 0 (tinfo 0xa39f1a10)
11-19 21:51:11.666  4588  4603 D EGL_emulation: eglMakeCurrent: 0xad529440: ver 2 0 (tinfo 0xa39f1a10)
11-19 21:51:11.695  4588  4588 W IInputConnectionWrapper: getTextBeforeCursor on inactive InputConnection
11-19 21:51:11.696  1652  1652 E RichInputConnection: Unable to connect to the editor to retrieve text.
11-19 21:51:11.696  1652  1652 W RichInputConnection: Unable to connect to the editor. Setting caps mode without knowing text.
11-19 21:51:11.752  1660  1834 D EGL_emulation: eglMakeCurrent: 0x94199fc0: ver 2 0 (tinfo 0xa3a48260)
11-19 21:51:11.766  1660  1834 D EGL_emulation: eglMakeCurrent: 0x94199fc0: ver 2 0 (tinfo 0xa3a48260)
11-19 21:51:11.777  1660  1834 D EGL_emulation: eglMakeCurrent: 0x94199fc0: ver 2 0 (tinfo 0xa3a48260)
11-19 21:51:11.783  4588  4588 W IInputConnectionWrapper: getTextBeforeCursor on inactive InputConnection
11-19 21:51:11.784  1652  1652 E RichInputConnection: Unable to connect to the editor to retrieve text.
11-19 21:51:11.784  1652  1652 W RichInputConnection: Unable to connect to the editor. Setting caps mode without knowing text.
11-19 21:51:11.804  1652  1652 I LatinIME: Starting input. Cursor position = 3,3
11-19 21:51:11.808  4588  4603 D EGL_emulation: eglMakeCurrent: 0xad529440: ver 2 0 (tinfo 0xa39f1a10)
11-19 21:51:11.834  4588  4603 D EGL_emulation: eglMakeCurrent: 0xad529440: ver 2 0 (tinfo 0xa39f1a10)
11-19 21:51:11.865  4588  4588 W IInputConnectionWrapper: beginBatchEdit on inactive InputConnection
11-19 21:51:11.865  4588  4588 W IInputConnectionWrapper: sendKeyEvent on inactive InputConnection
11-19 21:51:11.865  4588  4588 W IInputConnectionWrapper: sendKeyEvent on inactive InputConnection
11-19 21:51:11.865  4588  4588 W IInputConnectionWrapper: endBatchEdit on inactive InputConnection
11-19 21:51:11.865  4588  4588 W IInputConnectionWrapper: finishComposingText on inactive InputConnection
11-19 21:51:11.868  4588  4603 D EGL_emulation: eglMakeCurrent: 0xad529440: ver 2 0 (tinfo 0xa39f1a10)
11-19 21:51:11.874  4588  4603 D EGL_emulation: eglMakeCurrent: 0xad529440: ver 2 0 (tinfo 0xa39f1a10)
11-19 21:51:11.875  4588  4588 W IInputConnectionWrapper: getSelectedText on inactive InputConnection
11-19 21:51:11.892  4588  4603 D EGL_emulation: eglMakeCurrent: 0xad529440: ver 2 0 (tinfo 0xa39f1a10)
11-19 21:51:11.892  4588  4588 W IInputConnectionWrapper: requestCursorAnchorInfo on inactive InputConnection
11-19 21:51:11.895  4588  4588 W IInputConnectionWrapper: getTextBeforeCursor on inactive InputConnection
11-19 21:51:11.896  1652  1652 E RichInputConnection: Unable to connect to the editor to retrieve text.
11-19 21:51:11.896  1652  1652 D RichInputConnection: Will try to retrieve text later.
11-19 21:51:11.898  4588  4588 W IInputConnectionWrapper: getTextBeforeCursor on inactive InputConnection
11-19 21:51:11.898  1652  1652 E RichInputConnection: Unable to connect to the editor to retrieve text.
11-19 21:51:11.898  1652  1652 W RichInputConnection: Unable to connect to the editor. Setting caps mode without knowing text.
11-19 21:51:11.928  4588  4603 D EGL_emulation: eglMakeCurrent: 0xad529440: ver 2 0 (tinfo 0xa39f1a10)
11-19 21:51:11.939  4588  4588 W IInputConnectionWrapper: finishComposingText on inactive InputConnection
11-19 21:51:11.947  1652  1652 I LatinIME: Starting input. Cursor position = 17,17
11-19 21:51:11.978  1660  1660 D PhoneStatusBar: disable: < expand ICONS* alerts SYSTEM_INFO* back home recent clock search quick_settings >
11-19 21:51:11.980  1588  1694 W VibratorService: Tried to stop vibrating but there is no vibrator device.
11-19 21:51:12.010  1660  1834 D EGL_emulation: eglMakeCurrent: 0x94199fc0: ver 2 0 (tinfo 0xa3a48260)
11-19 21:51:12.022  4588  4588 I chatty  : uid=10074(net.alaindonesia.silectric) expire 770 lines
11-19 21:51:12.038  1660  1834 D EGL_emulation: eglMakeCurrent: 0x94199fc0: ver 2 0 (tinfo 0xa3a48260)
11-19 21:51:12.068  4588  4603 D EGL_emulation: eglMakeCurrent: 0xad529440: ver 2 0 (tinfo 0xa39f1a10)
11-19 21:51:12.092  4588  4603 D EGL_emulation: eglMakeCurrent: 0xad529440: ver 2 0 (tinfo 0xa39f1a10)
11-19 21:51:12.096  1660  1660 W ViewRootImpl[StatusBar]: Dropping event due to no window focus: KeyEvent { action=ACTION_DOWN, keyCode=KEYCODE_DPAD_CENTER, scanCode=0, metaState=0, flags=0x8, repeatCount=0, eventTime=1824966, downTime=1824966, deviceId=-1, source=0x101 }
11-19 21:51:12.106  1660  1660 W ViewRootImpl[StatusBar]: Cancelling event due to no window focus: KeyEvent { action=ACTION_UP, keyCode=KEYCODE_DPAD_CENTER, scanCode=0, metaState=0, flags=0x28, repeatCount=0, eventTime=1824980, downTime=1824980, deviceId=-1, source=0x101 }
11-19 21:51:12.107  4588  4603 D EGL_emulation: eglMakeCurrent: 0xad529440: ver 2 0 (tinfo 0xa39f1a10)
11-19 21:51:12.110  1660  1660 W ViewRootImpl[StatusBar]: Cancelling event due to no window focus: KeyEvent { action=ACTION_UP, keyCode=KEYCODE_DPAD_CENTER, scanCode=0, metaState=0, flags=0x28, repeatCount=0, eventTime=1824980, downTime=1824980, deviceId=-1, source=0x101 }
11-19 21:51:12.110  1660  1660 W ViewRootImpl[StatusBar]: Cancelling event due to no window focus: KeyEvent { action=ACTION_UP, keyCode=KEYCODE_DPAD_CENTER, scanCode=0, metaState=0, flags=0x28, repeatCount=0, eventTime=1824980, downTime=1824980, deviceId=-1, source=0x101 }
11-19 21:51:12.110  1660  1660 W ViewRootImpl[StatusBar]: Cancelling event due to no window focus: KeyEvent { action=ACTION_UP, keyCode=KEYCODE_DPAD_CENTER, scanCode=0, metaState=0, flags=0x28, repeatCount=0, eventTime=1824980, downTime=1824980, deviceId=-1, source=0x101 }
11-19 21:51:12.110  1660  1660 W ViewRootImpl[StatusBar]: Cancelling event due to no window focus: KeyEvent { action=ACTION_UP, keyCode=KEYCODE_DPAD_CENTER, scanCode=0, metaState=0, flags=0x28, repeatCount=0, eventTime=1824980, downTime=1824980, deviceId=-1, source=0x101 }
11-19 21:51:12.110  1660  1660 W ViewRootImpl[StatusBar]: Cancelling event due to no window focus: KeyEvent { action=ACTION_UP, keyCode=KEYCODE_DPAD_CENTER, scanCode=0, metaState=0, flags=0x28, repeatCount=0, eventTime=1824980, downTime=1824980, deviceId=-1, source=0x101 }
11-19 21:51:12.110  1660  1660 W ViewRootImpl[StatusBar]: Cancelling event due to no window focus: KeyEvent { action=ACTION_UP, keyCode=KEYCODE_DPAD_CENTER, scanCode=0, metaState=0, flags=0x28, repeatCount=0, eventTime=1824980, downTime=1824980, deviceId=-1, source=0x101 }
11-19 21:51:12.111  1660  1660 W ViewRootImpl[StatusBar]: Cancelling event due to no window focus: KeyEvent { action=ACTION_UP, keyCode=KEYCODE_DPAD_CENTER, scanCode=0, metaState=0, flags=0x28, repeatCount=0, eventTime=1824980, downTime=1824980, deviceId=-1, source=0x101 }
11-19 21:51:12.111  1660  1660 W ViewRootImpl[StatusBar]: Cancelling event due to no window focus: KeyEvent { action=ACTION_UP, keyCode=KEYCODE_DPAD_CENTER, scanCode=0, metaState=0, flags=0x28, repeatCount=0, eventTime=1824980, downTime=1824980, deviceId=-1, source=0x101 }
11-19 21:51:12.127  4588  4603 D EGL_emulation: eglMakeCurrent: 0xad529440: ver 2 0 (tinfo 0xa39f1a10)
11-19 21:51:12.135  4588  4603 D EGL_emulation: eglMakeCurrent: 0xad529440: ver 2 0 (tinfo 0xa39f1a10)
11-19 21:51:12.150  4588  4603 D EGL_emulation: eglMakeCurrent: 0xad529440: ver 2 0 (tinfo 0xa39f1a10)
11-19 21:51:12.163  4588  4603 D EGL_emulation: eglMakeCurrent: 0xad529440: ver 2 0 (tinfo 0xa39f1a10)
11-19 21:51:12.266  2154  2639 E Volley  : [138] BasicNetwork.performRequest: Unexpected response code 307 for https://android.googleapis.com/nova/herrevad/network_quality_info
11-19 21:51:12.270  2154  4628 W Herrevad: [297] RemoteReportsRefreshChimeraService.a: java.util.concurrent.ExecutionException: com.android.volley.ServerError
11-19 21:51:12.270  2154  4628 W Herrevad: java.util.concurrent.ExecutionException: com.android.volley.ServerError
11-19 21:51:12.270  2154  4628 W Herrevad: 	at com.android.volley.toolbox.RequestFuture.a(:com.google.android.gms@11743470:4)
11-19 21:51:12.270  2154  4628 W Herrevad: 	at com.android.volley.toolbox.RequestFuture.get(:com.google.android.gms@11743470:2)
11-19 21:51:12.270  2154  4628 W Herrevad: 	at com.google.android.gms.herrevad.services.RemoteReportsRefreshChimeraService.a(:com.google.android.gms@11743470:26)
11-19 21:51:12.270  2154  4628 W Herrevad: 	at com.google.android.gms.herrevad.services.RemoteReportsRefreshChimeraService.a(:com.google.android.gms@11743470:33)
11-19 21:51:12.270  2154  4628 W Herrevad: 	at sxf.run(:com.google.android.gms@11743470:1)
11-19 21:51:12.270  2154  4628 W Herrevad: 	at java.util.concurrent.ThreadPoolExecutor.runWorker(ThreadPoolExecutor.java:1133)
11-19 21:51:12.270  2154  4628 W Herrevad: 	at java.util.concurrent.ThreadPoolExecutor$Worker.run(ThreadPoolExecutor.java:607)
11-19 21:51:12.270  2154  4628 W Herrevad: 	at java.lang.Thread.run(Thread.java:761)
11-19 21:51:12.270  2154  4628 W Herrevad: Caused by: com.android.volley.ServerError
11-19 21:51:12.270  2154  4628 W Herrevad: 	at com.android.volley.toolbox.BasicNetwork.performRequest(:com.google.android.gms@11743470:37)
11-19 21:51:12.270  2154  4628 W Herrevad: 	at mhc.performRequest(:com.google.android.gms@11743470:4)
11-19 21:51:12.270  2154  4628 W Herrevad: 	at com.android.volley.NetworkDispatcher.run(:com.google.android.gms@11743470:12)
11-19 21:51:12.335  1660  1774 I vol.Events: writeEvent active_stream_changed STREAM_RING
11-19 21:51:12.336  1660  1774 I vol.Events: writeEvent key STREAM_RING 3
11-19 21:51:12.406  1660  1660 I vol.Events: writeEvent show_dialog volume_changed keyguard=false
11-19 21:51:12.465  4588  4588 W IInputConnectionWrapper: getTextBeforeCursor on inactive InputConnection
11-19 21:51:12.466  1652  1652 E RichInputConnection: Unable to connect to the editor to retrieve text.
11-19 21:51:12.466  1652  1652 D RichInputConnection: Will try to retrieve text later.
11-19 21:51:12.466  4588  4588 W IInputConnectionWrapper: getTextBeforeCursor on inactive InputConnection
11-19 21:51:12.466  1652  1652 E RichInputConnection: Unable to connect to the editor to retrieve text.
11-19 21:51:12.467  1652  1652 W RichInputConnection: Unable to connect to the editor. Setting caps mode without knowing text.
11-19 21:51:12.470  4588  4588 W IInputConnectionWrapper: finishComposingText on inactive InputConnection
11-19 21:51:12.491  1652  1652 I LatinIME: Starting input. Cursor position = -1,-1
11-19 21:51:12.496  2676  2687 D EGL_emulation: eglCreateContext: 0xb1105840: maj 2 min 0 rcv 2
11-19 21:51:12.500  1652  1652 I InputAttributes: InputType.TYPE_NULL is specified
11-19 21:51:12.502  2676  2687 D EGL_emulation: eglMakeCurrent: 0xb1105840: ver 2 0 (tinfo 0x8be6ee20)
11-19 21:51:12.502  1660  1834 D EGL_emulation: eglMakeCurrent: 0x94199fc0: ver 2 0 (tinfo 0xa3a48260)
11-19 21:51:12.516  1588  1940 W VibratorService: Tried to stop vibrating but there is no vibrator device.
11-19 21:51:12.531  1660  1834 D EGL_emulation: eglMakeCurrent: 0x94199fc0: ver 2 0 (tinfo 0xa3a48260)
11-19 21:51:12.545  1660  1834 D EGL_emulation: eglMakeCurrent: 0x94199fc0: ver 2 0 (tinfo 0xa3a48260)
11-19 21:51:12.566  1660  1834 D EGL_emulation: eglMakeCurrent: 0x94199fc0: ver 2 0 (tinfo 0xa3a48260)
11-19 21:51:12.585  1660  1834 D EGL_emulation: eglMakeCurrent: 0x94199fc0: ver 2 0 (tinfo 0xa3a48260)
11-19 21:51:12.596  1660  1834 D EGL_emulation: eglMakeCurrent: 0x94199fc0: ver 2 0 (tinfo 0xa3a48260)
11-19 21:51:12.600  1652  1652 I LatinIME: Starting input. Cursor position = -1,-1
11-19 21:51:12.606  1652  1652 I InputAttributes: InputType.TYPE_NULL is specified
11-19 21:51:12.614  1660  1834 D EGL_emulation: eglMakeCurrent: 0x94199fc0: ver 2 0 (tinfo 0xa3a48260)
11-19 21:51:12.620  1660  1834 D EGL_emulation: eglMakeCurrent: 0x94199fc0: ver 2 0 (tinfo 0xa3a48260)
11-19 21:51:12.634  1660  1834 D EGL_emulation: eglMakeCurrent: 0x94199fc0: ver 2 0 (tinfo 0xa3a48260)
11-19 21:51:12.645  1660  1834 D EGL_emulation: eglMakeCurrent: 0x94199fc0: ver 2 0 (tinfo 0xa3a48260)
11-19 21:51:12.665  2676  2687 D EGL_emulation: eglCreateContext: 0xb1105c60: maj 2 min 0 rcv 2
11-19 21:51:12.669  1660  1834 D EGL_emulation: eglMakeCurrent: 0x94199fc0: ver 2 0 (tinfo 0xa3a48260)
11-19 21:51:12.672  1652  1652 I LatinIME: Starting input. Cursor position = -1,-1
11-19 21:51:12.676  1588  2152 W VibratorService: Tried to stop vibrating but there is no vibrator device.
11-19 21:51:12.678  1652  1652 I InputAttributes: InputType.TYPE_NULL is specified
11-19 21:51:12.681  2676  2687 D EGL_emulation: eglMakeCurrent: 0xb1105c60: ver 2 0 (tinfo 0x8be6ee20)
11-19 21:51:12.693  1660  1834 D EGL_emulation: eglMakeCurrent: 0x94199fc0: ver 2 0 (tinfo 0xa3a48260)
11-19 21:51:12.712  1660  1834 D EGL_emulation: eglMakeCurrent: 0x94199fc0: ver 2 0 (tinfo 0xa3a48260)
11-19 21:51:12.726  1660  1834 D EGL_emulation: eglMakeCurrent: 0x94199fc0: ver 2 0 (tinfo 0xa3a48260)
11-19 21:51:12.734  1660  1834 D EGL_emulation: eglMakeCurrent: 0x94199fc0: ver 2 0 (tinfo 0xa3a48260)
11-19 21:51:12.747  1660  1834 D EGL_emulation: eglMakeCurrent: 0x94199fc0: ver 2 0 (tinfo 0xa3a48260)
11-19 21:51:12.763  1652  1652 I LatinIME: Starting input. Cursor position = -1,-1
11-19 21:51:12.764  1660  1834 D EGL_emulation: eglMakeCurrent: 0x94199fc0: ver 2 0 (tinfo 0xa3a48260)
11-19 21:51:12.770  1652  1652 I InputAttributes: InputType.TYPE_NULL is specified
11-19 21:51:12.777  1660  1834 D EGL_emulation: eglMakeCurrent: 0x94199fc0: ver 2 0 (tinfo 0xa3a48260)
11-19 21:51:12.788  1660  1834 D EGL_emulation: eglMakeCurrent: 0x94199fc0: ver 2 0 (tinfo 0xa3a48260)
11-19 21:51:12.794  1660  1834 D EGL_emulation: eglMakeCurrent: 0x94199fc0: ver 2 0 (tinfo 0xa3a48260)
11-19 21:51:12.814  1660  1834 D EGL_emulation: eglMakeCurrent: 0x94199fc0: ver 2 0 (tinfo 0xa3a48260)
11-19 21:51:12.819  1660  1834 D EGL_emulation: eglMakeCurrent: 0x94199fc0: ver 2 0 (tinfo 0xa3a48260)
11-19 21:51:12.835  1660  1834 D EGL_emulation: eglMakeCurrent: 0x94199fc0: ver 2 0 (tinfo 0xa3a48260)
11-19 21:51:12.843  1660  1834 D EGL_emulation: eglMakeCurrent: 0x94199fc0: ver 2 0 (tinfo 0xa3a48260)
11-19 21:51:12.855  1660  1834 D EGL_emulation: eglMakeCurrent: 0x94199fc0: ver 2 0 (tinfo 0xa3a48260)
11-19 21:51:12.863  1660  1834 D EGL_emulation: eglMakeCurrent: 0x94199fc0: ver 2 0 (tinfo 0xa3a48260)
11-19 21:51:12.878  1660  1834 D EGL_emulation: eglMakeCurrent: 0x94199fc0: ver 2 0 (tinfo 0xa3a48260)
11-19 21:51:12.885  1660  1834 D EGL_emulation: eglMakeCurrent: 0x94199fc0: ver 2 0 (tinfo 0xa3a48260)
11-19 21:51:12.900  1660  1834 D EGL_emulation: eglMakeCurrent: 0x94199fc0: ver 2 0 (tinfo 0xa3a48260)
11-19 21:51:12.914  1660  1834 D EGL_emulation: eglMakeCurrent: 0x94199fc0: ver 2 0 (tinfo 0xa3a48260)
11-19 21:51:12.928  1660  1834 D EGL_emulation: eglMakeCurrent: 0x94199fc0: ver 2 0 (tinfo 0xa3a48260)
11-19 21:51:12.937  1660  1834 D EGL_emulation: eglMakeCurrent: 0x94199fc0: ver 2 0 (tinfo 0xa3a48260)
11-19 21:51:12.944  1588  1599 W VibratorService: Tried to stop vibrating but there is no vibrator device.
11-19 21:51:13.023  1660  1660 I vol.Events: writeEvent dismiss_dialog touch_outside
11-19 21:51:13.024  2676  2676 W Binder:2676_1: type=1400 audit(0.0:10): avc: denied { read } for name="/" dev="tmpfs" ino=4049 scontext=u:r:priv_app:s0:c512,c768 tcontext=u:object_r:device:s0 tclass=dir permissive=0
11-19 21:51:13.024  1660  1774 I vol.Events: writeEvent active_stream_changed UNKNOWN_STREAM_-1
11-19 21:51:13.055  1660  1834 D EGL_emulation: eglMakeCurrent: 0x94199fc0: ver 2 0 (tinfo 0xa3a48260)
11-19 21:51:13.062  4588  4603 D EGL_emulation: eglMakeCurrent: 0xad529440: ver 2 0 (tinfo 0xa39f1a10)
11-19 21:51:13.072  1660  1834 D EGL_emulation: eglMakeCurrent: 0x94199fc0: ver 2 0 (tinfo 0xa3a48260)
11-19 21:51:13.090  4588  4603 D EGL_emulation: eglMakeCurrent: 0xad529440: ver 2 0 (tinfo 0xa39f1a10)
11-19 21:51:13.102  1660  1834 D EGL_emulation: eglMakeCurrent: 0x94199fc0: ver 2 0 (tinfo 0xa3a48260)
11-19 21:51:13.115  1660  1834 D EGL_emulation: eglMakeCurrent: 0x94199fc0: ver 2 0 (tinfo 0xa3a48260)
11-19 21:51:13.127  1660  1834 D EGL_emulation: eglMakeCurrent: 0x94199fc0: ver 2 0 (tinfo 0xa3a48260)
11-19 21:51:13.135  1660  1834 D EGL_emulation: eglMakeCurrent: 0x94199fc0: ver 2 0 (tinfo 0xa3a48260)
11-19 21:51:13.147  1660  1834 D EGL_emulation: eglMakeCurrent: 0x94199fc0: ver 2 0 (tinfo 0xa3a48260)
11-19 21:51:13.152  1652  1652 W InputMethodService: Window size has been changed. This may cause jankiness of resizing window: -1 -> -2
11-19 21:51:13.160  1660  1834 D EGL_emulation: eglMakeCurrent: 0x94199fc0: ver 2 0 (tinfo 0xa3a48260)
11-19 21:51:13.160  1652  3412 D EGL_emulation: eglMakeCurrent: 0xa1cc2780: ver 2 0 (tinfo 0x94cffc30)
11-19 21:51:13.166  1660  1834 D EGL_emulation: eglMakeCurrent: 0x94199fc0: ver 2 0 (tinfo 0xa3a48260)
11-19 21:51:13.179  4588  4603 D EGL_emulation: eglMakeCurrent: 0xad529440: ver 2 0 (tinfo 0xa39f1a10)
11-19 21:51:13.186  1660  1834 D EGL_emulation: eglMakeCurrent: 0x94199fc0: ver 2 0 (tinfo 0xa3a48260)
11-19 21:51:13.192  1660  1834 D EGL_emulation: eglMakeCurrent: 0x94199fc0: ver 2 0 (tinfo 0xa3a48260)
11-19 21:51:13.193  4588  4603 D EGL_emulation: eglMakeCurrent: 0xad529440: ver 2 0 (tinfo 0xa39f1a10)
11-19 21:51:13.200  1660  1834 D EGL_emulation: eglMakeCurrent: 0x94199fc0: ver 2 0 (tinfo 0xa3a48260)
11-19 21:51:13.213  1660  1834 D EGL_emulation: eglMakeCurrent: 0x94199fc0: ver 2 0 (tinfo 0xa3a48260)
11-19 21:51:13.228  1660  1834 D EGL_emulation: eglMakeCurrent: 0x94199fc0: ver 2 0 (tinfo 0xa3a48260)
11-19 21:51:13.231  4588  4603 D EGL_emulation: eglMakeCurrent: 0xad529440: ver 2 0 (tinfo 0xa39f1a10)
11-19 21:51:13.234  1660  1834 D EGL_emulation: eglMakeCurrent: 0x94199fc0: ver 2 0 (tinfo 0xa3a48260)
11-19 21:51:13.245  1660  1834 D EGL_emulation: eglMakeCurrent: 0x94199fc0: ver 2 0 (tinfo 0xa3a48260)
11-19 21:51:13.250  1660  1834 D EGL_emulation: eglMakeCurrent: 0x94199fc0: ver 2 0 (tinfo 0xa3a48260)
11-19 21:51:13.252  4588  4603 D EGL_emulation: eglMakeCurrent: 0xad529440: ver 2 0 (tinfo 0xa39f1a10)
11-19 21:51:13.268  1660  1834 D EGL_emulation: eglMakeCurrent: 0x94199fc0: ver 2 0 (tinfo 0xa3a48260)
11-19 21:51:13.274  1660  1834 D EGL_emulation: eglMakeCurrent: 0x94199fc0: ver 2 0 (tinfo 0xa3a48260)
11-19 21:51:13.284  1660  1834 D EGL_emulation: eglMakeCurrent: 0x94199fc0: ver 2 0 (tinfo 0xa3a48260)
11-19 21:51:13.297  1660  1834 D EGL_emulation: eglMakeCurrent: 0x94199fc0: ver 2 0 (tinfo 0xa3a48260)
11-19 21:51:13.314  1660  1834 D EGL_emulation: eglMakeCurrent: 0x94199fc0: ver 2 0 (tinfo 0xa3a48260)
11-19 21:51:13.329  1660  1834 D EGL_emulation: eglMakeCurrent: 0x94199fc0: ver 2 0 (tinfo 0xa3a48260)
11-19 21:51:13.343  1660  1834 D EGL_emulation: eglMakeCurrent: 0x94199fc0: ver 2 0 (tinfo 0xa3a48260)
11-19 21:51:13.352  1660  1834 D EGL_emulation: eglMakeCurrent: 0x94199fc0: ver 2 0 (tinfo 0xa3a48260)
11-19 21:51:13.403  1588  2784 W ResourceType: Invalid package identifier when getting bag for resource number 0xffffffff
11-19 21:51:13.440  4588  4603 D EGL_emulation: eglMakeCurrent: 0xad529440: ver 2 0 (tinfo 0xa39f1a10)
11-19 21:51:13.454  4588  4603 D EGL_emulation: eglMakeCurrent: 0xad529440: ver 2 0 (tinfo 0xa39f1a10)
11-19 21:51:13.480  1660  1660 D PhoneStatusBar: disable: < expand icons* alerts system_info* back home recent clock search quick_settings >
11-19 21:51:13.482  1588  1608 I ActivityManager: Displayed net.alaindonesia.silectric/.UsageActivity: +186ms
11-19 21:51:13.490  4588  4603 D EGL_emulation: eglMakeCurrent: 0xad529440: ver 2 0 (tinfo 0xa39f1a10)
11-19 21:51:13.512  1660  1834 D EGL_emulation: eglMakeCurrent: 0x94199fc0: ver 2 0 (tinfo 0xa3a48260)
11-19 21:51:13.514  4588  4603 D EGL_emulation: eglMakeCurrent: 0xad529440: ver 2 0 (tinfo 0xa39f1a10)
11-19 21:51:13.520  4588  4603 D EGL_emulation: eglMakeCurrent: 0xad529440: ver 2 0 (tinfo 0xa39f1a10)
11-19 21:51:13.531  1660  1834 D EGL_emulation: eglMakeCurrent: 0x94199fc0: ver 2 0 (tinfo 0xa3a48260)
11-19 21:51:13.590  1660  1774 I vol.Events: writeEvent active_stream_changed STREAM_RING
11-19 21:51:13.591  1660  1774 I vol.Events: writeEvent key STREAM_RING 3
11-19 21:51:13.604  1660  1660 I vol.Events: writeEvent show_dialog volume_changed keyguard=false
11-19 21:51:13.650  1660  1834 D EGL_emulation: eglMakeCurrent: 0x94199fc0: ver 2 0 (tinfo 0xa3a48260)
11-19 21:51:13.660  1660  1834 D EGL_emulation: eglMakeCurrent: 0x94199fc0: ver 2 0 (tinfo 0xa3a48260)
11-19 21:51:13.668  1660  1834 D EGL_emulation: eglMakeCurrent: 0x94199fc0: ver 2 0 (tinfo 0xa3a48260)
11-19 21:51:13.674  1660  1834 D EGL_emulation: eglMakeCurrent: 0x94199fc0: ver 2 0 (tinfo 0xa3a48260)
11-19 21:51:13.692  1660  1834 D EGL_emulation: eglMakeCurrent: 0x94199fc0: ver 2 0 (tinfo 0xa3a48260)
11-19 21:51:13.699  1660  1834 D EGL_emulation: eglMakeCurrent: 0x94199fc0: ver 2 0 (tinfo 0xa3a48260)
11-19 21:51:13.708  1660  1834 D EGL_emulation: eglMakeCurrent: 0x94199fc0: ver 2 0 (tinfo 0xa3a48260)
11-19 21:51:13.710  1660  1834 D EGL_emulation: eglMakeCurrent: 0x94199fc0: ver 2 0 (tinfo 0xa3a48260)
11-19 21:51:13.725  1660  1834 D EGL_emulation: eglMakeCurrent: 0x94199fc0: ver 2 0 (tinfo 0xa3a48260)
11-19 21:51:13.728  1660  1834 D EGL_emulation: eglMakeCurrent: 0x94199fc0: ver 2 0 (tinfo 0xa3a48260)
11-19 21:51:13.742  1660  1834 D EGL_emulation: eglMakeCurrent: 0x94199fc0: ver 2 0 (tinfo 0xa3a48260)
11-19 21:51:13.747  1660  1834 D EGL_emulation: eglMakeCurrent: 0x94199fc0: ver 2 0 (tinfo 0xa3a48260)
11-19 21:51:13.759  1660  1834 D EGL_emulation: eglMakeCurrent: 0x94199fc0: ver 2 0 (tinfo 0xa3a48260)
11-19 21:51:13.767  1660  1834 D EGL_emulation: eglMakeCurrent: 0x94199fc0: ver 2 0 (tinfo 0xa3a48260)
11-19 21:51:13.775  1660  1834 D EGL_emulation: eglMakeCurrent: 0x94199fc0: ver 2 0 (tinfo 0xa3a48260)
11-19 21:51:13.785  1660  1834 D EGL_emulation: eglMakeCurrent: 0x94199fc0: ver 2 0 (tinfo 0xa3a48260)
11-19 21:51:13.800  1660  1834 D EGL_emulation: eglMakeCurrent: 0x94199fc0: ver 2 0 (tinfo 0xa3a48260)
11-19 21:51:13.806  1660  1834 D EGL_emulation: eglMakeCurrent: 0x94199fc0: ver 2 0 (tinfo 0xa3a48260)
11-19 21:51:13.810  1660  1834 D EGL_emulation: eglMakeCurrent: 0x94199fc0: ver 2 0 (tinfo 0xa3a48260)
11-19 21:51:13.816  1660  1834 D EGL_emulation: eglMakeCurrent: 0x94199fc0: ver 2 0 (tinfo 0xa3a48260)
11-19 21:51:13.825  1660  1834 D EGL_emulation: eglMakeCurrent: 0x94199fc0: ver 2 0 (tinfo 0xa3a48260)
11-19 21:51:13.831  1660  1834 D EGL_emulation: eglMakeCurrent: 0x94199fc0: ver 2 0 (tinfo 0xa3a48260)
11-19 21:51:13.842  1660  1834 D EGL_emulation: eglMakeCurrent: 0x94199fc0: ver 2 0 (tinfo 0xa3a48260)
11-19 21:51:13.849  1660  1834 D EGL_emulation: eglMakeCurrent: 0x94199fc0: ver 2 0 (tinfo 0xa3a48260)
11-19 21:51:13.859  1660  1834 D EGL_emulation: eglMakeCurrent: 0x94199fc0: ver 2 0 (tinfo 0xa3a48260)
11-19 21:51:13.863  1660  1834 D EGL_emulation: eglMakeCurrent: 0x94199fc0: ver 2 0 (tinfo 0xa3a48260)
11-19 21:51:13.876  1660  1834 D EGL_emulation: eglMakeCurrent: 0x94199fc0: ver 2 0 (tinfo 0xa3a48260)
11-19 21:51:13.881  1660  1834 D EGL_emulation: eglMakeCurrent: 0x94199fc0: ver 2 0 (tinfo 0xa3a48260)
11-19 21:51:13.892  1660  1834 D EGL_emulation: eglMakeCurrent: 0x94199fc0: ver 2 0 (tinfo 0xa3a48260)
11-19 21:51:13.900  1660  1834 D EGL_emulation: eglMakeCurrent: 0x94199fc0: ver 2 0 (tinfo 0xa3a48260)
11-19 21:51:13.908  1660  1834 D EGL_emulation: eglMakeCurrent: 0x94199fc0: ver 2 0 (tinfo 0xa3a48260)
11-19 21:51:13.968  4588  4603 D EGL_emulation: eglMakeCurrent: 0xad529440: ver 2 0 (tinfo 0xa39f1a10)
11-19 21:51:13.978  4588  4603 D EGL_emulation: eglMakeCurrent: 0xad529440: ver 2 0 (tinfo 0xa39f1a10)
11-19 21:51:13.986  1588  1608 I ActivityManager: Displayed net.alaindonesia.silectric/.MainActivity: +194ms
11-19 21:51:13.993  4588  4603 D EGL_emulation: eglMakeCurrent: 0xad529440: ver 2 0 (tinfo 0xa39f1a10)
11-19 21:51:14.001  4588  4603 D EGL_emulation: eglMakeCurrent: 0xad529440: ver 2 0 (tinfo 0xa39f1a10)
11-19 21:51:14.008  4588  4603 D EGL_emulation: eglMakeCurrent: 0xad529440: ver 2 0 (tinfo 0xa39f1a10)
11-19 21:51:14.011  4588  4603 D OpenGLRenderer: endAllActiveAnimators on 0x94927800 (RippleDrawable) with handle 0x941bfe70
11-19 21:51:14.011  4588  4603 D OpenGLRenderer: endAllActiveAnimators on 0x94927480 (RippleDrawable) with handle 0x941bff40
11-19 21:51:14.079  1660  1660 I vol.Events: writeEvent dismiss_dialog touch_outside
11-19 21:51:14.080  1660  1774 I vol.Events: writeEvent active_stream_changed UNKNOWN_STREAM_-1
11-19 21:51:14.207  4588  4603 D EGL_emulation: eglMakeCurrent: 0xad529440: ver 2 0 (tinfo 0xa39f1a10)
11-19 21:51:14.261  4588  4603 D EGL_emulation: eglMakeCurrent: 0xad529440: ver 2 0 (tinfo 0xa39f1a10)
11-19 21:51:14.272  4588  4603 D EGL_emulation: eglMakeCurrent: 0xad529440: ver 2 0 (tinfo 0xa39f1a10)
11-19 21:51:14.282  4588  4603 D EGL_emulation: eglMakeCurrent: 0xad529440: ver 2 0 (tinfo 0xa39f1a10)
11-19 21:51:14.286  4588  4588 W IInputConnectionWrapper: finishComposingText on inactive InputConnection
11-19 21:51:14.294  4588  4603 D EGL_emulation: eglMakeCurrent: 0xad529440: ver 2 0 (tinfo 0xa39f1a10)
11-19 21:51:14.304  4588  4603 D EGL_emulation: eglMakeCurrent: 0xad529440: ver 2 0 (tinfo 0xa39f1a10)
11-19 21:51:14.311  4588  4603 D EGL_emulation: eglMakeCurrent: 0xad529440: ver 2 0 (tinfo 0xa39f1a10)
11-19 21:51:14.320  4588  4603 D EGL_emulation: eglMakeCurrent: 0xad529440: ver 2 0 (tinfo 0xa39f1a10)
11-19 21:51:14.327  4588  4603 D EGL_emulation: eglMakeCurrent: 0xad529440: ver 2 0 (tinfo 0xa39f1a10)
11-19 21:51:14.337  4588  4603 D EGL_emulation: eglMakeCurrent: 0xad529440: ver 2 0 (tinfo 0xa39f1a10)
11-19 21:51:14.347  4588  4603 D EGL_emulation: eglMakeCurrent: 0xad529440: ver 2 0 (tinfo 0xa39f1a10)
11-19 21:51:14.353  4588  4603 D EGL_emulation: eglMakeCurrent: 0xad529440: ver 2 0 (tinfo 0xa39f1a10)
11-19 21:51:14.365  4588  4603 D EGL_emulation: eglMakeCurrent: 0xad529440: ver 2 0 (tinfo 0xa39f1a10)
11-19 21:51:14.370  4588  4603 D EGL_emulation: eglMakeCurrent: 0xad529440: ver 2 0 (tinfo 0xa39f1a10)
11-19 21:51:14.378  4588  4603 D EGL_emulation: eglMakeCurrent: 0xad529440: ver 2 0 (tinfo 0xa39f1a10)
11-19 21:51:14.394  4588  4603 D EGL_emulation: eglMakeCurrent: 0xad529440: ver 2 0 (tinfo 0xa39f1a10)
11-19 21:51:14.394  1660  1834 D EGL_emulation: eglMakeCurrent: 0x94199fc0: ver 2 0 (tinfo 0xa3a48260)
11-19 21:51:14.397  4588  4588 W IInputConnectionWrapper: finishComposingText on inactive InputConnection
11-19 21:51:14.404  4588  4603 D EGL_emulation: eglMakeCurrent: 0xad529440: ver 2 0 (tinfo 0xa39f1a10)
11-19 21:51:14.410  4588  4603 D EGL_emulation: eglMakeCurrent: 0xad529440: ver 2 0 (tinfo 0xa39f1a10)
11-19 21:51:14.418  4588  4603 D EGL_emulation: eglMakeCurrent: 0xad529440: ver 2 0 (tinfo 0xa39f1a10)
11-19 21:51:14.425  4588  4603 D EGL_emulation: eglMakeCurrent: 0xad529440: ver 2 0 (tinfo 0xa39f1a10)
11-19 21:51:14.434  4588  4603 D EGL_emulation: eglMakeCurrent: 0xad529440: ver 2 0 (tinfo 0xa39f1a10)
11-19 21:51:14.442  4588  4603 D EGL_emulation: eglMakeCurrent: 0xad529440: ver 2 0 (tinfo 0xa39f1a10)
11-19 21:51:14.453  4588  4603 D EGL_emulation: eglMakeCurrent: 0xad529440: ver 2 0 (tinfo 0xa39f1a10)
11-19 21:51:14.459  4588  4603 D EGL_emulation: eglMakeCurrent: 0xad529440: ver 2 0 (tinfo 0xa39f1a10)
11-19 21:51:14.480  1652  1735 I LatinIME:LogUtils: Dictionary info: dictionary = spellcheck_userunigram.en_US ; version = 1511146274 ; date = ?
11-19 21:51:14.488  4588  4603 D EGL_emulation: eglMakeCurrent: 0xad529440: ver 2 0 (tinfo 0xa39f1a10)
11-19 21:51:14.491  1652  1735 I LatinIME:LogUtils: Dictionary info: dictionary = main:en ; version = 54 ; date = 1414726273
11-19 21:51:14.494  4588  4603 D EGL_emulation: eglMakeCurrent: 0xad529440: ver 2 0 (tinfo 0xa39f1a10)
11-19 21:51:14.501  4588  4603 D EGL_emulation: eglMakeCurrent: 0xad529440: ver 2 0 (tinfo 0xa39f1a10)
11-19 21:51:14.508  4588  4603 D EGL_emulation: eglMakeCurrent: 0xad529440: ver 2 0 (tinfo 0xa39f1a10)
11-19 21:51:14.513  4588  4603 D EGL_emulation: eglMakeCurrent: 0xad529440: ver 2 0 (tinfo 0xa39f1a10)
11-19 21:51:14.525  4588  4603 D EGL_emulation: eglMakeCurrent: 0xad529440: ver 2 0 (tinfo 0xa39f1a10)
11-19 21:51:14.534  4588  4603 D EGL_emulation: eglMakeCurrent: 0xad529440: ver 2 0 (tinfo 0xa39f1a10)
11-19 21:51:14.543  4588  4603 D EGL_emulation: eglMakeCurrent: 0xad529440: ver 2 0 (tinfo 0xa39f1a10)
11-19 21:51:14.550  4588  4603 D EGL_emulation: eglMakeCurrent: 0xad529440: ver 2 0 (tinfo 0xa39f1a10)
