11-19 21:43:27.507  1652  1652 I LatinIME: Starting input. Cursor position = -1,-1
11-19 21:43:27.510  1652  1652 I InputAttributes: InputType.TYPE_NULL is specified
11-19 21:43:27.665  1652  1652 I LatinIME: Starting input. Cursor position = -1,-1
11-19 21:43:27.691  1308  1308 W SurfaceFlinger: couldn't log to binary event log: overflow.
11-19 21:43:27.742  1652  1652 I InputAttributes: InputType.TYPE_NULL is specified
11-19 21:43:27.770  1652  1652 W InputMethodService: Window size has been changed. This may cause jankiness of resizing window: -1 -> -2
11-19 21:43:27.782  1652  3412 D EGL_emulation: eglMakeCurrent: 0xa1cc2780: ver 2 0 (tinfo 0x94cffc30)
11-19 21:43:28.309  1588  1620 I chatty  : uid=1000(system) InputDispatcher expire 14 lines
11-19 21:43:28.719  1588  1599 W ResourceType: Invalid package identifier when getting bag for resource number 0xffffffff
11-19 21:43:29.612  1351  1391 W audio_hw_generic: Not supplying enough data to HAL, expected position 8613460 , only wrote 8613360
11-19 21:43:30.513  1588  1608 I ActivityManager: Displayed es.usc.citius.servando.calendula/.activities.SchedulesHelpActivity: +230ms
11-19 21:43:31.018  1351  1391 W audio_hw_generic: Not supplying enough data to HAL, expected position 8680857 , only wrote 8678880
11-19 21:43:31.018  1351  1391 W audio_hw_generic: Not supplying enough data to HAL, expected position 8678883 , only wrote 8678880
11-19 21:43:31.052  1351  1392 D AudioFlinger: mixer(0xac203700) throttle end: throttle time(12)
11-19 21:43:31.984  1660  1660 I chatty  : uid=10027(com.android.systemui) expire 15 lines
11-19 21:43:32.044  1660  1834 I chatty  : uid=10027(com.android.systemui) RenderThread expire 42 lines
11-19 21:43:32.111  3716  3741 I chatty  : uid=10075(es.usc.citius.servando.calendula) RenderThread expire 144 lines
11-19 21:43:32.484  3716  3716 I chatty  : uid=10075(es.usc.citius.servando.calendula) expire 136 lines
11-19 21:43:32.557  1308  1308 W SurfaceFlinger: couldn't log to binary event log: overflow.
11-19 21:43:33.404  1588  1608 I ActivityManager: Displayed es.usc.citius.servando.calendula/.activities.SchedulesHelpActivity: +318ms
11-19 21:43:34.394  1351  1391 W audio_hw_generic: Not supplying enough data to HAL, expected position 8840943 , only wrote 8840880
11-19 21:43:34.673  1308  1308 W SurfaceFlinger: couldn't log to binary event log: overflow.
11-19 21:43:34.734  1588  2186 W VibratorService: Tried to stop vibrating but there is no vibrator device.
11-19 21:43:35.077  3716  3716 I chatty  : uid=10075(es.usc.citius.servando.calendula) expire 55 lines
11-19 21:43:35.137  1588  1608 W ResourceType: Invalid package identifier when getting bag for resource number 0xffffffff
11-19 21:43:35.623  1660  1774 I chatty  : uid=10027(com.android.systemui) VolumeDialogCon expire 13 lines
11-19 21:43:35.749  1588  2152 I chatty  : uid=1000(system) Binder:1588_8 expire 10 lines
11-19 21:43:36.047  1588  1608 I ActivityManager: Displayed es.usc.citius.servando.calendula/.activities.SchedulesHelpActivity: +266ms
11-19 21:43:36.705  1351  1391 W audio_hw_generic: Not supplying enough data to HAL, expected position 8951794 , only wrote 8951760
11-19 21:43:36.705  1351  1391 W audio_hw_generic: Not supplying enough data to HAL, expected position 8951766 , only wrote 8951760
11-19 21:43:36.730  1351  1392 D AudioFlinger: mixer(0xac203700) throttle end: throttle time(12)
11-19 21:43:36.847  1588  1599 W MediaSessionService: Attempted to dispatch null or non-media key event.
11-19 21:43:36.887  1588  2784 W MediaSessionService: Attempted to dispatch null or non-media key event.
11-19 21:43:37.171  1308  1308 W SurfaceFlinger: couldn't log to binary event log: overflow.
11-19 21:43:37.205  1588  1724 W VibratorService: Tried to stop vibrating but there is no vibrator device.
11-19 21:43:37.707  1588  1620 I InputDispatcher: Dropped event because of pending overdue app switch.
11-19 21:43:37.827  1652  1735 I LatinIME:LogUtils: Dictionary info: dictionary = spellcheck_userunigram.en_US ; version = 1511145817 ; date = ?
11-19 21:43:37.883  1652  1735 I LatinIME:LogUtils: Dictionary info: dictionary = main:en ; version = 54 ; date = 1414726273
11-19 21:43:38.685  1588  1694 W ResourceType: Invalid package identifier when getting bag for resource number 0xffffffff
11-19 21:43:38.691  2227  2257 I MusicPlaybackService: onMediaButtonEvent: Intent { act=android.intent.action.MEDIA_BUTTON (has extras) }
11-19 21:43:38.718  2227  2257 I MusicPlaybackService: onMediaButtonEvent: Intent { act=android.intent.action.MEDIA_BUTTON (has extras) }
11-19 21:43:38.718  2227  2227 I MusicPlaybackService: onStartCommand com.android.music.musicservicecommand / pause
11-19 21:43:38.718  2227  2227 I DevicePlayback: pause: transient=false, currentPos=-1
11-19 21:43:38.755  4174  4174 I art     : System.exit called, status: 0
11-19 21:43:38.755  4174  4174 I AndroidRuntime: VM exiting with result code 0.
11-19 21:43:41.910  1351  1392 W audio_hw_generic: Not supplying enough data to HAL, expected position 9450467 , only wrote 9201600
11-19 21:43:51.604  2154  2454 I Icing   : IndexChimeraService.getServiceInterface callingPackage=com.google.android.music componentName=null serviceId=36
11-19 21:43:51.616  2154  2455 I Icing   : Usage reports ok 0, Failed Usage reports 0, indexed 0, rejected 0, imm upload false
11-19 21:43:51.622  2154  2456 I Icing   : IndexChimeraService.getServiceInterface callingPackage=com.google.android.music componentName=null serviceId=36
11-19 21:43:51.628  2154  2455 I Icing   : Usage reports ok 0, Failed Usage reports 0, indexed 0, rejected 0, imm upload false
11-19 21:43:51.636  2154  2456 I Icing   : IndexChimeraService.getServiceInterface callingPackage=com.google.android.music componentName=null serviceId=36
11-19 21:43:51.645  2154  2455 I Icing   : Usage reports ok 0, Failed Usage reports 0, indexed 0, rejected 0, imm upload false
11-19 21:43:51.649  2154  2454 I Icing   : IndexChimeraService.getServiceInterface callingPackage=com.google.android.music componentName=null serviceId=36
11-19 21:43:51.656  2154  2455 I Icing   : Usage reports ok 0, Failed Usage reports 0, indexed 0, rejected 0, imm upload false
11-19 21:43:52.041  3716  3716 I chatty  : uid=10075(es.usc.citius.servando.calendula) expire 223 lines
11-19 21:47:34.526  4335  4335 D AndroidRuntime: >>>>>> START com.android.internal.os.RuntimeInit uid 2000 <<<<<<
11-19 21:47:34.528  4335  4335 D AndroidRuntime: CheckJNI is ON
11-19 21:47:34.545  4335  4335 W art     : Unexpected CPU variant for X86 using defaults: x86
11-19 21:47:34.548  4335  4335 D ICU     : No timezone override file found: /data/misc/zoneinfo/current/icu/icu_tzdata.dat
11-19 21:47:34.559  4335  4335 E memtrack: Couldn't load memtrack module (No such file or directory)
11-19 21:47:34.559  4335  4335 E android.os.Debug: failed to load memtrack module: -2
11-19 21:47:34.560  4335  4335 I Radio-JNI: register_android_hardware_Radio DONE
11-19 21:47:34.567  4335  4335 D AndroidRuntime: Calling main entry com.android.commands.monkey.Monkey
11-19 21:47:34.605  2085  2085 E GsaVoiceInteractionSess: startAssistActivity: opted out
11-19 21:47:34.608  1351  1391 W audio_hw_generic: Not supplying enough data to HAL, expected position 9201650 , only wrote 9201600
11-19 21:47:34.612  2085  4222 W RequestPreheater: Cannot connect to server without account
11-19 21:47:34.666  2085  2085 W ViewRootImpl[VoiceInteractionSession]: Dropping event due to no window focus: KeyEvent { action=ACTION_DOWN, keyCode=KEYCODE_TV_AUDIO_DESCRIPTION, scanCode=0, metaState=0, flags=0x8, repeatCount=0, eventTime=1607595, downTime=1607595, deviceId=-1, source=0x101 }
11-19 21:47:34.666  2085  2085 E ContextIntentStarter: No activity found for any of the 0 intents
11-19 21:47:34.669  2085  2085 E NowRemoteClient: skipping logEndstates, service is null
11-19 21:47:34.669  2085  2085 E NowRemoteClient: skipping logEndstates, service is null
11-19 21:47:34.669  2085  2085 W ViewRootImpl[VoiceInteractionSession]: Cancelling event due to no window focus: KeyEvent { action=ACTION_UP, keyCode=KEYCODE_TV_AUDIO_DESCRIPTION, scanCode=0, metaState=0, flags=0x28, repeatCount=0, eventTime=1607596, downTime=1607596, deviceId=-1, source=0x101 }
11-19 21:47:34.669  2085  2085 W ViewRootImpl[VoiceInteractionSession]: Cancelling event due to no window focus: KeyEvent { action=ACTION_UP, keyCode=KEYCODE_TV_AUDIO_DESCRIPTION, scanCode=0, metaState=0, flags=0x28, repeatCount=0, eventTime=1607596, downTime=1607596, deviceId=-1, source=0x101 }
11-19 21:47:34.670  2085  2085 W ViewRootImpl[VoiceInteractionSession]: Cancelling event due to no window focus: KeyEvent { action=ACTION_UP, keyCode=KEYCODE_TV_AUDIO_DESCRIPTION, scanCode=0, metaState=0, flags=0x28, repeatCount=0, eventTime=1607596, downTime=1607596, deviceId=-1, source=0x101 }
11-19 21:47:34.670  2085  2085 W ViewRootImpl[VoiceInteractionSession]: Cancelling event due to no window focus: KeyEvent { action=ACTION_UP, keyCode=KEYCODE_TV_AUDIO_DESCRIPTION, scanCode=0, metaState=0, flags=0x28, repeatCount=0, eventTime=1607596, downTime=1607596, deviceId=-1, source=0x101 }
11-19 21:47:34.670  2085  2085 W ViewRootImpl[VoiceInteractionSession]: Cancelling event due to no window focus: KeyEvent { action=ACTION_UP, keyCode=KEYCODE_TV_AUDIO_DESCRIPTION, scanCode=0, metaState=0, flags=0x28, repeatCount=0, eventTime=1607596, downTime=1607596, deviceId=-1, source=0x101 }
11-19 21:47:34.670  2085  2085 W ViewRootImpl[VoiceInteractionSession]: Cancelling event due to no window focus: KeyEvent { action=ACTION_UP, keyCode=KEYCODE_TV_AUDIO_DESCRIPTION, scanCode=0, metaState=0, flags=0x28, repeatCount=0, eventTime=1607596, downTime=1607596, deviceId=-1, source=0x101 }
11-19 21:47:34.670  2085  2085 W ViewRootImpl[VoiceInteractionSession]: Cancelling event due to no window focus: KeyEvent { action=ACTION_UP, keyCode=KEYCODE_TV_AUDIO_DESCRIPTION, scanCode=0, metaState=0, flags=0x28, repeatCount=0, eventTime=1607596, downTime=1607596, deviceId=-1, source=0x101 }
11-19 21:47:34.670  2085  2085 W ViewRootImpl[VoiceInteractionSession]: Cancelling event due to no window focus: KeyEvent { action=ACTION_UP, keyCode=KEYCODE_TV_AUDIO_DESCRIPTION, scanCode=0, metaState=0, flags=0x28, repeatCount=0, eventTime=1607596, downTime=1607596, deviceId=-1, source=0x101 }
11-19 21:47:34.670  2085  2085 W ViewRootImpl[VoiceInteractionSession]: Cancelling event due to no window focus: KeyEvent { action=ACTION_UP, keyCode=KEYCODE_TV_AUDIO_DESCRIPTION, scanCode=0, metaState=0, flags=0x28, repeatCount=0, eventTime=1607596, downTime=1607596, deviceId=-1, source=0x101 }
11-19 21:47:34.680  2085  2085 W View    : couldn't find view with id 2131034980
11-19 21:47:34.721  3716  3716 I chatty  : uid=10075(es.usc.citius.servando.calendula) expire 212 lines
11-19 21:47:34.859  1652  1735 I LatinIME:LogUtils: Dictionary info: dictionary = spellcheck_userunigram.en_US ; version = 1511146054 ; date = ?
11-19 21:47:34.892  1652  1735 I LatinIME:LogUtils: Dictionary info: dictionary = main:en ; version = 54 ; date = 1414726273
11-19 21:47:35.481  1308  1916 D gralloc_ranchu: gralloc_alloc: Creating ashmem region of size 2691072
11-19 21:47:35.486  1588  2186 D         : HostConnection::get() New Host Connection established 0x93ec19c0, tid 2186
11-19 21:47:35.487  1588  2186 W         : Unrecognized GLES max version string in extensions: ANDROID_EMU_CHECKSUM_HELPER_v1 ANDROID_EMU_dma_v1 
11-19 21:47:35.494  1308  1308 E EGL_emulation: tid 1308: eglCreateSyncKHR(1901): error 0x3004 (EGL_BAD_ATTRIBUTE)
11-19 21:47:35.583  2032  2032 W ViewRootImpl[Launcher]: Dropping event due to no window focus: KeyEvent { action=ACTION_DOWN, keyCode=KEYCODE_STEM_1, scanCode=0, metaState=0, flags=0x8, repeatCount=0, eventTime=1608384, downTime=1608384, deviceId=-1, source=0x101 }
11-19 21:47:35.603  2032  2170 D EGL_emulation: eglMakeCurrent: 0xb1105240: ver 2 0 (tinfo 0xb11035e0)
11-19 21:47:35.711  3716  3741 I chatty  : uid=10075(es.usc.citius.servando.calendula) RenderThread expire 268 lines
11-19 21:47:35.947  1588  1694 I chatty  : uid=1000(system) Binder:1588_3 expire 12 lines
11-19 21:47:36.046  1588  1620 I InputDispatcher: Dropping event because there is no touchable window at (172, 373).
11-19 21:47:36.083  1308  1916 D gralloc_ranchu: gralloc_alloc: Creating ashmem region of size 8294400
11-19 21:47:36.214  2032  2170 D EGL_emulation: eglMakeCurrent: 0xb1105240: ver 2 0 (tinfo 0xb11035e0)
11-19 21:47:36.492  1588  1620 I InputDispatcher: Dropped event because of pending overdue app switch.
11-19 21:47:36.506  3716  3716 I chatty  : uid=10075(es.usc.citius.servando.calendula) expire 392 lines
11-19 21:47:36.530  1588  1608 I ActivityManager: Displayed es.usc.citius.servando.calendula/.HomePagerActivity: +403ms (total +486ms)
11-19 21:47:36.651  1660  1660 I chatty  : uid=10027(com.android.systemui) expire 11 lines
11-19 21:47:36.715  1660  1834 I chatty  : uid=10027(com.android.systemui) RenderThread expire 12 lines
11-19 21:47:36.745  1588  1608 W ResourceType: Invalid package identifier when getting bag for resource number 0xffffffff
11-19 21:47:37.140  1660  1774 I chatty  : uid=10027(com.android.systemui) VolumeDialogCon expire 10 lines
11-19 21:47:37.471  1588  2186 W ResourceType: Invalid package identifier when getting bag for resource number 0xffffffff
11-19 21:47:37.598  1588  1620 I InputDispatcher: Dropped event because of pending overdue app switch.
11-19 21:47:37.674  1588  1608 I chatty  : uid=1000(system) android.display expire 11 lines
11-19 21:47:37.906  1588  1608 I ActivityManager: Displayed es.usc.citius.servando.calendula/.activities.SchedulesHelpActivity: +193ms
11-19 21:47:39.081  1588  2784 I chatty  : uid=1000(system) Binder:1588_A expire 10 lines
11-19 21:47:40.829  1588  1608 W ResourceType: Invalid package identifier when getting bag for resource number 0xffffffff
11-19 21:47:40.890  1588  1620 I InputDispatcher: Dropped event because of pending overdue app switch.
11-19 21:47:41.007  1308  1308 W SurfaceFlinger: couldn't log to binary event log: overflow.
11-19 21:47:41.154  1588  1598 I chatty  : uid=1000(system) Binder:1588_1 expire 10 lines
11-19 21:47:41.553  1588  1608 I ActivityManager: Displayed es.usc.citius.servando.calendula/.activities.ScheduleCreationActivity: +374ms
11-19 21:47:41.747  1308  1916 D gralloc_ranchu: gralloc_alloc: Creating ashmem region of size 483328
11-19 21:47:42.357  1308  1308 W SurfaceFlinger: couldn't log to binary event log: overflow.
11-19 21:47:42.888  1588  1620 I InputDispatcher: Dropped event because of pending overdue app switch.
11-19 21:47:42.890  1588  1620 I InputDispatcher: Dropped event because of pending overdue app switch.
11-19 21:47:42.997  1308  1315 D gralloc_ranchu: gralloc_alloc: Creating ashmem region of size 2691072
11-19 21:47:43.005  1588  1724 D         : HostConnection::get() New Host Connection established 0x8c3c5c80, tid 1724
11-19 21:47:43.006  1588  1724 W         : Unrecognized GLES max version string in extensions: ANDROID_EMU_CHECKSUM_HELPER_v1 ANDROID_EMU_dma_v1 
11-19 21:47:43.008  1308  1308 E EGL_emulation: tid 1308: eglCreateSyncKHR(1901): error 0x3004 (EGL_BAD_ATTRIBUTE)
11-19 21:47:43.080  2032  2032 W ViewRootImpl[Launcher]: Dropping event due to no window focus: KeyEvent { action=ACTION_DOWN, keyCode=KEYCODE_MENU, scanCode=0, metaState=0, flags=0x8, repeatCount=0, eventTime=1615928, downTime=1615928, deviceId=-1, source=0x101 }
11-19 21:47:43.099  2032  2170 D EGL_emulation: eglMakeCurrent: 0xb1105240: ver 2 0 (tinfo 0xb11035e0)
11-19 21:47:43.561  1588  1955 I chatty  : uid=1000(system) Binder:1588_7 expire 11 lines
11-19 21:47:43.673  1588  1620 I chatty  : uid=1000(system) InputDispatcher expire 10 lines
11-19 21:47:43.940  1588  1724 I chatty  : uid=1000(system) Binder:1588_4 expire 11 lines
11-19 21:47:43.992  1308  1315 D gralloc_ranchu: gralloc_alloc: Creating ashmem region of size 8294400
11-19 21:47:44.091  2032  2170 D EGL_emulation: eglMakeCurrent: 0xb1105240: ver 2 0 (tinfo 0xb11035e0)
11-19 21:47:44.298  1652  1735 I LatinIME:LogUtils: Dictionary info: dictionary = spellcheck_userunigram.en_US ; version = 1511146064 ; date = ?
11-19 21:47:44.313  1652  1735 I LatinIME:LogUtils: Dictionary info: dictionary = main:en ; version = 54 ; date = 1414726273
11-19 21:47:44.335  1588  1620 I InputDispatcher: Dropped event because of pending overdue app switch.
11-19 21:47:44.482  1588  1608 I ActivityManager: Displayed es.usc.citius.servando.calendula/.HomePagerActivity: +460ms (total +497ms)
11-19 21:47:44.606  1652  1735 I LatinIME:LogUtils: Dictionary info: dictionary = spellcheck_userunigram.en_US ; version = 1511146064 ; date = ?
11-19 21:47:44.627  1652  1735 I LatinIME:LogUtils: Dictionary info: dictionary = main:en ; version = 54 ; date = 1414726273
11-19 21:47:44.725  1588  1940 I chatty  : uid=1000(system) Binder:1588_6 expire 10 lines
11-19 21:47:45.404  1588  1933 I chatty  : uid=1000(system) Binder:1588_5 expire 13 lines
11-19 21:47:45.774  1652  1735 I LatinIME:LogUtils: Dictionary info: dictionary = spellcheck_userunigram.en_US ; version = 1511146065 ; date = ?
11-19 21:47:45.798  1652  1735 I LatinIME:LogUtils: Dictionary info: dictionary = main:en ; version = 54 ; date = 1414726273
11-19 21:47:45.818  1588  1620 I InputDispatcher: Dropped event because of pending overdue app switch.
11-19 21:47:46.431  1588  1608 W ResourceType: Invalid package identifier when getting bag for resource number 0xffffffff
11-19 21:47:46.434  1588  2186 W MediaSessionService: Attempted to dispatch null or non-media key event.
11-19 21:47:46.438  1588  2784 W MediaSessionService: Attempted to dispatch null or non-media key event.
11-19 21:47:47.179  1588  1599 I chatty  : uid=1000(system) Binder:1588_2 expire 23 lines
11-19 21:47:47.409  1588  1724 W VibratorService: Tried to stop vibrating but there is no vibrator device.
11-19 21:47:47.450  1660  1660 I chatty  : uid=10027(com.android.systemui) expire 212 lines
11-19 21:47:47.697  1588  2186 I chatty  : uid=1000(system) Binder:1588_9 expire 24 lines
11-19 21:47:47.883  1660  1834 I chatty  : uid=10027(com.android.systemui) RenderThread expire 170 lines
11-19 21:47:48.137  1588  1620 I InputDispatcher: Dropped event because of pending overdue app switch.
11-19 21:47:48.260  1588  1724 W VibratorService: Tried to stop vibrating but there is no vibrator device.
11-19 21:47:49.023  1652  1735 I LatinIME:LogUtils: Dictionary info: dictionary = spellcheck_userunigram.en_US ; version = 1511146069 ; date = ?
11-19 21:47:49.040  1652  1735 I LatinIME:LogUtils: Dictionary info: dictionary = main:en ; version = 54 ; date = 1414726273
11-19 21:47:49.232  1660  1660 I chatty  : uid=10027(com.android.systemui) expire 19 lines
11-19 21:47:49.991  2085  4220 W RequestPreheater: Cannot connect to server without account
11-19 21:47:49.993  2085  2085 E GsaVoiceInteractionSess: startAssistActivity: opted out
11-19 21:47:50.025  2085  2085 W ViewRootImpl[VoiceInteractionSession]: Dropping event due to no window focus: KeyEvent { action=ACTION_DOWN, keyCode=KEYCODE_MENU, scanCode=0, metaState=0, flags=0x8, repeatCount=0, eventTime=1622978, downTime=1622978, deviceId=-1, source=0x101 }
11-19 21:47:50.025  2085  2085 E ContextIntentStarter: No activity found for any of the 0 intents
11-19 21:47:50.026  2085  2085 E NowRemoteClient: skipping logEndstates, service is null
11-19 21:47:50.026  2085  2085 E NowRemoteClient: skipping logEndstates, service is null
11-19 21:47:50.026  2085  2085 W ViewRootImpl[VoiceInteractionSession]: Cancelling event due to no window focus: KeyEvent { action=ACTION_UP, keyCode=KEYCODE_MENU, scanCode=0, metaState=0, flags=0x28, repeatCount=0, eventTime=1622979, downTime=1622979, deviceId=-1, source=0x101 }
11-19 21:47:50.026  2085  2085 W ViewRootImpl[VoiceInteractionSession]: Cancelling event due to no window focus: KeyEvent { action=ACTION_UP, keyCode=KEYCODE_MENU, scanCode=0, metaState=0, flags=0x28, repeatCount=0, eventTime=1622979, downTime=1622979, deviceId=-1, source=0x101 }
11-19 21:47:50.026  2085  2085 W ViewRootImpl[VoiceInteractionSession]: Cancelling event due to no window focus: KeyEvent { action=ACTION_UP, keyCode=KEYCODE_MENU, scanCode=0, metaState=0, flags=0x28, repeatCount=0, eventTime=1622979, downTime=1622979, deviceId=-1, source=0x101 }
11-19 21:47:50.026  2085  2085 W ViewRootImpl[VoiceInteractionSession]: Cancelling event due to no window focus: KeyEvent { action=ACTION_UP, keyCode=KEYCODE_MENU, scanCode=0, metaState=0, flags=0x28, repeatCount=0, eventTime=1622979, downTime=1622979, deviceId=-1, source=0x101 }
11-19 21:47:50.026  2085  2085 W ViewRootImpl[VoiceInteractionSession]: Cancelling event due to no window focus: KeyEvent { action=ACTION_UP, keyCode=KEYCODE_MENU, scanCode=0, metaState=0, flags=0x28, repeatCount=0, eventTime=1622979, downTime=1622979, deviceId=-1, source=0x101 }
11-19 21:47:50.026  2085  2085 W ViewRootImpl[VoiceInteractionSession]: Cancelling event due to no window focus: KeyEvent { action=ACTION_UP, keyCode=KEYCODE_MENU, scanCode=0, metaState=0, flags=0x28, repeatCount=0, eventTime=1622979, downTime=1622979, deviceId=-1, source=0x101 }
11-19 21:47:50.101  3716  3716 I chatty  : uid=10075(es.usc.citius.servando.calendula) expire 175 lines
11-19 21:47:50.107  1588  1694 I chatty  : uid=1000(system) Binder:1588_3 expire 18 lines
11-19 21:47:50.261  3716  3741 I chatty  : uid=10075(es.usc.citius.servando.calendula) RenderThread expire 140 lines
11-19 21:47:50.293  1588  1608 I ActivityManager: Displayed es.usc.citius.servando.calendula/.activities.RoutinesActivity: +190ms
11-19 21:47:50.606  1588  1940 W VibratorService: Tried to stop vibrating but there is no vibrator device.
11-19 21:47:50.606  1588  1940 W VibratorService: Tried to vibrate but there is no vibrator device.
11-19 21:47:50.612  1588  1588 W VibratorService: Tried to stop vibrating but there is no vibrator device.
11-19 21:47:50.963  1588  2784 W VibratorService: Tried to stop vibrating but there is no vibrator device.
11-19 21:47:50.963  1588  2784 W VibratorService: Tried to vibrate but there is no vibrator device.
11-19 21:47:50.968  1588  1588 W VibratorService: Tried to stop vibrating but there is no vibrator device.
11-19 21:47:51.023  2085  2085 E GsaVoiceInteractionSess: startAssistActivity: opted out
11-19 21:47:51.023  1588  2152 I chatty  : uid=1000(system) Binder:1588_8 expire 24 lines
11-19 21:47:51.024  2085  4222 W RequestPreheater: Cannot connect to server without account
11-19 21:47:51.055  1588  1598 W VibratorService: Tried to stop vibrating but there is no vibrator device.
11-19 21:47:51.056  1588  1598 W VibratorService: Tried to vibrate but there is no vibrator device.
11-19 21:47:51.061  1588  1588 W VibratorService: Tried to stop vibrating but there is no vibrator device.
11-19 21:47:51.099  2085  2085 W ViewRootImpl[VoiceInteractionSession]: Dropping event due to no window focus: KeyEvent { action=ACTION_DOWN, keyCode=KEYCODE_DPAD_UP, scanCode=0, metaState=0, flags=0x8, repeatCount=0, eventTime=1624013, downTime=1624013, deviceId=-1, source=0x101 }
11-19 21:47:51.099  2085  2085 E ContextIntentStarter: No activity found for any of the 0 intents
11-19 21:47:51.104  2085  2085 E NowRemoteClient: skipping logEndstates, service is null
11-19 21:47:51.104  2085  2085 E NowRemoteClient: skipping logEndstates, service is null
11-19 21:47:51.105  2085  2085 W ViewRootImpl[VoiceInteractionSession]: Cancelling event due to no window focus: KeyEvent { action=ACTION_UP, keyCode=KEYCODE_DPAD_UP, scanCode=0, metaState=0, flags=0x28, repeatCount=0, eventTime=1624025, downTime=1624025, deviceId=-1, source=0x101 }
11-19 21:47:51.105  2085  2085 W ViewRootImpl[VoiceInteractionSession]: Cancelling event due to no window focus: KeyEvent { action=ACTION_UP, keyCode=KEYCODE_DPAD_UP, scanCode=0, metaState=0, flags=0x28, repeatCount=0, eventTime=1624025, downTime=1624025, deviceId=-1, source=0x101 }
11-19 21:47:51.105  2085  2085 W ViewRootImpl[VoiceInteractionSession]: Cancelling event due to no window focus: KeyEvent { action=ACTION_UP, keyCode=KEYCODE_DPAD_UP, scanCode=0, metaState=0, flags=0x28, repeatCount=0, eventTime=1624025, downTime=1624025, deviceId=-1, source=0x101 }
11-19 21:47:51.105  2085  2085 W ViewRootImpl[VoiceInteractionSession]: Cancelling event due to no window focus: KeyEvent { action=ACTION_UP, keyCode=KEYCODE_DPAD_UP, scanCode=0, metaState=0, flags=0x28, repeatCount=0, eventTime=1624025, downTime=1624025, deviceId=-1, source=0x101 }
11-19 21:47:51.105  2085  2085 W ViewRootImpl[VoiceInteractionSession]: Cancelling event due to no window focus: KeyEvent { action=ACTION_UP, keyCode=KEYCODE_DPAD_UP, scanCode=0, metaState=0, flags=0x28, repeatCount=0, eventTime=1624025, downTime=1624025, deviceId=-1, source=0x101 }
11-19 21:47:51.105  2085  2085 W ViewRootImpl[VoiceInteractionSession]: Cancelling event due to no window focus: KeyEvent { action=ACTION_UP, keyCode=KEYCODE_DPAD_UP, scanCode=0, metaState=0, flags=0x28, repeatCount=0, eventTime=1624025, downTime=1624025, deviceId=-1, source=0x101 }
11-19 21:47:51.105  2085  2085 W ViewRootImpl[VoiceInteractionSession]: Cancelling event due to no window focus: KeyEvent { action=ACTION_UP, keyCode=KEYCODE_DPAD_UP, scanCode=0, metaState=0, flags=0x28, repeatCount=0, eventTime=1624025, downTime=1624025, deviceId=-1, source=0x101 }
11-19 21:47:51.105  2085  2085 W ViewRootImpl[VoiceInteractionSession]: Cancelling event due to no window focus: KeyEvent { action=ACTION_UP, keyCode=KEYCODE_DPAD_UP, scanCode=0, metaState=0, flags=0x28, repeatCount=0, eventTime=1624025, downTime=1624025, deviceId=-1, source=0x101 }
11-19 21:47:51.105  2085  2085 W ViewRootImpl[VoiceInteractionSession]: Cancelling event due to no window focus: KeyEvent { action=ACTION_UP, keyCode=KEYCODE_DPAD_UP, scanCode=0, metaState=0, flags=0x28, repeatCount=0, eventTime=1624025, downTime=1624025, deviceId=-1, source=0x101 }
11-19 21:47:51.146  2085  2085 W ViewRootImpl[VoiceInteractionSession]: Dropping event due to no window focus: MotionEvent { action=ACTION_MOVE, actionButton=0, id[0]=0, x[0]=4.0, y[0]=3.0, toolType[0]=TOOL_TYPE_UNKNOWN, buttonState=0, metaState=0, flags=0x0, edgeFlags=0x0, pointerCount=1, historySize=6, eventTime=1624099, downTime=-1, deviceId=0, source=0x10004 }
11-19 21:47:51.191  1308  1308 W SurfaceFlinger: couldn't log to binary event log: overflow.
11-19 21:47:51.457  1308  1308 W SurfaceFlinger: couldn't log to binary event log: overflow.
11-19 21:47:51.508  1308  1308 W SurfaceFlinger: couldn't log to binary event log: overflow.
11-19 21:47:51.808  1588  2186 W VibratorService: Tried to stop vibrating but there is no vibrator device.
11-19 21:47:51.873  1660  1774 I chatty  : uid=10027(com.android.systemui) VolumeDialogCon expire 53 lines
11-19 21:47:52.028  1588  1608 W ResourceType: Invalid package identifier when getting bag for resource number 0xffffffff
11-19 21:47:52.950  1588  2784 I chatty  : uid=1000(system) Binder:1588_A expire 23 lines
11-19 21:47:53.045  1588  1694 W VibratorService: Tried to stop vibrating but there is no vibrator device.
11-19 21:47:53.393  2227  2257 I MusicPlaybackService: onMediaButtonEvent: Intent { act=android.intent.action.MEDIA_BUTTON (has extras) }
11-19 21:47:53.397  2227  2257 I MusicPlaybackService: onMediaButtonEvent: Intent { act=android.intent.action.MEDIA_BUTTON (has extras) }
11-19 21:47:53.417  1588  1955 W VibratorService: Tried to stop vibrating but there is no vibrator device.
11-19 21:47:53.421  1588  2784 W VibratorService: Tried to stop vibrating but there is no vibrator device.
11-19 21:47:53.599  1351  1391 W audio_hw_generic: Not supplying enough data to HAL, expected position 10113150 , only wrote 10113120
11-19 21:47:54.718  2227  2257 I MusicPlaybackService: onMediaButtonEvent: Intent { act=android.intent.action.MEDIA_BUTTON (has extras) }
11-19 21:47:54.726  2227  2257 I MusicPlaybackService: onMediaButtonEvent: Intent { act=android.intent.action.MEDIA_BUTTON (has extras) }
11-19 21:47:54.732  2227  2227 I MusicPlaybackService: onStartCommand com.android.music.musicservicecommand / togglepause
11-19 21:47:54.733  2227  2227 V MusicPlaybackService: notifyChange: com.google.android.music.shufflemodechanged
11-19 21:47:54.734  2227  2257 D DevicePlayback: Current route null, CQ mode: false
11-19 21:47:54.734  2227  2227 I MusicPlaybackService: Sending out broadcast: com.google.android.music.shufflemodechanged Extras: Bundle[{shuffle=1}]
11-19 21:47:54.736  2227  2257 D MusicPlaybackService: new playback state: PlaybackState {state=2, position=0, buffered position=0, speed=1.0, updated=1627711, actions=7607, error=null, custom actions=[], active item id=-1}
11-19 21:47:54.737  2227  2257 D DevicePlayback: Current route null, CQ mode: false
11-19 21:47:54.738  2227  2257 D DevicePlayback: open: medialist=AllSongsList: [0] position=-1 play=true 
11-19 21:47:54.738  2227  2257 V MusicPlaybackService: setting should show notification to true
11-19 21:47:54.738  2227  2257 D DevicePlayback: Current route null, CQ mode: false
11-19 21:47:54.748  2227  2257 V MusicPlaybackService: Updating notification + media session metadata due to completed art request: ArtRequest{mState=30, mDescriptor=DocumentArtDescriptor{artType=NOTIFICATION, sizeHandling=com.google.android.music.art.ArtDescriptor$SizeHandling@2d9cb39, width=1024, height=1024, identifier=[mArtUrl=null, mTitle=null, mSubTitle=null, mDescription=null, mReason1=null, mExplicitType=UNKNOWN, mDuration=0, mPlayPositionMillis=0, mPublicationTimestamp=0, mId=-1, mAlbumId=-1, mPodcastEpisodeId=null, mPodcastSeriesId=null, mPodcastSeriesTitle=null, mAlbumName=null, mArtistId=-1, mArtistName=null, mType=ALBUM, mIsNautilus=false, mTrackMetajamId=null, mAlbumMetajamId=null, mArtistMetajamId=null, mPlaylistName=null, mPlaylistType=-1, mPlaylistShareToken=null, mPlaylistOwnerName=null, mProfilePhotoUrl=null, mPlaylistSharedState=1, mPlaylistMemberId=-1, mSongStoreId=null, mGenreId=null, mParentGenreId=null, mSubgenreCount=0, mHasLocal=false, mCanAddtoLibrary=false, mQueueItemId=-1, mQueueItemState=0, mQueueItemContainerId=-1, mQueueItemContainerType=0, mQueueItemContainerName=null, mIsFromSearch=false, mSearchString=null, mPosition=-1, mAdapterPosition=-1, mRadioSourceType=0, mRadioSourceId=null, mRadioTrackSeedMetajamId=null, mMainstageReason=-1, mRadioRemoteId=null, mSourceAccount=0, mVideoId=null, mVideoThumbnailUrl=null, mPlaylistEditorArtwork=null, mRadioHighlightColor=null, mSituationId=null, mIsTopLevelSituation=false, mHasSubSituations=false, mSituationWideArtUrl=null, mCategoryId=null, mDontModifyRadioDisplayTitle=false, mCanDismiss=false, mCompositeWideArtUrl=null, mCompositeSquareArtUrl=null, mNavBarSection=0, mCollectionId=null, mCollectionPos=-1, mIsFromSoundSearch=false, mAvailableForPurchase=true, mAvailableForSubscription=true, mPodcastPodlistId=null, mSituationContainsPodlists=false, mDismissalKey=null, mDismissalText=null, mDismissalToken=null, mLogToken=null], useDefaultIfMissing=true, aspectRatio=1.0}, mItems={}}
11-19 21:47:54.753  2227  2257 D MusicPlaybackService: cancelNotification id=1
11-19 21:47:54.753  2227  2257 V MusicPlaybackService: setting should show notification to true
11-19 21:47:54.753  2227  2257 V MusicPlaybackService: notifyChange: com.android.music.queuechanged
11-19 21:47:54.767  2227  2257 I MusicPlaybackService: Sending out broadcast: com.android.music.queuechanged Extras: Bundle[{hasValidPlaylist=false, woodstock=false, isPodcast=false, queueLoading=false, isDoubleclickAd=false, ListSize=0, isSoundAd=false, isSkipLimitReached=false}]
11-19 21:47:54.773  2227  2257 D DevicePlayback: onSongChanged: isFromUserAction=false
11-19 21:47:54.774  2227  2257 V MusicPlaybackService: notifyChange: com.android.music.metachanged
11-19 21:47:54.782  2227  2257 W MusicPlaybackService: Song is not loaded. Ignoring.
11-19 21:47:54.783  2227  2257 D MusicPlaybackService: cancelNotification id=1
11-19 21:47:54.783  2227  2257 V MusicPlaybackService: setting should show notification to true
11-19 21:47:54.784  2227  2257 D DevicePlayback: mMixGenerationState=null
11-19 21:47:54.785  2227  2257 D DevicePlayback: Current route null, CQ mode: false
11-19 21:47:54.789  2227  2257 D DevicePlayback: Current route null, CQ mode: false
11-19 21:47:54.789  2227  2257 I MusicStore: caqPlay: descriptor=[13, 42, All%20songs, <null>, <null>]
11-19 21:47:54.789  2227  2257 E MusicStore: Invalid request size=0
11-19 21:47:54.791  2227  2257 V MusicPlaybackService: Updating notification + media session metadata due to completed art request: ArtRequest{mState=30, mDescriptor=DocumentArtDescriptor{artType=NOTIFICATION, sizeHandling=com.google.android.music.art.ArtDescriptor$SizeHandling@2d9cb39, width=1024, height=1024, identifier=[mArtUrl=null, mTitle=null, mSubTitle=null, mDescription=null, mReason1=null, mExplicitType=UNKNOWN, mDuration=0, mPlayPositionMillis=0, mPublicationTimestamp=0, mId=-1, mAlbumId=-1, mPodcastEpisodeId=null, mPodcastSeriesId=null, mPodcastSeriesTitle=null, mAlbumName=null, mArtistId=-1, mArtistName=null, mType=ALBUM, mIsNautilus=false, mTrackMetajamId=null, mAlbumMetajamId=null, mArtistMetajamId=null, mPlaylistName=null, mPlaylistType=-1, mPlaylistShareToken=null, mPlaylistOwnerName=null, mProfilePhotoUrl=null, mPlaylistSharedState=1, mPlaylistMemberId=-1, mSongStoreId=null, mGenreId=null, mParentGenreId=null, mSubgenreCount=0, mHasLocal=false, mCanAddtoLibrary=false, mQueueItemId=-1, mQueueItemState=0, mQueueItemContainerId=-1, mQueueItemContainerType=0, mQueueItemContainerName=null, mIsFromSearch=false, mSearchString=null, mPosition=-1, mAdapterPosition=-1, mRadioSourceType=0, mRadioSourceId=null, mRadioTrackSeedMetajamId=null, mMainstageReason=-1, mRadioRemoteId=null, mSourceAccount=0, mVideoId=null, mVideoThumbnailUrl=null, mPlaylistEditorArtwork=null, mRadioHighlightColor=null, mSituationId=null, mIsTopLevelSituation=false, mHasSubSituations=false, mSituationWideArtUrl=null, mCategoryId=null, mDontModifyRadioDisplayTitle=false, mCanDismiss=false, mCompositeWideArtUrl=null, mCompositeSquareArtUrl=null, mNavBarSection=0, mCollectionId=null, mCollectionPos=-1, mIsFromSoundSearch=false, mAvailableForPurchase=true, mAvailableForSubscription=true, mPodcastPodlistId=null, mSituationContainsPodlists=false, mDismissalKey=null, mDismissalText=null, mDismissalToken=null, mLogToken=null], useDefaultIfMissing=true, aspectRatio=1.0}, mItems={}}
11-19 21:47:54.791  2227  2257 D MusicPlaybackService: cancelNotification id=1
11-19 21:47:54.791  2227  2257 V MusicPlaybackService: setting should show notification to true
11-19 21:47:55.140  1588  1724 W VibratorService: Tried to stop vibrating but there is no vibrator device.
11-19 21:47:55.458  1588  2784 W VibratorService: Tried to stop vibrating but there is no vibrator device.
11-19 21:47:55.517  1308  1315 D gralloc_ranchu: gralloc_alloc: Creating ashmem region of size 2691072
11-19 21:47:55.525  1308  1308 E EGL_emulation: tid 1308: eglCreateSyncKHR(1901): error 0x3004 (EGL_BAD_ATTRIBUTE)
11-19 21:47:55.577  2085  2085 E GsaVoiceInteractionSess: startAssistActivity: opted out
11-19 21:47:55.611  2085  4222 W RequestPreheater: Cannot connect to server without account
11-19 21:47:55.668  2032  2032 W ViewRootImpl[Launcher]: Dropping event due to no window focus: KeyEvent { action=ACTION_DOWN, keyCode=KEYCODE_MENU, scanCode=0, metaState=0, flags=0x8, repeatCount=0, eventTime=1628479, downTime=1628479, deviceId=-1, source=0x101 }
11-19 21:47:55.668  2032  2032 W ViewRootImpl[Launcher]: Cancelling event due to no window focus: KeyEvent { action=ACTION_UP, keyCode=KEYCODE_MENU, scanCode=0, metaState=0, flags=0x28, repeatCount=0, eventTime=1628577, downTime=1628479, deviceId=-1, source=0x101 }
11-19 21:47:55.669  2032  2032 W ViewRootImpl[Launcher]: Cancelling event due to no window focus: KeyEvent { action=ACTION_UP, keyCode=KEYCODE_MENU, scanCode=0, metaState=0, flags=0x28, repeatCount=0, eventTime=1628577, downTime=1628479, deviceId=-1, source=0x101 }
11-19 21:47:55.669  2032  2032 W ViewRootImpl[Launcher]: Cancelling event due to no window focus: KeyEvent { action=ACTION_UP, keyCode=KEYCODE_MENU, scanCode=0, metaState=0, flags=0x28, repeatCount=0, eventTime=1628577, downTime=1628479, deviceId=-1, source=0x101 }
11-19 21:47:55.669  2032  2032 W ViewRootImpl[Launcher]: Cancelling event due to no window focus: KeyEvent { action=ACTION_UP, keyCode=KEYCODE_MENU, scanCode=0, metaState=0, flags=0x28, repeatCount=0, eventTime=1628577, downTime=1628479, deviceId=-1, source=0x101 }
11-19 21:47:55.669  2032  2032 W ViewRootImpl[Launcher]: Cancelling event due to no window focus: KeyEvent { action=ACTION_UP, keyCode=KEYCODE_MENU, scanCode=0, metaState=0, flags=0x28, repeatCount=0, eventTime=1628577, downTime=1628479, deviceId=-1, source=0x101 }
11-19 21:47:55.669  2032  2032 W ViewRootImpl[Launcher]: Cancelling event due to no window focus: KeyEvent { action=ACTION_UP, keyCode=KEYCODE_MENU, scanCode=0, metaState=0, flags=0x28, repeatCount=0, eventTime=1628577, downTime=1628479, deviceId=-1, source=0x101 }
11-19 21:47:55.677  2032  2170 D EGL_emulation: eglMakeCurrent: 0xb1105240: ver 2 0 (tinfo 0xb11035e0)
11-19 21:47:55.843  2085  2085 W ViewRootImpl[VoiceInteractionSession]: Cancelling event due to no window focus: KeyEvent { action=ACTION_UP, keyCode=KEYCODE_MENU, scanCode=0, metaState=0, flags=0x28, repeatCount=0, eventTime=1628573, downTime=1628573, deviceId=-1, source=0x101 }
11-19 21:47:55.844  2085  2085 W ViewRootImpl[VoiceInteractionSession]: Cancelling event due to no window focus: KeyEvent { action=ACTION_UP, keyCode=KEYCODE_MENU, scanCode=0, metaState=0, flags=0x28, repeatCount=0, eventTime=1628573, downTime=1628573, deviceId=-1, source=0x101 }
11-19 21:47:55.844  2085  2085 W ViewRootImpl[VoiceInteractionSession]: Cancelling event due to no window focus: KeyEvent { action=ACTION_UP, keyCode=KEYCODE_MENU, scanCode=0, metaState=0, flags=0x28, repeatCount=0, eventTime=1628573, downTime=1628573, deviceId=-1, source=0x101 }
11-19 21:47:55.844  2085  2085 W ViewRootImpl[VoiceInteractionSession]: Cancelling event due to no window focus: KeyEvent { action=ACTION_UP, keyCode=KEYCODE_MENU, scanCode=0, metaState=0, flags=0x28, repeatCount=0, eventTime=1628573, downTime=1628573, deviceId=-1, source=0x101 }
11-19 21:47:55.844  2085  2085 W ViewRootImpl[VoiceInteractionSession]: Cancelling event due to no window focus: KeyEvent { action=ACTION_UP, keyCode=KEYCODE_MENU, scanCode=0, metaState=0, flags=0x28, repeatCount=0, eventTime=1628573, downTime=1628573, deviceId=-1, source=0x101 }
11-19 21:47:55.844  2085  2085 W ViewRootImpl[VoiceInteractionSession]: Cancelling event due to no window focus: KeyEvent { action=ACTION_UP, keyCode=KEYCODE_MENU, scanCode=0, metaState=0, flags=0x28, repeatCount=0, eventTime=1628573, downTime=1628573, deviceId=-1, source=0x101 }
11-19 21:47:55.845  2085  2085 E ContextIntentStarter: No activity found for any of the 0 intents
11-19 21:47:55.860  2085  2085 E NowRemoteClient: skipping logEndstates, service is null
11-19 21:47:55.860  2085  2085 E NowRemoteClient: skipping logEndstates, service is null
11-19 21:47:55.860  2085  2085 W ViewRootImpl[VoiceInteractionSession]: Dropping event due to no window focus: KeyEvent { action=ACTION_DOWN, keyCode=KEYCODE_DPAD_CENTER, scanCode=0, metaState=0, flags=0x8, repeatCount=0, eventTime=1628578, downTime=1628578, deviceId=-1, source=0x101 }
11-19 21:47:55.876  2032  2032 W ViewRootImpl[Launcher]: Dropping event due to no window focus: KeyEvent { action=ACTION_DOWN, keyCode=KEYCODE_DPAD_UP, scanCode=0, metaState=0, flags=0x8, repeatCount=0, eventTime=1628836, downTime=1628836, deviceId=-1, source=0x101 }
11-19 21:47:55.877  2032  2032 W ViewRootImpl[Launcher]: Cancelling event due to no window focus: KeyEvent { action=ACTION_UP, keyCode=KEYCODE_DPAD_UP, scanCode=0, metaState=0, flags=0x28, repeatCount=0, eventTime=1628852, downTime=1628852, deviceId=-1, source=0x101 }
11-19 21:47:55.877  2032  2032 W ViewRootImpl[Launcher]: Cancelling event due to no window focus: KeyEvent { action=ACTION_UP, keyCode=KEYCODE_DPAD_UP, scanCode=0, metaState=0, flags=0x28, repeatCount=0, eventTime=1628852, downTime=1628852, deviceId=-1, source=0x101 }
11-19 21:47:55.877  2032  2032 W ViewRootImpl[Launcher]: Cancelling event due to no window focus: KeyEvent { action=ACTION_UP, keyCode=KEYCODE_DPAD_UP, scanCode=0, metaState=0, flags=0x28, repeatCount=0, eventTime=1628852, downTime=1628852, deviceId=-1, source=0x101 }
11-19 21:47:55.877  2032  2032 W ViewRootImpl[Launcher]: Cancelling event due to no window focus: KeyEvent { action=ACTION_UP, keyCode=KEYCODE_DPAD_UP, scanCode=0, metaState=0, flags=0x28, repeatCount=0, eventTime=1628852, downTime=1628852, deviceId=-1, source=0x101 }
11-19 21:47:55.877  2032  2032 W ViewRootImpl[Launcher]: Cancelling event due to no window focus: KeyEvent { action=ACTION_UP, keyCode=KEYCODE_DPAD_UP, scanCode=0, metaState=0, flags=0x28, repeatCount=0, eventTime=1628852, downTime=1628852, deviceId=-1, source=0x101 }
11-19 21:47:55.877  2032  2032 W ViewRootImpl[Launcher]: Cancelling event due to no window focus: KeyEvent { action=ACTION_UP, keyCode=KEYCODE_DPAD_UP, scanCode=0, metaState=0, flags=0x28, repeatCount=0, eventTime=1628852, downTime=1628852, deviceId=-1, source=0x101 }
11-19 21:47:55.877  2032  2032 W ViewRootImpl[Launcher]: Cancelling event due to no window focus: KeyEvent { action=ACTION_UP, keyCode=KEYCODE_DPAD_UP, scanCode=0, metaState=0, flags=0x28, repeatCount=0, eventTime=1628852, downTime=1628852, deviceId=-1, source=0x101 }
11-19 21:47:55.877  2032  2032 W ViewRootImpl[Launcher]: Cancelling event due to no window focus: KeyEvent { action=ACTION_UP, keyCode=KEYCODE_DPAD_UP, scanCode=0, metaState=0, flags=0x28, repeatCount=0, eventTime=1628852, downTime=1628852, deviceId=-1, source=0x101 }
11-19 21:47:55.877  2032  2032 W ViewRootImpl[Launcher]: Cancelling event due to no window focus: KeyEvent { action=ACTION_UP, keyCode=KEYCODE_DPAD_UP, scanCode=0, metaState=0, flags=0x28, repeatCount=0, eventTime=1628852, downTime=1628852, deviceId=-1, source=0x101 }
11-19 21:47:55.889  2085  2085 W ViewRootImpl[VoiceInteractionSession]: Cancelling event due to no window focus: KeyEvent { action=ACTION_UP, keyCode=KEYCODE_DPAD_CENTER, scanCode=0, metaState=0, flags=0x28, repeatCount=0, eventTime=1628819, downTime=1628819, deviceId=-1, source=0x101 }
11-19 21:47:55.889  2085  2085 W ViewRootImpl[VoiceInteractionSession]: Cancelling event due to no window focus: KeyEvent { action=ACTION_UP, keyCode=KEYCODE_DPAD_CENTER, scanCode=0, metaState=0, flags=0x28, repeatCount=0, eventTime=1628819, downTime=1628819, deviceId=-1, source=0x101 }
11-19 21:47:55.889  2085  2085 W ViewRootImpl[VoiceInteractionSession]: Cancelling event due to no window focus: KeyEvent { action=ACTION_UP, keyCode=KEYCODE_DPAD_CENTER, scanCode=0, metaState=0, flags=0x28, repeatCount=0, eventTime=1628819, downTime=1628819, deviceId=-1, source=0x101 }
11-19 21:47:55.889  2085  2085 W ViewRootImpl[VoiceInteractionSession]: Cancelling event due to no window focus: KeyEvent { action=ACTION_UP, keyCode=KEYCODE_DPAD_CENTER, scanCode=0, metaState=0, flags=0x28, repeatCount=0, eventTime=1628819, downTime=1628819, deviceId=-1, source=0x101 }
11-19 21:47:55.889  2085  2085 W ViewRootImpl[VoiceInteractionSession]: Cancelling event due to no window focus: KeyEvent { action=ACTION_UP, keyCode=KEYCODE_DPAD_CENTER, scanCode=0, metaState=0, flags=0x28, repeatCount=0, eventTime=1628819, downTime=1628819, deviceId=-1, source=0x101 }
11-19 21:47:55.889  2085  2085 W ViewRootImpl[VoiceInteractionSession]: Cancelling event due to no window focus: KeyEvent { action=ACTION_UP, keyCode=KEYCODE_DPAD_CENTER, scanCode=0, metaState=0, flags=0x28, repeatCount=0, eventTime=1628819, downTime=1628819, deviceId=-1, source=0x101 }
11-19 21:47:55.889  2085  2085 W ViewRootImpl[VoiceInteractionSession]: Cancelling event due to no window focus: KeyEvent { action=ACTION_UP, keyCode=KEYCODE_DPAD_CENTER, scanCode=0, metaState=0, flags=0x28, repeatCount=0, eventTime=1628819, downTime=1628819, deviceId=-1, source=0x101 }
11-19 21:47:55.889  2085  2085 W ViewRootImpl[VoiceInteractionSession]: Cancelling event due to no window focus: KeyEvent { action=ACTION_UP, keyCode=KEYCODE_DPAD_CENTER, scanCode=0, metaState=0, flags=0x28, repeatCount=0, eventTime=1628819, downTime=1628819, deviceId=-1, source=0x101 }
11-19 21:47:55.889  2085  2085 W ViewRootImpl[VoiceInteractionSession]: Cancelling event due to no window focus: KeyEvent { action=ACTION_UP, keyCode=KEYCODE_DPAD_CENTER, scanCode=0, metaState=0, flags=0x28, repeatCount=0, eventTime=1628819, downTime=1628819, deviceId=-1, source=0x101 }
11-19 21:47:55.891  2032  2032 W ViewRootImpl[Launcher]: Dropping event due to no window focus: MotionEvent { action=ACTION_MOVE, actionButton=0, id[0]=0, x[0]=0.0, y[0]=-5.0, toolType[0]=TOOL_TYPE_UNKNOWN, buttonState=0, metaState=0, flags=0x0, edgeFlags=0x0, pointerCount=1, historySize=4, eventTime=1628861, downTime=-1, deviceId=0, source=0x10004 }
11-19 21:47:56.136  1308  1338 D gralloc_ranchu: gralloc_alloc: Creating ashmem region of size 8294400
11-19 21:47:56.198  2032  2170 D EGL_emulation: eglMakeCurrent: 0xb1105240: ver 2 0 (tinfo 0xb11035e0)
11-19 21:47:56.240  2032  2170 W OpenGLRenderer: Incorrectly called buildLayer on View: ShortcutAndWidgetContainer, destroying layer...
11-19 21:47:56.256  1588  2186 W ResourceType: Invalid package identifier when getting bag for resource number 0xffffffff
11-19 21:47:56.391  1652  1735 I LatinIME:LogUtils: Dictionary info: dictionary = spellcheck_userunigram.en_US ; version = 1511146076 ; date = ?
11-19 21:47:56.403  1652  1735 I LatinIME:LogUtils: Dictionary info: dictionary = main:en ; version = 54 ; date = 1414726273
11-19 21:47:56.550  1588  1608 I ActivityManager: Displayed es.usc.citius.servando.calendula/.HomePagerActivity: +401ms (total +453ms)
11-19 21:47:56.752  1652  1735 I LatinIME:LogUtils: Dictionary info: dictionary = spellcheck_userunigram.en_US ; version = 1511146076 ; date = ?
11-19 21:47:56.764  1652  1735 I LatinIME:LogUtils: Dictionary info: dictionary = main:en ; version = 54 ; date = 1414726273
11-19 21:47:57.503  1588  1620 I chatty  : uid=1000(system) InputDispatcher expire 22 lines
11-19 21:47:57.988  1588  1620 I InputDispatcher: Dropped event because of pending overdue app switch.
11-19 21:47:58.076  3716  3716 I chatty  : uid=10075(es.usc.citius.servando.calendula) expire 734 lines
11-19 21:47:58.110  1588  1608 I ActivityManager: Displayed es.usc.citius.servando.calendula/.activities.MaterialIntroActivity: +435ms
11-19 21:47:58.242  1588  1724 W ResourceType: Invalid package identifier when getting bag for resource number 0xffffffff
11-19 21:47:59.172  1660  1834 I chatty  : uid=10027(com.android.systemui) RenderThread expire 177 lines
11-19 21:47:59.247  1588  1955 W VibratorService: Tried to stop vibrating but there is no vibrator device.
11-19 21:47:59.376  1588  1608 I chatty  : uid=1000(system) android.display expire 10 lines
11-19 21:47:59.645  1588  1598 I chatty  : uid=1000(system) Binder:1588_1 expire 13 lines
11-19 21:48:00.072  2085  2085 E GsaVoiceInteractionSess: startAssistActivity: opted out
11-19 21:48:00.074  1308  1308 W SurfaceFlinger: couldn't log to binary event log: overflow.
11-19 21:48:00.075  2085  2085 E ContextIntentStarter: No activity found for any of the 0 intents
11-19 21:48:00.077  2085  2085 E NowRemoteClient: skipping logEndstates, service is null
11-19 21:48:00.077  2085  2085 E NowRemoteClient: skipping logEndstates, service is null
11-19 21:48:00.081  2085  4220 W RequestPreheater: Cannot connect to server without account
11-19 21:48:00.700  1660  1660 I chatty  : uid=10027(com.android.systemui) expire 27 lines
11-19 21:48:01.633  2227  2257 I MusicPlaybackService: onMediaButtonEvent: Intent { act=android.intent.action.MEDIA_BUTTON (has extras) }
11-19 21:48:01.635  2227  2257 I MusicPlaybackService: onMediaButtonEvent: Intent { act=android.intent.action.MEDIA_BUTTON (has extras) }
11-19 21:48:01.946  2227  2257 I MusicPlaybackService: onMediaButtonEvent: Intent { act=android.intent.action.MEDIA_BUTTON (has extras) }
11-19 21:48:01.960  2227  2227 I MusicPlaybackService: onStartCommand com.android.music.musicservicecommand / stop
11-19 21:48:01.961  2227  2257 I MusicPlaybackService: onMediaButtonEvent: Intent { act=android.intent.action.MEDIA_BUTTON (has extras) }
11-19 21:48:01.961  2227  2257 I DevicePlayback: stop: willPlay=false, currentPos=-1
11-19 21:48:01.961  2227  2257 V MusicPlaybackService: notifyChange: com.android.music.playstatechanged
11-19 21:48:01.961  2227  2257 W MusicPlaybackService: Song is not loaded. Ignoring.
11-19 21:48:01.962  2227  2257 D MusicPlaybackService: cancelNotification id=1
11-19 21:48:01.962  2227  2257 V MusicPlaybackService: setting should show notification to true
11-19 21:48:02.276  1660  1774 I chatty  : uid=10027(com.android.systemui) VolumeDialogCon expire 32 lines
11-19 21:48:02.673  3716  3741 I chatty  : uid=10075(es.usc.citius.servando.calendula) RenderThread expire 74 lines
11-19 21:48:02.716  1588  1608 I ActivityManager: Displayed es.usc.citius.servando.calendula/.activities.PatientsActivity: +193ms
11-19 21:48:02.901  1588  1608 I ActivityManager: Displayed es.usc.citius.servando.calendula/.activities.PatientDetailActivity: +123ms
11-19 21:48:02.934  1652  1652 W InputMethodService: Window size has been changed. This may cause jankiness of resizing window: -1 -> -2
11-19 21:48:02.954  1652  1652 I LatinIME: Starting input. Cursor position = 0,0
11-19 21:48:03.036  1652  3412 D EGL_emulation: eglMakeCurrent: 0xa1cc2780: ver 2 0 (tinfo 0x94cffc30)
11-19 21:48:03.095  1652  1652 I LatinIME: Starting input. Cursor position = -1,-1
11-19 21:48:03.101  1652  1652 I InputAttributes: InputType.TYPE_NULL is specified
