11-19 21:51:25.060  4588  4603 D EGL_emulation: eglMakeCurrent: 0xad529440: ver 2 0 (tinfo 0xa39f1a10)
11-19 21:51:25.071  4588  4603 D EGL_emulation: eglMakeCurrent: 0xad529440: ver 2 0 (tinfo 0xa39f1a10)
11-19 21:51:25.072  4588  4603 D OpenGLRenderer: endAllActiveAnimators on 0x93bae380 (RippleDrawable) with handle 0x9441ded0
11-19 21:51:25.099  1652  1652 I Choreographer: Skipped 33 frames!  The application may be doing too much work on its main thread.
11-19 21:51:25.120  4588  4603 D EGL_emulation: eglMakeCurrent: 0xad529440: ver 2 0 (tinfo 0xa39f1a10)
11-19 21:51:25.129  1652  1652 I LatinIME: Starting input. Cursor position = 10,10
11-19 21:51:25.132  4588  4588 W IInputConnectionWrapper: getSelectedText on inactive InputConnection
11-19 21:51:25.145  4588  4588 W IInputConnectionWrapper: requestCursorAnchorInfo on inactive InputConnection
11-19 21:51:25.145  4588  4588 W IInputConnectionWrapper: getTextBeforeCursor on inactive InputConnection
11-19 21:51:25.146  1652  1652 E RichInputConnection: Unable to connect to the editor to retrieve text.
11-19 21:51:25.146  1652  1652 D RichInputConnection: Will try to retrieve text later.
11-19 21:51:25.148  4588  4588 W IInputConnectionWrapper: getTextBeforeCursor on inactive InputConnection
11-19 21:51:25.148  1652  1652 E RichInputConnection: Unable to connect to the editor to retrieve text.
11-19 21:51:25.148  1652  1652 W RichInputConnection: Unable to connect to the editor. Setting caps mode without knowing text.
11-19 21:51:25.160  1652  1652 W InputMethodService: Window size has been changed. This may cause jankiness of resizing window: -1 -> -2
11-19 21:51:25.162  4588  4588 W IInputConnectionWrapper: finishComposingText on inactive InputConnection
11-19 21:51:25.162  4588  4588 W IInputConnectionWrapper: finishComposingText on inactive InputConnection
11-19 21:51:25.162  4588  4588 W IInputConnectionWrapper: finishComposingText on inactive InputConnection
11-19 21:51:25.165  1652  3412 D EGL_emulation: eglMakeCurrent: 0xa1cc2780: ver 2 0 (tinfo 0x94cffc30)
11-19 21:51:25.176  1660  1834 D EGL_emulation: eglMakeCurrent: 0x94199fc0: ver 2 0 (tinfo 0xa3a48260)
11-19 21:51:25.344  1588  1608 I WindowManager: Destroying surface Surface(name=InputMethod) called by com.android.server.wm.WindowStateAnimator.destroySurface:2016 com.android.server.wm.WindowStateAnimator.destroySurfaceLocked:882 com.android.server.wm.WindowState.destroyOrSaveSurface:2100 com.android.server.wm.WindowSurfacePlacer.performSurfacePlacementInner:429 com.android.server.wm.WindowSurfacePlacer.performSurfacePlacementLoop:232 com.android.server.wm.WindowSurfacePlacer.performSurfacePlacement:180 com.android.server.wm.WindowManagerService$H.handleMessage:8086 android.os.Handler.dispatchMessage:102 
11-19 21:51:25.347  1588  1955 I WindowManager: Destroying surface Surface(name=net.alaindonesia.silectric/net.alaindonesia.silectric.ElectronicActivity) called by com.android.server.wm.WindowStateAnimator.destroySurface:2016 com.android.server.wm.WindowStateAnimator.destroySurfaceLocked:882 com.android.server.wm.WindowState.removeLocked:1456 com.android.server.wm.WindowManagerService.removeWindowInnerLocked:2484 com.android.server.wm.WindowManagerService.removeWindowLocked:2442 com.android.server.wm.WindowManagerService.removeWindowLocked:2311 com.android.server.wm.WindowManagerService.removeWindow:2306 com.android.server.wm.Session.remove:202 
11-19 21:51:25.349  4588  4588 E WindowManager: 
11-19 21:51:25.349  4588  4588 E WindowManager: android.view.WindowLeaked: Activity net.alaindonesia.silectric.ElectronicActivity has leaked window DecorView@14b37a4[] that was originally added here
11-19 21:51:25.349  4588  4588 E WindowManager: 	at android.view.ViewRootImpl.<init>(ViewRootImpl.java:417)
11-19 21:51:25.349  4588  4588 E WindowManager: 	at android.view.WindowManagerGlobal.addView(WindowManagerGlobal.java:331)
11-19 21:51:25.349  4588  4588 E WindowManager: 	at android.view.WindowManagerImpl.addView(WindowManagerImpl.java:93)
11-19 21:51:25.349  4588  4588 E WindowManager: 	at android.app.Dialog.show(Dialog.java:316)
11-19 21:51:25.349  4588  4588 E WindowManager: 	at android.app.AlertDialog$Builder.show(AlertDialog.java:1112)
11-19 21:51:25.349  4588  4588 E WindowManager: 	at net.alaindonesia.silectric.ElectronicActivity.a(Unknown Source)
11-19 21:51:25.349  4588  4588 E WindowManager: 	at net.alaindonesia.silectric.ElectronicActivity.a(Unknown Source)
11-19 21:51:25.349  4588  4588 E WindowManager: 	at net.alaindonesia.silectric.d.onItemClick(Unknown Source)
11-19 21:51:25.349  4588  4588 E WindowManager: 	at android.widget.AdapterView.performItemClick(AdapterView.java:310)
11-19 21:51:25.349  4588  4588 E WindowManager: 	at android.widget.AbsListView.performItemClick(AbsListView.java:1155)
11-19 21:51:25.349  4588  4588 E WindowManager: 	at android.widget.AbsListView.onKeyUp(AbsListView.java:3342)
11-19 21:51:25.349  4588  4588 E WindowManager: 	at android.widget.ListView.commonKey(ListView.java:2399)
11-19 21:51:25.349  4588  4588 E WindowManager: 	at android.widget.ListView.onKeyUp(ListView.java:2272)
11-19 21:51:25.349  4588  4588 E WindowManager: 	at android.view.KeyEvent.dispatch(KeyEvent.java:2700)
11-19 21:51:25.349  4588  4588 E WindowManager: 	at android.view.View.dispatchKeyEvent(View.java:9880)
11-19 21:51:25.349  4588  4588 E WindowManager: 	at android.view.ViewGroup.dispatchKeyEvent(ViewGroup.java:1662)
11-19 21:51:25.349  4588  4588 E WindowManager: 	at android.widget.ListView.dispatchKeyEvent(ListView.java:2247)
11-19 21:51:25.349  4588  4588 E WindowManager: 	at android.view.ViewGroup.dispatchKeyEvent(ViewGroup.java:1667)
11-19 21:51:25.349  4588  4588 E WindowManager: 	at android.view.ViewGroup.dispatchKeyEvent(ViewGroup.java:1667)
11-19 21:51:25.349  4588  4588 E WindowManager: 	at android.view.ViewGroup.dispatchKeyEvent(ViewGroup.java:1667)
11-19 21:51:25.349  4588  4588 E WindowManager: 	at android.view.ViewGroup.dispatchKeyEvent(ViewGroup.java:1667)
11-19 21:51:25.349  4588  4588 E WindowManager: 	at android.view.ViewGroup.dispatchKeyEvent(ViewGroup.java:1667)
11-19 21:51:25.349  4588  4588 E WindowManager: 	at android.view.ViewGroup.dispatchKeyEvent(ViewGroup.java:1667)
11-19 21:51:25.349  4588  4588 E WindowManager: 	at android.view.ViewGroup.dispatchKeyEvent(ViewGroup.java:1667)
11-19 21:51:25.349  4588  4588 E WindowManager: 	at android.view.ViewGroup.dispatchKeyEvent(ViewGroup.java:1667)
11-19 21:51:25.349  4588  4588 E WindowManager: 	at com.android.internal.policy.DecorView.superDispatchKeyEvent(DecorView.java:403)
11-19 21:51:25.349  4588  4588 E WindowManager: 	at com.android.internal.policy.PhoneWindow.superDispatchKeyEvent(PhoneWindow.java:1800)
11-19 21:51:25.349  4588  4588 E WindowManager: 	at android.app.Activity.dispatchKeyEvent(Activity.java:3021)
11-19 21:51:25.349  4588  4588 E WindowManager: 	at android.support.v7.view.n.dispatchKeyEvent(Unknown Source)
11-19 21:51:25.349  4588  4588 E WindowManager: 	at android.support.v7.a.y.dispatchKeyEvent(Unknown Source)
11-19 21:51:25.349  4588  4588 E WindowManager: 	at android.support.v7.view.n.dispatchKeyEvent(Unknown Source)
11-19 21:51:25.349  4588  4588 E WindowManager: 	at com.android.internal.policy.DecorView.dispatchKeyEvent(DecorView.java:317)
11-19 21:51:25.349  4588  4588 E WindowManager: 	at android.view.ViewRootImpl$ViewPostImeInputStage.processKeyEvent(ViewRootImpl.java:4327)
11-19 21:51:25.349  4588  4588 E WindowManager: 	at android.view.ViewRootImpl$ViewPostImeInputStage.onProcess(ViewRootImpl.java:4298)
11-19 21:51:25.349  4588  4588 E WindowManager: 	at android.view.ViewRootImpl$InputStage.deliver(ViewRootImpl.java:3849)
11-19 21:51:25.349  4588  4588 E WindowManager: 	at android.view.ViewRootImpl$InputStage.onDeliverToNext(ViewRootImpl.java:3902)
11-19 21:51:25.349  4588  4588 E WindowManager: 	at android.view.ViewRootImpl$InputStage.forward(ViewRootImpl.java:3868)
11-19 21:51:25.349  4588  4588 E WindowManager: 	at android.view.ViewRootImpl$AsyncInputStage.forward(ViewRootImpl.java:3995)
11-19 21:51:25.349  4588  4588 E WindowManager: 	at android.view.ViewRootImpl$InputStage.apply(ViewRootImpl.java:3876)
11-19 21:51:25.349  4588  4588 E WindowManager: 	at android.view.ViewRootImpl$AsyncInputStage.apply(ViewRootImpl.java:4052)
11-19 21:51:25.349  4588  4588 E WindowManager: 	at android.view.ViewRootImpl$InputStage.deliver(ViewRootImpl.java:3849)
11-19 21:51:25.349  4588  4588 E WindowManager: 	at android.view.ViewRootImpl$InputStage.onDeliverToNext(ViewRootImpl.java:3902)
11-19 21:51:25.349  4588  4588 E WindowManager: 	at android.view.ViewRootImpl$InputStage.forward(ViewRootImpl.java:3868)
11-19 21:51:25.349  4588  4588 E WindowManager: 	at android.view.ViewRootImpl$InputStage.apply(ViewRootImpl.java:3876)
11-19 21:51:25.349  4588  4588 E WindowManager: 	at android.view.ViewRootImpl$InputStage.deliver(ViewRootImpl.java:3849)
11-19 21:51:25.349  4588  4588 E WindowManager: 	at android.view.ViewRootImpl$InputStage.onDeliverToNext(ViewRootImpl.java:3902)
11-19 21:51:25.349  4588  4588 E WindowManager: 	at android.view.ViewRootImpl$InputStage.forward(ViewRootImpl.java:3868)
11-19 21:51:25.349  4588  4588 E WindowManager: 	at android.view.ViewRootImpl$AsyncInputStage.forward(ViewRootImpl.java:4028)
11-19 21:51:25.349  4588  4588 E WindowManager: 	at android.view.ViewRootImpl$ImeInputStage.onFinishedInputEvent(ViewRootImpl.java:4189)
11-19 21:51:25.349  4588  4588 E WindowManager: 	at android.view.inputmethod.InputMethodManager$PendingEvent.run(InputMethodManager.java:2365)
11-19 21:51:25.349  4588  4588 E WindowManager: 	at android.view.inputmethod.InputMethodManager.invokeFinishedInputEventCallback(InputMethodManager.java:1961)
11-19 21:51:25.349  4588  4588 E WindowManager: 	at android.view.inputmethod.InputMethodManager.finishedInputEvent(InputMethodManager.java:1952)
11-19 21:51:25.349  4588  4588 E WindowManager: 	at android.view.inputmethod.InputMethodManager$ImeInputEventSender.onInputEventFinished(InputMethodManager.java:2342)
11-19 21:51:25.349  4588  4588 E WindowManager: 	at android.view.InputEventSender.dispatchInputEventFinished(InputEventSender.java:141)
11-19 21:51:25.349  4588  4588 E WindowManager: 	at android.os.MessageQueue.nativePollOnce(Native Method)
11-19 21:51:25.349  4588  4588 E WindowManager: 	at android.os.MessageQueue.next(MessageQueue.java:323)
11-19 21:51:25.349  4588  4588 E WindowManager: 	at android.os.Looper.loop(Looper.java:136)
11-19 21:51:25.349  4588  4588 E WindowManager: 	at android.app.ActivityThread.main(ActivityThread.java:6077)
11-19 21:51:25.349  4588  4588 E WindowManager: 	at java.lang.reflect.Method.invoke(Native Method)
11-19 21:51:25.349  4588  4588 E WindowManager: 	at com.android.internal.os.ZygoteInit$MethodAndArgsCaller.run(ZygoteInit.java:866)
11-19 21:51:25.349  4588  4588 E WindowManager: 	at com.android.internal.os.ZygoteInit.main(ZygoteInit.java:756)
11-19 21:51:25.350  1588  1598 I WindowManager: Destroying surface Surface(name=net.alaindonesia.silectric/net.alaindonesia.silectric.ElectronicActivity) called by com.android.server.wm.WindowStateAnimator.destroySurface:2016 com.android.server.wm.WindowStateAnimator.destroySurfaceLocked:882 com.android.server.wm.WindowState.removeLocked:1456 com.android.server.wm.WindowManagerService.removeWindowInnerLocked:2484 com.android.server.wm.WindowManagerService.removeWindowLocked:2442 com.android.server.wm.WindowManagerService.removeWindowLocked:2311 com.android.server.wm.AppWindowToken.removeAllWindows:530 com.android.server.wm.AppWindowToken.removeAppFromTaskLocked:326 
11-19 21:51:25.353  1588  2784 W WindowManager: Failed looking up window
11-19 21:51:25.353  1588  2784 W WindowManager: java.lang.IllegalArgumentException: Requested window android.os.BinderProxy@4b17267 does not exist
11-19 21:51:25.353  1588  2784 W WindowManager: 	at com.android.server.wm.WindowManagerService.windowForClientLocked(WindowManagerService.java:9107)
11-19 21:51:25.353  1588  2784 W WindowManager: 	at com.android.server.wm.WindowManagerService.windowForClientLocked(WindowManagerService.java:9098)
11-19 21:51:25.353  1588  2784 W WindowManager: 	at com.android.server.wm.WindowManagerService.removeWindow(WindowManagerService.java:2302)
11-19 21:51:25.353  1588  2784 W WindowManager: 	at com.android.server.wm.Session.remove(Session.java:202)
11-19 21:51:25.353  1588  2784 W WindowManager: 	at android.view.IWindowSession$Stub.onTransact(IWindowSession.java:242)
11-19 21:51:25.353  1588  2784 W WindowManager: 	at com.android.server.wm.Session.onTransact(Session.java:145)
11-19 21:51:25.353  1588  2784 W WindowManager: 	at android.os.Binder.execTransact(Binder.java:565)
11-19 21:51:25.355  1588  1724 I ActivityManager: START u0 {cmp=net.alaindonesia.silectric/.ElectronicActivity (has extras)} from uid 10074 on display 0
11-19 21:51:25.575  4588  4603 D EGL_emulation: eglMakeCurrent: 0xad529440: ver 2 0 (tinfo 0xa39f1a10)
11-19 21:51:25.584  4588  4603 D EGL_emulation: eglMakeCurrent: 0xad529440: ver 2 0 (tinfo 0xa39f1a10)
11-19 21:51:25.590  1588  1608 I ActivityManager: Displayed net.alaindonesia.silectric/.ElectronicActivity: +215ms
11-19 21:51:25.610  4588  4603 D EGL_emulation: eglMakeCurrent: 0xad529440: ver 2 0 (tinfo 0xa39f1a10)
11-19 21:51:25.619  4588  4603 D EGL_emulation: eglMakeCurrent: 0xad529440: ver 2 0 (tinfo 0xa39f1a10)
11-19 21:51:25.643  4588  4603 D EGL_emulation: eglMakeCurrent: 0xad529440: ver 2 0 (tinfo 0xa39f1a10)
11-19 21:51:25.650  4588  4603 D EGL_emulation: eglMakeCurrent: 0xad529440: ver 2 0 (tinfo 0xa39f1a10)
11-19 21:51:25.660  1652  1652 W InputMethodService: Window size has been changed. This may cause jankiness of resizing window: -1 -> -2
11-19 21:51:25.689  1652  1652 I LatinIME: Starting input. Cursor position = 0,0
11-19 21:51:25.748  1652  3412 D EGL_emulation: eglMakeCurrent: 0xa1cc2780: ver 2 0 (tinfo 0x94cffc30)
11-19 21:51:25.780  4588  4588 W IInputConnectionWrapper: finishComposingText on inactive InputConnection
11-19 21:51:25.799  1652  1652 I LatinIME: Starting input. Cursor position = -1,-1
11-19 21:51:25.804  1652  1652 I InputAttributes: InputType.TYPE_NULL is specified
11-19 21:51:25.840  1652  1652 I LatinIME: Starting input. Cursor position = 0,0
11-19 21:51:25.844  4588  4588 W IInputConnectionWrapper: getSelectedText on inactive InputConnection
11-19 21:51:25.853  4588  4588 W IInputConnectionWrapper: requestCursorAnchorInfo on inactive InputConnection
11-19 21:51:25.853  4588  4588 W IInputConnectionWrapper: getTextBeforeCursor on inactive InputConnection
11-19 21:51:25.854  1652  1652 E RichInputConnection: Unable to connect to the editor to retrieve text.
11-19 21:51:25.854  1652  1652 D RichInputConnection: Will try to retrieve text later.
11-19 21:51:25.855  4588  4588 W IInputConnectionWrapper: getTextBeforeCursor on inactive InputConnection
11-19 21:51:25.855  1652  1652 E RichInputConnection: Unable to connect to the editor to retrieve text.
11-19 21:51:25.855  1652  1652 W RichInputConnection: Unable to connect to the editor. Setting caps mode without knowing text.
11-19 21:51:25.894  1652  1652 I LatinIME: Starting input. Cursor position = -1,-1
11-19 21:51:25.901  4588  4588 W IInputConnectionWrapper: finishComposingText on inactive InputConnection
11-19 21:51:25.908  1588  1933 I ActivityManager: START u0 {cmp=net.alaindonesia.silectric/.ElectronicListActivity} from uid 10074 on display 0
11-19 21:51:25.927  1588  1694 I WindowManager: Destroying surface Surface(name=net.alaindonesia.silectric/net.alaindonesia.silectric.ElectronicListActivity) called by com.android.server.wm.WindowStateAnimator.destroySurface:2016 com.android.server.wm.WindowStateAnimator.destroySurfaceLocked:882 com.android.server.wm.WindowState.removeLocked:1456 com.android.server.wm.WindowManagerService.removeWindowInnerLocked:2484 com.android.server.wm.WindowManagerService.removeWindowLocked:2442 com.android.server.wm.WindowManagerService.removeWindowLocked:2311 com.android.server.wm.WindowManagerService.removeWindow:2306 com.android.server.wm.Session.remove:202 
11-19 21:51:26.049  4588  4603 D EGL_emulation: eglMakeCurrent: 0xad529440: ver 2 0 (tinfo 0xa39f1a10)
11-19 21:51:26.057  4588  4603 D EGL_emulation: eglMakeCurrent: 0xad529440: ver 2 0 (tinfo 0xa39f1a10)
11-19 21:51:26.068  1588  1598 I ActivityManager: START u0 {act=android.intent.action.MAIN cat=[android.intent.category.LAUNCHER] flg=0x10200000 cmp=net.alaindonesia.silectric/.MainActivity} from uid 2000 on display 0
11-19 21:51:26.077  1588  1608 I ActivityManager: Displayed net.alaindonesia.silectric/.ElectronicListActivity: +155ms
11-19 21:51:26.086  4588  4603 D EGL_emulation: eglMakeCurrent: 0xad529440: ver 2 0 (tinfo 0xa39f1a10)
11-19 21:51:26.092  4588  4603 D EGL_emulation: eglMakeCurrent: 0xad529440: ver 2 0 (tinfo 0xa39f1a10)
11-19 21:51:26.106  4588  4603 D EGL_emulation: eglMakeCurrent: 0xad529440: ver 2 0 (tinfo 0xa39f1a10)
11-19 21:51:26.107  4588  4603 D OpenGLRenderer: endAllActiveAnimators on 0x93a86b80 (RippleDrawable) with handle 0x93bad7f0
11-19 21:51:26.122  4588  4603 D EGL_emulation: eglMakeCurrent: 0xad529440: ver 2 0 (tinfo 0xa39f1a10)
11-19 21:51:26.123  1652  1652 I InputAttributes: InputType.TYPE_NULL is specified
11-19 21:51:26.175  1652  1652 I LatinIME: Starting input. Cursor position = 0,0
11-19 21:51:26.194  4588  4588 W IInputConnectionWrapper: getSelectedText on inactive InputConnection
11-19 21:51:26.208  4588  4588 W IInputConnectionWrapper: requestCursorAnchorInfo on inactive InputConnection
11-19 21:51:26.225  4588  4588 W IInputConnectionWrapper: getTextBeforeCursor on inactive InputConnection
11-19 21:51:26.226  1652  1652 E RichInputConnection: Unable to connect to the editor to retrieve text.
11-19 21:51:26.226  1652  1652 D RichInputConnection: Will try to retrieve text later.
11-19 21:51:26.242  4588  4588 W IInputConnectionWrapper: getTextBeforeCursor on inactive InputConnection
11-19 21:51:26.242  1652  1652 E RichInputConnection: Unable to connect to the editor to retrieve text.
11-19 21:51:26.244  1652  1652 W RichInputConnection: Unable to connect to the editor. Setting caps mode without knowing text.
11-19 21:51:26.259  4588  4588 W IInputConnectionWrapper: getTextBeforeCursor on inactive InputConnection
11-19 21:51:26.260  1652  1652 E RichInputConnection: Unable to connect to the editor to retrieve text.
11-19 21:51:26.261  1652  1652 W RichInputConnection: Unable to connect to the editor. Setting caps mode without knowing text.
11-19 21:51:26.275  4588  4588 W IInputConnectionWrapper: beginBatchEdit on inactive InputConnection
11-19 21:51:26.275  4588  4588 W IInputConnectionWrapper: sendKeyEvent on inactive InputConnection
11-19 21:51:26.275  4588  4588 W IInputConnectionWrapper: sendKeyEvent on inactive InputConnection
11-19 21:51:26.275  4588  4588 W IInputConnectionWrapper: getTextAfterCursor on inactive InputConnection
11-19 21:51:26.292  4588  4588 W IInputConnectionWrapper: getTextBeforeCursor on inactive InputConnection
11-19 21:51:26.308  4588  4588 W IInputConnectionWrapper: getTextAfterCursor on inactive InputConnection
11-19 21:51:26.325  4588  4588 W IInputConnectionWrapper: getTextAfterCursor on inactive InputConnection
11-19 21:51:26.329  4588  4588 W IInputConnectionWrapper: getTextBeforeCursor on inactive InputConnection
11-19 21:51:26.330  4588  4588 W IInputConnectionWrapper: getTextAfterCursor on inactive InputConnection
11-19 21:51:26.330  4588  4588 W IInputConnectionWrapper: endBatchEdit on inactive InputConnection
11-19 21:51:26.330  4588  4588 W IInputConnectionWrapper: getTextBeforeCursor on inactive InputConnection
11-19 21:51:26.330  1652  1652 E RichInputConnection: Unable to connect to the editor to retrieve text.
11-19 21:51:26.331  1652  1652 W RichInputConnection: Unable to connect to the editor. Setting caps mode without knowing text.
11-19 21:51:26.331  4588  4588 W IInputConnectionWrapper: getTextBeforeCursor on inactive InputConnection
11-19 21:51:26.331  1652  1652 E RichInputConnection: Unable to connect to the editor to retrieve text.
11-19 21:51:26.331  1652  1652 W RichInputConnection: Unable to connect to the editor. Setting caps mode without knowing text.
11-19 21:51:26.331  4588  4588 W IInputConnectionWrapper: getTextBeforeCursor on inactive InputConnection
11-19 21:51:26.331  1652  1652 E RichInputConnection: Unable to connect to the editor to retrieve text.
11-19 21:51:26.331  1652  1652 W RichInputConnection: Unable to connect to the editor. Setting caps mode without knowing text.
11-19 21:51:26.350  1652  1652 I LatinIME: Starting input. Cursor position = -1,-1
11-19 21:51:26.350  4588  4588 W IInputConnectionWrapper: finishComposingText on inactive InputConnection
11-19 21:51:26.383  1652  1652 I InputAttributes: InputType.TYPE_NULL is specified
11-19 21:51:26.403  1660  1660 D PhoneStatusBar: disable: < expand ICONS* alerts SYSTEM_INFO* back home recent clock search quick_settings >
11-19 21:51:26.420  1652  1652 I LatinIME: Starting input. Cursor position = 0,0
11-19 21:51:26.446  4588  4588 W IInputConnectionWrapper: getSelectedText on inactive InputConnection
11-19 21:51:26.455  1588  1599 W ActivityManager: Duplicate finish request for ActivityRecord{1e5c357 u0 net.alaindonesia.silectric/.ElectronicActivity t21 f}
11-19 21:51:26.455  1588  1599 I ActivityManager: START u0 {act=android.intent.action.MAIN cat=[android.intent.category.LAUNCHER] cmp=net.alaindonesia.silectric/.MainActivity} from uid 10074 on display 0
11-19 21:51:26.464  1660  1834 D EGL_emulation: eglMakeCurrent: 0x94199fc0: ver 2 0 (tinfo 0xa3a48260)
11-19 21:51:26.479  1588  1933 I WindowManager: Destroying surface Surface(name=net.alaindonesia.silectric/net.alaindonesia.silectric.ElectronicActivity) called by com.android.server.wm.WindowStateAnimator.destroySurface:2016 com.android.server.wm.WindowStateAnimator.destroySurfaceLocked:882 com.android.server.wm.WindowState.removeLocked:1456 com.android.server.wm.WindowManagerService.removeWindowInnerLocked:2484 com.android.server.wm.WindowManagerService.removeWindowLocked:2442 com.android.server.wm.WindowManagerService.removeWindowLocked:2311 com.android.server.wm.WindowManagerService.removeWindow:2306 com.android.server.wm.Session.remove:202 
11-19 21:51:26.488  1588  2152 I ActivityManager: START u0 {cmp=net.alaindonesia.silectric/.ElectronicActivity (has extras)} from uid 10074 on display 0
11-19 21:51:26.490  1588  2152 W ActivityManager: startActivity called from finishing ActivityRecord{930999d u0 net.alaindonesia.silectric/.ElectronicListActivity t21 f}; forcing Intent.FLAG_ACTIVITY_NEW_TASK for: Intent { cmp=net.alaindonesia.silectric/.ElectronicActivity (has extras) }
11-19 21:51:26.497  1660  1660 D PhoneStatusBar: disable: < expand icons* alerts system_info* back home recent clock search quick_settings >
11-19 21:51:26.499  1660  1660 D PhoneStatusBar: disable: < expand ICONS* alerts SYSTEM_INFO* back home recent clock search quick_settings >
11-19 21:51:26.509  4588  4588 W IInputConnectionWrapper: requestCursorAnchorInfo on inactive InputConnection
11-19 21:51:26.529  1588  2152 W WindowManager: Force-removing child win Window{dfb891c u0 SubPanel:net.alaindonesia.silectric/net.alaindonesia.silectric.MainActivity} from container Window{aae8147 u0 net.alaindonesia.silectric/net.alaindonesia.silectric.MainActivity}
11-19 21:51:26.534  1660  1660 D PhoneStatusBar: disable: < expand icons* alerts system_info* back home recent clock search quick_settings >
11-19 21:51:26.535  1588  1724 W VibratorService: Tried to stop vibrating but there is no vibrator device.
11-19 21:51:26.536  4588  4588 E WindowManager: 
11-19 21:51:26.536  4588  4588 E WindowManager: android.view.WindowLeaked: Activity net.alaindonesia.silectric.MainActivity has leaked window android.support.v7.a.ap{ce7f49 V.E...... ......ID 0,0-819,276} that was originally added here
11-19 21:51:26.536  4588  4588 E WindowManager: 	at android.view.ViewRootImpl.<init>(ViewRootImpl.java:417)
11-19 21:51:26.536  4588  4588 E WindowManager: 	at android.view.WindowManagerGlobal.addView(WindowManagerGlobal.java:331)
11-19 21:51:26.536  4588  4588 E WindowManager: 	at android.view.WindowManagerImpl.addView(WindowManagerImpl.java:93)
11-19 21:51:26.536  4588  4588 E WindowManager: 	at android.support.v7.a.ae.a(Unknown Source)
11-19 21:51:26.536  4588  4588 E WindowManager: 	at android.support.v7.a.ae.e(Unknown Source)
11-19 21:51:26.536  4588  4588 E WindowManager: 	at android.support.v7.a.ae.b(Unknown Source)
11-19 21:51:26.536  4588  4588 E WindowManager: 	at android.support.v7.a.ae.a(Unknown Source)
11-19 21:51:26.536  4588  4588 E WindowManager: 	at android.support.v7.a.y.dispatchKeyEvent(Unknown Source)
11-19 21:51:26.536  4588  4588 E WindowManager: 	at android.support.v7.view.n.dispatchKeyEvent(Unknown Source)
11-19 21:51:26.536  4588  4588 E WindowManager: 	at com.android.internal.policy.DecorView.dispatchKeyEvent(DecorView.java:317)
11-19 21:51:26.536  4588  4588 E WindowManager: 	at android.view.ViewRootImpl$ViewPostImeInputStage.processKeyEvent(ViewRootImpl.java:4327)
11-19 21:51:26.536  4588  4588 E WindowManager: 	at android.view.ViewRootImpl$ViewPostImeInputStage.onProcess(ViewRootImpl.java:4298)
11-19 21:51:26.536  4588  4588 E WindowManager: 	at android.view.ViewRootImpl$InputStage.deliver(ViewRootImpl.java:3849)
11-19 21:51:26.536  4588  4588 E WindowManager: 	at android.view.ViewRootImpl$InputStage.onDeliverToNext(ViewRootImpl.java:3902)
11-19 21:51:26.536  4588  4588 E WindowManager: 	at android.view.ViewRootImpl$InputStage.forward(ViewRootImpl.java:3868)
11-19 21:51:26.536  4588  4588 E WindowManager: 	at android.view.ViewRootImpl$AsyncInputStage.forward(ViewRootImpl.java:3995)
11-19 21:51:26.536  4588  4588 E WindowManager: 	at android.view.ViewRootImpl$InputStage.apply(ViewRootImpl.java:3876)
11-19 21:51:26.536  4588  4588 E WindowManager: 	at android.view.ViewRootImpl$AsyncInputStage.apply(ViewRootImpl.java:4052)
11-19 21:51:26.536  4588  4588 E WindowManager: 	at android.view.ViewRootImpl$InputStage.deliver(ViewRootImpl.java:3849)
11-19 21:51:26.536  4588  4588 E WindowManager: 	at android.view.ViewRootImpl$InputStage.onDeliverToNext(ViewRootImpl.java:3902)
11-19 21:51:26.536  4588  4588 E WindowManager: 	at android.view.ViewRootImpl$InputStage.forward(ViewRootImpl.java:3868)
11-19 21:51:26.536  4588  4588 E WindowManager: 	at android.view.ViewRootImpl$InputStage.apply(ViewRootImpl.java:3876)
11-19 21:51:26.536  4588  4588 E WindowManager: 	at android.view.ViewRootImpl$InputStage.deliver(ViewRootImpl.java:3849)
11-19 21:51:26.536  4588  4588 E WindowManager: 	at android.view.ViewRootImpl$InputStage.onDeliverToNext(ViewRootImpl.java:3902)
11-19 21:51:26.536  4588  4588 E WindowManager: 	at android.view.ViewRootImpl$InputStage.forward(ViewRootImpl.java:3868)
11-19 21:51:26.536  4588  4588 E WindowManager: 	at android.view.ViewRootImpl$AsyncInputStage.forward(ViewRootImpl.java:4028)
11-19 21:51:26.536  4588  4588 E WindowManager: 	at android.view.ViewRootImpl$ImeInputStage.onFinishedInputEvent(ViewRootImpl.java:4189)
11-19 21:51:26.536  4588  4588 E WindowManager: 	at android.view.inputmethod.InputMethodManager$PendingEvent.run(InputMethodManager.java:2365)
11-19 21:51:26.536  4588  4588 E WindowManager: 	at android.view.inputmethod.InputMethodManager.invokeFinishedInputEventCallback(InputMethodManager.java:1961)
11-19 21:51:26.536  4588  4588 E WindowManager: 	at android.view.inputmethod.InputMethodManager.finishedInputEvent(InputMethodManager.java:1952)
11-19 21:51:26.536  4588  4588 E WindowManager: 	at android.view.inputmethod.InputMethodManager$ImeInputEventSender.onInputEventFinished(InputMethodManager.java:2342)
11-19 21:51:26.536  4588  4588 E WindowManager: 	at android.view.InputEventSender.dispatchInputEventFinished(InputEventSender.java:141)
11-19 21:51:26.536  4588  4588 E WindowManager: 	at android.os.MessageQueue.nativePollOnce(Native Method)
11-19 21:51:26.536  4588  4588 E WindowManager: 	at android.os.MessageQueue.next(MessageQueue.java:323)
11-19 21:51:26.536  4588  4588 E WindowManager: 	at android.os.Looper.loop(Looper.java:136)
11-19 21:51:26.536  4588  4588 E WindowManager: 	at android.app.ActivityThread.main(ActivityThread.java:6077)
11-19 21:51:26.536  4588  4588 E WindowManager: 	at java.lang.reflect.Method.invoke(Native Method)
11-19 21:51:26.536  4588  4588 E WindowManager: 	at com.android.internal.os.ZygoteInit$MethodAndArgsCaller.run(ZygoteInit.java:866)
11-19 21:51:26.536  4588  4588 E WindowManager: 	at com.android.internal.os.ZygoteInit.main(ZygoteInit.java:756)
11-19 21:51:26.537  1588  1599 W VibratorService: Tried to stop vibrating but there is no vibrator device.
11-19 21:51:26.537  1660  1660 D PhoneStatusBar: disable: < expand ICONS* alerts SYSTEM_INFO* back home recent clock search quick_settings >
11-19 21:51:26.544  4588  4588 W IInputConnectionWrapper: getTextBeforeCursor on inactive InputConnection
11-19 21:51:26.546  1652  1652 E RichInputConnection: Unable to connect to the editor to retrieve text.
11-19 21:51:26.546  1652  1652 D RichInputConnection: Will try to retrieve text later.
11-19 21:51:26.560  1660  1660 W ViewRootImpl[StatusBar]: Dropping event due to no window focus: KeyEvent { action=ACTION_DOWN, keyCode=KEYCODE_MENU, scanCode=0, metaState=0, flags=0x8, repeatCount=0, eventTime=1839392, downTime=1839392, deviceId=-1, source=0x101 }
11-19 21:51:26.570  1660  1660 W ViewRootImpl[StatusBar]: Cancelling event due to no window focus: KeyEvent { action=ACTION_UP, keyCode=KEYCODE_MENU, scanCode=0, metaState=0, flags=0x28, repeatCount=0, eventTime=1839516, downTime=1839516, deviceId=-1, source=0x101 }
11-19 21:51:26.570  1660  1660 W ViewRootImpl[StatusBar]: Cancelling event due to no window focus: KeyEvent { action=ACTION_UP, keyCode=KEYCODE_MENU, scanCode=0, metaState=0, flags=0x28, repeatCount=0, eventTime=1839516, downTime=1839516, deviceId=-1, source=0x101 }
11-19 21:51:26.571  1660  1660 W ViewRootImpl[StatusBar]: Cancelling event due to no window focus: KeyEvent { action=ACTION_UP, keyCode=KEYCODE_MENU, scanCode=0, metaState=0, flags=0x28, repeatCount=0, eventTime=1839516, downTime=1839516, deviceId=-1, source=0x101 }
11-19 21:51:26.571  1660  1660 W ViewRootImpl[StatusBar]: Cancelling event due to no window focus: KeyEvent { action=ACTION_UP, keyCode=KEYCODE_MENU, scanCode=0, metaState=0, flags=0x28, repeatCount=0, eventTime=1839516, downTime=1839516, deviceId=-1, source=0x101 }
11-19 21:51:26.571  1660  1660 W ViewRootImpl[StatusBar]: Cancelling event due to no window focus: KeyEvent { action=ACTION_UP, keyCode=KEYCODE_MENU, scanCode=0, metaState=0, flags=0x28, repeatCount=0, eventTime=1839516, downTime=1839516, deviceId=-1, source=0x101 }
11-19 21:51:26.571  1660  1660 W ViewRootImpl[StatusBar]: Cancelling event due to no window focus: KeyEvent { action=ACTION_UP, keyCode=KEYCODE_MENU, scanCode=0, metaState=0, flags=0x28, repeatCount=0, eventTime=1839516, downTime=1839516, deviceId=-1, source=0x101 }
11-19 21:51:26.571  1660  1660 W ViewRootImpl[StatusBar]: Cancelling event due to no window focus: KeyEvent { action=ACTION_UP, keyCode=KEYCODE_MENU, scanCode=0, metaState=0, flags=0x28, repeatCount=0, eventTime=1839516, downTime=1839516, deviceId=-1, source=0x101 }
11-19 21:51:26.571  1660  1660 W ViewRootImpl[StatusBar]: Cancelling event due to no window focus: KeyEvent { action=ACTION_UP, keyCode=KEYCODE_MENU, scanCode=0, metaState=0, flags=0x28, repeatCount=0, eventTime=1839516, downTime=1839516, deviceId=-1, source=0x101 }
11-19 21:51:26.571  1660  1660 W ViewRootImpl[StatusBar]: Cancelling event due to no window focus: KeyEvent { action=ACTION_UP, keyCode=KEYCODE_MENU, scanCode=0, metaState=0, flags=0x28, repeatCount=0, eventTime=1839516, downTime=1839516, deviceId=-1, source=0x101 }
11-19 21:51:26.595  1660  1660 W ViewRootImpl[StatusBar]: Dropping event due to no window focus: KeyEvent { action=ACTION_DOWN, keyCode=KEYCODE_DPAD_CENTER, scanCode=0, metaState=0, flags=0x8, repeatCount=0, eventTime=1839559, downTime=1839559, deviceId=-1, source=0x101 }
11-19 21:51:26.603  1660  1660 W ViewRootImpl[StatusBar]: Cancelling event due to no window focus: KeyEvent { action=ACTION_UP, keyCode=KEYCODE_DPAD_CENTER, scanCode=0, metaState=0, flags=0x28, repeatCount=0, eventTime=1839570, downTime=1839570, deviceId=-1, source=0x101 }
11-19 21:51:26.603  1660  1660 W ViewRootImpl[StatusBar]: Cancelling event due to no window focus: KeyEvent { action=ACTION_UP, keyCode=KEYCODE_DPAD_CENTER, scanCode=0, metaState=0, flags=0x28, repeatCount=0, eventTime=1839570, downTime=1839570, deviceId=-1, source=0x101 }
11-19 21:51:26.603  1660  1660 W ViewRootImpl[StatusBar]: Cancelling event due to no window focus: KeyEvent { action=ACTION_UP, keyCode=KEYCODE_DPAD_CENTER, scanCode=0, metaState=0, flags=0x28, repeatCount=0, eventTime=1839570, downTime=1839570, deviceId=-1, source=0x101 }
11-19 21:51:26.603  1660  1660 W ViewRootImpl[StatusBar]: Cancelling event due to no window focus: KeyEvent { action=ACTION_UP, keyCode=KEYCODE_DPAD_CENTER, scanCode=0, metaState=0, flags=0x28, repeatCount=0, eventTime=1839570, downTime=1839570, deviceId=-1, source=0x101 }
11-19 21:51:26.603  1660  1660 W ViewRootImpl[StatusBar]: Cancelling event due to no window focus: KeyEvent { action=ACTION_UP, keyCode=KEYCODE_DPAD_CENTER, scanCode=0, metaState=0, flags=0x28, repeatCount=0, eventTime=1839570, downTime=1839570, deviceId=-1, source=0x101 }
11-19 21:51:26.603  1660  1660 W ViewRootImpl[StatusBar]: Cancelling event due to no window focus: KeyEvent { action=ACTION_UP, keyCode=KEYCODE_DPAD_CENTER, scanCode=0, metaState=0, flags=0x28, repeatCount=0, eventTime=1839570, downTime=1839570, deviceId=-1, source=0x101 }
11-19 21:51:26.603  1660  1660 W ViewRootImpl[StatusBar]: Cancelling event due to no window focus: KeyEvent { action=ACTION_UP, keyCode=KEYCODE_DPAD_CENTER, scanCode=0, metaState=0, flags=0x28, repeatCount=0, eventTime=1839570, downTime=1839570, deviceId=-1, source=0x101 }
11-19 21:51:26.603  1660  1660 W ViewRootImpl[StatusBar]: Cancelling event due to no window focus: KeyEvent { action=ACTION_UP, keyCode=KEYCODE_DPAD_CENTER, scanCode=0, metaState=0, flags=0x28, repeatCount=0, eventTime=1839570, downTime=1839570, deviceId=-1, source=0x101 }
11-19 21:51:26.603  1660  1660 W ViewRootImpl[StatusBar]: Cancelling event due to no window focus: KeyEvent { action=ACTION_UP, keyCode=KEYCODE_DPAD_CENTER, scanCode=0, metaState=0, flags=0x28, repeatCount=0, eventTime=1839570, downTime=1839570, deviceId=-1, source=0x101 }
11-19 21:51:26.606  1660  1660 W ViewRootImpl[StatusBar]: Dropping event due to no window focus: KeyEvent { action=ACTION_DOWN, keyCode=KEYCODE_DPAD_UP, scanCode=0, metaState=0, flags=0x8, repeatCount=0, eventTime=1839578, downTime=1839578, deviceId=-1, source=0x101 }
11-19 21:51:26.606  1660  1660 W ViewRootImpl[StatusBar]: Cancelling event due to no window focus: KeyEvent { action=ACTION_UP, keyCode=KEYCODE_DPAD_UP, scanCode=0, metaState=0, flags=0x28, repeatCount=0, eventTime=1839581, downTime=1839581, deviceId=-1, source=0x101 }
11-19 21:51:26.606  1660  1660 W ViewRootImpl[StatusBar]: Cancelling event due to no window focus: KeyEvent { action=ACTION_UP, keyCode=KEYCODE_DPAD_UP, scanCode=0, metaState=0, flags=0x28, repeatCount=0, eventTime=1839581, downTime=1839581, deviceId=-1, source=0x101 }
11-19 21:51:26.606  1660  1660 W ViewRootImpl[StatusBar]: Cancelling event due to no window focus: KeyEvent { action=ACTION_UP, keyCode=KEYCODE_DPAD_UP, scanCode=0, metaState=0, flags=0x28, repeatCount=0, eventTime=1839581, downTime=1839581, deviceId=-1, source=0x101 }
11-19 21:51:26.606  1660  1660 W ViewRootImpl[StatusBar]: Cancelling event due to no window focus: KeyEvent { action=ACTION_UP, keyCode=KEYCODE_DPAD_UP, scanCode=0, metaState=0, flags=0x28, repeatCount=0, eventTime=1839581, downTime=1839581, deviceId=-1, source=0x101 }
11-19 21:51:26.606  1660  1660 W ViewRootImpl[StatusBar]: Cancelling event due to no window focus: KeyEvent { action=ACTION_UP, keyCode=KEYCODE_DPAD_UP, scanCode=0, metaState=0, flags=0x28, repeatCount=0, eventTime=1839581, downTime=1839581, deviceId=-1, source=0x101 }
11-19 21:51:26.606  1660  1660 W ViewRootImpl[StatusBar]: Cancelling event due to no window focus: KeyEvent { action=ACTION_UP, keyCode=KEYCODE_DPAD_UP, scanCode=0, metaState=0, flags=0x28, repeatCount=0, eventTime=1839581, downTime=1839581, deviceId=-1, source=0x101 }
11-19 21:51:26.606  1660  1660 W ViewRootImpl[StatusBar]: Cancelling event due to no window focus: KeyEvent { action=ACTION_UP, keyCode=KEYCODE_DPAD_UP, scanCode=0, metaState=0, flags=0x28, repeatCount=0, eventTime=1839581, downTime=1839581, deviceId=-1, source=0x101 }
11-19 21:51:26.606  1660  1660 W ViewRootImpl[StatusBar]: Cancelling event due to no window focus: KeyEvent { action=ACTION_UP, keyCode=KEYCODE_DPAD_UP, scanCode=0, metaState=0, flags=0x28, repeatCount=0, eventTime=1839581, downTime=1839581, deviceId=-1, source=0x101 }
11-19 21:51:26.606  1660  1660 W ViewRootImpl[StatusBar]: Cancelling event due to no window focus: KeyEvent { action=ACTION_UP, keyCode=KEYCODE_DPAD_UP, scanCode=0, metaState=0, flags=0x28, repeatCount=0, eventTime=1839581, downTime=1839581, deviceId=-1, source=0x101 }
11-19 21:51:26.606  1660  1660 W ViewRootImpl[StatusBar]: Dropping event due to no window focus: KeyEvent { action=ACTION_DOWN, keyCode=KEYCODE_EQUALS, scanCode=0, metaState=0, flags=0x8, repeatCount=0, eventTime=1839581, downTime=1839581, deviceId=-1, source=0x101 }
11-19 21:51:26.614  1588  2186 W WindowManager: Failed looking up window
11-19 21:51:26.614  1588  2186 W WindowManager: java.lang.IllegalArgumentException: Requested window android.os.BinderProxy@4cd728f does not exist
11-19 21:51:26.614  1588  2186 W WindowManager: 	at com.android.server.wm.WindowManagerService.windowForClientLocked(WindowManagerService.java:9107)
11-19 21:51:26.614  1588  2186 W WindowManager: 	at com.android.server.wm.WindowManagerService.windowForClientLocked(WindowManagerService.java:9098)
11-19 21:51:26.614  1588  2186 W WindowManager: 	at com.android.server.wm.WindowManagerService.removeWindow(WindowManagerService.java:2302)
11-19 21:51:26.614  1588  2186 W WindowManager: 	at com.android.server.wm.Session.remove(Session.java:202)
11-19 21:51:26.614  1588  2186 W WindowManager: 	at android.view.IWindowSession$Stub.onTransact(IWindowSession.java:242)
11-19 21:51:26.614  1588  2186 W WindowManager: 	at com.android.server.wm.Session.onTransact(Session.java:145)
11-19 21:51:26.614  1588  2186 W WindowManager: 	at android.os.Binder.execTransact(Binder.java:565)
11-19 21:51:26.618  4588  4588 W IInputConnectionWrapper: getTextBeforeCursor on inactive InputConnection
11-19 21:51:26.625  1652  1652 E RichInputConnection: Unable to connect to the editor to retrieve text.
11-19 21:51:26.625  1652  1652 W RichInputConnection: Unable to connect to the editor. Setting caps mode without knowing text.
11-19 21:51:26.651  1588  1724 I ActivityManager: START u0 {cmp=com.google.android.googlequicksearchbox/com.google.android.apps.gsa.velvet.ui.settings.SettingsActivity} from uid 10028 on display 0
11-19 21:51:26.654  1660  1660 W ViewRootImpl[StatusBar]: Dropping event due to no window focus: MotionEvent { action=ACTION_MOVE, actionButton=0, id[0]=0, x[0]=3.0, y[0]=4.0, toolType[0]=TOOL_TYPE_UNKNOWN, buttonState=0, metaState=0, flags=0x0, edgeFlags=0x0, pointerCount=1, historySize=4, eventTime=1839598, downTime=-1, deviceId=0, source=0x10004 }
11-19 21:51:26.724  1588  1694 I ActivityManager: START u0 {act=android.intent.action.MAIN cat=[android.intent.category.LAUNCHER] flg=0x10200000 cmp=net.alaindonesia.silectric/.MainActivity} from uid 2000 on display 0
11-19 21:51:26.725  4588  4603 D EGL_emulation: eglMakeCurrent: 0xad529440: ver 2 0 (tinfo 0xa39f1a10)
11-19 21:51:26.752  4588  4603 D EGL_emulation: eglMakeCurrent: 0xad529440: ver 2 0 (tinfo 0xa39f1a10)
11-19 21:51:26.807  4588  4588 W IInputConnectionWrapper: getTextBeforeCursor on inactive InputConnection
11-19 21:51:26.808  1652  1652 E RichInputConnection: Unable to connect to the editor to retrieve text.
11-19 21:51:26.808  1652  1652 W RichInputConnection: Unable to connect to the editor. Setting caps mode without knowing text.
11-19 21:51:26.837  1588  1608 I ActivityManager: Displayed net.alaindonesia.silectric/.ElectronicActivity: +327ms
11-19 21:51:26.877  4588  4603 D EGL_emulation: eglMakeCurrent: 0xad529440: ver 2 0 (tinfo 0xa39f1a10)
11-19 21:51:26.895  4588  4603 D EGL_emulation: eglMakeCurrent: 0xad529440: ver 2 0 (tinfo 0xa39f1a10)
11-19 21:51:26.932  4588  4588 W IInputConnectionWrapper: beginBatchEdit on inactive InputConnection
11-19 21:51:26.932  4588  4588 W IInputConnectionWrapper: getTextAfterCursor on inactive InputConnection
11-19 21:51:26.998  1652  1652 I LatinIME: Starting input. Cursor position = -1,-1
11-19 21:51:27.007  4588  4603 D EGL_emulation: eglMakeCurrent: 0xad529440: ver 2 0 (tinfo 0xa39f1a10)
11-19 21:51:27.012  4588  4603 D EGL_emulation: eglMakeCurrent: 0xad529440: ver 2 0 (tinfo 0xa39f1a10)
11-19 21:51:27.071  1660  1660 D PhoneStatusBar: disable: < expand icons* alerts system_info* back home recent clock search quick_settings >
11-19 21:51:27.080  4588  4603 D EGL_emulation: eglMakeCurrent: 0xad529440: ver 2 0 (tinfo 0xa39f1a10)
11-19 21:51:27.082  4588  4603 D OpenGLRenderer: endAllActiveAnimators on 0x93b8f080 (RippleDrawable) with handle 0x93cf4510
11-19 21:51:27.111  1588  1933 I WindowManager: Destroying surface Surface(name=net.alaindonesia.silectric/net.alaindonesia.silectric.ElectronicListActivity) called by com.android.server.wm.WindowStateAnimator.destroySurface:2016 com.android.server.wm.WindowStateAnimator.destroySurfaceLocked:882 com.android.server.wm.WindowState.destroyOrSaveSurface:2100 com.android.server.wm.WindowManagerService.tryStartExitingAnimation:3024 com.android.server.wm.WindowManagerService.relayoutWindow:2904 com.android.server.wm.Session.relayout:224 android.view.IWindowSession$Stub.onTransact:286 com.android.server.wm.Session.onTransact:145 
11-19 21:51:27.112  1660  1834 D EGL_emulation: eglMakeCurrent: 0x94199fc0: ver 2 0 (tinfo 0xa3a48260)
11-19 21:51:27.118  4588  4588 W IInputConnectionWrapper: setComposingText on inactive InputConnection
11-19 21:51:27.118  4588  4588 W IInputConnectionWrapper: endBatchEdit on inactive InputConnection
11-19 21:51:27.118  4588  4588 W IInputConnectionWrapper: finishComposingText on inactive InputConnection
11-19 21:51:27.119  4588  4603 D EGL_emulation: eglMakeCurrent: 0xad529440: ver 2 0 (tinfo 0xa39f1a10)
11-19 21:51:27.121  4588  4588 W IInputConnectionWrapper: finishComposingText on inactive InputConnection
11-19 21:51:27.125  1652  1652 I InputAttributes: InputType.TYPE_NULL is specified
11-19 21:51:27.127  1660  1834 D EGL_emulation: eglMakeCurrent: 0x94199fc0: ver 2 0 (tinfo 0xa3a48260)
11-19 21:51:27.133  1652  1652 W InputMethodService: Window size has been changed. This may cause jankiness of resizing window: -1 -> -2
11-19 21:51:27.134  1588  1694 I ActivityManager: START u0 {flg=0x10800000 cmp=com.android.inputmethod.latin/.permissions.PermissionsActivity (has extras)} from uid 10056 on display 0
11-19 21:51:27.137  1652  1652 I Choreographer: Skipped 44 frames!  The application may be doing too much work on its main thread.
11-19 21:51:27.138  1652  3412 D EGL_emulation: eglMakeCurrent: 0xa1cc2780: ver 2 0 (tinfo 0x94cffc30)
11-19 21:51:27.142  1660  1660 D PhoneStatusBar: disable: < expand ICONS* alerts SYSTEM_INFO* back home recent clock search quick_settings >
11-19 21:51:27.144  1588  1598 W VibratorService: Tried to stop vibrating but there is no vibrator device.
11-19 21:51:27.164  1660  1834 D EGL_emulation: eglMakeCurrent: 0x94199fc0: ver 2 0 (tinfo 0xa3a48260)
11-19 21:51:27.186  1652  1652 W InputMethodService: Window size has been changed. This may cause jankiness of resizing window: -1 -> -2
11-19 21:51:27.186  1660  1834 D EGL_emulation: eglMakeCurrent: 0x94199fc0: ver 2 0 (tinfo 0xa3a48260)
11-19 21:51:27.188  1652  1735 I LatinIME:LogUtils: Dictionary info: dictionary = spellcheck_userunigram.en_US ; version = 1511146287 ; date = ?
11-19 21:51:27.199  1652  1735 I LatinIME:LogUtils: Dictionary info: dictionary = main:en ; version = 54 ; date = 1414726273
11-19 21:51:27.218  1660  1660 W ViewRootImpl[StatusBar]: Dropping event due to no window focus: KeyEvent { action=ACTION_DOWN, keyCode=KEYCODE_DPAD_UP, scanCode=0, metaState=0, flags=0x8, repeatCount=0, eventTime=1840125, downTime=1840125, deviceId=-1, source=0x101 }
11-19 21:51:27.220  1660  1660 W ViewRootImpl[StatusBar]: Cancelling event due to no window focus: KeyEvent { action=ACTION_UP, keyCode=KEYCODE_DPAD_UP, scanCode=0, metaState=0, flags=0x28, repeatCount=0, eventTime=1840136, downTime=1840136, deviceId=-1, source=0x101 }
11-19 21:51:27.220  1660  1660 W ViewRootImpl[StatusBar]: Cancelling event due to no window focus: KeyEvent { action=ACTION_UP, keyCode=KEYCODE_DPAD_UP, scanCode=0, metaState=0, flags=0x28, repeatCount=0, eventTime=1840136, downTime=1840136, deviceId=-1, source=0x101 }
11-19 21:51:27.220  1660  1660 W ViewRootImpl[StatusBar]: Cancelling event due to no window focus: KeyEvent { action=ACTION_UP, keyCode=KEYCODE_DPAD_UP, scanCode=0, metaState=0, flags=0x28, repeatCount=0, eventTime=1840136, downTime=1840136, deviceId=-1, source=0x101 }
11-19 21:51:27.220  1660  1660 W ViewRootImpl[StatusBar]: Cancelling event due to no window focus: KeyEvent { action=ACTION_UP, keyCode=KEYCODE_DPAD_UP, scanCode=0, metaState=0, flags=0x28, repeatCount=0, eventTime=1840136, downTime=1840136, deviceId=-1, source=0x101 }
11-19 21:51:27.220  1660  1660 W ViewRootImpl[StatusBar]: Cancelling event due to no window focus: KeyEvent { action=ACTION_UP, keyCode=KEYCODE_DPAD_UP, scanCode=0, metaState=0, flags=0x28, repeatCount=0, eventTime=1840136, downTime=1840136, deviceId=-1, source=0x101 }
11-19 21:51:27.220  1660  1660 W ViewRootImpl[StatusBar]: Cancelling event due to no window focus: KeyEvent { action=ACTION_UP, keyCode=KEYCODE_DPAD_UP, scanCode=0, metaState=0, flags=0x28, repeatCount=0, eventTime=1840136, downTime=1840136, deviceId=-1, source=0x101 }
11-19 21:51:27.220  1660  1660 W ViewRootImpl[StatusBar]: Cancelling event due to no window focus: KeyEvent { action=ACTION_UP, keyCode=KEYCODE_DPAD_UP, scanCode=0, metaState=0, flags=0x28, repeatCount=0, eventTime=1840136, downTime=1840136, deviceId=-1, source=0x101 }
11-19 21:51:27.220  1660  1660 W ViewRootImpl[StatusBar]: Cancelling event due to no window focus: KeyEvent { action=ACTION_UP, keyCode=KEYCODE_DPAD_UP, scanCode=0, metaState=0, flags=0x28, repeatCount=0, eventTime=1840136, downTime=1840136, deviceId=-1, source=0x101 }
11-19 21:51:27.220  1660  1660 W ViewRootImpl[StatusBar]: Cancelling event due to no window focus: KeyEvent { action=ACTION_UP, keyCode=KEYCODE_DPAD_UP, scanCode=0, metaState=0, flags=0x28, repeatCount=0, eventTime=1840136, downTime=1840136, deviceId=-1, source=0x101 }
11-19 21:51:27.221  1660  1660 W ViewRootImpl[StatusBar]: Dropping event due to no window focus: KeyEvent { action=ACTION_DOWN, keyCode=KEYCODE_TAB, scanCode=0, metaState=0, flags=0x8, repeatCount=0, eventTime=1840195, downTime=1840195, deviceId=-1, source=0x101 }
11-19 21:51:27.225  1652  1652 I LatinIME: Starting input. Cursor position = 0,0
11-19 21:51:27.253  1660  1834 D EGL_emulation: eglMakeCurrent: 0x94199fc0: ver 2 0 (tinfo 0xa3a48260)
11-19 21:51:27.257  1660  1660 W ViewRootImpl[StatusBar]: Cancelling event due to no window focus: KeyEvent { action=ACTION_UP, keyCode=KEYCODE_TAB, scanCode=0, metaState=0, flags=0x28, repeatCount=0, eventTime=1840196, downTime=1840196, deviceId=-1, source=0x101 }
11-19 21:51:27.258  1660  1660 W ViewRootImpl[StatusBar]: Cancelling event due to no window focus: KeyEvent { action=ACTION_UP, keyCode=KEYCODE_TAB, scanCode=0, metaState=0, flags=0x28, repeatCount=0, eventTime=1840196, downTime=1840196, deviceId=-1, source=0x101 }
11-19 21:51:27.258  1660  1660 W ViewRootImpl[StatusBar]: Cancelling event due to no window focus: KeyEvent { action=ACTION_UP, keyCode=KEYCODE_TAB, scanCode=0, metaState=0, flags=0x28, repeatCount=0, eventTime=1840196, downTime=1840196, deviceId=-1, source=0x101 }
11-19 21:51:27.258  1660  1660 W ViewRootImpl[StatusBar]: Cancelling event due to no window focus: KeyEvent { action=ACTION_UP, keyCode=KEYCODE_TAB, scanCode=0, metaState=0, flags=0x28, repeatCount=0, eventTime=1840196, downTime=1840196, deviceId=-1, source=0x101 }
11-19 21:51:27.258  1660  1660 W ViewRootImpl[StatusBar]: Cancelling event due to no window focus: KeyEvent { action=ACTION_UP, keyCode=KEYCODE_TAB, scanCode=0, metaState=0, flags=0x28, repeatCount=0, eventTime=1840196, downTime=1840196, deviceId=-1, source=0x101 }
11-19 21:51:27.258  1660  1660 W ViewRootImpl[StatusBar]: Cancelling event due to no window focus: KeyEvent { action=ACTION_UP, keyCode=KEYCODE_TAB, scanCode=0, metaState=0, flags=0x28, repeatCount=0, eventTime=1840196, downTime=1840196, deviceId=-1, source=0x101 }
11-19 21:51:27.258  1660  1660 W ViewRootImpl[StatusBar]: Cancelling event due to no window focus: KeyEvent { action=ACTION_UP, keyCode=KEYCODE_TAB, scanCode=0, metaState=0, flags=0x28, repeatCount=0, eventTime=1840196, downTime=1840196, deviceId=-1, source=0x101 }
11-19 21:51:27.258  1660  1660 W ViewRootImpl[StatusBar]: Cancelling event due to no window focus: KeyEvent { action=ACTION_UP, keyCode=KEYCODE_TAB, scanCode=0, metaState=0, flags=0x28, repeatCount=0, eventTime=1840196, downTime=1840196, deviceId=-1, source=0x101 }
11-19 21:51:27.258  1660  1660 W ViewRootImpl[StatusBar]: Cancelling event due to no window focus: KeyEvent { action=ACTION_UP, keyCode=KEYCODE_TAB, scanCode=0, metaState=0, flags=0x28, repeatCount=0, eventTime=1840196, downTime=1840196, deviceId=-1, source=0x101 }
