11-19 21:48:41.902  1588  1940 I chatty  : uid=1000(system) Binder:1588_6 expire 10 lines
11-19 21:48:42.024  1308  1308 W SurfaceFlinger: couldn't log to binary event log: overflow.
11-19 21:48:42.112  1660  1660 I vol.Events: writeEvent show_dialog volume_changed keyguard=false
11-19 21:48:42.113  1660  1660 D PhoneStatusBar: disable: < expand ICONS* alerts SYSTEM_INFO* back home recent clock search quick_settings >
11-19 21:48:42.149  1660  1834 D EGL_emulation: eglMakeCurrent: 0x94199fc0: ver 2 0 (tinfo 0xa3a48260)
11-19 21:48:42.173  2227  2257 I MusicPlaybackService: onMediaButtonEvent: Intent { act=android.intent.action.MEDIA_BUTTON (has extras) }
11-19 21:48:42.176  2227  2227 I MusicPlaybackService: onStartCommand com.android.music.musicservicecommand / pause
11-19 21:48:42.176  2227  2227 I DevicePlayback: pause: transient=false, currentPos=-1
11-19 21:48:42.176  1660  1834 D EGL_emulation: eglMakeCurrent: 0x94199fc0: ver 2 0 (tinfo 0xa3a48260)
11-19 21:48:42.191  2227  2257 I MusicPlaybackService: onMediaButtonEvent: Intent { act=android.intent.action.MEDIA_BUTTON (has extras) }
11-19 21:48:42.240  1660  1834 D EGL_emulation: eglMakeCurrent: 0x94199fc0: ver 2 0 (tinfo 0xa3a48260)
11-19 21:48:42.249  1660  1834 D EGL_emulation: eglMakeCurrent: 0x94199fc0: ver 2 0 (tinfo 0xa3a48260)
11-19 21:48:42.258  1660  1660 D PhoneStatusBar: disable: < expand icons* alerts system_info* back home recent clock search quick_settings >
11-19 21:48:42.263  1660  1834 D EGL_emulation: eglMakeCurrent: 0x94199fc0: ver 2 0 (tinfo 0xa3a48260)
11-19 21:48:42.323  1660  1834 D EGL_emulation: eglMakeCurrent: 0x94199fc0: ver 2 0 (tinfo 0xa3a48260)
11-19 21:48:42.358  1660  1834 D EGL_emulation: eglMakeCurrent: 0x94199fc0: ver 2 0 (tinfo 0xa3a48260)
11-19 21:48:42.365  1660  1834 D EGL_emulation: eglMakeCurrent: 0x94199fc0: ver 2 0 (tinfo 0xa3a48260)
11-19 21:48:42.371  1660  1834 D EGL_emulation: eglMakeCurrent: 0x94199fc0: ver 2 0 (tinfo 0xa3a48260)
11-19 21:48:42.391  1660  1834 D EGL_emulation: eglMakeCurrent: 0x94199fc0: ver 2 0 (tinfo 0xa3a48260)
11-19 21:48:42.399  1660  1834 D EGL_emulation: eglMakeCurrent: 0x94199fc0: ver 2 0 (tinfo 0xa3a48260)
11-19 21:48:42.408  1660  1834 D EGL_emulation: eglMakeCurrent: 0x94199fc0: ver 2 0 (tinfo 0xa3a48260)
11-19 21:48:42.416  1660  1834 D EGL_emulation: eglMakeCurrent: 0x94199fc0: ver 2 0 (tinfo 0xa3a48260)
11-19 21:48:42.425  1660  1834 D EGL_emulation: eglMakeCurrent: 0x94199fc0: ver 2 0 (tinfo 0xa3a48260)
11-19 21:48:42.432  1660  1834 D EGL_emulation: eglMakeCurrent: 0x94199fc0: ver 2 0 (tinfo 0xa3a48260)
11-19 21:48:42.442  1660  1834 D EGL_emulation: eglMakeCurrent: 0x94199fc0: ver 2 0 (tinfo 0xa3a48260)
11-19 21:48:42.450  1660  1834 D EGL_emulation: eglMakeCurrent: 0x94199fc0: ver 2 0 (tinfo 0xa3a48260)
11-19 21:48:42.458  1660  1834 D EGL_emulation: eglMakeCurrent: 0x94199fc0: ver 2 0 (tinfo 0xa3a48260)
11-19 21:48:42.465  1660  1834 D EGL_emulation: eglMakeCurrent: 0x94199fc0: ver 2 0 (tinfo 0xa3a48260)
11-19 21:48:42.476  1660  1834 D EGL_emulation: eglMakeCurrent: 0x94199fc0: ver 2 0 (tinfo 0xa3a48260)
11-19 21:48:42.486  1660  1834 D EGL_emulation: eglMakeCurrent: 0x94199fc0: ver 2 0 (tinfo 0xa3a48260)
11-19 21:48:42.499  1660  1834 D EGL_emulation: eglMakeCurrent: 0x94199fc0: ver 2 0 (tinfo 0xa3a48260)
11-19 21:48:42.509  1660  1834 D EGL_emulation: eglMakeCurrent: 0x94199fc0: ver 2 0 (tinfo 0xa3a48260)
11-19 21:48:42.527  1660  1834 D EGL_emulation: eglMakeCurrent: 0x94199fc0: ver 2 0 (tinfo 0xa3a48260)
11-19 21:48:42.537  1660  1834 D EGL_emulation: eglMakeCurrent: 0x94199fc0: ver 2 0 (tinfo 0xa3a48260)
11-19 21:48:42.542  1660  1834 D EGL_emulation: eglMakeCurrent: 0x94199fc0: ver 2 0 (tinfo 0xa3a48260)
11-19 21:48:42.549  1660  1834 D EGL_emulation: eglMakeCurrent: 0x94199fc0: ver 2 0 (tinfo 0xa3a48260)
11-19 21:48:42.559  1660  1834 D EGL_emulation: eglMakeCurrent: 0x94199fc0: ver 2 0 (tinfo 0xa3a48260)
11-19 21:48:42.566  1660  1834 D EGL_emulation: eglMakeCurrent: 0x94199fc0: ver 2 0 (tinfo 0xa3a48260)
11-19 21:48:42.575  1660  1834 D EGL_emulation: eglMakeCurrent: 0x94199fc0: ver 2 0 (tinfo 0xa3a48260)
11-19 21:48:42.578  1660  1834 D EGL_emulation: eglMakeCurrent: 0x94199fc0: ver 2 0 (tinfo 0xa3a48260)
11-19 21:48:42.597  1660  1834 D EGL_emulation: eglMakeCurrent: 0x94199fc0: ver 2 0 (tinfo 0xa3a48260)
11-19 21:48:42.607  1660  1834 D EGL_emulation: eglMakeCurrent: 0x94199fc0: ver 2 0 (tinfo 0xa3a48260)
11-19 21:48:42.614  1660  1834 D EGL_emulation: eglMakeCurrent: 0x94199fc0: ver 2 0 (tinfo 0xa3a48260)
11-19 21:48:42.621  1660  1834 D EGL_emulation: eglMakeCurrent: 0x94199fc0: ver 2 0 (tinfo 0xa3a48260)
11-19 21:48:42.628  1660  1834 D EGL_emulation: eglMakeCurrent: 0x94199fc0: ver 2 0 (tinfo 0xa3a48260)
11-19 21:48:42.638  1660  1834 D EGL_emulation: eglMakeCurrent: 0x94199fc0: ver 2 0 (tinfo 0xa3a48260)
11-19 21:48:42.643  1660  1834 D EGL_emulation: eglMakeCurrent: 0x94199fc0: ver 2 0 (tinfo 0xa3a48260)
11-19 21:48:42.697  1588  2152 I chatty  : uid=1000(system) Binder:1588_8 expire 5 lines
11-19 21:48:42.702  1660  1660 I vol.Events: writeEvent dismiss_dialog touch_outside
11-19 21:48:42.703  1660  1774 I vol.Events: writeEvent active_stream_changed UNKNOWN_STREAM_-1
11-19 21:48:42.714  1660  1834 D EGL_emulation: eglMakeCurrent: 0x94199fc0: ver 2 0 (tinfo 0xa3a48260)
11-19 21:48:42.844  1588  1694 I chatty  : uid=1000(system) Binder:1588_3 expire 3 lines
11-19 21:48:42.874  1308  1308 W SurfaceFlinger: couldn't log to binary event log: overflow.
11-19 21:48:42.996  3716  4348 I chatty  : uid=10075(es.usc.citius.servando.calendula) expire 2 lines
11-19 21:48:43.022  1660  1834 D EGL_emulation: eglMakeCurrent: 0x94199fc0: ver 2 0 (tinfo 0xa3a48260)
11-19 21:48:43.055  3716  3741 I chatty  : uid=10075(es.usc.citius.servando.calendula) RenderThread expire 13 lines
11-19 21:48:43.160  3716  4348 I chatty  : uid=10075(es.usc.citius.servando.calendula) expire 1 line
11-19 21:48:43.188  3716  3741 I chatty  : uid=10075(es.usc.citius.servando.calendula) RenderThread expire 9 lines
11-19 21:48:43.251  3716  4348 I chatty  : uid=10075(es.usc.citius.servando.calendula) expire 1 line
11-19 21:48:43.272  3716  3741 I chatty  : uid=10075(es.usc.citius.servando.calendula) RenderThread expire 14 lines
11-19 21:48:43.370  3716  4348 I chatty  : uid=10075(es.usc.citius.servando.calendula) expire 1 line
11-19 21:48:43.388  3716  3741 I chatty  : uid=10075(es.usc.citius.servando.calendula) RenderThread expire 8 lines
11-19 21:48:43.447  3716  4348 I chatty  : uid=10075(es.usc.citius.servando.calendula) expire 1 line
11-19 21:48:43.474  3716  3741 I chatty  : uid=10075(es.usc.citius.servando.calendula) RenderThread expire 5 lines
11-19 21:48:43.524  3716  4348 I chatty  : uid=10075(es.usc.citius.servando.calendula) expire 1 line
11-19 21:48:43.527  3716  3741 I chatty  : uid=10075(es.usc.citius.servando.calendula) RenderThread expire 8 lines
11-19 21:48:43.603  3716  4348 I chatty  : uid=10075(es.usc.citius.servando.calendula) expire 41 lines
11-19 21:48:43.771  1660  1660 D PhoneStatusBar: disable: < expand ICONS* alerts SYSTEM_INFO* back home recent clock search quick_settings >
11-19 21:48:43.834  1660  1834 D EGL_emulation: eglMakeCurrent: 0x94199fc0: ver 2 0 (tinfo 0xa3a48260)
11-19 21:48:43.843  1308  1338 D gralloc_ranchu: gralloc_alloc: Creating ashmem region of size 8294400
11-19 21:48:43.866  1308  1308 E EGL_emulation: tid 1308: eglCreateSyncKHR(1901): error 0x3004 (EGL_BAD_ATTRIBUTE)
11-19 21:48:43.906  3476  3476 W ViewRootImpl[ScreenshotAnimation]: Dropping event due to no window focus: KeyEvent { action=ACTION_DOWN, keyCode=KEYCODE_DPAD_RIGHT, scanCode=0, metaState=0, flags=0x8, repeatCount=0, eventTime=1676869, downTime=1676869, deviceId=-1, source=0x101 }
11-19 21:48:43.906  3476  3476 W ViewRootImpl[ScreenshotAnimation]: Cancelling event due to no window focus: KeyEvent { action=ACTION_UP, keyCode=KEYCODE_DPAD_RIGHT, scanCode=0, metaState=0, flags=0x28, repeatCount=0, eventTime=1676880, downTime=1676880, deviceId=-1, source=0x101 }
11-19 21:48:43.906  3476  3476 W ViewRootImpl[ScreenshotAnimation]: Cancelling event due to no window focus: KeyEvent { action=ACTION_UP, keyCode=KEYCODE_DPAD_RIGHT, scanCode=0, metaState=0, flags=0x28, repeatCount=0, eventTime=1676880, downTime=1676880, deviceId=-1, source=0x101 }
11-19 21:48:43.906  3476  3476 W ViewRootImpl[ScreenshotAnimation]: Cancelling event due to no window focus: KeyEvent { action=ACTION_UP, keyCode=KEYCODE_DPAD_RIGHT, scanCode=0, metaState=0, flags=0x28, repeatCount=0, eventTime=1676880, downTime=1676880, deviceId=-1, source=0x101 }
11-19 21:48:43.906  3476  3476 W ViewRootImpl[ScreenshotAnimation]: Cancelling event due to no window focus: KeyEvent { action=ACTION_UP, keyCode=KEYCODE_DPAD_RIGHT, scanCode=0, metaState=0, flags=0x28, repeatCount=0, eventTime=1676880, downTime=1676880, deviceId=-1, source=0x101 }
11-19 21:48:43.906  3476  3476 W ViewRootImpl[ScreenshotAnimation]: Cancelling event due to no window focus: KeyEvent { action=ACTION_UP, keyCode=KEYCODE_DPAD_RIGHT, scanCode=0, metaState=0, flags=0x28, repeatCount=0, eventTime=1676880, downTime=1676880, deviceId=-1, source=0x101 }
11-19 21:48:43.906  3476  3476 W ViewRootImpl[ScreenshotAnimation]: Cancelling event due to no window focus: KeyEvent { action=ACTION_UP, keyCode=KEYCODE_DPAD_RIGHT, scanCode=0, metaState=0, flags=0x28, repeatCount=0, eventTime=1676880, downTime=1676880, deviceId=-1, source=0x101 }
11-19 21:48:43.906  3476  3476 W ViewRootImpl[ScreenshotAnimation]: Cancelling event due to no window focus: KeyEvent { action=ACTION_UP, keyCode=KEYCODE_DPAD_RIGHT, scanCode=0, metaState=0, flags=0x28, repeatCount=0, eventTime=1676880, downTime=1676880, deviceId=-1, source=0x101 }
11-19 21:48:43.906  3476  3476 W ViewRootImpl[ScreenshotAnimation]: Cancelling event due to no window focus: KeyEvent { action=ACTION_UP, keyCode=KEYCODE_DPAD_RIGHT, scanCode=0, metaState=0, flags=0x28, repeatCount=0, eventTime=1676880, downTime=1676880, deviceId=-1, source=0x101 }
11-19 21:48:43.906  3476  3476 W ViewRootImpl[ScreenshotAnimation]: Cancelling event due to no window focus: KeyEvent { action=ACTION_UP, keyCode=KEYCODE_DPAD_RIGHT, scanCode=0, metaState=0, flags=0x28, repeatCount=0, eventTime=1676880, downTime=1676880, deviceId=-1, source=0x101 }
11-19 21:48:43.906  3476  3476 W ViewRootImpl[ScreenshotAnimation]: Dropping event due to no window focus: KeyEvent { action=ACTION_DOWN, keyCode=KEYCODE_DPAD_CENTER, scanCode=0, metaState=0, flags=0x8, repeatCount=0, eventTime=1676881, downTime=1676881, deviceId=-1, source=0x101 }
11-19 21:48:43.907  3476  3476 W ViewRootImpl[ScreenshotAnimation]: Cancelling event due to no window focus: KeyEvent { action=ACTION_UP, keyCode=KEYCODE_DPAD_CENTER, scanCode=0, metaState=0, flags=0x28, repeatCount=0, eventTime=1676882, downTime=1676882, deviceId=-1, source=0x101 }
11-19 21:48:43.907  3476  3476 W ViewRootImpl[ScreenshotAnimation]: Cancelling event due to no window focus: KeyEvent { action=ACTION_UP, keyCode=KEYCODE_DPAD_CENTER, scanCode=0, metaState=0, flags=0x28, repeatCount=0, eventTime=1676882, downTime=1676882, deviceId=-1, source=0x101 }
11-19 21:48:43.907  3476  3476 W ViewRootImpl[ScreenshotAnimation]: Cancelling event due to no window focus: KeyEvent { action=ACTION_UP, keyCode=KEYCODE_DPAD_CENTER, scanCode=0, metaState=0, flags=0x28, repeatCount=0, eventTime=1676882, downTime=1676882, deviceId=-1, source=0x101 }
11-19 21:48:43.907  3476  3476 W ViewRootImpl[ScreenshotAnimation]: Cancelling event due to no window focus: KeyEvent { action=ACTION_UP, keyCode=KEYCODE_DPAD_CENTER, scanCode=0, metaState=0, flags=0x28, repeatCount=0, eventTime=1676882, downTime=1676882, deviceId=-1, source=0x101 }
11-19 21:48:43.907  3476  3476 W ViewRootImpl[ScreenshotAnimation]: Cancelling event due to no window focus: KeyEvent { action=ACTION_UP, keyCode=KEYCODE_DPAD_CENTER, scanCode=0, metaState=0, flags=0x28, repeatCount=0, eventTime=1676882, downTime=1676882, deviceId=-1, source=0x101 }
11-19 21:48:43.907  3476  3476 W ViewRootImpl[ScreenshotAnimation]: Cancelling event due to no window focus: KeyEvent { action=ACTION_UP, keyCode=KEYCODE_DPAD_CENTER, scanCode=0, metaState=0, flags=0x28, repeatCount=0, eventTime=1676882, downTime=1676882, deviceId=-1, source=0x101 }
11-19 21:48:43.907  3476  3476 W ViewRootImpl[ScreenshotAnimation]: Cancelling event due to no window focus: KeyEvent { action=ACTION_UP, keyCode=KEYCODE_DPAD_CENTER, scanCode=0, metaState=0, flags=0x28, repeatCount=0, eventTime=1676882, downTime=1676882, deviceId=-1, source=0x101 }
11-19 21:48:43.907  3476  3476 W ViewRootImpl[ScreenshotAnimation]: Cancelling event due to no window focus: KeyEvent { action=ACTION_UP, keyCode=KEYCODE_DPAD_CENTER, scanCode=0, metaState=0, flags=0x28, repeatCount=0, eventTime=1676882, downTime=1676882, deviceId=-1, source=0x101 }
11-19 21:48:43.907  3476  3476 W ViewRootImpl[ScreenshotAnimation]: Cancelling event due to no window focus: KeyEvent { action=ACTION_UP, keyCode=KEYCODE_DPAD_CENTER, scanCode=0, metaState=0, flags=0x28, repeatCount=0, eventTime=1676882, downTime=1676882, deviceId=-1, source=0x101 }
11-19 21:48:43.926  1660  1660 D PhoneStatusBar: disable: < expand icons* alerts system_info* back home recent clock search quick_settings >
11-19 21:48:44.017  1660  1834 D EGL_emulation: eglMakeCurrent: 0x94199fc0: ver 2 0 (tinfo 0xa3a48260)
11-19 21:48:44.042  1660  1834 D EGL_emulation: eglMakeCurrent: 0x94199fc0: ver 2 0 (tinfo 0xa3a48260)
11-19 21:48:44.057  3476  3495 D EGL_emulation: eglMakeCurrent: 0xb1105240: ver 2 0 (tinfo 0xb11036d0)
11-19 21:48:44.136  1588  1620 I InputDispatcher: Dropped event because of pending overdue app switch.
11-19 21:48:44.291  1660  1774 I vol.Events: writeEvent mute_changed STREAM_SYSTEM true
11-19 21:48:44.292  1660  1774 I vol.Events: writeEvent mute_changed STREAM_RING true
11-19 21:48:44.297  1660  1774 I vol.Events: writeEvent active_stream_changed STREAM_RING
11-19 21:48:44.297  1660  1774 I vol.Events: writeEvent key STREAM_RING 1
11-19 21:48:44.305  1660  1660 I vol.Events: writeEvent show_dialog volume_changed keyguard=false
11-19 21:48:44.347  3716  3726 I chatty  : uid=10075(es.usc.citius.servando.calendula) HeapTaskDaemon expire 6 lines
11-19 21:48:44.368  1660  1834 D EGL_emulation: eglMakeCurrent: 0x94199fc0: ver 2 0 (tinfo 0xa3a48260)
11-19 21:48:44.379  1660  1834 D EGL_emulation: eglMakeCurrent: 0x94199fc0: ver 2 0 (tinfo 0xa3a48260)
11-19 21:48:44.387  1660  1834 D EGL_emulation: eglMakeCurrent: 0x94199fc0: ver 2 0 (tinfo 0xa3a48260)
11-19 21:48:44.406  1660  1834 D EGL_emulation: eglMakeCurrent: 0x94199fc0: ver 2 0 (tinfo 0xa3a48260)
11-19 21:48:44.424  1660  1834 D EGL_emulation: eglMakeCurrent: 0x94199fc0: ver 2 0 (tinfo 0xa3a48260)
11-19 21:48:44.431  1660  1834 D EGL_emulation: eglMakeCurrent: 0x94199fc0: ver 2 0 (tinfo 0xa3a48260)
11-19 21:48:44.441  1660  1834 D EGL_emulation: eglMakeCurrent: 0x94199fc0: ver 2 0 (tinfo 0xa3a48260)
11-19 21:48:44.675  3716  3741 I chatty  : uid=10075(es.usc.citius.servando.calendula) RenderThread expire 37 lines
11-19 21:48:44.983  1660  1774 I vol.Events: writeEvent level_changed STREAM_SYSTEM 2
11-19 21:48:44.985  1660  1774 I vol.Events: writeEvent level_changed STREAM_RING 2
11-19 21:48:44.989  1660  1774 I vol.Events: writeEvent mute_changed STREAM_RING false
11-19 21:48:44.994  2227  2257 I MusicPlaybackService: onMediaButtonEvent: Intent { act=android.intent.action.MEDIA_BUTTON (has extras) }
11-19 21:48:44.998  2227  2257 I MusicPlaybackService: onMediaButtonEvent: Intent { act=android.intent.action.MEDIA_BUTTON (has extras) }
11-19 21:48:45.215  1660  1774 I vol.Events: writeEvent level_changed STREAM_SYSTEM 1
11-19 21:48:45.221  1660  1774 I vol.Events: writeEvent level_changed STREAM_RING 1
11-19 21:48:45.222  1660  1774 I vol.Events: writeEvent key STREAM_RING 1
11-19 21:48:45.276  2227  2257 I MusicPlaybackService: onMediaButtonEvent: Intent { act=android.intent.action.MEDIA_BUTTON (has extras) }
11-19 21:48:45.281  2227  2257 I MusicPlaybackService: onMediaButtonEvent: Intent { act=android.intent.action.MEDIA_BUTTON (has extras) }
11-19 21:48:45.519  3476  3495 D EGL_emulation: eglMakeCurrent: 0xb1105240: ver 2 0 (tinfo 0xb11036d0)
11-19 21:48:45.523  1308  3407 D gralloc_ranchu: gralloc_alloc: Creating ashmem region of size 8294400
11-19 21:48:45.628  3476  3476 W ViewRootImpl[ScreenshotAnimation]: Dropping event due to root view being removed: KeyEvent { action=ACTION_DOWN, keyCode=KEYCODE_VOLUME_DOWN, scanCode=0, metaState=0, flags=0x8, repeatCount=0, eventTime=1678293, downTime=1678293, deviceId=-1, source=0x101 }
11-19 21:48:45.628  3476  3476 W InputEventReceiver: Attempted to finish an input event but the input event receiver has already been disposed.
11-19 21:48:45.628  3716  3716 I chatty  : uid=10075(es.usc.citius.servando.calendula) expire 86 lines
11-19 21:48:45.651  1588  1597 I art     : Background partial concurrent mark sweep GC freed 38647(2MB) AllocSpace objects, 16(756KB) LOS objects, 24% free, 12MB/16MB, paused 32.852ms total 143.369ms
11-19 21:48:45.719  1660  1834 D EGL_emulation: eglMakeCurrent: 0x94199fc0: ver 2 0 (tinfo 0xa3a48260)
11-19 21:48:45.805  1660  1660 I vol.Events: writeEvent dismiss_dialog touch_outside
11-19 21:48:45.806  1660  1774 I vol.Events: writeEvent active_stream_changed UNKNOWN_STREAM_-1
11-19 21:48:45.808  1660  1834 D EGL_emulation: eglMakeCurrent: 0x94199fc0: ver 2 0 (tinfo 0xa3a48260)
11-19 21:48:45.871  3476  4464 D         : HostConnection::get() New Host Connection established 0xa39c7c00, tid 4464
11-19 21:48:45.875  3476  4464 W         : Unrecognized GLES max version string in extensions: ANDROID_EMU_CHECKSUM_HELPER_v1 ANDROID_EMU_dma_v1 
11-19 21:48:45.918  1660  1834 D EGL_emulation: eglMakeCurrent: 0x94199fc0: ver 2 0 (tinfo 0xa3a48260)
11-19 21:48:45.924  1660  1834 D EGL_emulation: eglMakeCurrent: 0x94199fc0: ver 2 0 (tinfo 0xa3a48260)
11-19 21:48:45.929  1660  1834 D EGL_emulation: eglMakeCurrent: 0x94199fc0: ver 2 0 (tinfo 0xa3a48260)
11-19 21:48:45.931  1660  1834 D EGL_emulation: eglMakeCurrent: 0x94199fc0: ver 2 0 (tinfo 0xa3a48260)
11-19 21:48:45.975  1660  1834 D EGL_emulation: eglMakeCurrent: 0x94199fc0: ver 2 0 (tinfo 0xa3a48260)
11-19 21:48:45.978  1660  1834 D EGL_emulation: eglMakeCurrent: 0x94199fc0: ver 2 0 (tinfo 0xa3a48260)
11-19 21:48:45.983  1588  1597 I art     : Background partial concurrent mark sweep GC freed 10154(425KB) AllocSpace objects, 0(0B) LOS objects, 24% free, 12MB/16MB, paused 608us total 100.709ms
11-19 21:48:46.111  1660  1834 D EGL_emulation: eglMakeCurrent: 0x94199fc0: ver 2 0 (tinfo 0xa3a48260)
11-19 21:48:46.115  1588  1599 W ResourceType: Invalid package identifier when getting bag for resource number 0xffffffff
11-19 21:48:46.465  2085  4222 W RequestPreheater: Cannot connect to server without account
11-19 21:48:46.466  2085  2085 E GsaVoiceInteractionSess: startAssistActivity: opted out
11-19 21:48:46.468  2085  2085 E ContextIntentStarter: No activity found for any of the 0 intents
11-19 21:48:46.468  2085  2085 E NowRemoteClient: skipping logEndstates, service is null
11-19 21:48:46.469  2085  2085 E NowRemoteClient: skipping logEndstates, service is null
11-19 21:48:47.213  1351  1392 W audio_hw_generic: Not supplying enough data to HAL, expected position 13564753 , only wrote 12407760
11-19 21:48:47.279  1660  1660 D PhoneStatusBar: disable: < expand ICONS* alerts SYSTEM_INFO* back home recent clock search quick_settings >
11-19 21:48:47.285  1588  2784 W VibratorService: Tried to stop vibrating but there is no vibrator device.
11-19 21:48:47.360  1660  1834 D EGL_emulation: eglMakeCurrent: 0x94199fc0: ver 2 0 (tinfo 0xa3a48260)
11-19 21:48:47.427  1660  1660 W ViewRootImpl[StatusBar]: Cancelling event due to no window focus: KeyEvent { action=ACTION_UP, keyCode=KEYCODE_MEDIA_STEP_BACKWARD, scanCode=0, metaState=0, flags=0x28, repeatCount=0, eventTime=1680270, downTime=1680270, deviceId=-1, source=0x101 }
11-19 21:48:47.427  1660  1660 W ViewRootImpl[StatusBar]: Cancelling event due to no window focus: KeyEvent { action=ACTION_UP, keyCode=KEYCODE_MEDIA_STEP_BACKWARD, scanCode=0, metaState=0, flags=0x28, repeatCount=0, eventTime=1680270, downTime=1680270, deviceId=-1, source=0x101 }
11-19 21:48:47.427  1660  1660 W ViewRootImpl[StatusBar]: Cancelling event due to no window focus: KeyEvent { action=ACTION_UP, keyCode=KEYCODE_MEDIA_STEP_BACKWARD, scanCode=0, metaState=0, flags=0x28, repeatCount=0, eventTime=1680270, downTime=1680270, deviceId=-1, source=0x101 }
11-19 21:48:47.427  1660  1660 W ViewRootImpl[StatusBar]: Cancelling event due to no window focus: KeyEvent { action=ACTION_UP, keyCode=KEYCODE_MEDIA_STEP_BACKWARD, scanCode=0, metaState=0, flags=0x28, repeatCount=0, eventTime=1680270, downTime=1680270, deviceId=-1, source=0x101 }
11-19 21:48:47.427  1660  1660 W ViewRootImpl[StatusBar]: Cancelling event due to no window focus: KeyEvent { action=ACTION_UP, keyCode=KEYCODE_MEDIA_STEP_BACKWARD, scanCode=0, metaState=0, flags=0x28, repeatCount=0, eventTime=1680270, downTime=1680270, deviceId=-1, source=0x101 }
11-19 21:48:47.427  1660  1660 W ViewRootImpl[StatusBar]: Cancelling event due to no window focus: KeyEvent { action=ACTION_UP, keyCode=KEYCODE_MEDIA_STEP_BACKWARD, scanCode=0, metaState=0, flags=0x28, repeatCount=0, eventTime=1680270, downTime=1680270, deviceId=-1, source=0x101 }
11-19 21:48:47.427  1660  1660 W ViewRootImpl[StatusBar]: Cancelling event due to no window focus: KeyEvent { action=ACTION_UP, keyCode=KEYCODE_MEDIA_STEP_BACKWARD, scanCode=0, metaState=0, flags=0x28, repeatCount=0, eventTime=1680270, downTime=1680270, deviceId=-1, source=0x101 }
11-19 21:48:47.427  1660  1660 W ViewRootImpl[StatusBar]: Cancelling event due to no window focus: KeyEvent { action=ACTION_UP, keyCode=KEYCODE_MEDIA_STEP_BACKWARD, scanCode=0, metaState=0, flags=0x28, repeatCount=0, eventTime=1680270, downTime=1680270, deviceId=-1, source=0x101 }
11-19 21:48:47.427  1660  1660 W ViewRootImpl[StatusBar]: Cancelling event due to no window focus: KeyEvent { action=ACTION_UP, keyCode=KEYCODE_MEDIA_STEP_BACKWARD, scanCode=0, metaState=0, flags=0x28, repeatCount=0, eventTime=1680270, downTime=1680270, deviceId=-1, source=0x101 }
11-19 21:48:47.432  1660  1660 W ViewRootImpl[StatusBar]: Dropping event due to no window focus: KeyEvent { action=ACTION_DOWN, keyCode=KEYCODE_DPAD_DOWN, scanCode=0, metaState=0, flags=0x8, repeatCount=0, eventTime=1680292, downTime=1680292, deviceId=-1, source=0x101 }
11-19 21:48:47.432  1660  1660 W ViewRootImpl[StatusBar]: Cancelling event due to no window focus: KeyEvent { action=ACTION_UP, keyCode=KEYCODE_DPAD_DOWN, scanCode=0, metaState=0, flags=0x28, repeatCount=0, eventTime=1680407, downTime=1680407, deviceId=-1, source=0x101 }
11-19 21:48:47.432  1660  1660 W ViewRootImpl[StatusBar]: Cancelling event due to no window focus: KeyEvent { action=ACTION_UP, keyCode=KEYCODE_DPAD_DOWN, scanCode=0, metaState=0, flags=0x28, repeatCount=0, eventTime=1680407, downTime=1680407, deviceId=-1, source=0x101 }
11-19 21:48:47.432  1660  1660 W ViewRootImpl[StatusBar]: Cancelling event due to no window focus: KeyEvent { action=ACTION_UP, keyCode=KEYCODE_DPAD_DOWN, scanCode=0, metaState=0, flags=0x28, repeatCount=0, eventTime=1680407, downTime=1680407, deviceId=-1, source=0x101 }
11-19 21:48:47.432  1660  1660 W ViewRootImpl[StatusBar]: Cancelling event due to no window focus: KeyEvent { action=ACTION_UP, keyCode=KEYCODE_DPAD_DOWN, scanCode=0, metaState=0, flags=0x28, repeatCount=0, eventTime=1680407, downTime=1680407, deviceId=-1, source=0x101 }
11-19 21:48:47.433  1660  1660 W ViewRootImpl[StatusBar]: Cancelling event due to no window focus: KeyEvent { action=ACTION_UP, keyCode=KEYCODE_DPAD_DOWN, scanCode=0, metaState=0, flags=0x28, repeatCount=0, eventTime=1680407, downTime=1680407, deviceId=-1, source=0x101 }
11-19 21:48:47.433  1660  1660 W ViewRootImpl[StatusBar]: Cancelling event due to no window focus: KeyEvent { action=ACTION_UP, keyCode=KEYCODE_DPAD_DOWN, scanCode=0, metaState=0, flags=0x28, repeatCount=0, eventTime=1680407, downTime=1680407, deviceId=-1, source=0x101 }
11-19 21:48:47.433  1660  1660 W ViewRootImpl[StatusBar]: Cancelling event due to no window focus: KeyEvent { action=ACTION_UP, keyCode=KEYCODE_DPAD_DOWN, scanCode=0, metaState=0, flags=0x28, repeatCount=0, eventTime=1680407, downTime=1680407, deviceId=-1, source=0x101 }
11-19 21:48:47.433  1660  1660 W ViewRootImpl[StatusBar]: Cancelling event due to no window focus: KeyEvent { action=ACTION_UP, keyCode=KEYCODE_DPAD_DOWN, scanCode=0, metaState=0, flags=0x28, repeatCount=0, eventTime=1680407, downTime=1680407, deviceId=-1, source=0x101 }
11-19 21:48:47.433  1660  1660 W ViewRootImpl[StatusBar]: Cancelling event due to no window focus: KeyEvent { action=ACTION_UP, keyCode=KEYCODE_DPAD_DOWN, scanCode=0, metaState=0, flags=0x28, repeatCount=0, eventTime=1680407, downTime=1680407, deviceId=-1, source=0x101 }
11-19 21:48:47.433  1660  1660 W ViewRootImpl[StatusBar]: Dropping event due to no window focus: KeyEvent { action=ACTION_DOWN, keyCode=KEYCODE_M, scanCode=0, metaState=0, flags=0x8, repeatCount=0, eventTime=1680408, downTime=1680408, deviceId=-1, source=0x101 }
11-19 21:48:47.434  1660  1660 W ViewRootImpl[StatusBar]: Cancelling event due to no window focus: KeyEvent { action=ACTION_UP, keyCode=KEYCODE_M, scanCode=0, metaState=0, flags=0x28, repeatCount=0, eventTime=1680408, downTime=1680408, deviceId=-1, source=0x101 }
11-19 21:48:47.434  1660  1660 W ViewRootImpl[StatusBar]: Cancelling event due to no window focus: KeyEvent { action=ACTION_UP, keyCode=KEYCODE_M, scanCode=0, metaState=0, flags=0x28, repeatCount=0, eventTime=1680408, downTime=1680408, deviceId=-1, source=0x101 }
11-19 21:48:47.434  1660  1660 W ViewRootImpl[StatusBar]: Cancelling event due to no window focus: KeyEvent { action=ACTION_UP, keyCode=KEYCODE_M, scanCode=0, metaState=0, flags=0x28, repeatCount=0, eventTime=1680408, downTime=1680408, deviceId=-1, source=0x101 }
11-19 21:48:47.434  1660  1660 W ViewRootImpl[StatusBar]: Cancelling event due to no window focus: KeyEvent { action=ACTION_UP, keyCode=KEYCODE_M, scanCode=0, metaState=0, flags=0x28, repeatCount=0, eventTime=1680408, downTime=1680408, deviceId=-1, source=0x101 }
11-19 21:48:47.434  1660  1660 W ViewRootImpl[StatusBar]: Cancelling event due to no window focus: KeyEvent { action=ACTION_UP, keyCode=KEYCODE_M, scanCode=0, metaState=0, flags=0x28, repeatCount=0, eventTime=1680408, downTime=1680408, deviceId=-1, source=0x101 }
11-19 21:48:47.434  1660  1660 W ViewRootImpl[StatusBar]: Cancelling event due to no window focus: KeyEvent { action=ACTION_UP, keyCode=KEYCODE_M, scanCode=0, metaState=0, flags=0x28, repeatCount=0, eventTime=1680408, downTime=1680408, deviceId=-1, source=0x101 }
11-19 21:48:47.434  1660  1660 W ViewRootImpl[StatusBar]: Cancelling event due to no window focus: KeyEvent { action=ACTION_UP, keyCode=KEYCODE_M, scanCode=0, metaState=0, flags=0x28, repeatCount=0, eventTime=1680408, downTime=1680408, deviceId=-1, source=0x101 }
11-19 21:48:47.434  1660  1660 W ViewRootImpl[StatusBar]: Cancelling event due to no window focus: KeyEvent { action=ACTION_UP, keyCode=KEYCODE_M, scanCode=0, metaState=0, flags=0x28, repeatCount=0, eventTime=1680408, downTime=1680408, deviceId=-1, source=0x101 }
11-19 21:48:47.434  1660  1660 W ViewRootImpl[StatusBar]: Cancelling event due to no window focus: KeyEvent { action=ACTION_UP, keyCode=KEYCODE_M, scanCode=0, metaState=0, flags=0x28, repeatCount=0, eventTime=1680408, downTime=1680408, deviceId=-1, source=0x101 }
11-19 21:48:47.474  1351  1391 W audio_hw_generic: Not supplying enough data to HAL, expected position 12407912 , only wrote 12407760
11-19 21:48:47.487  1588  1933 W NotificationService: No notification with key: 0|com.android.systemui|2131886133|null|10027
11-19 21:48:47.635  1588  1724 W NotificationService: No notification with key: 0|com.android.systemui|2131886133|null|10027
11-19 21:48:47.690  1588  1724 I chatty  : uid=1000(system) Binder:1588_4 expire 2 lines
11-19 21:48:47.971  1308  1916 D gralloc_ranchu: gralloc_alloc: Creating ashmem region of size 8294400
11-19 21:48:47.988  1308  1308 E EGL_emulation: tid 1308: eglCreateSyncKHR(1901): error 0x3004 (EGL_BAD_ATTRIBUTE)
11-19 21:48:48.224  3476  3476 W ViewRootImpl[ScreenshotAnimation]: Dropping event due to no window focus: KeyEvent { action=ACTION_DOWN, keyCode=KEYCODE_DPAD_LEFT, scanCode=0, metaState=0, flags=0x8, repeatCount=0, eventTime=1681107, downTime=1681107, deviceId=-1, source=0x101 }
11-19 21:48:48.288  3476  3495 D EGL_emulation: eglMakeCurrent: 0xb1105240: ver 2 0 (tinfo 0xb11036d0)
11-19 21:48:48.316  1660  1660 D PhoneStatusBar: disable: < expand icons* alerts system_info* back home recent clock search quick_settings >
11-19 21:48:48.386  1660  1834 D EGL_emulation: eglMakeCurrent: 0x94199fc0: ver 2 0 (tinfo 0xa3a48260)
11-19 21:48:48.412  1660  1834 D EGL_emulation: eglMakeCurrent: 0x94199fc0: ver 2 0 (tinfo 0xa3a48260)
11-19 21:48:49.046  1588  1955 I chatty  : uid=1000(system) Binder:1588_7 expire 4 lines
11-19 21:48:49.380  1588  1620 I InputDispatcher: Dropped event because of pending overdue app switch.
11-19 21:48:49.425  1660  1774 I vol.Events: writeEvent mute_changed STREAM_RING true
11-19 21:48:49.427  1660  1774 I vol.Events: writeEvent active_stream_changed STREAM_RING
11-19 21:48:49.428  1660  1774 I vol.Events: writeEvent key STREAM_RING 1
11-19 21:48:49.434  1660  1660 I vol.Events: writeEvent show_dialog volume_changed keyguard=false
11-19 21:48:49.529  1660  1834 D EGL_emulation: eglMakeCurrent: 0x94199fc0: ver 2 0 (tinfo 0xa3a48260)
11-19 21:48:49.779  3476  3495 D EGL_emulation: eglMakeCurrent: 0xb1105240: ver 2 0 (tinfo 0xb11036d0)
11-19 21:48:49.781  1308  1338 D gralloc_ranchu: gralloc_alloc: Creating ashmem region of size 8294400
11-19 21:48:49.880  3476  3476 W ViewRootImpl[ScreenshotAnimation]: Dropping event due to root view being removed: KeyEvent { action=ACTION_DOWN, keyCode=KEYCODE_DPAD_RIGHT, scanCode=0, metaState=0, flags=0x400, repeatCount=0, eventTime=1682837, downTime=1682837, deviceId=-1, source=0x101 }
11-19 21:48:49.880  3476  3476 W ViewRootImpl[ScreenshotAnimation]: Dropping event due to root view being removed: KeyEvent { action=ACTION_UP, keyCode=KEYCODE_DPAD_RIGHT, scanCode=0, metaState=0, flags=0x400, repeatCount=0, eventTime=1682837, downTime=1682837, deviceId=-1, source=0x101 }
11-19 21:48:49.880  3476  3476 W ViewRootImpl[ScreenshotAnimation]: Dropping event due to root view being removed: KeyEvent { action=ACTION_DOWN, keyCode=KEYCODE_DPAD_RIGHT, scanCode=0, metaState=0, flags=0x400, repeatCount=0, eventTime=1682837, downTime=1682837, deviceId=-1, source=0x101 }
11-19 21:48:49.880  3476  3476 W ViewRootImpl[ScreenshotAnimation]: Dropping event due to root view being removed: KeyEvent { action=ACTION_UP, keyCode=KEYCODE_DPAD_RIGHT, scanCode=0, metaState=0, flags=0x400, repeatCount=0, eventTime=1682837, downTime=1682837, deviceId=-1, source=0x101 }
11-19 21:48:49.880  3476  3476 W ViewRootImpl[ScreenshotAnimation]: Dropping event due to root view being removed: KeyEvent { action=ACTION_DOWN, keyCode=KEYCODE_DPAD_RIGHT, scanCode=0, metaState=0, flags=0x400, repeatCount=0, eventTime=1682837, downTime=1682837, deviceId=-1, source=0x101 }
11-19 21:48:49.880  3476  3476 W ViewRootImpl[ScreenshotAnimation]: Dropping event due to root view being removed: KeyEvent { action=ACTION_UP, keyCode=KEYCODE_DPAD_RIGHT, scanCode=0, metaState=0, flags=0x400, repeatCount=0, eventTime=1682837, downTime=1682837, deviceId=-1, source=0x101 }
11-19 21:48:49.880  3476  3476 W ViewRootImpl[ScreenshotAnimation]: Dropping event due to root view being removed: KeyEvent { action=ACTION_DOWN, keyCode=KEYCODE_DPAD_RIGHT, scanCode=0, metaState=0, flags=0x400, repeatCount=0, eventTime=1682837, downTime=1682837, deviceId=-1, source=0x101 }
11-19 21:48:49.880  3476  3476 W ViewRootImpl[ScreenshotAnimation]: Dropping event due to root view being removed: KeyEvent { action=ACTION_UP, keyCode=KEYCODE_DPAD_RIGHT, scanCode=0, metaState=0, flags=0x400, repeatCount=0, eventTime=1682837, downTime=1682837, deviceId=-1, source=0x101 }
11-19 21:48:49.880  3476  3476 W ViewRootImpl[ScreenshotAnimation]: Dropping event due to root view being removed: KeyEvent { action=ACTION_DOWN, keyCode=KEYCODE_DPAD_CENTER, scanCode=0, metaState=0, flags=0x400, repeatCount=0, eventTime=1682837, downTime=1682837, deviceId=-1, source=0x101 }
11-19 21:48:49.880  3476  3476 W ViewRootImpl[ScreenshotAnimation]: Dropping event due to root view being removed: KeyEvent { action=ACTION_UP, keyCode=KEYCODE_DPAD_CENTER, scanCode=0, metaState=0, flags=0x400, repeatCount=0, eventTime=1682837, downTime=1682837, deviceId=-1, source=0x101 }
11-19 21:48:49.904  1588  1599 I chatty  : uid=1000(system) Binder:1588_2 expire 1 line
11-19 21:48:49.930  1588  1597 I art     : Background partial concurrent mark sweep GC freed 26590(2MB) AllocSpace objects, 5(332KB) LOS objects, 24% free, 12MB/16MB, paused 559us total 163.226ms
11-19 21:48:49.945  1660  1834 D EGL_emulation: eglMakeCurrent: 0x94199fc0: ver 2 0 (tinfo 0xa3a48260)
11-19 21:48:49.956  1660  1834 D EGL_emulation: eglMakeCurrent: 0x94199fc0: ver 2 0 (tinfo 0xa3a48260)
11-19 21:48:50.097  1660  1660 I vol.Events: writeEvent dismiss_dialog touch_outside
11-19 21:48:50.098  1660  1774 I vol.Events: writeEvent active_stream_changed UNKNOWN_STREAM_-1
11-19 21:48:50.170  3476  4475 D         : HostConnection::get() New Host Connection established 0xb111db00, tid 4475
11-19 21:48:50.174  3476  4475 W         : Unrecognized GLES max version string in extensions: ANDROID_EMU_CHECKSUM_HELPER_v1 ANDROID_EMU_dma_v1 
11-19 21:48:50.230  1660  1834 D EGL_emulation: eglMakeCurrent: 0x94199fc0: ver 2 0 (tinfo 0xa3a48260)
11-19 21:48:50.238  1660  1834 D EGL_emulation: eglMakeCurrent: 0x94199fc0: ver 2 0 (tinfo 0xa3a48260)
11-19 21:48:50.346  1660  1660 I vol.Events: writeEvent touch_level_changed STREAM_RING 0
11-19 21:48:50.346  1660  1774 I vol.Events: writeEvent active_stream_changed STREAM_RING
11-19 21:48:50.348  1660  1660 I vol.Events: writeEvent touch_level_done STREAM_RING 0
11-19 21:48:50.363  1660  1774 I vol.Events: writeEvent level_changed STREAM_SYSTEM 0
11-19 21:48:50.363  1660  1774 I vol.Events: writeEvent level_changed STREAM_RING 0
11-19 21:48:50.363  1660  1774 I vol.Events: writeEvent internal_ringer_mode_changed silent
11-19 21:48:50.363  1660  1774 I vol.Events: writeEvent external_ringer_mode_changed silent
11-19 21:48:50.365  1660  1774 I vol.Events: writeEvent zen_mode_changed alarms
11-19 21:48:50.410  1660  1834 D EGL_emulation: eglMakeCurrent: 0x94199fc0: ver 2 0 (tinfo 0xa3a48260)
11-19 21:48:50.421  1660  1834 D EGL_emulation: eglMakeCurrent: 0x94199fc0: ver 2 0 (tinfo 0xa3a48260)
11-19 21:48:50.427  1660  1834 D EGL_emulation: eglMakeCurrent: 0x94199fc0: ver 2 0 (tinfo 0xa3a48260)
11-19 21:48:50.432  1588  2152 W ResourceType: Invalid package identifier when getting bag for resource number 0xffffffff
11-19 21:48:50.811  1588  1620 I chatty  : uid=1000(system) InputDispatcher expire 7 lines
11-19 21:48:50.828  1660  1834 D EGL_emulation: eglMakeCurrent: 0x94199fc0: ver 2 0 (tinfo 0xa3a48260)
11-19 21:48:50.929  1660  1660 I vol.Events: writeEvent show_dialog volume_changed keyguard=false
11-19 21:48:51.000  1660  1834 D EGL_emulation: eglMakeCurrent: 0x94199fc0: ver 2 0 (tinfo 0xa3a48260)
11-19 21:48:51.435  1351  1392 W audio_hw_generic: Not supplying enough data to HAL, expected position 12785918 , only wrote 12597840
11-19 21:48:51.455  1660  1660 I vol.Events: writeEvent dismiss_dialog touch_outside
11-19 21:48:51.456  1660  1774 I vol.Events: writeEvent active_stream_changed UNKNOWN_STREAM_-1
11-19 21:48:51.486  1660  1774 I vol.Events: writeEvent level_changed STREAM_SYSTEM 1
11-19 21:48:51.487  1660  1774 I vol.Events: writeEvent level_changed STREAM_RING 1
11-19 21:48:51.488  1660  1774 I vol.Events: writeEvent mute_changed STREAM_RING false
11-19 21:48:51.489  1660  1774 I vol.Events: writeEvent mute_changed STREAM_SYSTEM false
11-19 21:48:51.489  1660  1774 I vol.Events: writeEvent internal_ringer_mode_changed normal
11-19 21:48:51.492  1660  1774 I vol.Events: writeEvent external_ringer_mode_changed normal
11-19 21:48:51.493  1660  1774 I vol.Events: writeEvent active_stream_changed STREAM_RING
11-19 21:48:51.494  1660  1774 I vol.Events: writeEvent key STREAM_RING 1
11-19 21:48:51.499  1660  1660 I vol.Events: writeEvent show_dialog volume_changed keyguard=false
11-19 21:48:51.506  1660  1774 I vol.Events: writeEvent zen_mode_changed off
11-19 21:48:51.533  1660  1834 D EGL_emulation: eglMakeCurrent: 0x94199fc0: ver 2 0 (tinfo 0xa3a48260)
11-19 21:48:51.544  1660  1834 D EGL_emulation: eglMakeCurrent: 0x94199fc0: ver 2 0 (tinfo 0xa3a48260)
11-19 21:48:51.695  1588  1620 I InputDispatcher: Dropped event because of pending overdue app switch.
11-19 21:48:51.752  1351  1391 W audio_hw_generic: Not supplying enough data to HAL, expected position 12597996 , only wrote 12597840
11-19 21:48:51.922  1660  1660 I vol.Events: writeEvent touch_level_changed STREAM_RING 2
11-19 21:48:51.929  1660  1774 I vol.Events: writeEvent level_changed STREAM_SYSTEM 2
11-19 21:48:51.930  1660  1774 I vol.Events: writeEvent level_changed STREAM_RING 2
11-19 21:48:51.941  1308  1308 W SurfaceFlinger: couldn't log to binary event log: overflow.
11-19 21:48:51.944  1660  1834 D EGL_emulation: eglMakeCurrent: 0x94199fc0: ver 2 0 (tinfo 0xa3a48260)
11-19 21:48:51.972  1660  1834 D EGL_emulation: eglMakeCurrent: 0x94199fc0: ver 2 0 (tinfo 0xa3a48260)
11-19 21:48:51.978  1660  1660 I vol.Events: writeEvent touch_level_changed STREAM_RING 3
11-19 21:48:51.978  1660  1660 I vol.Events: writeEvent touch_level_done STREAM_RING 3
11-19 21:48:51.981  1660  1660 I vol.Events: writeEvent dismiss_dialog touch_outside
11-19 21:48:51.993  1660  1774 I vol.Events: writeEvent active_stream_changed UNKNOWN_STREAM_-1
11-19 21:48:51.995  1660  1774 I vol.Events: writeEvent level_changed STREAM_SYSTEM 3
11-19 21:48:51.995  1660  1774 I vol.Events: writeEvent level_changed STREAM_RING 3
11-19 21:48:52.042  1660  1834 D EGL_emulation: eglMakeCurrent: 0x94199fc0: ver 2 0 (tinfo 0xa3a48260)
11-19 21:48:52.049  1660  1834 D EGL_emulation: eglMakeCurrent: 0x94199fc0: ver 2 0 (tinfo 0xa3a48260)
11-19 21:48:52.076  1660  1834 D EGL_emulation: eglMakeCurrent: 0x94199fc0: ver 2 0 (tinfo 0xa3a48260)
11-19 21:48:52.080  1660  1834 D EGL_emulation: eglMakeCurrent: 0x94199fc0: ver 2 0 (tinfo 0xa3a48260)
11-19 21:48:52.124  3716  4347 I chatty  : uid=10075(es.usc.citius.servando.calendula) AsyncTask #7 expire 2 lines
11-19 21:48:52.241  3716  3741 I chatty  : uid=10075(es.usc.citius.servando.calendula) RenderThread expire 12 lines
11-19 21:48:52.283  1660  1834 D EGL_emulation: eglMakeCurrent: 0x94199fc0: ver 2 0 (tinfo 0xa3a48260)
11-19 21:48:52.285  1660  1834 D OpenGLRenderer: endAllActiveAnimators on 0x937dfe00 (RippleDrawable) with handle 0x911c0d30
11-19 21:48:52.349  3716  4347 I chatty  : uid=10075(es.usc.citius.servando.calendula) AsyncTask #7 expire 1 line
11-19 21:48:52.352  3716  3741 I chatty  : uid=10075(es.usc.citius.servando.calendula) RenderThread expire 12 lines
11-19 21:48:52.445  3716  4347 I chatty  : uid=10075(es.usc.citius.servando.calendula) AsyncTask #7 expire 1 line
11-19 21:48:52.451  3716  3741 I chatty  : uid=10075(es.usc.citius.servando.calendula) RenderThread expire 15 lines
11-19 21:48:52.542  3716  4347 I chatty  : uid=10075(es.usc.citius.servando.calendula) AsyncTask #7 expire 1 line
11-19 21:48:52.576  3716  3741 I chatty  : uid=10075(es.usc.citius.servando.calendula) RenderThread expire 11 lines
11-19 21:48:52.650  3716  4347 I chatty  : uid=10075(es.usc.citius.servando.calendula) AsyncTask #7 expire 1 line
11-19 21:48:52.669  3716  3741 I chatty  : uid=10075(es.usc.citius.servando.calendula) RenderThread expire 8 lines
11-19 21:48:52.730  3716  4347 I chatty  : uid=10075(es.usc.citius.servando.calendula) AsyncTask #7 expire 5 lines
11-19 21:48:52.877  2227  2257 I MusicPlaybackService: onMediaButtonEvent: Intent { act=android.intent.action.MEDIA_BUTTON (has extras) }
11-19 21:48:52.881  2227  2227 I MusicPlaybackService: onStartCommand com.android.music.musicservicecommand / pause
11-19 21:48:52.881  2227  2227 I DevicePlayback: pause: transient=false, currentPos=-1
11-19 21:48:52.881  2227  2257 I MusicPlaybackService: onMediaButtonEvent: Intent { act=android.intent.action.MEDIA_BUTTON (has extras) }
11-19 21:48:52.952  1660  1774 I vol.Events: writeEvent active_stream_changed STREAM_RING
11-19 21:48:52.952  1660  1774 I vol.Events: writeEvent key STREAM_RING 3
11-19 21:48:52.956  1588  1599 I chatty  : uid=1000(system) Binder:1588_2 expire 2 lines
11-19 21:48:52.979  1660  1660 I vol.Events: writeEvent show_dialog volume_changed keyguard=false
11-19 21:48:53.046  1660  1834 D EGL_emulation: eglMakeCurrent: 0x94199fc0: ver 2 0 (tinfo 0xa3a48260)
11-19 21:48:53.062  1660  1834 D EGL_emulation: eglMakeCurrent: 0x94199fc0: ver 2 0 (tinfo 0xa3a48260)
11-19 21:48:53.065  1660  1834 D EGL_emulation: eglMakeCurrent: 0x94199fc0: ver 2 0 (tinfo 0xa3a48260)
11-19 21:48:53.087  1660  1834 D EGL_emulation: eglMakeCurrent: 0x94199fc0: ver 2 0 (tinfo 0xa3a48260)
11-19 21:48:53.094  1660  1834 D EGL_emulation: eglMakeCurrent: 0x94199fc0: ver 2 0 (tinfo 0xa3a48260)
11-19 21:48:53.160  1660  1660 I vol.Events: writeEvent icon_click STREAM_RING unmute
11-19 21:48:53.172  1660  1774 I vol.Events: writeEvent level_changed STREAM_SYSTEM 0
11-19 21:48:53.172  1660  1774 I vol.Events: writeEvent level_changed STREAM_RING 0
11-19 21:48:53.172  1660  1774 I vol.Events: writeEvent internal_ringer_mode_changed silent
11-19 21:48:53.172  1660  1774 I vol.Events: writeEvent mute_changed STREAM_RING true
11-19 21:48:53.179  1660  1774 I vol.Events: writeEvent mute_changed STREAM_SYSTEM true
11-19 21:48:53.179  1660  1774 I vol.Events: writeEvent external_ringer_mode_changed silent
11-19 21:48:53.187  1660  1774 I vol.Events: writeEvent zen_mode_changed alarms
11-19 21:48:53.195  1660  1834 D EGL_emulation: eglMakeCurrent: 0x94199fc0: ver 2 0 (tinfo 0xa3a48260)
11-19 21:48:53.205  1660  1834 D EGL_emulation: eglMakeCurrent: 0x94199fc0: ver 2 0 (tinfo 0xa3a48260)
11-19 21:48:53.493  1660  1834 D EGL_emulation: eglMakeCurrent: 0x94199fc0: ver 2 0 (tinfo 0xa3a48260)
11-19 21:48:53.497  1588  1694 I chatty  : uid=1000(system) Binder:1588_3 expire 1 line
11-19 21:48:53.502  1660  1834 D EGL_emulation: eglMakeCurrent: 0x94199fc0: ver 2 0 (tinfo 0xa3a48260)
11-19 21:48:53.503  1588  1620 I chatty  : uid=1000(system) InputDispatcher expire 1 line
11-19 21:48:53.530  1660  1660 I vol.Events: writeEvent dismiss_dialog touch_outside
11-19 21:48:53.530  1660  1774 I vol.Events: writeEvent active_stream_changed UNKNOWN_STREAM_-1
11-19 21:48:53.598  1588  1620 I InputDispatcher: Dropped event because of pending overdue app switch.
11-19 21:48:53.598  1588  1598 I chatty  : uid=1000(system) Binder:1588_1 expire 1 line
11-19 21:48:53.620  3716  3726 I chatty  : uid=10075(es.usc.citius.servando.calendula) HeapTaskDaemon expire 1 line
11-19 21:48:53.643  3716  4347 I chatty  : uid=10075(es.usc.citius.servando.calendula) AsyncTask #7 expire 1 line
11-19 21:48:53.696  2227  2257 I MusicPlaybackService: onMediaButtonEvent: Intent { act=android.intent.action.MEDIA_BUTTON (has extras) }
11-19 21:48:53.706  2227  2227 I MusicPlaybackService: onStartCommand com.android.music.musicservicecommand / stop
11-19 21:48:53.713  2227  2257 I MusicPlaybackService: onMediaButtonEvent: Intent { act=android.intent.action.MEDIA_BUTTON (has extras) }
11-19 21:48:53.713  2227  2257 I DevicePlayback: stop: willPlay=false, currentPos=-1
11-19 21:48:53.713  2227  2257 V MusicPlaybackService: notifyChange: com.android.music.playstatechanged
11-19 21:48:53.714  2227  2257 W MusicPlaybackService: Song is not loaded. Ignoring.
11-19 21:48:53.715  2227  2257 D MusicPlaybackService: cancelNotification id=1
11-19 21:48:53.715  2227  2257 V MusicPlaybackService: setting should show notification to true
11-19 21:48:53.725  1660  1834 D EGL_emulation: eglMakeCurrent: 0x94199fc0: ver 2 0 (tinfo 0xa3a48260)
11-19 21:48:53.729  1660  1834 D EGL_emulation: eglMakeCurrent: 0x94199fc0: ver 2 0 (tinfo 0xa3a48260)
11-19 21:48:53.736  1308  1313 D gralloc_ranchu: gralloc_alloc: Creating ashmem region of size 8294400
11-19 21:48:53.751  1308  1308 E EGL_emulation: tid 1308: eglCreateSyncKHR(1901): error 0x3004 (EGL_BAD_ATTRIBUTE)
11-19 21:48:53.764  1660  1834 D EGL_emulation: eglMakeCurrent: 0x94199fc0: ver 2 0 (tinfo 0xa3a48260)
11-19 21:48:53.768  1660  1834 D EGL_emulation: eglMakeCurrent: 0x94199fc0: ver 2 0 (tinfo 0xa3a48260)
11-19 21:48:53.794  3716  3741 I chatty  : uid=10075(es.usc.citius.servando.calendula) RenderThread expire 49 lines
11-19 21:48:53.798  3476  3476 W ViewRootImpl[ScreenshotAnimation]: Cancelling event due to no window focus: KeyEvent { action=ACTION_UP, keyCode=KEYCODE_DPAD_DOWN, scanCode=0, metaState=0, flags=0x28, repeatCount=0, eventTime=1686736, downTime=1686736, deviceId=-1, source=0x101 }
11-19 21:48:53.798  3476  3476 W ViewRootImpl[ScreenshotAnimation]: Cancelling event due to no window focus: KeyEvent { action=ACTION_UP, keyCode=KEYCODE_DPAD_DOWN, scanCode=0, metaState=0, flags=0x28, repeatCount=0, eventTime=1686736, downTime=1686736, deviceId=-1, source=0x101 }
11-19 21:48:53.798  3476  3476 W ViewRootImpl[ScreenshotAnimation]: Cancelling event due to no window focus: KeyEvent { action=ACTION_UP, keyCode=KEYCODE_DPAD_DOWN, scanCode=0, metaState=0, flags=0x28, repeatCount=0, eventTime=1686736, downTime=1686736, deviceId=-1, source=0x101 }
11-19 21:48:53.798  3476  3476 W ViewRootImpl[ScreenshotAnimation]: Cancelling event due to no window focus: KeyEvent { action=ACTION_UP, keyCode=KEYCODE_DPAD_DOWN, scanCode=0, metaState=0, flags=0x28, repeatCount=0, eventTime=1686736, downTime=1686736, deviceId=-1, source=0x101 }
11-19 21:48:53.798  3476  3476 W ViewRootImpl[ScreenshotAnimation]: Cancelling event due to no window focus: KeyEvent { action=ACTION_UP, keyCode=KEYCODE_DPAD_DOWN, scanCode=0, metaState=0, flags=0x28, repeatCount=0, eventTime=1686736, downTime=1686736, deviceId=-1, source=0x101 }
11-19 21:48:53.798  3476  3476 W ViewRootImpl[ScreenshotAnimation]: Cancelling event due to no window focus: KeyEvent { action=ACTION_UP, keyCode=KEYCODE_DPAD_DOWN, scanCode=0, metaState=0, flags=0x28, repeatCount=0, eventTime=1686736, downTime=1686736, deviceId=-1, source=0x101 }
11-19 21:48:53.798  3476  3476 W ViewRootImpl[ScreenshotAnimation]: Cancelling event due to no window focus: KeyEvent { action=ACTION_UP, keyCode=KEYCODE_DPAD_DOWN, scanCode=0, metaState=0, flags=0x28, repeatCount=0, eventTime=1686736, downTime=1686736, deviceId=-1, source=0x101 }
11-19 21:48:53.798  3476  3476 W ViewRootImpl[ScreenshotAnimation]: Cancelling event due to no window focus: KeyEvent { action=ACTION_UP, keyCode=KEYCODE_DPAD_DOWN, scanCode=0, metaState=0, flags=0x28, repeatCount=0, eventTime=1686736, downTime=1686736, deviceId=-1, source=0x101 }
11-19 21:48:53.798  3476  3476 W ViewRootImpl[ScreenshotAnimation]: Cancelling event due to no window focus: KeyEvent { action=ACTION_UP, keyCode=KEYCODE_DPAD_DOWN, scanCode=0, metaState=0, flags=0x28, repeatCount=0, eventTime=1686736, downTime=1686736, deviceId=-1, source=0x101 }
11-19 21:48:53.800  3476  3476 W ViewRootImpl[ScreenshotAnimation]: Dropping event due to no window focus: KeyEvent { action=ACTION_DOWN, keyCode=KEYCODE_DPAD_DOWN, scanCode=0, metaState=0, flags=0x8, repeatCount=0, eventTime=1686772, downTime=1686772, deviceId=-1, source=0x101 }
11-19 21:48:53.800  3476  3476 W ViewRootImpl[ScreenshotAnimation]: Cancelling event due to no window focus: KeyEvent { action=ACTION_UP, keyCode=KEYCODE_DPAD_DOWN, scanCode=0, metaState=0, flags=0x28, repeatCount=0, eventTime=1686774, downTime=1686774, deviceId=-1, source=0x101 }
11-19 21:48:53.800  3476  3476 W ViewRootImpl[ScreenshotAnimation]: Cancelling event due to no window focus: KeyEvent { action=ACTION_UP, keyCode=KEYCODE_DPAD_DOWN, scanCode=0, metaState=0, flags=0x28, repeatCount=0, eventTime=1686774, downTime=1686774, deviceId=-1, source=0x101 }
11-19 21:48:53.800  3476  3476 W ViewRootImpl[ScreenshotAnimation]: Cancelling event due to no window focus: KeyEvent { action=ACTION_UP, keyCode=KEYCODE_DPAD_DOWN, scanCode=0, metaState=0, flags=0x28, repeatCount=0, eventTime=1686774, downTime=1686774, deviceId=-1, source=0x101 }
11-19 21:48:53.801  3476  3476 W ViewRootImpl[ScreenshotAnimation]: Cancelling event due to no window focus: KeyEvent { action=ACTION_UP, keyCode=KEYCODE_DPAD_DOWN, scanCode=0, metaState=0, flags=0x28, repeatCount=0, eventTime=1686774, downTime=1686774, deviceId=-1, source=0x101 }
11-19 21:48:53.801  3476  3476 W ViewRootImpl[ScreenshotAnimation]: Cancelling event due to no window focus: KeyEvent { action=ACTION_UP, keyCode=KEYCODE_DPAD_DOWN, scanCode=0, metaState=0, flags=0x28, repeatCount=0, eventTime=1686774, downTime=1686774, deviceId=-1, source=0x101 }
11-19 21:48:53.801  3476  3476 W ViewRootImpl[ScreenshotAnimation]: Cancelling event due to no window focus: KeyEvent { action=ACTION_UP, keyCode=KEYCODE_DPAD_DOWN, scanCode=0, metaState=0, flags=0x28, repeatCount=0, eventTime=1686774, downTime=1686774, deviceId=-1, source=0x101 }
11-19 21:48:53.801  3476  3476 W ViewRootImpl[ScreenshotAnimation]: Cancelling event due to no window focus: KeyEvent { action=ACTION_UP, keyCode=KEYCODE_DPAD_DOWN, scanCode=0, metaState=0, flags=0x28, repeatCount=0, eventTime=1686774, downTime=1686774, deviceId=-1, source=0x101 }
11-19 21:48:53.801  3476  3476 W ViewRootImpl[ScreenshotAnimation]: Cancelling event due to no window focus: KeyEvent { action=ACTION_UP, keyCode=KEYCODE_DPAD_DOWN, scanCode=0, metaState=0, flags=0x28, repeatCount=0, eventTime=1686774, downTime=1686774, deviceId=-1, source=0x101 }
