11-19 21:50:58.187  3476  3476 W ViewRootImpl[ScreenshotAnimation]: Cancelling event due to no window focus: KeyEvent { action=ACTION_UP, keyCode=KEYCODE_DPAD_RIGHT, scanCode=0, metaState=0, flags=0x28, repeatCount=0, eventTime=1811160, downTime=1811160, deviceId=-1, source=0x101 }
11-19 21:50:58.187  3476  3476 W ViewRootImpl[ScreenshotAnimation]: Cancelling event due to no window focus: KeyEvent { action=ACTION_UP, keyCode=KEYCODE_DPAD_RIGHT, scanCode=0, metaState=0, flags=0x28, repeatCount=0, eventTime=1811160, downTime=1811160, deviceId=-1, source=0x101 }
11-19 21:50:58.188  3476  3476 W ViewRootImpl[ScreenshotAnimation]: Cancelling event due to no window focus: KeyEvent { action=ACTION_UP, keyCode=KEYCODE_DPAD_RIGHT, scanCode=0, metaState=0, flags=0x28, repeatCount=0, eventTime=1811160, downTime=1811160, deviceId=-1, source=0x101 }
11-19 21:50:58.188  3476  3476 W ViewRootImpl[ScreenshotAnimation]: Cancelling event due to no window focus: KeyEvent { action=ACTION_UP, keyCode=KEYCODE_DPAD_RIGHT, scanCode=0, metaState=0, flags=0x28, repeatCount=0, eventTime=1811160, downTime=1811160, deviceId=-1, source=0x101 }
11-19 21:50:58.190  3476  3476 W ViewRootImpl[ScreenshotAnimation]: Cancelling event due to no window focus: KeyEvent { action=ACTION_UP, keyCode=KEYCODE_DPAD_RIGHT, scanCode=0, metaState=0, flags=0x28, repeatCount=0, eventTime=1811160, downTime=1811160, deviceId=-1, source=0x101 }
11-19 21:50:58.190  3476  3476 W ViewRootImpl[ScreenshotAnimation]: Cancelling event due to no window focus: KeyEvent { action=ACTION_UP, keyCode=KEYCODE_DPAD_RIGHT, scanCode=0, metaState=0, flags=0x28, repeatCount=0, eventTime=1811160, downTime=1811160, deviceId=-1, source=0x101 }
11-19 21:50:58.190  3476  3476 W ViewRootImpl[ScreenshotAnimation]: Cancelling event due to no window focus: KeyEvent { action=ACTION_UP, keyCode=KEYCODE_DPAD_RIGHT, scanCode=0, metaState=0, flags=0x28, repeatCount=0, eventTime=1811160, downTime=1811160, deviceId=-1, source=0x101 }
11-19 21:50:58.190  3476  3476 W ViewRootImpl[ScreenshotAnimation]: Cancelling event due to no window focus: KeyEvent { action=ACTION_UP, keyCode=KEYCODE_DPAD_RIGHT, scanCode=0, metaState=0, flags=0x28, repeatCount=0, eventTime=1811160, downTime=1811160, deviceId=-1, source=0x101 }
11-19 21:50:58.190  3476  3476 W ViewRootImpl[ScreenshotAnimation]: Cancelling event due to no window focus: KeyEvent { action=ACTION_UP, keyCode=KEYCODE_DPAD_RIGHT, scanCode=0, metaState=0, flags=0x28, repeatCount=0, eventTime=1811160, downTime=1811160, deviceId=-1, source=0x101 }
11-19 21:50:58.192  3476  3495 D EGL_emulation: eglMakeCurrent: 0xb1105240: ver 2 0 (tinfo 0xb11036d0)
11-19 21:50:58.486  1588  1598 I chatty  : uid=1000(system) Binder:1588_1 expire 3 lines
11-19 21:50:58.922  1660  1660 I vol.Events: writeEvent show_dialog volume_changed keyguard=false
11-19 21:50:58.980  1660  1834 D EGL_emulation: eglMakeCurrent: 0x94199fc0: ver 2 0 (tinfo 0xa3a48260)
11-19 21:50:58.987  1588  1608 W ResourceType: Invalid package identifier when getting bag for resource number 0xffffffff
11-19 21:50:59.257  2227  2257 I MusicPlaybackService: onMediaButtonEvent: Intent { act=android.intent.action.MEDIA_BUTTON (has extras) }
11-19 21:50:59.262  2227  2257 I MusicPlaybackService: onMediaButtonEvent: Intent { act=android.intent.action.MEDIA_BUTTON (has extras) }
11-19 21:50:59.263  2227  2227 I MusicPlaybackService: onStartCommand com.android.music.musicservicecommand / togglepause
11-19 21:50:59.263  2227  2227 V MusicPlaybackService: notifyChange: com.google.android.music.shufflemodechanged
11-19 21:50:59.264  2227  2227 I MusicPlaybackService: Sending out broadcast: com.google.android.music.shufflemodechanged Extras: Bundle[{shuffle=1}]
11-19 21:50:59.270  2227  2257 D DevicePlayback: Current route null, CQ mode: false
11-19 21:50:59.272  2227  2257 D MusicPlaybackService: new playback state: PlaybackState {state=2, position=0, buffered position=0, speed=1.0, updated=1812247, actions=7607, error=null, custom actions=[], active item id=-1}
11-19 21:50:59.277  2227  2257 D DevicePlayback: open: medialist=AllSongsList: [0] position=-1 play=true 
11-19 21:50:59.277  2227  2257 V MusicPlaybackService: setting should show notification to true
11-19 21:50:59.280  2227  2257 D DevicePlayback: Current route null, CQ mode: false
11-19 21:50:59.280  2227  2257 V MusicPlaybackService: notifyChange: com.android.music.queuechanged
11-19 21:50:59.282  2227  2257 I MusicPlaybackService: Sending out broadcast: com.android.music.queuechanged Extras: Bundle[{hasValidPlaylist=false, woodstock=false, isPodcast=false, queueLoading=false, isDoubleclickAd=false, ListSize=0, isSoundAd=false, isSkipLimitReached=false}]
11-19 21:50:59.282  2227  2257 D DevicePlayback: onSongChanged: isFromUserAction=false
11-19 21:50:59.282  2227  2257 V MusicPlaybackService: notifyChange: com.android.music.metachanged
11-19 21:50:59.283  2227  2257 W MusicPlaybackService: Song is not loaded. Ignoring.
11-19 21:50:59.283  2227  2257 D MusicPlaybackService: cancelNotification id=1
11-19 21:50:59.283  2227  2257 V MusicPlaybackService: setting should show notification to true
11-19 21:50:59.283  2227  2257 D DevicePlayback: mMixGenerationState=null
11-19 21:50:59.283  2227  2257 D DevicePlayback: Current route null, CQ mode: false
11-19 21:50:59.286  2227  2257 D DevicePlayback: Current route null, CQ mode: false
11-19 21:50:59.286  2227  2257 I MusicStore: caqPlay: descriptor=[13, 42, All%20songs, <null>, <null>]
11-19 21:50:59.286  2227  2257 E MusicStore: Invalid request size=0
11-19 21:50:59.287  2227  2257 V MusicPlaybackService: Updating notification + media session metadata due to completed art request: ArtRequest{mState=30, mDescriptor=DocumentArtDescriptor{artType=NOTIFICATION, sizeHandling=com.google.android.music.art.ArtDescriptor$SizeHandling@2d9cb39, width=1024, height=1024, identifier=[mArtUrl=null, mTitle=null, mSubTitle=null, mDescription=null, mReason1=null, mExplicitType=UNKNOWN, mDuration=0, mPlayPositionMillis=0, mPublicationTimestamp=0, mId=-1, mAlbumId=-1, mPodcastEpisodeId=null, mPodcastSeriesId=null, mPodcastSeriesTitle=null, mAlbumName=null, mArtistId=-1, mArtistName=null, mType=ALBUM, mIsNautilus=false, mTrackMetajamId=null, mAlbumMetajamId=null, mArtistMetajamId=null, mPlaylistName=null, mPlaylistType=-1, mPlaylistShareToken=null, mPlaylistOwnerName=null, mProfilePhotoUrl=null, mPlaylistSharedState=1, mPlaylistMemberId=-1, mSongStoreId=null, mGenreId=null, mParentGenreId=null, mSubgenreCount=0, mHasLocal=false, mCanAddtoLibrary=false, mQueueItemId=-1, mQueueItemState=0, mQueueItemContainerId=-1, mQueueItemContainerType=0, mQueueItemContainerName=null, mIsFromSearch=false, mSearchString=null, mPosition=-1, mAdapterPosition=-1, mRadioSourceType=0, mRadioSourceId=null, mRadioTrackSeedMetajamId=null, mMainstageReason=-1, mRadioRemoteId=null, mSourceAccount=0, mVideoId=null, mVideoThumbnailUrl=null, mPlaylistEditorArtwork=null, mRadioHighlightColor=null, mSituationId=null, mIsTopLevelSituation=false, mHasSubSituations=false, mSituationWideArtUrl=null, mCategoryId=null, mDontModifyRadioDisplayTitle=false, mCanDismiss=false, mCompositeWideArtUrl=null, mCompositeSquareArtUrl=null, mNavBarSection=0, mCollectionId=null, mCollectionPos=-1, mIsFromSoundSearch=false, mAvailableForPurchase=true, mAvailableForSubscription=true, mPodcastPodlistId=null, mSituationContainsPodlists=false, mDismissalKey=null, mDismissalText=null, mDismissalToken=null, mLogToken=null], useDefaultIfMissing=true, aspectRatio=1.0}, mItems={}}
11-19 21:50:59.294  2227  2257 D MusicPlaybackService: cancelNotification id=1
11-19 21:50:59.294  2227  2257 V MusicPlaybackService: setting should show notification to true
11-19 21:50:59.295  2227  2257 D DevicePlayback: Current route null, CQ mode: false
11-19 21:50:59.303  2227  2257 V MusicPlaybackService: Updating notification + media session metadata due to completed art request: ArtRequest{mState=30, mDescriptor=DocumentArtDescriptor{artType=NOTIFICATION, sizeHandling=com.google.android.music.art.ArtDescriptor$SizeHandling@2d9cb39, width=1024, height=1024, identifier=[mArtUrl=null, mTitle=null, mSubTitle=null, mDescription=null, mReason1=null, mExplicitType=UNKNOWN, mDuration=0, mPlayPositionMillis=0, mPublicationTimestamp=0, mId=-1, mAlbumId=-1, mPodcastEpisodeId=null, mPodcastSeriesId=null, mPodcastSeriesTitle=null, mAlbumName=null, mArtistId=-1, mArtistName=null, mType=ALBUM, mIsNautilus=false, mTrackMetajamId=null, mAlbumMetajamId=null, mArtistMetajamId=null, mPlaylistName=null, mPlaylistType=-1, mPlaylistShareToken=null, mPlaylistOwnerName=null, mProfilePhotoUrl=null, mPlaylistSharedState=1, mPlaylistMemberId=-1, mSongStoreId=null, mGenreId=null, mParentGenreId=null, mSubgenreCount=0, mHasLocal=false, mCanAddtoLibrary=false, mQueueItemId=-1, mQueueItemState=0, mQueueItemContainerId=-1, mQueueItemContainerType=0, mQueueItemContainerName=null, mIsFromSearch=false, mSearchString=null, mPosition=-1, mAdapterPosition=-1, mRadioSourceType=0, mRadioSourceId=null, mRadioTrackSeedMetajamId=null, mMainstageReason=-1, mRadioRemoteId=null, mSourceAccount=0, mVideoId=null, mVideoThumbnailUrl=null, mPlaylistEditorArtwork=null, mRadioHighlightColor=null, mSituationId=null, mIsTopLevelSituation=false, mHasSubSituations=false, mSituationWideArtUrl=null, mCategoryId=null, mDontModifyRadioDisplayTitle=false, mCanDismiss=false, mCompositeWideArtUrl=null, mCompositeSquareArtUrl=null, mNavBarSection=0, mCollectionId=null, mCollectionPos=-1, mIsFromSoundSearch=false, mAvailableForPurchase=true, mAvailableForSubscription=true, mPodcastPodlistId=null, mSituationContainsPodlists=false, mDismissalKey=null, mDismissalText=null, mDismissalToken=null, mLogToken=null], useDefaultIfMissing=true, aspectRatio=1.0}, mItems={}}
11-19 21:50:59.303  2227  2257 D MusicPlaybackService: cancelNotification id=1
11-19 21:50:59.303  2227  2257 V MusicPlaybackService: setting should show notification to true
11-19 21:50:59.625  3476  3495 D EGL_emulation: eglMakeCurrent: 0xb1105240: ver 2 0 (tinfo 0xb11036d0)
11-19 21:50:59.628  1308  3407 D gralloc_ranchu: gralloc_alloc: Creating ashmem region of size 8294400
11-19 21:50:59.652  1660  1834 D EGL_emulation: eglMakeCurrent: 0x94199fc0: ver 2 0 (tinfo 0xa3a48260)
11-19 21:50:59.706  1660  1660 I vol.Events: writeEvent dismiss_dialog touch_outside
11-19 21:50:59.706  1660  1774 I vol.Events: writeEvent active_stream_changed UNKNOWN_STREAM_-1
11-19 21:50:59.709  1660  1834 D EGL_emulation: eglMakeCurrent: 0x94199fc0: ver 2 0 (tinfo 0xa3a48260)
11-19 21:50:59.748  1660  1834 D EGL_emulation: eglMakeCurrent: 0x94199fc0: ver 2 0 (tinfo 0xa3a48260)
11-19 21:50:59.756  1660  1834 D EGL_emulation: eglMakeCurrent: 0x94199fc0: ver 2 0 (tinfo 0xa3a48260)
11-19 21:50:59.762  1660  1834 D EGL_emulation: eglMakeCurrent: 0x94199fc0: ver 2 0 (tinfo 0xa3a48260)
11-19 21:50:59.767  1660  1834 D EGL_emulation: eglMakeCurrent: 0x94199fc0: ver 2 0 (tinfo 0xa3a48260)
11-19 21:50:59.822  4588  4603 D EGL_emulation: eglMakeCurrent: 0xad529440: ver 2 0 (tinfo 0xa39f1a10)
11-19 21:50:59.830  4588  4603 D EGL_emulation: eglMakeCurrent: 0xad529440: ver 2 0 (tinfo 0xa39f1a10)
11-19 21:50:59.843  4588  4603 D EGL_emulation: eglMakeCurrent: 0xad529440: ver 2 0 (tinfo 0xa39f1a10)
11-19 21:50:59.852  4588  4603 D EGL_emulation: eglMakeCurrent: 0xad529440: ver 2 0 (tinfo 0xa39f1a10)
11-19 21:50:59.867  4588  4603 D EGL_emulation: eglMakeCurrent: 0xad529440: ver 2 0 (tinfo 0xa39f1a10)
11-19 21:50:59.890  4588  4603 D EGL_emulation: eglMakeCurrent: 0xad529440: ver 2 0 (tinfo 0xa39f1a10)
11-19 21:50:59.898  4588  4603 D EGL_emulation: eglMakeCurrent: 0xad529440: ver 2 0 (tinfo 0xa39f1a10)
11-19 21:50:59.908  4588  4603 D EGL_emulation: eglMakeCurrent: 0xad529440: ver 2 0 (tinfo 0xa39f1a10)
11-19 21:50:59.914  4588  4603 D EGL_emulation: eglMakeCurrent: 0xad529440: ver 2 0 (tinfo 0xa39f1a10)
11-19 21:50:59.925  4588  4603 D EGL_emulation: eglMakeCurrent: 0xad529440: ver 2 0 (tinfo 0xa39f1a10)
11-19 21:50:59.931  1588  1620 I InputDispatcher: Dropped event because of pending overdue app switch.
11-19 21:50:59.931  1588  1933 I chatty  : uid=1000(system) Binder:1588_5 expire 3 lines
11-19 21:50:59.932  1588  1620 I InputDispatcher: Dropped event because of pending overdue app switch.
11-19 21:50:59.933  1588  1620 I InputDispatcher: Dropped event because of pending overdue app switch.
11-19 21:50:59.935  1588  1620 I InputDispatcher: Dropped event because of pending overdue app switch.
11-19 21:50:59.937  1588  1620 I InputDispatcher: Dropped event because of pending overdue app switch.
11-19 21:50:59.937  1588  1620 I InputDispatcher: Dropped event because of pending overdue app switch.
11-19 21:50:59.938  1588  1620 I InputDispatcher: Dropped event because of pending overdue app switch.
11-19 21:50:59.939  1588  1620 I InputDispatcher: Dropped event because of pending overdue app switch.
11-19 21:50:59.940  1588  1620 I InputDispatcher: Dropped event because of pending overdue app switch.
11-19 21:50:59.944  1588  1620 I InputDispatcher: Dropped event because of pending overdue app switch.
11-19 21:50:59.945  1588  1620 I InputDispatcher: Dropped event because of pending overdue app switch.
11-19 21:50:59.945  1588  1599 I chatty  : uid=1000(system) Binder:1588_2 expire 3 lines
11-19 21:50:59.947  1588  1620 I InputDispatcher: Dropped event because of pending overdue app switch.
11-19 21:50:59.947  1588  1940 I chatty  : uid=1000(system) Binder:1588_6 expire 3 lines
11-19 21:50:59.948  1588  1620 I InputDispatcher: Dropped event because of pending overdue app switch.
11-19 21:50:59.948  1588  1694 I chatty  : uid=1000(system) Binder:1588_3 expire 3 lines
11-19 21:50:59.949  1588  1620 I InputDispatcher: Dropped event because of pending overdue app switch.
11-19 21:50:59.949  1588  1955 I chatty  : uid=1000(system) Binder:1588_7 expire 3 lines
11-19 21:50:59.951  1588  1620 I InputDispatcher: Dropped event because of pending overdue app switch.
11-19 21:50:59.951  1588  2784 I chatty  : uid=1000(system) Binder:1588_A expire 2 lines
11-19 21:50:59.952  1588  1620 I InputDispatcher: Dropped event because of pending overdue app switch.
11-19 21:50:59.952  1588  1598 I chatty  : uid=1000(system) Binder:1588_1 expire 2 lines
11-19 21:50:59.953  1588  1620 I InputDispatcher: Dropped event because of pending overdue app switch.
11-19 21:50:59.954  1588  1620 I InputDispatcher: Dropped event because of pending overdue app switch.
11-19 21:50:59.955  1588  1620 I InputDispatcher: Dropped event because of pending overdue app switch.
11-19 21:50:59.956  1588  1620 I InputDispatcher: Dropped event because of pending overdue app switch.
11-19 21:50:59.957  1588  1620 I InputDispatcher: Dropped event because of pending overdue app switch.
11-19 21:50:59.957  1588  1620 I InputDispatcher: Dropped event because of pending overdue app switch.
11-19 21:50:59.961  1588  1620 I InputDispatcher: Dropped event because of pending overdue app switch.
11-19 21:50:59.961  1588  2186 I chatty  : uid=1000(system) Binder:1588_9 expire 4 lines
11-19 21:50:59.961  1588  1620 I InputDispatcher: Dropped event because of pending overdue app switch.
11-19 21:50:59.963  1588  1620 I InputDispatcher: Dropped event because of pending overdue app switch.
11-19 21:50:59.965  1588  1620 I InputDispatcher: Dropped event because of pending overdue app switch.
11-19 21:50:59.965  1588  1620 I InputDispatcher: Dropped event because of pending overdue app switch.
11-19 21:50:59.966  1588  1620 I InputDispatcher: Dropped event because of pending overdue app switch.
11-19 21:50:59.967  1588  1620 I InputDispatcher: Dropped event because of pending overdue app switch.
11-19 21:50:59.967  1588  1724 I chatty  : uid=1000(system) Binder:1588_4 expire 4 lines
11-19 21:50:59.969  1588  2152 I chatty  : uid=1000(system) Binder:1588_8 expire 3 lines
11-19 21:50:59.970  1588  1620 I InputDispatcher: Dropping event because there is no touchable window at (91, 1196).
11-19 21:50:59.971  1588  1933 I chatty  : uid=1000(system) Binder:1588_5 expire 3 lines
11-19 21:51:00.010  1660  1834 D EGL_emulation: eglMakeCurrent: 0x94199fc0: ver 2 0 (tinfo 0xa3a48260)
11-19 21:51:00.023  1588  1933 W ResourceType: Invalid package identifier when getting bag for resource number 0xffffffff
11-19 21:51:00.057  3476  4614 D         : HostConnection::get() New Host Connection established 0xb111db00, tid 4614
11-19 21:51:00.059  3476  4614 W         : Unrecognized GLES max version string in extensions: ANDROID_EMU_CHECKSUM_HELPER_v1 ANDROID_EMU_dma_v1 
11-19 21:51:00.140  4588  4603 D EGL_emulation: eglMakeCurrent: 0xad529440: ver 2 0 (tinfo 0xa39f1a10)
11-19 21:51:00.150  4588  4603 D EGL_emulation: eglMakeCurrent: 0xad529440: ver 2 0 (tinfo 0xa39f1a10)
11-19 21:51:00.161  4588  4603 D EGL_emulation: eglMakeCurrent: 0xad529440: ver 2 0 (tinfo 0xa39f1a10)
11-19 21:51:00.173  4588  4603 D EGL_emulation: eglMakeCurrent: 0xad529440: ver 2 0 (tinfo 0xa39f1a10)
11-19 21:51:00.187  1588  1608 I ActivityManager: Displayed net.alaindonesia.silectric/.UsageActivity: +287ms
11-19 21:51:00.192  4588  4603 D EGL_emulation: eglMakeCurrent: 0xad529440: ver 2 0 (tinfo 0xa39f1a10)
11-19 21:51:00.195  4588  4603 D EGL_emulation: eglMakeCurrent: 0xad529440: ver 2 0 (tinfo 0xa39f1a10)
11-19 21:51:00.209  4588  4603 D EGL_emulation: eglMakeCurrent: 0xad529440: ver 2 0 (tinfo 0xa39f1a10)
11-19 21:51:00.226  4588  4603 D EGL_emulation: eglMakeCurrent: 0xad529440: ver 2 0 (tinfo 0xa39f1a10)
11-19 21:51:00.240  4588  4603 D EGL_emulation: eglMakeCurrent: 0xad529440: ver 2 0 (tinfo 0xa39f1a10)
11-19 21:51:00.253  4588  4603 D OpenGLRenderer: endAllActiveAnimators on 0x94132000 (RippleDrawable) with handle 0x941bfec0
11-19 21:51:00.253  4588  4603 D OpenGLRenderer: endAllActiveAnimators on 0x94109900 (ListView) with handle 0x941bff00
11-19 21:51:00.253  4588  4603 D OpenGLRenderer: endAllActiveAnimators on 0x94113a00 (RippleDrawable) with handle 0x941bf130
11-19 21:51:00.256  4588  4603 D EGL_emulation: eglMakeCurrent: 0xad529440: ver 2 0 (tinfo 0xa39f1a10)
11-19 21:51:00.276  4588  4603 D EGL_emulation: eglMakeCurrent: 0xad529440: ver 2 0 (tinfo 0xa39f1a10)
11-19 21:51:00.298  1588  1620 I InputDispatcher: Dropping event because there is no touchable window at (724, 884).
11-19 21:51:00.298  1588  1598 I chatty  : uid=1000(system) Binder:1588_1 expire 2 lines
11-19 21:51:00.300  1588  1694 I chatty  : uid=1000(system) Binder:1588_3 expire 2 lines
11-19 21:51:00.301  1588  2784 I chatty  : uid=1000(system) Binder:1588_A expire 4 lines
11-19 21:51:00.302  1588  1940 I chatty  : uid=1000(system) Binder:1588_6 expire 1 line
11-19 21:51:00.303  1588  1955 I chatty  : uid=1000(system) Binder:1588_7 expire 4 lines
11-19 21:51:00.359  4588  4603 D EGL_emulation: eglMakeCurrent: 0xad529440: ver 2 0 (tinfo 0xa39f1a10)
11-19 21:51:00.371  4588  4603 D EGL_emulation: eglMakeCurrent: 0xad529440: ver 2 0 (tinfo 0xa39f1a10)
11-19 21:51:00.389  4588  4603 D EGL_emulation: eglMakeCurrent: 0xad529440: ver 2 0 (tinfo 0xa39f1a10)
11-19 21:51:00.405  4588  4603 D EGL_emulation: eglMakeCurrent: 0xad529440: ver 2 0 (tinfo 0xa39f1a10)
11-19 21:51:00.425  4588  4603 D EGL_emulation: eglMakeCurrent: 0xad529440: ver 2 0 (tinfo 0xa39f1a10)
11-19 21:51:00.442  4588  4603 D EGL_emulation: eglMakeCurrent: 0xad529440: ver 2 0 (tinfo 0xa39f1a10)
11-19 21:51:00.458  4588  4603 D EGL_emulation: eglMakeCurrent: 0xad529440: ver 2 0 (tinfo 0xa39f1a10)
11-19 21:51:00.463  4588  4603 D EGL_emulation: eglMakeCurrent: 0xad529440: ver 2 0 (tinfo 0xa39f1a10)
11-19 21:51:00.475  4588  4603 D EGL_emulation: eglMakeCurrent: 0xad529440: ver 2 0 (tinfo 0xa39f1a10)
11-19 21:51:00.480  4588  4603 D EGL_emulation: eglMakeCurrent: 0xad529440: ver 2 0 (tinfo 0xa39f1a10)
11-19 21:51:00.491  4588  4603 D EGL_emulation: eglMakeCurrent: 0xad529440: ver 2 0 (tinfo 0xa39f1a10)
11-19 21:51:00.510  4588  4603 D EGL_emulation: eglMakeCurrent: 0xad529440: ver 2 0 (tinfo 0xa39f1a10)
11-19 21:51:00.521  4588  4603 D EGL_emulation: eglMakeCurrent: 0xad529440: ver 2 0 (tinfo 0xa39f1a10)
11-19 21:51:00.526  4588  4603 D EGL_emulation: eglMakeCurrent: 0xad529440: ver 2 0 (tinfo 0xa39f1a10)
11-19 21:51:00.536  4588  4603 D EGL_emulation: eglMakeCurrent: 0xad529440: ver 2 0 (tinfo 0xa39f1a10)
11-19 21:51:00.627  4588  4603 D EGL_emulation: eglMakeCurrent: 0xad529440: ver 2 0 (tinfo 0xa39f1a10)
11-19 21:51:00.634  4588  4603 D EGL_emulation: eglMakeCurrent: 0xad529440: ver 2 0 (tinfo 0xa39f1a10)
11-19 21:51:00.675  4588  4603 D EGL_emulation: eglMakeCurrent: 0xad529440: ver 2 0 (tinfo 0xa39f1a10)
11-19 21:51:00.685  4588  4603 D EGL_emulation: eglMakeCurrent: 0xad529440: ver 2 0 (tinfo 0xa39f1a10)
11-19 21:51:00.692  1588  1608 I ActivityManager: Displayed net.alaindonesia.silectric/.UsageActivity: +177ms
11-19 21:51:00.692  4588  4603 D EGL_emulation: eglMakeCurrent: 0xad529440: ver 2 0 (tinfo 0xa39f1a10)
11-19 21:51:00.698  4588  4603 D EGL_emulation: eglMakeCurrent: 0xad529440: ver 2 0 (tinfo 0xa39f1a10)
11-19 21:51:00.725  4588  4603 D EGL_emulation: eglMakeCurrent: 0xad529440: ver 2 0 (tinfo 0xa39f1a10)
11-19 21:51:00.738  4588  4603 D EGL_emulation: eglMakeCurrent: 0xad529440: ver 2 0 (tinfo 0xa39f1a10)
11-19 21:51:00.744  4588  4603 D EGL_emulation: eglMakeCurrent: 0xad529440: ver 2 0 (tinfo 0xa39f1a10)
11-19 21:51:00.753  4588  4603 D EGL_emulation: eglMakeCurrent: 0xad529440: ver 2 0 (tinfo 0xa39f1a10)
11-19 21:51:00.775  4588  4603 D EGL_emulation: eglMakeCurrent: 0xad529440: ver 2 0 (tinfo 0xa39f1a10)
11-19 21:51:00.781  4588  4603 D OpenGLRenderer: endAllActiveAnimators on 0x94113a00 (RippleDrawable) with handle 0x94696b00
11-19 21:51:00.849  2227  2257 I MusicPlaybackService: onMediaButtonEvent: Intent { act=android.intent.action.MEDIA_BUTTON (has extras) }
11-19 21:51:00.853  2227  2257 I MusicPlaybackService: onMediaButtonEvent: Intent { act=android.intent.action.MEDIA_BUTTON (has extras) }
11-19 21:51:00.853  2227  2227 I MusicPlaybackService: onStartCommand com.android.music.musicservicecommand / previous
11-19 21:51:00.853  2227  2227 I DevicePlayback: prev: currentPos=-1, pendingMediaButtonSeekCount=-1
11-19 21:51:00.855  2227  2257 V DevicePlayback: apply pending media button seek events. count=-1
11-19 21:51:00.855  2227  2257 E DevicePlayback: No play queue
11-19 21:51:00.855  2227  2257 I DevicePlayback: stop: willPlay=true, currentPos=-1
11-19 21:51:00.869  1660  1660 D PhoneStatusBar: disable: < expand ICONS* alerts SYSTEM_INFO* back home recent clock search quick_settings >
11-19 21:51:00.883  1588  1620 I chatty  : uid=1000(system) InputDispatcher expire 1 line
11-19 21:51:00.900  1660  1834 D EGL_emulation: eglMakeCurrent: 0x94199fc0: ver 2 0 (tinfo 0xa3a48260)
11-19 21:51:00.927  1660  1834 D EGL_emulation: eglMakeCurrent: 0x94199fc0: ver 2 0 (tinfo 0xa3a48260)
11-19 21:51:00.985  1660  1660 D PhoneStatusBar: disable: < expand icons* alerts system_info* back home recent clock search quick_settings >
11-19 21:51:01.030  1660  1834 D EGL_emulation: eglMakeCurrent: 0x94199fc0: ver 2 0 (tinfo 0xa3a48260)
11-19 21:51:01.051  1660  1834 D EGL_emulation: eglMakeCurrent: 0x94199fc0: ver 2 0 (tinfo 0xa3a48260)
11-19 21:51:01.116  4588  4588 E WindowManager: 
11-19 21:51:01.116  4588  4588 E WindowManager: android.view.WindowLeaked: Activity net.alaindonesia.silectric.UsageActivity has leaked window android.support.v7.a.ap{ffb05ae V.E...... ......I. 0,0-0,0} that was originally added here
11-19 21:51:01.116  4588  4588 E WindowManager: 	at android.view.ViewRootImpl.<init>(ViewRootImpl.java:417)
11-19 21:51:01.116  4588  4588 E WindowManager: 	at android.view.WindowManagerGlobal.addView(WindowManagerGlobal.java:331)
11-19 21:51:01.116  4588  4588 E WindowManager: 	at android.view.WindowManagerImpl.addView(WindowManagerImpl.java:93)
11-19 21:51:01.116  4588  4588 E WindowManager: 	at android.support.v7.a.ae.a(Unknown Source)
11-19 21:51:01.116  4588  4588 E WindowManager: 	at android.support.v7.a.ae.e(Unknown Source)
11-19 21:51:01.116  4588  4588 E WindowManager: 	at android.support.v7.a.ae.b(Unknown Source)
11-19 21:51:01.116  4588  4588 E WindowManager: 	at android.support.v7.a.ae.a(Unknown Source)
11-19 21:51:01.116  4588  4588 E WindowManager: 	at android.support.v7.a.y.dispatchKeyEvent(Unknown Source)
11-19 21:51:01.116  4588  4588 E WindowManager: 	at android.support.v7.view.n.dispatchKeyEvent(Unknown Source)
11-19 21:51:01.116  4588  4588 E WindowManager: 	at com.android.internal.policy.DecorView.dispatchKeyEvent(DecorView.java:317)
11-19 21:51:01.116  4588  4588 E WindowManager: 	at android.view.ViewRootImpl$ViewPostImeInputStage.processKeyEvent(ViewRootImpl.java:4327)
11-19 21:51:01.116  4588  4588 E WindowManager: 	at android.view.ViewRootImpl$ViewPostImeInputStage.onProcess(ViewRootImpl.java:4298)
11-19 21:51:01.116  4588  4588 E WindowManager: 	at android.view.ViewRootImpl$InputStage.deliver(ViewRootImpl.java:3849)
11-19 21:51:01.116  4588  4588 E WindowManager: 	at android.view.ViewRootImpl$InputStage.onDeliverToNext(ViewRootImpl.java:3902)
11-19 21:51:01.116  4588  4588 E WindowManager: 	at android.view.ViewRootImpl$InputStage.forward(ViewRootImpl.java:3868)
11-19 21:51:01.116  4588  4588 E WindowManager: 	at android.view.ViewRootImpl$AsyncInputStage.forward(ViewRootImpl.java:3995)
11-19 21:51:01.116  4588  4588 E WindowManager: 	at android.view.ViewRootImpl$InputStage.apply(ViewRootImpl.java:3876)
11-19 21:51:01.116  4588  4588 E WindowManager: 	at android.view.ViewRootImpl$AsyncInputStage.apply(ViewRootImpl.java:4052)
11-19 21:51:01.116  4588  4588 E WindowManager: 	at android.view.ViewRootImpl$InputStage.deliver(ViewRootImpl.java:3849)
11-19 21:51:01.116  4588  4588 E WindowManager: 	at android.view.ViewRootImpl$InputStage.onDeliverToNext(ViewRootImpl.java:3902)
11-19 21:51:01.116  4588  4588 E WindowManager: 	at android.view.ViewRootImpl$InputStage.forward(ViewRootImpl.java:3868)
11-19 21:51:01.116  4588  4588 E WindowManager: 	at android.view.ViewRootImpl$InputStage.apply(ViewRootImpl.java:3876)
11-19 21:51:01.116  4588  4588 E WindowManager: 	at android.view.ViewRootImpl$InputStage.deliver(ViewRootImpl.java:3849)
11-19 21:51:01.116  4588  4588 E WindowManager: 	at android.view.ViewRootImpl$InputStage.onDeliverToNext(ViewRootImpl.java:3902)
11-19 21:51:01.116  4588  4588 E WindowManager: 	at android.view.ViewRootImpl$InputStage.forward(ViewRootImpl.java:3868)
11-19 21:51:01.116  4588  4588 E WindowManager: 	at android.view.ViewRootImpl$AsyncInputStage.forward(ViewRootImpl.java:4028)
11-19 21:51:01.116  4588  4588 E WindowManager: 	at android.view.ViewRootImpl$ImeInputStage.onFinishedInputEvent(ViewRootImpl.java:4189)
11-19 21:51:01.116  4588  4588 E WindowManager: 	at android.view.inputmethod.InputMethodManager$PendingEvent.run(InputMethodManager.java:2365)
11-19 21:51:01.116  4588  4588 E WindowManager: 	at android.view.inputmethod.InputMethodManager.invokeFinishedInputEventCallback(InputMethodManager.java:1961)
11-19 21:51:01.116  4588  4588 E WindowManager: 	at android.view.inputmethod.InputMethodManager.finishedInputEvent(InputMethodManager.java:1952)
11-19 21:51:01.116  4588  4588 E WindowManager: 	at android.view.inputmethod.InputMethodManager$ImeInputEventSender.onInputEventFinished(InputMethodManager.java:2342)
11-19 21:51:01.116  4588  4588 E WindowManager: 	at android.view.InputEventSender.dispatchInputEventFinished(InputEventSender.java:141)
11-19 21:51:01.116  4588  4588 E WindowManager: 	at android.os.MessageQueue.nativePollOnce(Native Method)
11-19 21:51:01.116  4588  4588 E WindowManager: 	at android.os.MessageQueue.next(MessageQueue.java:323)
11-19 21:51:01.116  4588  4588 E WindowManager: 	at android.os.Looper.loop(Looper.java:136)
11-19 21:51:01.116  4588  4588 E WindowManager: 	at android.app.ActivityThread.main(ActivityThread.java:6077)
11-19 21:51:01.116  4588  4588 E WindowManager: 	at java.lang.reflect.Method.invoke(Native Method)
11-19 21:51:01.116  4588  4588 E WindowManager: 	at com.android.internal.os.ZygoteInit$MethodAndArgsCaller.run(ZygoteInit.java:866)
11-19 21:51:01.116  4588  4588 E WindowManager: 	at com.android.internal.os.ZygoteInit.main(ZygoteInit.java:756)
11-19 21:51:01.127  1588  1599 I chatty  : uid=1000(system) Binder:1588_2 expire 4 lines
11-19 21:51:01.266  2085  4615 I ContextCompilationHandl: Compiling grammar for: en-US, type=CONTACT_DIALING
11-19 21:51:01.268  2085  4615 I ContextCompilationHandl: No grammar compilation resources for COMPILER, aborting. 
11-19 21:51:01.268  2085  4615 I ContextCompilationHandl: Compiling grammar for: en-US, type=HANDS_FREE_COMMANDS
11-19 21:51:01.269  2085  4615 I ContextCompilationHandl: No grammar compilation resources for COMPILER, aborting. 
11-19 21:51:01.269  2085  4615 I ContextCompilationHandl: Compiling grammar for: en-US, type=CONTACT_NAMES
11-19 21:51:01.279  2085  4615 I ContextCompilationHandl: No grammar compilation resources for VOICE_ACTIONS_COMPILER, aborting. 
11-19 21:51:01.279  2085  4615 I ContextCompilationHandl: Compiling grammar for: en-US, type=APP_NAMES
11-19 21:51:01.299  2085  4615 I ContextCompilationHandl: No grammar compilation resources for VOICE_ACTIONS_COMPILER, aborting. 
11-19 21:51:01.299  2085  4615 I ContextCompilationHandl: Compiling grammar for: en-US, type=MUSIC_NAMES
11-19 21:51:01.303  2154  4620 W System  : ClassLoader referenced unknown path: /system/priv-app/PrebuiltGmsCore/lib/x86
11-19 21:51:01.339  2085  4615 I ContextCompilationHandl: No grammar compilation resources for VOICE_ACTIONS_COMPILER, aborting. 
11-19 21:51:01.353  2154  2454 I Icing   : IndexChimeraService.getServiceInterface callingPackage=com.google.android.googlequicksearchbox componentName=null serviceId=32
11-19 21:51:01.355  2154  2456 I Icing   : IndexChimeraService.getServiceInterface callingPackage=com.google.android.googlequicksearchbox componentName=null serviceId=33
11-19 21:51:01.416  4588  4603 D EGL_emulation: eglMakeCurrent: 0xad529440: ver 2 0 (tinfo 0xa39f1a10)
11-19 21:51:01.417  1984  1996 I art     : Background sticky concurrent mark sweep GC freed 34891(1872KB) AllocSpace objects, 1(20KB) LOS objects, 16% free, 10MB/12MB, paused 581us total 109.268ms
11-19 21:51:01.422  2154  2453 I Icing   : Usage reports ok 0, Failed Usage reports 0, indexed 0, rejected 0, imm upload true
11-19 21:51:01.429  4588  4603 D EGL_emulation: eglMakeCurrent: 0xad529440: ver 2 0 (tinfo 0xa39f1a10)
11-19 21:51:01.429  2154  2453 I Icing   : Usage reports ok 0, Failed Usage reports 0, indexed 0, rejected 0, imm upload true
11-19 21:51:01.437  1588  1608 I ActivityManager: Displayed net.alaindonesia.silectric/.MainActivity: +227ms
11-19 21:51:01.469  2154  4622 I EventLogChimeraService: Aggregate from 1511144470808 (log), 1511144461135 (data)
11-19 21:51:01.484  4588  4603 D EGL_emulation: eglMakeCurrent: 0xad529440: ver 2 0 (tinfo 0xa39f1a10)
11-19 21:51:01.493  4588  4603 D EGL_emulation: eglMakeCurrent: 0xad529440: ver 2 0 (tinfo 0xa39f1a10)
11-19 21:51:01.505  4588  4603 D EGL_emulation: eglMakeCurrent: 0xad529440: ver 2 0 (tinfo 0xa39f1a10)
11-19 21:51:01.516  4588  4603 D OpenGLRenderer: endAllActiveAnimators on 0xa1cb9780 (RippleDrawable) with handle 0x94962ee0
11-19 21:51:01.516  4588  4603 D OpenGLRenderer: endAllActiveAnimators on 0xa1cb6680 (ListView) with handle 0x94962f00
11-19 21:51:01.516  4588  4603 D OpenGLRenderer: endAllActiveAnimators on 0x9493c300 (RippleDrawable) with handle 0x94696cc0
11-19 21:51:01.649  1308  1315 D gralloc_ranchu: gralloc_alloc: Creating ashmem region of size 905216
11-19 21:51:01.695  4588  4588 I chatty  : uid=10074(net.alaindonesia.silectric) expire 643 lines
11-19 21:51:01.738  4588  4603 D EGL_emulation: eglMakeCurrent: 0xad529440: ver 2 0 (tinfo 0xa39f1a10)
11-19 21:51:01.747  4588  4603 D EGL_emulation: eglMakeCurrent: 0xad529440: ver 2 0 (tinfo 0xa39f1a10)
11-19 21:51:01.756  4588  4603 D EGL_emulation: eglMakeCurrent: 0xad529440: ver 2 0 (tinfo 0xa39f1a10)
11-19 21:51:01.762  4588  4603 D EGL_emulation: eglMakeCurrent: 0xad529440: ver 2 0 (tinfo 0xa39f1a10)
11-19 21:51:01.772  2154  4628 E Herrevad: [297] RemoteReportsRefreshChimeraService.a: want to send authenticated request, but no Google account on device
11-19 21:51:01.773  4588  4603 D EGL_emulation: eglMakeCurrent: 0xad529440: ver 2 0 (tinfo 0xa39f1a10)
11-19 21:51:01.777  4588  4603 D EGL_emulation: eglMakeCurrent: 0xad529440: ver 2 0 (tinfo 0xa39f1a10)
11-19 21:51:01.785  4588  4603 D EGL_emulation: eglMakeCurrent: 0xad529440: ver 2 0 (tinfo 0xa39f1a10)
11-19 21:51:01.794  4588  4603 D EGL_emulation: eglMakeCurrent: 0xad529440: ver 2 0 (tinfo 0xa39f1a10)
11-19 21:51:01.799  4588  4603 D EGL_emulation: eglMakeCurrent: 0xad529440: ver 2 0 (tinfo 0xa39f1a10)
11-19 21:51:01.801  1308  1916 D gralloc_ranchu: gralloc_alloc: Creating ashmem region of size 905216
11-19 21:51:01.828  4588  4588 W InputEventReceiver: Attempted to finish an input event but the input event receiver has already been disposed.
11-19 21:51:01.874  4588  4603 D EGL_emulation: eglMakeCurrent: 0xad529440: ver 2 0 (tinfo 0xa39f1a10)
11-19 21:51:01.879  4588  4603 D EGL_emulation: eglMakeCurrent: 0xad529440: ver 2 0 (tinfo 0xa39f1a10)
11-19 21:51:01.887  4588  4603 D EGL_emulation: eglMakeCurrent: 0xad529440: ver 2 0 (tinfo 0xa39f1a10)
11-19 21:51:01.889  4588  4603 D EGL_emulation: eglMakeCurrent: 0xad529440: ver 2 0 (tinfo 0xa39f1a10)
11-19 21:51:01.902  1588  1598 I chatty  : uid=1000(system) Binder:1588_1 expire 4 lines
11-19 21:51:02.044  4588  4603 D EGL_emulation: eglMakeCurrent: 0xad529440: ver 2 0 (tinfo 0xa39f1a10)
11-19 21:51:02.052  4588  4603 D EGL_emulation: eglMakeCurrent: 0xad529440: ver 2 0 (tinfo 0xa39f1a10)
11-19 21:51:02.065  1588  1608 I ActivityManager: Displayed net.alaindonesia.silectric/.UsageActivity: +138ms
11-19 21:51:02.073  4588  4603 D EGL_emulation: eglMakeCurrent: 0xad529440: ver 2 0 (tinfo 0xa39f1a10)
11-19 21:51:02.074  1588  1608 I chatty  : uid=1000(system) android.display expire 6 lines
11-19 21:51:02.080  4588  4603 D EGL_emulation: eglMakeCurrent: 0xad529440: ver 2 0 (tinfo 0xa39f1a10)
11-19 21:51:02.117  1660  1660 D PhoneStatusBar: disable: < expand ICONS* alerts SYSTEM_INFO* back home recent clock search quick_settings >
11-19 21:51:02.123  4588  4603 D EGL_emulation: eglMakeCurrent: 0xad529440: ver 2 0 (tinfo 0xa39f1a10)
11-19 21:51:02.124  4588  4603 D OpenGLRenderer: endAllActiveAnimators on 0x94037480 (RippleDrawable) with handle 0x94094930
11-19 21:51:02.147  1660  1834 D EGL_emulation: eglMakeCurrent: 0x94199fc0: ver 2 0 (tinfo 0xa3a48260)
11-19 21:51:02.180  1660  1834 D EGL_emulation: eglMakeCurrent: 0x94199fc0: ver 2 0 (tinfo 0xa3a48260)
11-19 21:51:02.227  4588  4603 D EGL_emulation: eglMakeCurrent: 0xad529440: ver 2 0 (tinfo 0xa39f1a10)
11-19 21:51:02.244  1588  2784 W VibratorService: Tried to stop vibrating but there is no vibrator device.
11-19 21:51:02.275  1652  1652 W InputMethodService: Window size has been changed. This may cause jankiness of resizing window: -1 -> -2
11-19 21:51:02.275  1660  1660 W ViewRootImpl[StatusBar]: Dropping event due to no window focus: KeyEvent { action=ACTION_DOWN, keyCode=KEYCODE_DPAD_RIGHT, scanCode=0, metaState=0, flags=0x8, repeatCount=0, eventTime=1815216, downTime=1815216, deviceId=-1, source=0x101 }
11-19 21:51:02.287  1660  1660 W ViewRootImpl[StatusBar]: Cancelling event due to no window focus: KeyEvent { action=ACTION_UP, keyCode=KEYCODE_DPAD_RIGHT, scanCode=0, metaState=0, flags=0x28, repeatCount=0, eventTime=1815245, downTime=1815245, deviceId=-1, source=0x101 }
11-19 21:51:02.287  1660  1660 W ViewRootImpl[StatusBar]: Cancelling event due to no window focus: KeyEvent { action=ACTION_UP, keyCode=KEYCODE_DPAD_RIGHT, scanCode=0, metaState=0, flags=0x28, repeatCount=0, eventTime=1815245, downTime=1815245, deviceId=-1, source=0x101 }
11-19 21:51:02.288  1660  1660 W ViewRootImpl[StatusBar]: Cancelling event due to no window focus: KeyEvent { action=ACTION_UP, keyCode=KEYCODE_DPAD_RIGHT, scanCode=0, metaState=0, flags=0x28, repeatCount=0, eventTime=1815245, downTime=1815245, deviceId=-1, source=0x101 }
11-19 21:51:02.288  1660  1660 W ViewRootImpl[StatusBar]: Cancelling event due to no window focus: KeyEvent { action=ACTION_UP, keyCode=KEYCODE_DPAD_RIGHT, scanCode=0, metaState=0, flags=0x28, repeatCount=0, eventTime=1815245, downTime=1815245, deviceId=-1, source=0x101 }
11-19 21:51:02.288  1660  1660 W ViewRootImpl[StatusBar]: Cancelling event due to no window focus: KeyEvent { action=ACTION_UP, keyCode=KEYCODE_DPAD_RIGHT, scanCode=0, metaState=0, flags=0x28, repeatCount=0, eventTime=1815245, downTime=1815245, deviceId=-1, source=0x101 }
11-19 21:51:02.288  1660  1660 W ViewRootImpl[StatusBar]: Cancelling event due to no window focus: KeyEvent { action=ACTION_UP, keyCode=KEYCODE_DPAD_RIGHT, scanCode=0, metaState=0, flags=0x28, repeatCount=0, eventTime=1815245, downTime=1815245, deviceId=-1, source=0x101 }
11-19 21:51:02.288  1660  1660 W ViewRootImpl[StatusBar]: Cancelling event due to no window focus: KeyEvent { action=ACTION_UP, keyCode=KEYCODE_DPAD_RIGHT, scanCode=0, metaState=0, flags=0x28, repeatCount=0, eventTime=1815245, downTime=1815245, deviceId=-1, source=0x101 }
11-19 21:51:02.288  1660  1660 W ViewRootImpl[StatusBar]: Cancelling event due to no window focus: KeyEvent { action=ACTION_UP, keyCode=KEYCODE_DPAD_RIGHT, scanCode=0, metaState=0, flags=0x28, repeatCount=0, eventTime=1815245, downTime=1815245, deviceId=-1, source=0x101 }
11-19 21:51:02.288  1660  1660 W ViewRootImpl[StatusBar]: Cancelling event due to no window focus: KeyEvent { action=ACTION_UP, keyCode=KEYCODE_DPAD_RIGHT, scanCode=0, metaState=0, flags=0x28, repeatCount=0, eventTime=1815245, downTime=1815245, deviceId=-1, source=0x101 }
11-19 21:51:02.310  4588  4603 D EGL_emulation: eglMakeCurrent: 0xad529440: ver 2 0 (tinfo 0xa39f1a10)
11-19 21:51:02.320  1652  1652 I LatinIME: Starting input. Cursor position = 0,0
11-19 21:51:02.369  4588  4603 D EGL_emulation: eglMakeCurrent: 0xad529440: ver 2 0 (tinfo 0xa39f1a10)
11-19 21:51:02.386  4588  4603 D EGL_emulation: eglMakeCurrent: 0xad529440: ver 2 0 (tinfo 0xa39f1a10)
11-19 21:51:02.414  4588  4603 D EGL_emulation: eglMakeCurrent: 0xad529440: ver 2 0 (tinfo 0xa39f1a10)
11-19 21:51:02.422  4588  4603 D EGL_emulation: eglMakeCurrent: 0xad529440: ver 2 0 (tinfo 0xa39f1a10)
11-19 21:51:02.429  4588  4603 D EGL_emulation: eglMakeCurrent: 0xad529440: ver 2 0 (tinfo 0xa39f1a10)
11-19 21:51:02.463  4588  4603 D EGL_emulation: eglMakeCurrent: 0xad529440: ver 2 0 (tinfo 0xa39f1a10)
11-19 21:51:02.472  4588  4603 D EGL_emulation: eglMakeCurrent: 0xad529440: ver 2 0 (tinfo 0xa39f1a10)
11-19 21:51:02.496  4588  4603 D EGL_emulation: eglMakeCurrent: 0xad529440: ver 2 0 (tinfo 0xa39f1a10)
11-19 21:51:02.512  1652  1652 W InputMethodService: Window size has been changed. This may cause jankiness of resizing window: -1 -> -2
11-19 21:51:02.513  4588  4603 D EGL_emulation: eglMakeCurrent: 0xad529440: ver 2 0 (tinfo 0xa39f1a10)
11-19 21:51:02.573  1588  2186 I chatty  : uid=1000(system) Binder:1588_9 expire 7 lines
11-19 21:51:02.582  1660  1774 I vol.Events: writeEvent mute_changed STREAM_SYSTEM true
11-19 21:51:02.586  1660  1774 I vol.Events: writeEvent mute_changed STREAM_RING true
11-19 21:51:02.587  1588  1694 I chatty  : uid=1000(system) Binder:1588_3 expire 3 lines
11-19 21:51:02.590  1660  1774 I vol.Events: writeEvent active_stream_changed STREAM_RING
11-19 21:51:02.591  1660  1774 I vol.Events: writeEvent key STREAM_RING 3
11-19 21:51:02.604  4588  4588 E WindowManager: 
11-19 21:51:02.604  4588  4588 E WindowManager: android.view.WindowLeaked: Activity net.alaindonesia.silectric.UsageActivity has leaked window DecorView@c1b0c0d[] that was originally added here
11-19 21:51:02.604  4588  4588 E WindowManager: 	at android.view.ViewRootImpl.<init>(ViewRootImpl.java:417)
11-19 21:51:02.604  4588  4588 E WindowManager: 	at android.view.WindowManagerGlobal.addView(WindowManagerGlobal.java:331)
11-19 21:51:02.604  4588  4588 E WindowManager: 	at android.view.WindowManagerImpl.addView(WindowManagerImpl.java:93)
11-19 21:51:02.604  4588  4588 E WindowManager: 	at android.app.Dialog.show(Dialog.java:316)
11-19 21:51:02.604  4588  4588 E WindowManager: 	at android.app.AlertDialog$Builder.show(AlertDialog.java:1112)
11-19 21:51:02.604  4588  4588 E WindowManager: 	at net.alaindonesia.silectric.UsageActivity.a(Unknown Source)
11-19 21:51:02.604  4588  4588 E WindowManager: 	at net.alaindonesia.silectric.UsageActivity.a(Unknown Source)
11-19 21:51:02.604  4588  4588 E WindowManager: 	at net.alaindonesia.silectric.ai.onItemClick(Unknown Source)
11-19 21:51:02.604  4588  4588 E WindowManager: 	at android.widget.AdapterView.performItemClick(AdapterView.java:310)
11-19 21:51:02.604  4588  4588 E WindowManager: 	at android.widget.AbsListView.performItemClick(AbsListView.java:1155)
11-19 21:51:02.604  4588  4588 E WindowManager: 	at android.widget.AbsListView$PerformClick.run(AbsListView.java:3120)
11-19 21:51:02.604  4588  4588 E WindowManager: 	at android.widget.AbsListView$3.run(AbsListView.java:4035)
11-19 21:51:02.604  4588  4588 E WindowManager: 	at android.os.Handler.handleCallback(Handler.java:751)
11-19 21:51:02.604  4588  4588 E WindowManager: 	at android.os.Handler.dispatchMessage(Handler.java:95)
11-19 21:51:02.604  4588  4588 E WindowManager: 	at android.os.Looper.loop(Looper.java:154)
11-19 21:51:02.604  4588  4588 E WindowManager: 	at android.app.ActivityThread.main(ActivityThread.java:6077)
11-19 21:51:02.604  4588  4588 E WindowManager: 	at java.lang.reflect.Method.invoke(Native Method)
11-19 21:51:02.604  4588  4588 E WindowManager: 	at com.android.internal.os.ZygoteInit$MethodAndArgsCaller.run(ZygoteInit.java:866)
11-19 21:51:02.604  4588  4588 E WindowManager: 	at com.android.internal.os.ZygoteInit.main(ZygoteInit.java:756)
11-19 21:51:02.645  1588  1955 I chatty  : uid=1000(system) Binder:1588_7 expire 2 lines
11-19 21:51:02.668  1652  1652 W InputMethodService: Window size has been changed. This may cause jankiness of resizing window: -1 -> -2
11-19 21:51:02.687  1660  1660 I vol.Events: writeEvent show_dialog volume_changed keyguard=false
11-19 21:51:02.690  1588  1933 I chatty  : uid=1000(system) Binder:1588_5 expire 1 line
11-19 21:51:02.693  4588  4603 D EGL_emulation: eglMakeCurrent: 0xad529440: ver 2 0 (tinfo 0xa39f1a10)
11-19 21:51:02.694  1652  1652 I LatinIME: Starting input. Cursor position = 0,0
11-19 21:51:02.708  4588  4603 D EGL_emulation: eglMakeCurrent: 0xad529440: ver 2 0 (tinfo 0xa39f1a10)
11-19 21:51:02.782  4588  4603 D EGL_emulation: eglMakeCurrent: 0xad529440: ver 2 0 (tinfo 0xa39f1a10)
11-19 21:51:02.791  4588  4603 D EGL_emulation: eglMakeCurrent: 0xad529440: ver 2 0 (tinfo 0xa39f1a10)
11-19 21:51:02.812  4588  4603 D EGL_emulation: eglMakeCurrent: 0xad529440: ver 2 0 (tinfo 0xa39f1a10)
11-19 21:51:02.830  4588  4603 D EGL_emulation: eglMakeCurrent: 0xad529440: ver 2 0 (tinfo 0xa39f1a10)
11-19 21:51:02.876  1660  1834 D EGL_emulation: eglMakeCurrent: 0x94199fc0: ver 2 0 (tinfo 0xa3a48260)
11-19 21:51:02.928  1588  1608 W ResourceType: Invalid package identifier when getting bag for resource number 0xffffffff
11-19 21:51:02.931  1660  1834 D EGL_emulation: eglMakeCurrent: 0x94199fc0: ver 2 0 (tinfo 0xa3a48260)
11-19 21:51:02.935  1652  3412 D EGL_emulation: eglMakeCurrent: 0xa1cc2780: ver 2 0 (tinfo 0x94cffc30)
11-19 21:51:02.972  1660  1834 D EGL_emulation: eglMakeCurrent: 0x94199fc0: ver 2 0 (tinfo 0xa3a48260)
11-19 21:51:03.023  1660  1834 D EGL_emulation: eglMakeCurrent: 0x94199fc0: ver 2 0 (tinfo 0xa3a48260)
11-19 21:51:03.038  1652  1652 I LatinIME: Starting input. Cursor position = 0,0
11-19 21:51:03.060  1660  1834 D EGL_emulation: eglMakeCurrent: 0x94199fc0: ver 2 0 (tinfo 0xa3a48260)
11-19 21:51:03.063  4588  4588 W InputEventReceiver: Attempted to finish an input event but the input event receiver has already been disposed.
11-19 21:51:03.072  1660  1834 D EGL_emulation: eglMakeCurrent: 0x94199fc0: ver 2 0 (tinfo 0xa3a48260)
11-19 21:51:03.072  4588  4588 W IInputConnectionWrapper: finishComposingText on inactive InputConnection
11-19 21:51:03.073  4588  4588 W IInputConnectionWrapper: getSelectedText on inactive InputConnection
11-19 21:51:03.080  1660  1834 D EGL_emulation: eglMakeCurrent: 0x94199fc0: ver 2 0 (tinfo 0xa3a48260)
11-19 21:51:03.089  4588  4588 W IInputConnectionWrapper: requestCursorAnchorInfo on inactive InputConnection
11-19 21:51:03.098  1660  1834 D EGL_emulation: eglMakeCurrent: 0x94199fc0: ver 2 0 (tinfo 0xa3a48260)
11-19 21:51:03.104  4588  4588 W IInputConnectionWrapper: getTextBeforeCursor on inactive InputConnection
11-19 21:51:03.104  1652  1652 E RichInputConnection: Unable to connect to the editor to retrieve text.
11-19 21:51:03.104  1652  1652 D RichInputConnection: Will try to retrieve text later.
11-19 21:51:03.107  4588  4588 W IInputConnectionWrapper: getTextBeforeCursor on inactive InputConnection
11-19 21:51:03.107  1652  1652 E RichInputConnection: Unable to connect to the editor to retrieve text.
11-19 21:51:03.107  1652  1652 W RichInputConnection: Unable to connect to the editor. Setting caps mode without knowing text.
11-19 21:51:03.112  1660  1834 D EGL_emulation: eglMakeCurrent: 0x94199fc0: ver 2 0 (tinfo 0xa3a48260)
11-19 21:51:03.128  1660  1834 D EGL_emulation: eglMakeCurrent: 0x94199fc0: ver 2 0 (tinfo 0xa3a48260)
11-19 21:51:03.133  1660  1834 D EGL_emulation: eglMakeCurrent: 0x94199fc0: ver 2 0 (tinfo 0xa3a48260)
11-19 21:51:03.137  4588  4588 W IInputConnectionWrapper: finishComposingText on inactive InputConnection
11-19 21:51:03.138  1652  1652 W InputMethodService: Window size has been changed. This may cause jankiness of resizing window: -1 -> -2
11-19 21:51:03.157  1660  1834 D EGL_emulation: eglMakeCurrent: 0x94199fc0: ver 2 0 (tinfo 0xa3a48260)
11-19 21:51:03.161  1660  1834 D EGL_emulation: eglMakeCurrent: 0x94199fc0: ver 2 0 (tinfo 0xa3a48260)
11-19 21:51:03.176  1660  1834 D EGL_emulation: eglMakeCurrent: 0x94199fc0: ver 2 0 (tinfo 0xa3a48260)
11-19 21:51:03.177  4588  4588 W IInputConnectionWrapper: finishComposingText on inactive InputConnection
11-19 21:51:03.188  1660  1834 D EGL_emulation: eglMakeCurrent: 0x94199fc0: ver 2 0 (tinfo 0xa3a48260)
11-19 21:51:03.194  1660  1834 D EGL_emulation: eglMakeCurrent: 0x94199fc0: ver 2 0 (tinfo 0xa3a48260)
11-19 21:51:03.203  1660  1834 D EGL_emulation: eglMakeCurrent: 0x94199fc0: ver 2 0 (tinfo 0xa3a48260)
11-19 21:51:03.206  1660  1834 D EGL_emulation: eglMakeCurrent: 0x94199fc0: ver 2 0 (tinfo 0xa3a48260)
11-19 21:51:03.211  1660  1834 D EGL_emulation: eglMakeCurrent: 0x94199fc0: ver 2 0 (tinfo 0xa3a48260)
11-19 21:51:03.221  1660  1834 D EGL_emulation: eglMakeCurrent: 0x94199fc0: ver 2 0 (tinfo 0xa3a48260)
11-19 21:51:03.229  1660  1834 D EGL_emulation: eglMakeCurrent: 0x94199fc0: ver 2 0 (tinfo 0xa3a48260)
11-19 21:51:03.238  1660  1834 D EGL_emulation: eglMakeCurrent: 0x94199fc0: ver 2 0 (tinfo 0xa3a48260)
11-19 21:51:03.241  1652  3412 D EGL_emulation: eglMakeCurrent: 0xa1cc2780: ver 2 0 (tinfo 0x94cffc30)
11-19 21:51:03.243  1588  1940 I chatty  : uid=1000(system) Binder:1588_6 expire 1 line
11-19 21:51:03.245  1660  1834 D EGL_emulation: eglMakeCurrent: 0x94199fc0: ver 2 0 (tinfo 0xa3a48260)
11-19 21:51:03.259  1660  1834 D EGL_emulation: eglMakeCurrent: 0x94199fc0: ver 2 0 (tinfo 0xa3a48260)
11-19 21:51:03.272  1660  1834 D EGL_emulation: eglMakeCurrent: 0x94199fc0: ver 2 0 (tinfo 0xa3a48260)
11-19 21:51:03.283  1660  1834 D EGL_emulation: eglMakeCurrent: 0x94199fc0: ver 2 0 (tinfo 0xa3a48260)
11-19 21:51:03.290  1588  2784 I chatty  : uid=1000(system) Binder:1588_A expire 3 lines
11-19 21:51:03.293  1660  1834 D EGL_emulation: eglMakeCurrent: 0x94199fc0: ver 2 0 (tinfo 0xa3a48260)
11-19 21:51:03.317  1660  1834 D EGL_emulation: eglMakeCurrent: 0x94199fc0: ver 2 0 (tinfo 0xa3a48260)
11-19 21:51:03.323  1660  1834 D EGL_emulation: eglMakeCurrent: 0x94199fc0: ver 2 0 (tinfo 0xa3a48260)
11-19 21:51:03.339  1660  1834 D EGL_emulation: eglMakeCurrent: 0x94199fc0: ver 2 0 (tinfo 0xa3a48260)
11-19 21:51:03.343  1660  1834 D EGL_emulation: eglMakeCurrent: 0x94199fc0: ver 2 0 (tinfo 0xa3a48260)
11-19 21:51:03.351  1660  1660 D PhoneStatusBar: disable: < expand icons* alerts system_info* back home recent clock search quick_settings >
11-19 21:51:03.394  1660  1834 D EGL_emulation: eglMakeCurrent: 0x94199fc0: ver 2 0 (tinfo 0xa3a48260)
11-19 21:51:03.403  1660  1660 I vol.Events: writeEvent dismiss_dialog touch_outside
11-19 21:51:03.404  1660  1774 I vol.Events: writeEvent active_stream_changed UNKNOWN_STREAM_-1
11-19 21:51:03.409  1660  1834 D EGL_emulation: eglMakeCurrent: 0x94199fc0: ver 2 0 (tinfo 0xa3a48260)
11-19 21:51:03.415  1660  1834 D EGL_emulation: eglMakeCurrent: 0x94199fc0: ver 2 0 (tinfo 0xa3a48260)
11-19 21:51:03.432  1660  1834 D EGL_emulation: eglMakeCurrent: 0x94199fc0: ver 2 0 (tinfo 0xa3a48260)
11-19 21:51:03.439  1660  1834 D EGL_emulation: eglMakeCurrent: 0x94199fc0: ver 2 0 (tinfo 0xa3a48260)
11-19 21:51:03.448  1660  1834 D EGL_emulation: eglMakeCurrent: 0x94199fc0: ver 2 0 (tinfo 0xa3a48260)
11-19 21:51:03.456  1660  1834 D EGL_emulation: eglMakeCurrent: 0x94199fc0: ver 2 0 (tinfo 0xa3a48260)
11-19 21:51:03.462  1660  1834 D EGL_emulation: eglMakeCurrent: 0x94199fc0: ver 2 0 (tinfo 0xa3a48260)
11-19 21:51:03.462  4588  4603 D EGL_emulation: eglMakeCurrent: 0xad529440: ver 2 0 (tinfo 0xa39f1a10)
11-19 21:51:03.468  1660  1834 D EGL_emulation: eglMakeCurrent: 0x94199fc0: ver 2 0 (tinfo 0xa3a48260)
11-19 21:51:03.470  4588  4603 D EGL_emulation: eglMakeCurrent: 0xad529440: ver 2 0 (tinfo 0xa39f1a10)
11-19 21:51:03.478  1660  1834 D EGL_emulation: eglMakeCurrent: 0x94199fc0: ver 2 0 (tinfo 0xa3a48260)
11-19 21:51:03.486  1660  1834 D EGL_emulation: eglMakeCurrent: 0x94199fc0: ver 2 0 (tinfo 0xa3a48260)
11-19 21:51:03.494  1660  1834 D EGL_emulation: eglMakeCurrent: 0x94199fc0: ver 2 0 (tinfo 0xa3a48260)
