11-19 21:48:03.178  1652  1652 I LatinIME: Starting input. Cursor position = -1,-1
11-19 21:48:03.245  1652  1652 I InputAttributes: InputType.TYPE_NULL is specified
11-19 21:48:03.283  1652  1652 I LatinIME: Starting input. Cursor position = 0,0
11-19 21:48:03.326  1308  1308 W SurfaceFlinger: couldn't log to binary event log: overflow.
11-19 21:48:03.343  1652  1652 E RichInputConnection: Unable to connect to the editor to retrieve text.
11-19 21:48:03.344  1652  1652 D RichInputConnection: Will try to retrieve text later.
11-19 21:48:03.360  1652  1652 E RichInputConnection: Unable to connect to the editor to retrieve text.
11-19 21:48:03.360  1652  1652 W RichInputConnection: Unable to connect to the editor. Setting caps mode without knowing text.
11-19 21:48:03.397  1652  1652 I LatinIME: Starting input. Cursor position = -1,-1
11-19 21:48:03.493  1652  1652 I InputAttributes: InputType.TYPE_NULL is specified
11-19 21:48:03.522  1652  1652 I LatinIME: Starting input. Cursor position = 0,0
11-19 21:48:03.545  1652  1652 E RichInputConnection: Unable to connect to the editor to retrieve text.
11-19 21:48:03.545  1652  1652 D RichInputConnection: Will try to retrieve text later.
11-19 21:48:03.559  1652  1652 E RichInputConnection: Unable to connect to the editor to retrieve text.
11-19 21:48:03.559  1652  1652 W RichInputConnection: Unable to connect to the editor. Setting caps mode without knowing text.
11-19 21:48:03.577  1652  1652 E RichInputConnection: Unable to connect to the editor to retrieve text.
11-19 21:48:03.577  1652  1652 W RichInputConnection: Unable to connect to the editor. Setting caps mode without knowing text.
11-19 21:48:03.622  1652  1652 I LatinIME: Starting input. Cursor position = -1,-1
11-19 21:48:03.638  1308  1338 D gralloc_ranchu: gralloc_alloc: Creating ashmem region of size 8294400
11-19 21:48:03.645  1308  1308 E EGL_emulation: tid 1308: eglCreateSyncKHR(1901): error 0x3004 (EGL_BAD_ATTRIBUTE)
11-19 21:48:03.690  3476  3476 I chatty  : uid=10027 com.android.systemui:screenshot expire 20 lines
11-19 21:48:03.694  1652  1652 I InputAttributes: InputType.TYPE_NULL is specified
11-19 21:48:03.968  1652  1652 I LatinIME: Starting input. Cursor position = -1,-1
11-19 21:48:04.021  1652  1652 E RichInputConnection: Unable to connect to the editor to retrieve text.
11-19 21:48:04.021  1652  1652 D RichInputConnection: Will try to retrieve text later.
11-19 21:48:04.021  1652  1652 I InputAttributes: InputType.TYPE_NULL is specified
11-19 21:48:04.037  1652  1652 E RichInputConnection: Unable to connect to the editor to retrieve text.
11-19 21:48:04.038  1652  1652 W RichInputConnection: Unable to connect to the editor. Setting caps mode without knowing text.
11-19 21:48:04.081  1652  1652 I LatinIME: Starting input. Cursor position = -1,-1
11-19 21:48:04.212  1652  1652 E RichInputConnection: Unable to connect to the editor to retrieve text.
11-19 21:48:04.212  1652  1652 D RichInputConnection: Will try to retrieve text later.
11-19 21:48:04.212  1652  1652 I InputAttributes: InputType.TYPE_NULL is specified
11-19 21:48:04.243  1652  1652 E RichInputConnection: Unable to connect to the editor to retrieve text.
11-19 21:48:04.243  1652  1652 W RichInputConnection: Unable to connect to the editor. Setting caps mode without knowing text.
11-19 21:48:04.254  1652  1652 W InputMethodService: Window size has been changed. This may cause jankiness of resizing window: -1 -> -2
11-19 21:48:04.261  1652  3412 D EGL_emulation: eglMakeCurrent: 0xa1cc2780: ver 2 0 (tinfo 0x94cffc30)
11-19 21:48:04.526  1588  1608 W ResourceType: Invalid package identifier when getting bag for resource number 0xffffffff
11-19 21:48:05.261  1308  1916 D gralloc_ranchu: gralloc_alloc: Creating ashmem region of size 8294400
11-19 21:48:05.316  3476  3476 I chatty  : uid=10027 com.android.systemui:screenshot expire 1 line
11-19 21:48:05.368  1588  1598 W ResourceType: Invalid package identifier when getting bag for resource number 0xffffffff
11-19 21:48:05.382  1588  1620 I InputDispatcher: Dropped event because of pending overdue app switch.
11-19 21:48:05.382  1588  1940 I chatty  : uid=1000(system) Binder:1588_6 expire 21 lines
11-19 21:48:05.668  3476  4410 I chatty  : uid=10027 com.android.systemui:screenshot expire 2 lines
11-19 21:48:05.736  2227  2257 I MusicPlaybackService: onMediaButtonEvent: Intent { act=android.intent.action.MEDIA_BUTTON (has extras) }
11-19 21:48:05.739  1588  1724 W VibratorService: Tried to stop vibrating but there is no vibrator device.
11-19 21:48:05.770  2227  2227 I MusicPlaybackService: onStartCommand com.android.music.musicservicecommand / stop
11-19 21:48:05.772  2227  2257 I MusicPlaybackService: onMediaButtonEvent: Intent { act=android.intent.action.MEDIA_BUTTON (has extras) }
11-19 21:48:05.772  2227  2257 I DevicePlayback: stop: willPlay=false, currentPos=-1
11-19 21:48:05.776  2227  2257 V MusicPlaybackService: notifyChange: com.android.music.playstatechanged
11-19 21:48:05.776  2227  2257 W MusicPlaybackService: Song is not loaded. Ignoring.
11-19 21:48:05.786  2227  2257 D MusicPlaybackService: cancelNotification id=1
11-19 21:48:05.786  2227  2257 V MusicPlaybackService: setting should show notification to true
11-19 21:48:05.971  1588  1631 D WifiNative-HAL: Failing getSupportedFeatureset because HAL isn't started
11-19 21:48:05.972  1588  1940 E BluetoothAdapter: Bluetooth binder is null
11-19 21:48:06.815  1588  2152 W VibratorService: Tried to stop vibrating but there is no vibrator device.
11-19 21:48:06.850  1588  1631 D WifiNative-HAL: Failing getSupportedFeatureset because HAL isn't started
11-19 21:48:06.851  1588  1940 E BluetoothAdapter: Bluetooth binder is null
11-19 21:48:06.968  1588  1631 D WifiNative-HAL: Failing getSupportedFeatureset because HAL isn't started
11-19 21:48:06.969  1588  2784 E BluetoothAdapter: Bluetooth binder is null
11-19 21:48:07.047  1588  1608 W ResourceType: Invalid package identifier when getting bag for resource number 0xffffffff
11-19 21:48:07.091  1308  1308 W SurfaceFlinger: couldn't log to binary event log: overflow.
11-19 21:48:07.123  2227  2257 I MusicPlaybackService: onMediaButtonEvent: Intent { act=android.intent.action.MEDIA_BUTTON (has extras) }
11-19 21:48:07.140  2227  2227 I MusicPlaybackService: onStartCommand com.android.music.musicservicecommand / pause
11-19 21:48:07.142  2227  2227 I DevicePlayback: pause: transient=false, currentPos=-1
11-19 21:48:07.175  2227  2257 I MusicPlaybackService: onMediaButtonEvent: Intent { act=android.intent.action.MEDIA_BUTTON (has extras) }
11-19 21:48:07.201  1588  1620 I InputDispatcher: Dropped event because of pending overdue app switch.
11-19 21:48:07.492  1308  1916 D gralloc_ranchu: gralloc_alloc: Creating ashmem region of size 483328
11-19 21:48:07.669  1660  1834 I chatty  : uid=10027(com.android.systemui) RenderThread expire 8 lines
11-19 21:48:07.779  1660  1660 I chatty  : uid=10027(com.android.systemui) expire 1 line
11-19 21:48:07.808  1308  1308 W SurfaceFlinger: couldn't log to binary event log: overflow.
11-19 21:48:07.810  1660  1834 I chatty  : uid=10027(com.android.systemui) RenderThread expire 1 line
11-19 21:48:08.105  1588  1620 I InputDispatcher: Dropped event because of pending overdue app switch.
11-19 21:48:08.158  1588  1598 W MediaSessionService: Attempted to dispatch null or non-media key event.
11-19 21:48:08.161  1588  1724 W MediaSessionService: Attempted to dispatch null or non-media key event.
11-19 21:48:08.224  1308  1308 W SurfaceFlinger: couldn't log to binary event log: overflow.
11-19 21:48:08.331  1660  1774 I chatty  : uid=10027(com.android.systemui) VolumeDialogCon expire 3 lines
11-19 21:48:08.339  1660  1660 I chatty  : uid=10027(com.android.systemui) expire 2 lines
11-19 21:48:08.397  1660  1834 I chatty  : uid=10027(com.android.systemui) RenderThread expire 35 lines
11-19 21:48:08.498  1588  2186 W VibratorService: Tried to stop vibrating but there is no vibrator device.
11-19 21:48:08.870  1660  1774 I chatty  : uid=10027(com.android.systemui) VolumeDialogCon expire 3 lines
11-19 21:48:08.888  1660  1660 I chatty  : uid=10027(com.android.systemui) expire 1 line
11-19 21:48:08.896  1660  1834 I chatty  : uid=10027(com.android.systemui) RenderThread expire 3 lines
11-19 21:48:08.907  1660  1660 I chatty  : uid=10027(com.android.systemui) expire 2 lines
11-19 21:48:08.993  1660  1834 I chatty  : uid=10027(com.android.systemui) RenderThread expire 12 lines
11-19 21:48:09.116  1660  1774 I chatty  : uid=10027(com.android.systemui) VolumeDialogCon expire 3 lines
11-19 21:48:09.126  1660  1660 I chatty  : uid=10027(com.android.systemui) expire 3 lines
11-19 21:48:09.135  1660  1834 I chatty  : uid=10027(com.android.systemui) RenderThread expire 19 lines
11-19 21:48:09.768  1660  1660 I chatty  : uid=10027(com.android.systemui) expire 1 line
11-19 21:48:09.768  1660  1774 I chatty  : uid=10027(com.android.systemui) VolumeDialogCon expire 4 lines
11-19 21:48:09.784  1660  1660 I chatty  : uid=10027(com.android.systemui) expire 4 lines
11-19 21:48:09.813  1588  1608 I ActivityManager: Displayed es.usc.citius.servando.calendula/.activities.MedicinesActivity: +326ms
11-19 21:48:09.990  1660  1774 I chatty  : uid=10027(com.android.systemui) VolumeDialogCon expire 2 lines
11-19 21:48:10.095  1660  1834 I chatty  : uid=10027(com.android.systemui) RenderThread expire 3 lines
11-19 21:48:10.103  1588  1599 W ResourceType: Invalid package identifier when getting bag for resource number 0xffffffff
11-19 21:48:10.124  1308  1308 W SurfaceFlinger: couldn't log to binary event log: overflow.
11-19 21:48:10.143  3716  3716 I chatty  : uid=10075(es.usc.citius.servando.calendula) expire 97 lines
11-19 21:48:10.205  1588  1620 I InputDispatcher: Dropping event because there is no touchable window at (54, 226).
11-19 21:48:10.282  1588  1608 I ActivityManager: Displayed es.usc.citius.servando.calendula/.activities.MedicinesActivity: +127ms
11-19 21:48:10.305  1660  1774 I chatty  : uid=10027(com.android.systemui) VolumeDialogCon expire 1 line
11-19 21:48:10.310  1660  1660 I chatty  : uid=10027(com.android.systemui) expire 1 line
11-19 21:48:10.487  1660  1834 I chatty  : uid=10027(com.android.systemui) RenderThread expire 4 lines
11-19 21:48:10.532  3716  4347 I chatty  : uid=10075(es.usc.citius.servando.calendula) AsyncTask #7 expire 1 line
11-19 21:48:10.692  1308  1308 W SurfaceFlinger: couldn't log to binary event log: overflow.
11-19 21:48:10.757  1308  1308 W SurfaceFlinger: couldn't log to binary event log: overflow.
11-19 21:48:10.761  1660  1660 I chatty  : uid=10027(com.android.systemui) expire 1 line
11-19 21:48:10.762  1660  1774 I chatty  : uid=10027(com.android.systemui) VolumeDialogCon expire 1 line
11-19 21:48:10.770  1588  1955 I chatty  : uid=1000(system) Binder:1588_7 expire 10 lines
11-19 21:48:11.079  1660  1834 I chatty  : uid=10027(com.android.systemui) RenderThread expire 2 lines
11-19 21:48:11.096  1660  1660 I chatty  : uid=10027(com.android.systemui) expire 4 lines
11-19 21:48:11.264  1660  1834 I chatty  : uid=10027(com.android.systemui) RenderThread expire 3 lines
11-19 21:48:11.358  1660  1660 I chatty  : uid=10027(com.android.systemui) expire 1 line
11-19 21:48:11.399  1660  1834 D EGL_emulation: eglMakeCurrent: 0x94199fc0: ver 2 0 (tinfo 0xa3a48260)
11-19 21:48:11.424  1588  1940 W VibratorService: Tried to stop vibrating but there is no vibrator device.
11-19 21:48:11.535  1660  1660 D PhoneStatusBar: disable: < expand icons* alerts system_info* back home recent clock search quick_settings >
11-19 21:48:11.540  1588  1620 I InputDispatcher: Dropped event because of pending overdue app switch.
11-19 21:48:11.548  1660  1834 D EGL_emulation: eglMakeCurrent: 0x94199fc0: ver 2 0 (tinfo 0xa3a48260)
11-19 21:48:11.563  1660  1834 D EGL_emulation: eglMakeCurrent: 0x94199fc0: ver 2 0 (tinfo 0xa3a48260)
11-19 21:48:11.614  1660  1774 I vol.Events: writeEvent mute_changed STREAM_SYSTEM true
11-19 21:48:11.615  1660  1774 I vol.Events: writeEvent mute_changed STREAM_RING true
11-19 21:48:11.622  1660  1774 I vol.Events: writeEvent active_stream_changed STREAM_RING
11-19 21:48:11.622  1660  1774 I vol.Events: writeEvent key STREAM_RING 2
11-19 21:48:11.638  1660  1660 I vol.Events: writeEvent show_dialog volume_changed keyguard=false
11-19 21:48:11.675  1660  1834 D EGL_emulation: eglMakeCurrent: 0x94199fc0: ver 2 0 (tinfo 0xa3a48260)
11-19 21:48:11.687  1660  1834 D EGL_emulation: eglMakeCurrent: 0x94199fc0: ver 2 0 (tinfo 0xa3a48260)
11-19 21:48:11.692  1660  1834 D EGL_emulation: eglMakeCurrent: 0x94199fc0: ver 2 0 (tinfo 0xa3a48260)
11-19 21:48:11.704  1660  1834 D EGL_emulation: eglMakeCurrent: 0x94199fc0: ver 2 0 (tinfo 0xa3a48260)
11-19 21:48:11.712  1660  1834 D EGL_emulation: eglMakeCurrent: 0x94199fc0: ver 2 0 (tinfo 0xa3a48260)
11-19 21:48:11.726  1660  1834 D EGL_emulation: eglMakeCurrent: 0x94199fc0: ver 2 0 (tinfo 0xa3a48260)
11-19 21:48:11.732  1660  1834 D EGL_emulation: eglMakeCurrent: 0x94199fc0: ver 2 0 (tinfo 0xa3a48260)
11-19 21:48:11.749  1660  1834 D EGL_emulation: eglMakeCurrent: 0x94199fc0: ver 2 0 (tinfo 0xa3a48260)
11-19 21:48:11.755  1660  1834 D EGL_emulation: eglMakeCurrent: 0x94199fc0: ver 2 0 (tinfo 0xa3a48260)
11-19 21:48:11.760  1660  1834 D EGL_emulation: eglMakeCurrent: 0x94199fc0: ver 2 0 (tinfo 0xa3a48260)
11-19 21:48:11.770  1660  1834 D EGL_emulation: eglMakeCurrent: 0x94199fc0: ver 2 0 (tinfo 0xa3a48260)
11-19 21:48:11.778  1660  1834 D EGL_emulation: eglMakeCurrent: 0x94199fc0: ver 2 0 (tinfo 0xa3a48260)
11-19 21:48:11.786  1660  1834 D EGL_emulation: eglMakeCurrent: 0x94199fc0: ver 2 0 (tinfo 0xa3a48260)
11-19 21:48:11.792  1660  1834 D EGL_emulation: eglMakeCurrent: 0x94199fc0: ver 2 0 (tinfo 0xa3a48260)
11-19 21:48:11.801  1660  1834 D EGL_emulation: eglMakeCurrent: 0x94199fc0: ver 2 0 (tinfo 0xa3a48260)
11-19 21:48:11.811  1660  1834 D EGL_emulation: eglMakeCurrent: 0x94199fc0: ver 2 0 (tinfo 0xa3a48260)
11-19 21:48:11.820  1660  1834 D EGL_emulation: eglMakeCurrent: 0x94199fc0: ver 2 0 (tinfo 0xa3a48260)
11-19 21:48:11.834  1660  1834 D EGL_emulation: eglMakeCurrent: 0x94199fc0: ver 2 0 (tinfo 0xa3a48260)
11-19 21:48:11.838  1660  1834 D EGL_emulation: eglMakeCurrent: 0x94199fc0: ver 2 0 (tinfo 0xa3a48260)
11-19 21:48:11.845  1660  1834 D EGL_emulation: eglMakeCurrent: 0x94199fc0: ver 2 0 (tinfo 0xa3a48260)
11-19 21:48:11.853  1660  1834 D EGL_emulation: eglMakeCurrent: 0x94199fc0: ver 2 0 (tinfo 0xa3a48260)
11-19 21:48:11.854  1351  1391 W audio_hw_generic: Not supplying enough data to HAL, expected position 10989365 , only wrote 10989360
11-19 21:48:11.859  1660  1834 D EGL_emulation: eglMakeCurrent: 0x94199fc0: ver 2 0 (tinfo 0xa3a48260)
11-19 21:48:11.871  1660  1834 D EGL_emulation: eglMakeCurrent: 0x94199fc0: ver 2 0 (tinfo 0xa3a48260)
11-19 21:48:11.876  1660  1834 D EGL_emulation: eglMakeCurrent: 0x94199fc0: ver 2 0 (tinfo 0xa3a48260)
11-19 21:48:11.883  1660  1834 D EGL_emulation: eglMakeCurrent: 0x94199fc0: ver 2 0 (tinfo 0xa3a48260)
11-19 21:48:11.897  1660  1834 D EGL_emulation: eglMakeCurrent: 0x94199fc0: ver 2 0 (tinfo 0xa3a48260)
11-19 21:48:11.904  1660  1834 D EGL_emulation: eglMakeCurrent: 0x94199fc0: ver 2 0 (tinfo 0xa3a48260)
11-19 21:48:11.911  1660  1834 D EGL_emulation: eglMakeCurrent: 0x94199fc0: ver 2 0 (tinfo 0xa3a48260)
11-19 21:48:11.917  1660  1834 D EGL_emulation: eglMakeCurrent: 0x94199fc0: ver 2 0 (tinfo 0xa3a48260)
11-19 21:48:11.927  1660  1834 D EGL_emulation: eglMakeCurrent: 0x94199fc0: ver 2 0 (tinfo 0xa3a48260)
11-19 21:48:11.930  1660  1834 D EGL_emulation: eglMakeCurrent: 0x94199fc0: ver 2 0 (tinfo 0xa3a48260)
11-19 21:48:12.061  1660  1660 I vol.Events: writeEvent expand true
11-19 21:48:12.095  1660  1834 D EGL_emulation: eglMakeCurrent: 0x94199fc0: ver 2 0 (tinfo 0xa3a48260)
11-19 21:48:12.106  1588  1724 I chatty  : uid=1000(system) Binder:1588_4 expire 13 lines
11-19 21:48:12.110  1660  1834 D EGL_emulation: eglMakeCurrent: 0x94199fc0: ver 2 0 (tinfo 0xa3a48260)
11-19 21:48:12.210  1660  1660 I vol.Events: writeEvent dismiss_dialog touch_outside
11-19 21:48:12.211  1660  1774 I vol.Events: writeEvent active_stream_changed UNKNOWN_STREAM_-1
11-19 21:48:12.319  1588  1608 I ActivityManager: Displayed es.usc.citius.servando.calendula/.activities.RoutinesActivity: +174ms
11-19 21:48:12.449  1588  1620 I InputDispatcher: Dropped event because of pending overdue app switch.
11-19 21:48:12.450  1588  1933 I chatty  : uid=1000(system) Binder:1588_5 expire 11 lines
11-19 21:48:12.524  1308  1308 W SurfaceFlinger: couldn't log to binary event log: overflow.
11-19 21:48:12.544  1660  1834 D EGL_emulation: eglMakeCurrent: 0x94199fc0: ver 2 0 (tinfo 0xa3a48260)
11-19 21:48:12.545  1660  1834 D OpenGLRenderer: endAllActiveAnimators on 0x937e0880 (RippleDrawable) with handle 0x92ffdfe0
11-19 21:48:12.568  1660  1660 D PhoneStatusBar: disable: < expand ICONS* alerts SYSTEM_INFO* back home recent clock search quick_settings >
11-19 21:48:12.631  1660  1834 D EGL_emulation: eglMakeCurrent: 0x94199fc0: ver 2 0 (tinfo 0xa3a48260)
11-19 21:48:12.676  1588  2784 W VibratorService: Tried to stop vibrating but there is no vibrator device.
11-19 21:48:12.803  1660  1660 D PhoneStatusBar: disable: < expand icons* alerts system_info* back home recent clock search quick_settings >
11-19 21:48:12.831  1660  1834 D EGL_emulation: eglMakeCurrent: 0x94199fc0: ver 2 0 (tinfo 0xa3a48260)
11-19 21:48:12.845  1660  1834 D EGL_emulation: eglMakeCurrent: 0x94199fc0: ver 2 0 (tinfo 0xa3a48260)
11-19 21:48:12.868  1660  1774 I vol.Events: writeEvent active_stream_changed STREAM_RING
11-19 21:48:12.870  1660  1774 I vol.Events: writeEvent key STREAM_RING 2
11-19 21:48:12.880  1660  1660 I vol.Events: writeEvent show_dialog volume_changed keyguard=false
11-19 21:48:12.915  1660  1834 D EGL_emulation: eglMakeCurrent: 0x94199fc0: ver 2 0 (tinfo 0xa3a48260)
11-19 21:48:12.922  1660  1834 D EGL_emulation: eglMakeCurrent: 0x94199fc0: ver 2 0 (tinfo 0xa3a48260)
11-19 21:48:12.933  1660  1834 D EGL_emulation: eglMakeCurrent: 0x94199fc0: ver 2 0 (tinfo 0xa3a48260)
11-19 21:48:12.940  1660  1834 D EGL_emulation: eglMakeCurrent: 0x94199fc0: ver 2 0 (tinfo 0xa3a48260)
11-19 21:48:12.946  1588  1598 W MediaSessionService: Attempted to dispatch null or non-media key event.
11-19 21:48:12.950  1588  2152 W MediaSessionService: Attempted to dispatch null or non-media key event.
11-19 21:48:12.960  1660  1834 D EGL_emulation: eglMakeCurrent: 0x94199fc0: ver 2 0 (tinfo 0xa3a48260)
11-19 21:48:12.970  1660  1834 D EGL_emulation: eglMakeCurrent: 0x94199fc0: ver 2 0 (tinfo 0xa3a48260)
11-19 21:48:12.975  1660  1834 D EGL_emulation: eglMakeCurrent: 0x94199fc0: ver 2 0 (tinfo 0xa3a48260)
11-19 21:48:12.975  1660  1774 I vol.Events: writeEvent mute_changed STREAM_SYSTEM false
11-19 21:48:12.977  1660  1774 I vol.Events: writeEvent mute_changed STREAM_RING false
11-19 21:48:12.984  1660  1834 D EGL_emulation: eglMakeCurrent: 0x94199fc0: ver 2 0 (tinfo 0xa3a48260)
11-19 21:48:12.992  1660  1834 D EGL_emulation: eglMakeCurrent: 0x94199fc0: ver 2 0 (tinfo 0xa3a48260)
11-19 21:48:13.000  1660  1834 D EGL_emulation: eglMakeCurrent: 0x94199fc0: ver 2 0 (tinfo 0xa3a48260)
11-19 21:48:13.008  1660  1834 D EGL_emulation: eglMakeCurrent: 0x94199fc0: ver 2 0 (tinfo 0xa3a48260)
11-19 21:48:13.016  1660  1834 D EGL_emulation: eglMakeCurrent: 0x94199fc0: ver 2 0 (tinfo 0xa3a48260)
11-19 21:48:13.027  1660  1834 D EGL_emulation: eglMakeCurrent: 0x94199fc0: ver 2 0 (tinfo 0xa3a48260)
11-19 21:48:13.038  1660  1834 D EGL_emulation: eglMakeCurrent: 0x94199fc0: ver 2 0 (tinfo 0xa3a48260)
11-19 21:48:13.043  1660  1834 D EGL_emulation: eglMakeCurrent: 0x94199fc0: ver 2 0 (tinfo 0xa3a48260)
11-19 21:48:13.055  1660  1834 D EGL_emulation: eglMakeCurrent: 0x94199fc0: ver 2 0 (tinfo 0xa3a48260)
11-19 21:48:13.059  1660  1834 D EGL_emulation: eglMakeCurrent: 0x94199fc0: ver 2 0 (tinfo 0xa3a48260)
11-19 21:48:13.068  1660  1834 D EGL_emulation: eglMakeCurrent: 0x94199fc0: ver 2 0 (tinfo 0xa3a48260)
11-19 21:48:13.075  1660  1834 D EGL_emulation: eglMakeCurrent: 0x94199fc0: ver 2 0 (tinfo 0xa3a48260)
11-19 21:48:13.083  1660  1834 D EGL_emulation: eglMakeCurrent: 0x94199fc0: ver 2 0 (tinfo 0xa3a48260)
11-19 21:48:13.094  1660  1834 D EGL_emulation: eglMakeCurrent: 0x94199fc0: ver 2 0 (tinfo 0xa3a48260)
11-19 21:48:13.100  1660  1834 D EGL_emulation: eglMakeCurrent: 0x94199fc0: ver 2 0 (tinfo 0xa3a48260)
11-19 21:48:13.108  1660  1834 D EGL_emulation: eglMakeCurrent: 0x94199fc0: ver 2 0 (tinfo 0xa3a48260)
11-19 21:48:13.112  1660  1834 D EGL_emulation: eglMakeCurrent: 0x94199fc0: ver 2 0 (tinfo 0xa3a48260)
11-19 21:48:13.125  1660  1834 D EGL_emulation: eglMakeCurrent: 0x94199fc0: ver 2 0 (tinfo 0xa3a48260)
11-19 21:48:13.138  1660  1834 D EGL_emulation: eglMakeCurrent: 0x94199fc0: ver 2 0 (tinfo 0xa3a48260)
11-19 21:48:13.142  1660  1834 D EGL_emulation: eglMakeCurrent: 0x94199fc0: ver 2 0 (tinfo 0xa3a48260)
11-19 21:48:13.149  1660  1834 D EGL_emulation: eglMakeCurrent: 0x94199fc0: ver 2 0 (tinfo 0xa3a48260)
11-19 21:48:13.159  1660  1834 D EGL_emulation: eglMakeCurrent: 0x94199fc0: ver 2 0 (tinfo 0xa3a48260)
11-19 21:48:13.166  1660  1834 D EGL_emulation: eglMakeCurrent: 0x94199fc0: ver 2 0 (tinfo 0xa3a48260)
11-19 21:48:13.167  1588  1620 I InputDispatcher: Dropped event because of pending overdue app switch.
11-19 21:48:13.177  1660  1834 D EGL_emulation: eglMakeCurrent: 0x94199fc0: ver 2 0 (tinfo 0xa3a48260)
11-19 21:48:13.192  1660  1834 D EGL_emulation: eglMakeCurrent: 0x94199fc0: ver 2 0 (tinfo 0xa3a48260)
11-19 21:48:13.212  1660  1834 D EGL_emulation: eglMakeCurrent: 0x94199fc0: ver 2 0 (tinfo 0xa3a48260)
11-19 21:48:13.220  1660  1834 D EGL_emulation: eglMakeCurrent: 0x94199fc0: ver 2 0 (tinfo 0xa3a48260)
11-19 21:48:13.228  1660  1834 D EGL_emulation: eglMakeCurrent: 0x94199fc0: ver 2 0 (tinfo 0xa3a48260)
11-19 21:48:13.338  1660  1660 I vol.Events: writeEvent dismiss_dialog touch_outside
11-19 21:48:13.339  1660  1774 I vol.Events: writeEvent active_stream_changed UNKNOWN_STREAM_-1
11-19 21:48:13.417  1308  1313 D gralloc_ranchu: gralloc_alloc: Creating ashmem region of size 2691072
11-19 21:48:13.425  1308  1308 E EGL_emulation: tid 1308: eglCreateSyncKHR(1901): error 0x3004 (EGL_BAD_ATTRIBUTE)
11-19 21:48:13.533  2032  2032 W ViewRootImpl[Launcher]: Dropping event due to no window focus: KeyEvent { action=ACTION_DOWN, keyCode=KEYCODE_C, scanCode=0, metaState=0, flags=0x8, repeatCount=0, eventTime=1646349, downTime=1646349, deviceId=-1, source=0x101 }
11-19 21:48:13.548  2032  2170 D EGL_emulation: eglMakeCurrent: 0xb1105240: ver 2 0 (tinfo 0xb11035e0)
11-19 21:48:13.600  3716  3741 I chatty  : uid=10075(es.usc.citius.servando.calendula) RenderThread expire 20 lines
11-19 21:48:13.643  1660  1834 D EGL_emulation: eglMakeCurrent: 0x94199fc0: ver 2 0 (tinfo 0xa3a48260)
11-19 21:48:13.650  1588  1599 W ResourceType: Invalid package identifier when getting bag for resource number 0xffffffff
11-19 21:48:13.737  1660  1660 D PhoneStatusBar: disable: < expand ICONS* alerts SYSTEM_INFO* back home recent clock search quick_settings >
11-19 21:48:13.793  1660  1834 D EGL_emulation: eglMakeCurrent: 0x94199fc0: ver 2 0 (tinfo 0xa3a48260)
11-19 21:48:13.828  1588  1598 W VibratorService: Tried to stop vibrating but there is no vibrator device.
11-19 21:48:13.851  1660  1660 I chatty  : uid=10027(com.android.systemui) expire 4 lines
11-19 21:48:13.865  1660  1660 W ViewRootImpl[StatusBar]: Dropping event due to no window focus: MotionEvent { action=ACTION_MOVE, actionButton=0, id[0]=0, x[0]=4.0, y[0]=2.0, toolType[0]=TOOL_TYPE_UNKNOWN, buttonState=0, metaState=0, flags=0x0, edgeFlags=0x0, pointerCount=1, historySize=9, eventTime=1646826, downTime=-1, deviceId=0, source=0x10004 }
11-19 21:48:13.868  1660  1660 W ViewRootImpl[StatusBar]: Dropping event due to no window focus: MotionEvent { action=ACTION_DOWN, actionButton=0, id[0]=0, x[0]=0.0, y[0]=0.0, toolType[0]=TOOL_TYPE_UNKNOWN, buttonState=0, metaState=0, flags=0x0, edgeFlags=0x0, pointerCount=1, historySize=0, eventTime=1646828, downTime=1646818, deviceId=0, source=0x10004 }
11-19 21:48:13.870  1660  1660 W ViewRootImpl[StatusBar]: Cancelling event due to no window focus: MotionEvent { action=ACTION_CANCEL, actionButton=0, id[0]=0, x[0]=0.0, y[0]=0.0, toolType[0]=TOOL_TYPE_UNKNOWN, buttonState=0, metaState=0, flags=0x0, edgeFlags=0x0, pointerCount=1, historySize=0, eventTime=1646829, downTime=1646818, deviceId=0, source=0x10004 }
11-19 21:48:13.870  1660  1660 W ViewRootImpl[StatusBar]: Cancelling event due to no window focus: MotionEvent { action=ACTION_CANCEL, actionButton=0, id[0]=0, x[0]=0.0, y[0]=0.0, toolType[0]=TOOL_TYPE_UNKNOWN, buttonState=0, metaState=0, flags=0x0, edgeFlags=0x0, pointerCount=1, historySize=0, eventTime=1646829, downTime=1646818, deviceId=0, source=0x10004 }
11-19 21:48:13.870  1660  1660 W ViewRootImpl[StatusBar]: Cancelling event due to no window focus: MotionEvent { action=ACTION_CANCEL, actionButton=0, id[0]=0, x[0]=0.0, y[0]=0.0, toolType[0]=TOOL_TYPE_UNKNOWN, buttonState=0, metaState=0, flags=0x0, edgeFlags=0x0, pointerCount=1, historySize=0, eventTime=1646829, downTime=1646818, deviceId=0, source=0x10004 }
11-19 21:48:13.870  1660  1660 W ViewRootImpl[StatusBar]: Cancelling event due to no window focus: MotionEvent { action=ACTION_CANCEL, actionButton=0, id[0]=0, x[0]=0.0, y[0]=0.0, toolType[0]=TOOL_TYPE_UNKNOWN, buttonState=0, metaState=0, flags=0x0, edgeFlags=0x0, pointerCount=1, historySize=0, eventTime=1646829, downTime=1646818, deviceId=0, source=0x10004 }
11-19 21:48:13.870  1660  1660 W ViewRootImpl[StatusBar]: Cancelling event due to no window focus: MotionEvent { action=ACTION_CANCEL, actionButton=0, id[0]=0, x[0]=0.0, y[0]=0.0, toolType[0]=TOOL_TYPE_UNKNOWN, buttonState=0, metaState=0, flags=0x0, edgeFlags=0x0, pointerCount=1, historySize=0, eventTime=1646829, downTime=1646818, deviceId=0, source=0x10004 }
11-19 21:48:13.870  1660  1660 W ViewRootImpl[StatusBar]: Cancelling event due to no window focus: MotionEvent { action=ACTION_CANCEL, actionButton=0, id[0]=0, x[0]=0.0, y[0]=0.0, toolType[0]=TOOL_TYPE_UNKNOWN, buttonState=0, metaState=0, flags=0x0, edgeFlags=0x0, pointerCount=1, historySize=0, eventTime=1646829, downTime=1646818, deviceId=0, source=0x10004 }
11-19 21:48:13.870  1660  1660 W ViewRootImpl[StatusBar]: Cancelling event due to no window focus: MotionEvent { action=ACTION_CANCEL, actionButton=0, id[0]=0, x[0]=0.0, y[0]=0.0, toolType[0]=TOOL_TYPE_UNKNOWN, buttonState=0, metaState=0, flags=0x0, edgeFlags=0x0, pointerCount=1, historySize=0, eventTime=1646829, downTime=1646818, deviceId=0, source=0x10004 }
11-19 21:48:13.896  2032  2032 W ViewRootImpl[Launcher]: Cancelling event due to no window focus: KeyEvent { action=ACTION_UP, keyCode=KEYCODE_DPAD_LEFT, scanCode=0, metaState=0, flags=0x28, repeatCount=0, eventTime=1646816, downTime=1646796, deviceId=-1, source=0x101 }
11-19 21:48:13.896  2032  2032 W ViewRootImpl[Launcher]: Cancelling event due to no window focus: KeyEvent { action=ACTION_UP, keyCode=KEYCODE_DPAD_LEFT, scanCode=0, metaState=0, flags=0x28, repeatCount=0, eventTime=1646816, downTime=1646796, deviceId=-1, source=0x101 }
11-19 21:48:13.896  2032  2032 W ViewRootImpl[Launcher]: Cancelling event due to no window focus: KeyEvent { action=ACTION_UP, keyCode=KEYCODE_DPAD_LEFT, scanCode=0, metaState=0, flags=0x28, repeatCount=0, eventTime=1646816, downTime=1646796, deviceId=-1, source=0x101 }
11-19 21:48:13.957  1588  1631 D WifiNative-HAL: Failing getSupportedFeatureset because HAL isn't started
11-19 21:48:13.964  1588  1724 E BluetoothAdapter: Bluetooth binder is null
11-19 21:48:14.081  4335  4335 I art     : System.exit called, status: 0
11-19 21:48:14.081  4335  4335 I AndroidRuntime: VM exiting with result code 0.
11-19 21:48:14.140  1588  1631 D WifiNative-HAL: Failing getSupportedFeatureset because HAL isn't started
11-19 21:48:14.140  1588  1955 E BluetoothAdapter: Bluetooth binder is null
11-19 21:48:14.155  4417  4417 W art     : Unexpected CPU variant for X86 using defaults: x86
11-19 21:48:14.201  4417  4417 W System  : ClassLoader referenced unknown path: /system/priv-app/Settings/lib/x86
11-19 21:48:14.289  1308  1916 E SurfaceFlinger: ro.sf.lcd_density must be defined as a build property
11-19 21:48:14.297  4417  4417 D         : HostConnection::get() New Host Connection established 0xa4cc4800, tid 4417
11-19 21:48:14.300  4417  4417 W         : Unrecognized GLES max version string in extensions: ANDROID_EMU_CHECKSUM_HELPER_v1 ANDROID_EMU_dma_v1 
11-19 21:48:14.416  4417  4430 D         : HostConnection::get() New Host Connection established 0xa1cf1800, tid 4430
11-19 21:48:14.423  4417  4430 W         : Unrecognized GLES max version string in extensions: ANDROID_EMU_CHECKSUM_HELPER_v1 ANDROID_EMU_dma_v1 
11-19 21:48:14.427  4417  4430 I OpenGLRenderer: Initialized EGL, version 1.4
11-19 21:48:14.428  4417  4430 D OpenGLRenderer: Swap behavior 1
11-19 21:48:14.428  4417  4430 W OpenGLRenderer: Failed to choose config with EGL_SWAP_BEHAVIOR_PRESERVED, retrying without...
11-19 21:48:14.428  4417  4430 D OpenGLRenderer: Swap behavior 0
11-19 21:48:14.437  4417  4430 D EGL_emulation: eglCreateContext: 0xb1105060: maj 2 min 0 rcv 2
11-19 21:48:14.447  4417  4430 D EGL_emulation: eglMakeCurrent: 0xb1105060: ver 2 0 (tinfo 0xb1103570)
11-19 21:48:14.528  4417  4430 D EGL_emulation: eglMakeCurrent: 0xb1105060: ver 2 0 (tinfo 0xb1103570)
11-19 21:48:14.658  1660  1660 D PhoneStatusBar: disable: < expand icons* alerts system_info* back home recent clock search quick_settings >
11-19 21:48:14.686  1660  1834 D EGL_emulation: eglMakeCurrent: 0x94199fc0: ver 2 0 (tinfo 0xa3a48260)
11-19 21:48:14.690  4417  4430 D EGL_emulation: eglMakeCurrent: 0xb1105060: ver 2 0 (tinfo 0xb1103570)
11-19 21:48:14.697  4417  4430 D EGL_emulation: eglMakeCurrent: 0xb1105060: ver 2 0 (tinfo 0xb1103570)
11-19 21:48:14.716  1588  1608 I ActivityManager: Displayed com.android.settings/.deviceinfo.UsbModeChooserActivity: +592ms
11-19 21:48:14.722  1660  1834 D EGL_emulation: eglMakeCurrent: 0x94199fc0: ver 2 0 (tinfo 0xa3a48260)
11-19 21:48:17.269  1351  1392 W audio_hw_generic: Not supplying enough data to HAL, expected position 11507880 , only wrote 11249280
11-19 21:48:22.348  4436  4436 D AndroidRuntime: >>>>>> START com.android.internal.os.RuntimeInit uid 2000 <<<<<<
11-19 21:48:22.350  4436  4436 D AndroidRuntime: CheckJNI is ON
11-19 21:48:22.367  4436  4436 W art     : Unexpected CPU variant for X86 using defaults: x86
11-19 21:48:22.370  4436  4436 D ICU     : No timezone override file found: /data/misc/zoneinfo/current/icu/icu_tzdata.dat
11-19 21:48:22.381  4436  4436 E memtrack: Couldn't load memtrack module (No such file or directory)
11-19 21:48:22.382  4436  4436 E android.os.Debug: failed to load memtrack module: -2
11-19 21:48:22.382  4436  4436 I Radio-JNI: register_android_hardware_Radio DONE
11-19 21:48:22.390  4436  4436 D AndroidRuntime: Calling main entry com.android.commands.monkey.Monkey
11-19 21:48:22.467  1308  1916 D gralloc_ranchu: gralloc_alloc: Creating ashmem region of size 1556480
11-19 21:48:22.476  1308  1308 E EGL_emulation: tid 1308: eglCreateSyncKHR(1901): error 0x3004 (EGL_BAD_ATTRIBUTE)
11-19 21:48:22.543  1308  1338 D gralloc_ranchu: gralloc_alloc: Creating ashmem region of size 8294400
11-19 21:48:22.577  2032  2170 D EGL_emulation: eglMakeCurrent: 0xb1105240: ver 2 0 (tinfo 0xb11035e0)
11-19 21:48:22.627  4417  4430 D EGL_emulation: eglMakeCurrent: 0xb1105060: ver 2 0 (tinfo 0xb1103570)
11-19 21:48:22.750  3716  3716 I chatty  : uid=10075(es.usc.citius.servando.calendula) expire 111 lines
11-19 21:48:23.019  1588  1608 I ActivityManager: Displayed es.usc.citius.servando.calendula/.HomePagerActivity: +340ms (total +574ms)
11-19 21:48:23.078  1351  1391 W audio_hw_generic: Not supplying enough data to HAL, expected position 11249331 , only wrote 11249280
11-19 21:48:23.582  1588  1620 I InputDispatcher: Dropped event because of pending overdue app switch.
11-19 21:48:23.892  1660  1660 D PhoneStatusBar: disable: < expand ICONS* alerts SYSTEM_INFO* back home recent clock search quick_settings >
11-19 21:48:23.932  1660  1834 D EGL_emulation: eglMakeCurrent: 0x94199fc0: ver 2 0 (tinfo 0xa3a48260)
11-19 21:48:23.965  1660  1834 D EGL_emulation: eglMakeCurrent: 0x94199fc0: ver 2 0 (tinfo 0xa3a48260)
11-19 21:48:24.042  1660  1660 D PhoneStatusBar: disable: < expand icons* alerts system_info* back home recent clock search quick_settings >
11-19 21:48:24.066  1660  1834 D EGL_emulation: eglMakeCurrent: 0x94199fc0: ver 2 0 (tinfo 0xa3a48260)
11-19 21:48:24.086  1660  1834 D EGL_emulation: eglMakeCurrent: 0x94199fc0: ver 2 0 (tinfo 0xa3a48260)
11-19 21:48:24.849  2154  2456 I Icing   : IndexChimeraService.getServiceInterface callingPackage=com.google.android.music componentName=null serviceId=36
11-19 21:48:24.881  2154  2453 I Icing   : Usage reports ok 0, Failed Usage reports 0, indexed 0, rejected 0, imm upload false
11-19 21:48:24.903  2154  2456 I Icing   : IndexChimeraService.getServiceInterface callingPackage=com.google.android.music componentName=null serviceId=36
11-19 21:48:24.930  2154  2453 I Icing   : Usage reports ok 0, Failed Usage reports 0, indexed 0, rejected 0, imm upload false
11-19 21:48:24.943  2154  2454 I Icing   : IndexChimeraService.getServiceInterface callingPackage=com.google.android.music componentName=null serviceId=36
11-19 21:48:24.965  2154  2455 I Icing   : Usage reports ok 0, Failed Usage reports 0, indexed 0, rejected 0, imm upload false
11-19 21:48:24.977  2154  2454 I Icing   : IndexChimeraService.getServiceInterface callingPackage=com.google.android.music componentName=null serviceId=36
11-19 21:48:24.997  2154  2453 I Icing   : Usage reports ok 0, Failed Usage reports 0, indexed 0, rejected 0, imm upload false
11-19 21:48:25.233  1588  1608 I ActivityManager: Displayed es.usc.citius.servando.calendula/.activities.RoutinesActivity: +306ms
11-19 21:48:25.458  1308  1308 W SurfaceFlinger: couldn't log to binary event log: overflow.
11-19 21:48:25.576  3716  3741 I chatty  : uid=10075(es.usc.citius.servando.calendula) RenderThread expire 46 lines
11-19 21:48:25.591  1588  1608 I ActivityManager: Displayed es.usc.citius.servando.calendula/.activities.RoutinesActivity: +105ms
11-19 21:48:25.705  2227  2257 I MusicPlaybackService: onMediaButtonEvent: Intent { act=android.intent.action.MEDIA_BUTTON (has extras) }
11-19 21:48:25.711  2227  2257 I MusicPlaybackService: onMediaButtonEvent: Intent { act=android.intent.action.MEDIA_BUTTON (has extras) }
11-19 21:48:25.711  2227  2227 I MusicPlaybackService: onStartCommand com.android.music.musicservicecommand / togglepause
11-19 21:48:25.711  2227  2227 V MusicPlaybackService: notifyChange: com.google.android.music.shufflemodechanged
11-19 21:48:25.711  2227  2227 I MusicPlaybackService: Sending out broadcast: com.google.android.music.shufflemodechanged Extras: Bundle[{shuffle=1}]
11-19 21:48:25.712  2227  2257 D DevicePlayback: Current route null, CQ mode: false
11-19 21:48:25.715  2227  2257 D MusicPlaybackService: new playback state: PlaybackState {state=2, position=0, buffered position=0, speed=1.0, updated=1658690, actions=7607, error=null, custom actions=[], active item id=-1}
11-19 21:48:25.716  2227  2257 D DevicePlayback: open: medialist=AllSongsList: [0] position=-1 play=true 
11-19 21:48:25.716  2227  2257 V MusicPlaybackService: setting should show notification to true
11-19 21:48:25.717  2227  2257 D DevicePlayback: Current route null, CQ mode: false
11-19 21:48:25.717  2227  2257 V MusicPlaybackService: notifyChange: com.android.music.queuechanged
11-19 21:48:25.722  2227  2257 I MusicPlaybackService: Sending out broadcast: com.android.music.queuechanged Extras: Bundle[{hasValidPlaylist=false, woodstock=false, isPodcast=false, queueLoading=false, isDoubleclickAd=false, ListSize=0, isSoundAd=false, isSkipLimitReached=false}]
11-19 21:48:25.723  2227  2257 D DevicePlayback: onSongChanged: isFromUserAction=false
11-19 21:48:25.723  2227  2257 V MusicPlaybackService: notifyChange: com.android.music.metachanged
11-19 21:48:25.723  2227  2257 W MusicPlaybackService: Song is not loaded. Ignoring.
11-19 21:48:25.723  2227  2257 D MusicPlaybackService: cancelNotification id=1
11-19 21:48:25.723  2227  2257 V MusicPlaybackService: setting should show notification to true
11-19 21:48:25.723  2227  2257 D DevicePlayback: mMixGenerationState=null
11-19 21:48:25.724  2227  2257 D DevicePlayback: Current route null, CQ mode: false
11-19 21:48:25.728  2227  2257 D DevicePlayback: Current route null, CQ mode: false
11-19 21:48:25.728  2227  2257 I MusicStore: caqPlay: descriptor=[13, 42, All%20songs, <null>, <null>]
11-19 21:48:25.728  2227  2257 E MusicStore: Invalid request size=0
11-19 21:48:25.729  2227  2257 D DevicePlayback: Current route null, CQ mode: false
11-19 21:48:25.732  2227  2257 V MusicPlaybackService: Updating notification + media session metadata due to completed art request: ArtRequest{mState=30, mDescriptor=DocumentArtDescriptor{artType=NOTIFICATION, sizeHandling=com.google.android.music.art.ArtDescriptor$SizeHandling@2d9cb39, width=1024, height=1024, identifier=[mArtUrl=null, mTitle=null, mSubTitle=null, mDescription=null, mReason1=null, mExplicitType=UNKNOWN, mDuration=0, mPlayPositionMillis=0, mPublicationTimestamp=0, mId=-1, mAlbumId=-1, mPodcastEpisodeId=null, mPodcastSeriesId=null, mPodcastSeriesTitle=null, mAlbumName=null, mArtistId=-1, mArtistName=null, mType=ALBUM, mIsNautilus=false, mTrackMetajamId=null, mAlbumMetajamId=null, mArtistMetajamId=null, mPlaylistName=null, mPlaylistType=-1, mPlaylistShareToken=null, mPlaylistOwnerName=null, mProfilePhotoUrl=null, mPlaylistSharedState=1, mPlaylistMemberId=-1, mSongStoreId=null, mGenreId=null, mParentGenreId=null, mSubgenreCount=0, mHasLocal=false, mCanAddtoLibrary=false, mQueueItemId=-1, mQueueItemState=0, mQueueItemContainerId=-1, mQueueItemContainerType=0, mQueueItemContainerName=null, mIsFromSearch=false, mSearchString=null, mPosition=-1, mAdapterPosition=-1, mRadioSourceType=0, mRadioSourceId=null, mRadioTrackSeedMetajamId=null, mMainstageReason=-1, mRadioRemoteId=null, mSourceAccount=0, mVideoId=null, mVideoThumbnailUrl=null, mPlaylistEditorArtwork=null, mRadioHighlightColor=null, mSituationId=null, mIsTopLevelSituation=false, mHasSubSituations=false, mSituationWideArtUrl=null, mCategoryId=null, mDontModifyRadioDisplayTitle=false, mCanDismiss=false, mCompositeWideArtUrl=null, mCompositeSquareArtUrl=null, mNavBarSection=0, mCollectionId=null, mCollectionPos=-1, mIsFromSoundSearch=false, mAvailableForPurchase=true, mAvailableForSubscription=true, mPodcastPodlistId=null, mSituationContainsPodlists=false, mDismissalKey=null, mDismissalText=null, mDismissalToken=null, mLogToken=null], useDefaultIfMissing=true, aspectRatio=1.0}, mItems={}}
11-19 21:48:25.733  2227  2257 D MusicPlaybackService: cancelNotification id=1
11-19 21:48:25.733  2227  2257 V MusicPlaybackService: setting should show notification to true
11-19 21:48:25.733  2227  2257 V MusicPlaybackService: Updating notification + media session metadata due to completed art request: ArtRequest{mState=30, mDescriptor=DocumentArtDescriptor{artType=NOTIFICATION, sizeHandling=com.google.android.music.art.ArtDescriptor$SizeHandling@2d9cb39, width=1024, height=1024, identifier=[mArtUrl=null, mTitle=null, mSubTitle=null, mDescription=null, mReason1=null, mExplicitType=UNKNOWN, mDuration=0, mPlayPositionMillis=0, mPublicationTimestamp=0, mId=-1, mAlbumId=-1, mPodcastEpisodeId=null, mPodcastSeriesId=null, mPodcastSeriesTitle=null, mAlbumName=null, mArtistId=-1, mArtistName=null, mType=ALBUM, mIsNautilus=false, mTrackMetajamId=null, mAlbumMetajamId=null, mArtistMetajamId=null, mPlaylistName=null, mPlaylistType=-1, mPlaylistShareToken=null, mPlaylistOwnerName=null, mProfilePhotoUrl=null, mPlaylistSharedState=1, mPlaylistMemberId=-1, mSongStoreId=null, mGenreId=null, mParentGenreId=null, mSubgenreCount=0, mHasLocal=false, mCanAddtoLibrary=false, mQueueItemId=-1, mQueueItemState=0, mQueueItemContainerId=-1, mQueueItemContainerType=0, mQueueItemContainerName=null, mIsFromSearch=false, mSearchString=null, mPosition=-1, mAdapterPosition=-1, mRadioSourceType=0, mRadioSourceId=null, mRadioTrackSeedMetajamId=null, mMainstageReason=-1, mRadioRemoteId=null, mSourceAccount=0, mVideoId=null, mVideoThumbnailUrl=null, mPlaylistEditorArtwork=null, mRadioHighlightColor=null, mSituationId=null, mIsTopLevelSituation=false, mHasSubSituations=false, mSituationWideArtUrl=null, mCategoryId=null, mDontModifyRadioDisplayTitle=false, mCanDismiss=false, mCompositeWideArtUrl=null, mCompositeSquareArtUrl=null, mNavBarSection=0, mCollectionId=null, mCollectionPos=-1, mIsFromSoundSearch=false, mAvailableForPurchase=true, mAvailableForSubscription=true, mPodcastPodlistId=null, mSituationContainsPodlists=false, mDismissalKey=null, mDismissalText=null, mDismissalToken=null, mLogToken=null], useDefaultIfMissing=true, aspectRatio=1.0}, mItems={}}
11-19 21:48:25.734  2227  2257 D MusicPlaybackService: cancelNotification id=1
11-19 21:48:25.734  2227  2257 V MusicPlaybackService: setting should show notification to true
11-19 21:48:25.777  1308  3407 D gralloc_ranchu: gralloc_alloc: Creating ashmem region of size 483328
11-19 21:48:25.842  1588  1620 I InputDispatcher: Dropping event because there is no touchable window at (847, 1370).
11-19 21:48:26.057  1308  1308 W SurfaceFlinger: couldn't log to binary event log: overflow.
11-19 21:48:26.074  1308  1308 W SurfaceFlinger: couldn't log to binary event log: overflow.
11-19 21:48:26.358  1652  1735 I LatinIME:LogUtils: Dictionary info: dictionary = spellcheck_userunigram.en_US ; version = 1511146106 ; date = ?
11-19 21:48:26.374  1652  1735 I LatinIME:LogUtils: Dictionary info: dictionary = main:en ; version = 54 ; date = 1414726273
11-19 21:48:26.446  1660  1660 D PhoneStatusBar: disable: < expand ICONS* alerts SYSTEM_INFO* back home recent clock search quick_settings >
11-19 21:48:26.481  1660  1834 D EGL_emulation: eglMakeCurrent: 0x94199fc0: ver 2 0 (tinfo 0xa3a48260)
11-19 21:48:26.501  1660  1834 D EGL_emulation: eglMakeCurrent: 0x94199fc0: ver 2 0 (tinfo 0xa3a48260)
11-19 21:48:26.573  1660  1660 D PhoneStatusBar: disable: < expand icons* alerts system_info* back home recent clock search quick_settings >
11-19 21:48:26.599  1660  1834 D EGL_emulation: eglMakeCurrent: 0x94199fc0: ver 2 0 (tinfo 0xa3a48260)
11-19 21:48:26.620  1660  1834 D EGL_emulation: eglMakeCurrent: 0x94199fc0: ver 2 0 (tinfo 0xa3a48260)
11-19 21:48:26.657  1652  1735 I LatinIME:LogUtils: Dictionary info: dictionary = spellcheck_userunigram.en_US ; version = 1511146106 ; date = ?
11-19 21:48:26.674  1652  1735 I LatinIME:LogUtils: Dictionary info: dictionary = main:en ; version = 54 ; date = 1414726273
11-19 21:48:27.061  1588  1608 I ActivityManager: Displayed es.usc.citius.servando.calendula/.activities.SchedulesHelpActivity: +181ms
11-19 21:48:27.107  1660  1660 D PhoneStatusBar: disable: < expand ICONS* alerts SYSTEM_INFO* back home recent clock search quick_settings >
11-19 21:48:27.132  1660  1834 D EGL_emulation: eglMakeCurrent: 0x94199fc0: ver 2 0 (tinfo 0xa3a48260)
11-19 21:48:27.169  1660  1834 D EGL_emulation: eglMakeCurrent: 0x94199fc0: ver 2 0 (tinfo 0xa3a48260)
11-19 21:48:27.226  1588  1955 W VibratorService: Tried to stop vibrating but there is no vibrator device.
11-19 21:48:27.335  1660  1660 W ViewRootImpl[StatusBar]: Cancelling event due to no window focus: KeyEvent { action=ACTION_UP, keyCode=KEYCODE_DPAD_LEFT, scanCode=0, metaState=0, flags=0x28, repeatCount=0, eventTime=1660287, downTime=1660287, deviceId=-1, source=0x101 }
11-19 21:48:27.335  1660  1660 W ViewRootImpl[StatusBar]: Cancelling event due to no window focus: KeyEvent { action=ACTION_UP, keyCode=KEYCODE_DPAD_LEFT, scanCode=0, metaState=0, flags=0x28, repeatCount=0, eventTime=1660287, downTime=1660287, deviceId=-1, source=0x101 }
11-19 21:48:27.335  1660  1660 W ViewRootImpl[StatusBar]: Cancelling event due to no window focus: KeyEvent { action=ACTION_UP, keyCode=KEYCODE_DPAD_LEFT, scanCode=0, metaState=0, flags=0x28, repeatCount=0, eventTime=1660287, downTime=1660287, deviceId=-1, source=0x101 }
11-19 21:48:27.335  1660  1660 W ViewRootImpl[StatusBar]: Cancelling event due to no window focus: KeyEvent { action=ACTION_UP, keyCode=KEYCODE_DPAD_LEFT, scanCode=0, metaState=0, flags=0x28, repeatCount=0, eventTime=1660287, downTime=1660287, deviceId=-1, source=0x101 }
11-19 21:48:27.335  1660  1660 W ViewRootImpl[StatusBar]: Cancelling event due to no window focus: KeyEvent { action=ACTION_UP, keyCode=KEYCODE_DPAD_LEFT, scanCode=0, metaState=0, flags=0x28, repeatCount=0, eventTime=1660287, downTime=1660287, deviceId=-1, source=0x101 }
11-19 21:48:27.335  1660  1660 W ViewRootImpl[StatusBar]: Cancelling event due to no window focus: KeyEvent { action=ACTION_UP, keyCode=KEYCODE_DPAD_LEFT, scanCode=0, metaState=0, flags=0x28, repeatCount=0, eventTime=1660287, downTime=1660287, deviceId=-1, source=0x101 }
11-19 21:48:27.335  1660  1660 W ViewRootImpl[StatusBar]: Cancelling event due to no window focus: KeyEvent { action=ACTION_UP, keyCode=KEYCODE_DPAD_LEFT, scanCode=0, metaState=0, flags=0x28, repeatCount=0, eventTime=1660287, downTime=1660287, deviceId=-1, source=0x101 }
11-19 21:48:27.335  1660  1660 W ViewRootImpl[StatusBar]: Cancelling event due to no window focus: KeyEvent { action=ACTION_UP, keyCode=KEYCODE_DPAD_LEFT, scanCode=0, metaState=0, flags=0x28, repeatCount=0, eventTime=1660287, downTime=1660287, deviceId=-1, source=0x101 }
11-19 21:48:27.335  1660  1660 W ViewRootImpl[StatusBar]: Cancelling event due to no window focus: KeyEvent { action=ACTION_UP, keyCode=KEYCODE_DPAD_LEFT, scanCode=0, metaState=0, flags=0x28, repeatCount=0, eventTime=1660287, downTime=1660287, deviceId=-1, source=0x101 }
11-19 21:48:27.345  1660  1660 W ViewRootImpl[StatusBar]: Dropping event due to no window focus: KeyEvent { action=ACTION_DOWN, keyCode=KEYCODE_9, scanCode=0, metaState=0, flags=0x8, repeatCount=0, eventTime=1660303, downTime=1660303, deviceId=-1, source=0x101 }
11-19 21:48:27.347  1660  1660 W ViewRootImpl[StatusBar]: Cancelling event due to no window focus: KeyEvent { action=ACTION_UP, keyCode=KEYCODE_9, scanCode=0, metaState=0, flags=0x28, repeatCount=0, eventTime=1660312, downTime=1660312, deviceId=-1, source=0x101 }
11-19 21:48:27.348  1660  1660 W ViewRootImpl[StatusBar]: Cancelling event due to no window focus: KeyEvent { action=ACTION_UP, keyCode=KEYCODE_9, scanCode=0, metaState=0, flags=0x28, repeatCount=0, eventTime=1660312, downTime=1660312, deviceId=-1, source=0x101 }
11-19 21:48:27.348  1660  1660 W ViewRootImpl[StatusBar]: Cancelling event due to no window focus: KeyEvent { action=ACTION_UP, keyCode=KEYCODE_9, scanCode=0, metaState=0, flags=0x28, repeatCount=0, eventTime=1660312, downTime=1660312, deviceId=-1, source=0x101 }
11-19 21:48:27.348  1660  1660 W ViewRootImpl[StatusBar]: Cancelling event due to no window focus: KeyEvent { action=ACTION_UP, keyCode=KEYCODE_9, scanCode=0, metaState=0, flags=0x28, repeatCount=0, eventTime=1660312, downTime=1660312, deviceId=-1, source=0x101 }
11-19 21:48:27.348  1660  1660 W ViewRootImpl[StatusBar]: Cancelling event due to no window focus: KeyEvent { action=ACTION_UP, keyCode=KEYCODE_9, scanCode=0, metaState=0, flags=0x28, repeatCount=0, eventTime=1660312, downTime=1660312, deviceId=-1, source=0x101 }
11-19 21:48:27.348  1660  1660 W ViewRootImpl[StatusBar]: Cancelling event due to no window focus: KeyEvent { action=ACTION_UP, keyCode=KEYCODE_9, scanCode=0, metaState=0, flags=0x28, repeatCount=0, eventTime=1660312, downTime=1660312, deviceId=-1, source=0x101 }
11-19 21:48:27.349  1660  1660 W ViewRootImpl[StatusBar]: Cancelling event due to no window focus: KeyEvent { action=ACTION_UP, keyCode=KEYCODE_9, scanCode=0, metaState=0, flags=0x28, repeatCount=0, eventTime=1660312, downTime=1660312, deviceId=-1, source=0x101 }
11-19 21:48:27.349  1660  1660 W ViewRootImpl[StatusBar]: Cancelling event due to no window focus: KeyEvent { action=ACTION_UP, keyCode=KEYCODE_9, scanCode=0, metaState=0, flags=0x28, repeatCount=0, eventTime=1660312, downTime=1660312, deviceId=-1, source=0x101 }
11-19 21:48:27.349  1660  1660 W ViewRootImpl[StatusBar]: Cancelling event due to no window focus: KeyEvent { action=ACTION_UP, keyCode=KEYCODE_9, scanCode=0, metaState=0, flags=0x28, repeatCount=0, eventTime=1660312, downTime=1660312, deviceId=-1, source=0x101 }
11-19 21:48:27.357  1660  1660 W ViewRootImpl[StatusBar]: Dropping event due to no window focus: KeyEvent { action=ACTION_DOWN, keyCode=KEYCODE_TV_RADIO_SERVICE, scanCode=0, metaState=0, flags=0x8, repeatCount=0, eventTime=1660325, downTime=1660325, deviceId=-1, source=0x101 }
11-19 21:48:27.364  1660  1660 W ViewRootImpl[StatusBar]: Cancelling event due to no window focus: KeyEvent { action=ACTION_UP, keyCode=KEYCODE_TV_RADIO_SERVICE, scanCode=0, metaState=0, flags=0x28, repeatCount=0, eventTime=1660332, downTime=1660332, deviceId=-1, source=0x101 }
11-19 21:48:27.364  1660  1660 W ViewRootImpl[StatusBar]: Cancelling event due to no window focus: KeyEvent { action=ACTION_UP, keyCode=KEYCODE_TV_RADIO_SERVICE, scanCode=0, metaState=0, flags=0x28, repeatCount=0, eventTime=1660332, downTime=1660332, deviceId=-1, source=0x101 }
11-19 21:48:27.364  1660  1660 W ViewRootImpl[StatusBar]: Cancelling event due to no window focus: KeyEvent { action=ACTION_UP, keyCode=KEYCODE_TV_RADIO_SERVICE, scanCode=0, metaState=0, flags=0x28, repeatCount=0, eventTime=1660332, downTime=1660332, deviceId=-1, source=0x101 }
11-19 21:48:27.365  1660  1660 W ViewRootImpl[StatusBar]: Cancelling event due to no window focus: KeyEvent { action=ACTION_UP, keyCode=KEYCODE_TV_RADIO_SERVICE, scanCode=0, metaState=0, flags=0x28, repeatCount=0, eventTime=1660332, downTime=1660332, deviceId=-1, source=0x101 }
