11-19 22:43:49.963  6305  6305 W ResourceType: No known package when getting name for resource number 0xffffffff
11-19 22:43:49.964  6305  6305 W ResourceType: No known package when getting name for resource number 0xffffffff
11-19 22:43:49.964  6305  6305 W ResourceType: No known package when getting name for resource number 0xffffffff
11-19 22:43:49.965  6305  6305 W ResourceType: No known package when getting name for resource number 0xffffffff
11-19 22:43:49.965  6305  6305 W ResourceType: No known package when getting name for resource number 0xffffffff
11-19 22:43:49.966  6305  6305 W ResourceType: No known package when getting name for resource number 0xffffffff
11-19 22:43:49.966  6305  6305 W ResourceType: No known package when getting name for resource number 0xffffffff
11-19 22:43:49.967  6305  6305 W ResourceType: No known package when getting name for resource number 0xffffffff
11-19 22:43:49.967  6305  6305 W ResourceType: No known package when getting name for resource number 0xffffffff
11-19 22:43:49.968  6305  6305 W ResourceType: No known package when getting name for resource number 0xffffffff
11-19 22:43:49.968  6305  6305 W ResourceType: No known package when getting name for resource number 0xffffffff
11-19 22:43:49.969  6305  6305 W ResourceType: No known package when getting name for resource number 0xffffffff
11-19 22:43:49.970  6305  6305 W ResourceType: No known package when getting name for resource number 0xffffffff
11-19 22:43:49.970  6305  6305 W ResourceType: No known package when getting name for resource number 0xffffffff
11-19 22:43:49.971  6305  6305 W ResourceType: No known package when getting name for resource number 0xffffffff
11-19 22:43:49.972  6305  6305 W ResourceType: No known package when getting name for resource number 0xffffffff
11-19 22:43:49.973  6305  6305 W ResourceType: No known package when getting name for resource number 0xffffffff
11-19 22:43:49.973  6305  6305 W ResourceType: No known package when getting name for resource number 0xffffffff
11-19 22:43:49.973  6305  6305 W ResourceType: No known package when getting name for resource number 0xffffffff
11-19 22:43:49.974  6305  6305 W ResourceType: No known package when getting name for resource number 0xffffffff
11-19 22:43:49.974  6305  6305 W ResourceType: No known package when getting name for resource number 0xffffffff
11-19 22:43:49.975  6305  6305 W ResourceType: No known package when getting name for resource number 0xffffffff
11-19 22:43:49.975  6305  6305 W ResourceType: No known package when getting name for resource number 0xffffffff
11-19 22:43:49.976  6305  6305 W ResourceType: No known package when getting name for resource number 0xffffffff
11-19 22:43:49.977  6305  6305 W ResourceType: No known package when getting name for resource number 0xffffffff
11-19 22:43:49.977  6305  6305 W ResourceType: No known package when getting name for resource number 0xffffffff
11-19 22:43:49.978  6305  6305 W ResourceType: No known package when getting name for resource number 0xffffffff
11-19 22:43:49.978  6305  6305 W ResourceType: No known package when getting name for resource number 0xffffffff
11-19 22:43:49.979  6305  6305 W ResourceType: No known package when getting name for resource number 0xffffffff
11-19 22:43:49.979  6305  6305 W ResourceType: No known package when getting name for resource number 0xffffffff
11-19 22:43:49.980  6305  6305 W ResourceType: No known package when getting name for resource number 0xffffffff
11-19 22:43:49.980  6305  6305 W ResourceType: No known package when getting name for resource number 0xffffffff
11-19 22:43:49.981  6305  6305 W ResourceType: No known package when getting name for resource number 0xffffffff
11-19 22:43:49.982  6305  6305 W ResourceType: No known package when getting name for resource number 0xffffffff
11-19 22:43:49.982  6305  6305 W ResourceType: No known package when getting name for resource number 0xffffffff
11-19 22:43:49.983  6305  6305 W ResourceType: No known package when getting name for resource number 0xffffffff
11-19 22:43:49.983  6305  6305 W ResourceType: No known package when getting name for resource number 0xffffffff
11-19 22:43:49.984  6305  6305 W ResourceType: No known package when getting name for resource number 0xffffffff
11-19 22:43:49.984  6305  6305 W ResourceType: No known package when getting name for resource number 0xffffffff
11-19 22:43:49.985  6305  6305 W ResourceType: No known package when getting name for resource number 0xffffffff
11-19 22:43:49.986  6305  6305 W ResourceType: No known package when getting name for resource number 0xffffffff
11-19 22:43:49.986  6305  6305 W ResourceType: No known package when getting name for resource number 0xffffffff
11-19 22:43:49.987  6305  6305 W ResourceType: No known package when getting name for resource number 0xffffffff
11-19 22:43:49.988  6305  6305 W ResourceType: No known package when getting name for resource number 0xffffffff
11-19 22:43:49.990  6305  6305 W ResourceType: No known package when getting name for resource number 0xffffffff
11-19 22:43:49.990  6305  6305 W ResourceType: No known package when getting name for resource number 0xffffffff
11-19 22:43:49.991  6305  6305 W ResourceType: No known package when getting name for resource number 0xffffffff
11-19 22:43:49.991  6305  6305 W ResourceType: No known package when getting name for resource number 0xffffffff
11-19 22:43:49.992  6305  6305 W ResourceType: No known package when getting name for resource number 0xffffffff
11-19 22:43:49.992  6305  6305 W ResourceType: No known package when getting name for resource number 0xffffffff
11-19 22:43:49.992  6305  6305 W ResourceType: No known package when getting name for resource number 0xffffffff
11-19 22:43:49.993  6305  6305 W ResourceType: No known package when getting name for resource number 0xffffffff
11-19 22:43:49.993  6305  6305 W ResourceType: No known package when getting name for resource number 0xffffffff
11-19 22:43:49.993  6305  6305 W ResourceType: No known package when getting name for resource number 0xffffffff
11-19 22:43:49.994  6305  6305 W ResourceType: No known package when getting name for resource number 0xffffffff
11-19 22:43:49.994  6305  6305 W ResourceType: No known package when getting name for resource number 0xffffffff
11-19 22:43:49.995  6305  6305 W ResourceType: No known package when getting name for resource number 0xffffffff
11-19 22:43:49.995  6305  6305 W ResourceType: No known package when getting name for resource number 0xffffffff
11-19 22:43:49.996  6305  6305 W ResourceType: No known package when getting name for resource number 0xffffffff
11-19 22:43:49.997  6305  6305 W ResourceType: No known package when getting name for resource number 0xffffffff
11-19 22:43:49.998  6305  6305 W ResourceType: No known package when getting name for resource number 0xffffffff
11-19 22:43:49.998  6305  6305 W ResourceType: No known package when getting name for resource number 0xffffffff
11-19 22:43:49.998  6305  6305 W ResourceType: No known package when getting name for resource number 0xffffffff
11-19 22:43:49.999  6305  6305 W ResourceType: No known package when getting name for resource number 0xffffffff
11-19 22:43:49.999  6305  6305 W ResourceType: No known package when getting name for resource number 0xffffffff
11-19 22:43:49.999  6305  6305 W ResourceType: No known package when getting name for resource number 0xffffffff
11-19 22:43:50.000  6305  6305 W ResourceType: No known package when getting name for resource number 0xffffffff
11-19 22:43:50.001  6305  6305 W ResourceType: No known package when getting name for resource number 0xffffffff
11-19 22:43:50.001  6305  6305 W ResourceType: No package identifier when getting name for resource number 0x00000000
11-19 22:43:50.001  6305  6305 W ResourceType: No known package when getting name for resource number 0xffffffff
11-19 22:43:50.002  6305  6305 W ResourceType: No package identifier when getting name for resource number 0x00000004
11-19 22:43:50.002  6305  6305 W ResourceType: No known package when getting name for resource number 0xffffffff
11-19 22:43:50.003  6305  6305 W ResourceType: No known package when getting name for resource number 0x77359401
11-19 22:43:50.003  6305  6305 W ResourceType: No package identifier when getting name for resource number 0x00000001
11-19 22:43:50.004  6305  6305 W ResourceType: No known package when getting name for resource number 0xffffffff
11-19 22:43:50.004  6305  6305 W ResourceType: No package identifier when getting name for resource number 0x00000002
11-19 22:43:50.005  6305  6305 W ResourceType: No known package when getting name for resource number 0xffffffff
11-19 22:43:50.005  6305  6305 W ResourceType: No package identifier when getting name for resource number 0x00000003
11-19 22:43:50.006  6305  6305 W ResourceType: No known package when getting name for resource number 0xffffffff
11-19 22:43:50.006  6305  6305 W ResourceType: No package identifier when getting name for resource number 0x00000009
11-19 22:43:50.007  6305  6305 W ResourceType: No known package when getting name for resource number 0xffffffff
11-19 22:43:50.007  6305  6305 W ResourceType: No package identifier when getting name for resource number 0x00000008
11-19 22:43:50.008  6305  6305 W ResourceType: No known package when getting name for resource number 0xffffffff
11-19 22:43:50.008  6305  6305 W ResourceType: No known package when getting name for resource number 0x77359402
11-19 22:43:50.009  6305  6305 W ResourceType: No package identifier when getting name for resource number 0x00000005
11-19 22:43:50.009  6305  6305 W ResourceType: No known package when getting name for resource number 0xffffffff
11-19 22:43:50.010  6305  6305 W ResourceType: No package identifier when getting name for resource number 0x00000006
11-19 22:43:50.010  6305  6305 W ResourceType: No known package when getting name for resource number 0xffffffff
11-19 22:43:50.011  6305  6305 W ResourceType: No known package when getting name for resource number 0x77359403
11-19 22:43:50.011  6305  6305 W ResourceType: No package identifier when getting name for resource number 0x0000000a
11-19 22:43:50.011  6305  6305 W ResourceType: No known package when getting name for resource number 0xffffffff
11-19 22:43:50.253  6305  6305 D android:switcher:2131755210:0: Capsule
11-19 22:43:50.280  6305  6370 I System.out: URI: //map
11-19 22:43:50.280  6305  6370 I System.out: params: {json={"query":"* id:'add_button'","operation":{"method_name":"query","arguments":[]}}
11-19 22:43:50.280  6305  6370 I System.out: }
11-19 22:43:50.321  6305  6305 W ResourceType: No known package when getting name for resource number 0xffffffff
11-19 22:43:50.322  6305  6305 W ResourceType: No known package when getting name for resource number 0xffffffff
11-19 22:43:50.322  6305  6305 W ResourceType: No known package when getting name for resource number 0xffffffff
11-19 22:43:50.323  6305  6305 W ResourceType: No known package when getting name for resource number 0xffffffff
11-19 22:43:50.323  6305  6305 W ResourceType: No known package when getting name for resource number 0xffffffff
11-19 22:43:50.324  6305  6305 W ResourceType: No known package when getting name for resource number 0xffffffff
11-19 22:43:50.325  6305  6305 W ResourceType: No known package when getting name for resource number 0xffffffff
11-19 22:43:50.325  6305  6305 W ResourceType: No known package when getting name for resource number 0xffffffff
11-19 22:43:50.329  6305  6305 W ResourceType: No known package when getting name for resource number 0xffffffff
11-19 22:43:50.329  6305  6305 W ResourceType: No known package when getting name for resource number 0xffffffff
11-19 22:43:50.331  6305  6305 W ResourceType: No known package when getting name for resource number 0xffffffff
11-19 22:43:50.331  6305  6305 W ResourceType: No known package when getting name for resource number 0xffffffff
11-19 22:43:50.331  6305  6305 W ResourceType: No known package when getting name for resource number 0xffffffff
11-19 22:43:50.332  6305  6305 W ResourceType: No known package when getting name for resource number 0xffffffff
11-19 22:43:50.334  6305  6305 W ResourceType: No known package when getting name for resource number 0xffffffff
11-19 22:43:50.335  6305  6305 W ResourceType: No known package when getting name for resource number 0xffffffff
11-19 22:43:50.335  6305  6305 W ResourceType: No known package when getting name for resource number 0xffffffff
11-19 22:43:50.335  6305  6305 W ResourceType: No known package when getting name for resource number 0xffffffff
11-19 22:43:50.336  6305  6305 W ResourceType: No known package when getting name for resource number 0xffffffff
11-19 22:43:50.336  6305  6305 W ResourceType: No known package when getting name for resource number 0xffffffff
11-19 22:43:50.336  6305  6305 W ResourceType: No known package when getting name for resource number 0xffffffff
11-19 22:43:50.336  6305  6305 W ResourceType: No known package when getting name for resource number 0xffffffff
11-19 22:43:50.336  6305  6305 W ResourceType: No known package when getting name for resource number 0xffffffff
11-19 22:43:50.336  6305  6305 W ResourceType: No known package when getting name for resource number 0xffffffff
11-19 22:43:50.337  6305  6305 W ResourceType: No known package when getting name for resource number 0xffffffff
11-19 22:43:50.337  6305  6305 W ResourceType: No known package when getting name for resource number 0xffffffff
11-19 22:43:50.337  6305  6305 W ResourceType: No known package when getting name for resource number 0xffffffff
11-19 22:43:50.337  6305  6305 W ResourceType: No known package when getting name for resource number 0xffffffff
11-19 22:43:50.337  6305  6305 W ResourceType: No known package when getting name for resource number 0xffffffff
11-19 22:43:50.337  6305  6305 W ResourceType: No known package when getting name for resource number 0xffffffff
11-19 22:43:50.338  6305  6305 W ResourceType: No known package when getting name for resource number 0xffffffff
11-19 22:43:50.338  6305  6305 W ResourceType: No known package when getting name for resource number 0xffffffff
11-19 22:43:50.339  6305  6305 W ResourceType: No known package when getting name for resource number 0xffffffff
11-19 22:43:50.339  6305  6305 W ResourceType: No known package when getting name for resource number 0xffffffff
11-19 22:43:50.339  6305  6305 W ResourceType: No known package when getting name for resource number 0xffffffff
11-19 22:43:50.340  6305  6305 W ResourceType: No known package when getting name for resource number 0xffffffff
11-19 22:43:50.341  6305  6305 W ResourceType: No known package when getting name for resource number 0xffffffff
11-19 22:43:50.341  6305  6305 W ResourceType: No known package when getting name for resource number 0xffffffff
11-19 22:43:50.342  6305  6305 W ResourceType: No known package when getting name for resource number 0xffffffff
11-19 22:43:50.342  6305  6305 W ResourceType: No known package when getting name for resource number 0xffffffff
11-19 22:43:50.343  6305  6305 W ResourceType: No known package when getting name for resource number 0xffffffff
11-19 22:43:50.343  6305  6305 W ResourceType: No known package when getting name for resource number 0xffffffff
11-19 22:43:50.344  6305  6305 W ResourceType: No known package when getting name for resource number 0xffffffff
11-19 22:43:50.344  6305  6305 W ResourceType: No known package when getting name for resource number 0xffffffff
11-19 22:43:50.345  6305  6305 W ResourceType: No known package when getting name for resource number 0xffffffff
11-19 22:43:50.345  6305  6305 W ResourceType: No known package when getting name for resource number 0xffffffff
11-19 22:43:50.346  6305  6305 W ResourceType: No known package when getting name for resource number 0xffffffff
11-19 22:43:50.347  6305  6305 W ResourceType: No known package when getting name for resource number 0xffffffff
11-19 22:43:50.347  6305  6305 W ResourceType: No known package when getting name for resource number 0xffffffff
11-19 22:43:50.348  6305  6305 W ResourceType: No known package when getting name for resource number 0xffffffff
11-19 22:43:50.348  6305  6305 W ResourceType: No known package when getting name for resource number 0xffffffff
11-19 22:43:50.349  6305  6305 W ResourceType: No known package when getting name for resource number 0xffffffff
11-19 22:43:50.349  6305  6305 W ResourceType: No known package when getting name for resource number 0xffffffff
11-19 22:43:50.350  6305  6305 W ResourceType: No known package when getting name for resource number 0xffffffff
11-19 22:43:50.351  6305  6305 W ResourceType: No known package when getting name for resource number 0xffffffff
11-19 22:43:50.351  6305  6305 W ResourceType: No known package when getting name for resource number 0xffffffff
11-19 22:43:50.352  6305  6305 W ResourceType: No known package when getting name for resource number 0xffffffff
11-19 22:43:50.352  6305  6305 W ResourceType: No known package when getting name for resource number 0xffffffff
11-19 22:43:50.353  6305  6305 W ResourceType: No known package when getting name for resource number 0xffffffff
11-19 22:43:50.353  6305  6305 W ResourceType: No known package when getting name for resource number 0xffffffff
11-19 22:43:50.354  6305  6305 W ResourceType: No known package when getting name for resource number 0xffffffff
11-19 22:43:50.354  6305  6305 W ResourceType: No known package when getting name for resource number 0xffffffff
11-19 22:43:50.354  6305  6305 W ResourceType: No known package when getting name for resource number 0xffffffff
11-19 22:43:50.355  6305  6305 W ResourceType: No known package when getting name for resource number 0xffffffff
11-19 22:43:50.356  6305  6305 W ResourceType: No known package when getting name for resource number 0xffffffff
11-19 22:43:50.356  6305  6305 W ResourceType: No known package when getting name for resource number 0xffffffff
11-19 22:43:50.357  6305  6305 W ResourceType: No known package when getting name for resource number 0xffffffff
11-19 22:43:50.357  6305  6305 W ResourceType: No known package when getting name for resource number 0xffffffff
11-19 22:43:50.358  6305  6305 W ResourceType: No known package when getting name for resource number 0xffffffff
11-19 22:43:50.358  6305  6305 W ResourceType: No known package when getting name for resource number 0xffffffff
11-19 22:43:50.359  6305  6305 W ResourceType: No known package when getting name for resource number 0xffffffff
11-19 22:43:50.359  6305  6305 W ResourceType: No known package when getting name for resource number 0xffffffff
11-19 22:43:50.360  6305  6305 W ResourceType: No known package when getting name for resource number 0xffffffff
11-19 22:43:50.361  6305  6305 W ResourceType: No known package when getting name for resource number 0xffffffff
11-19 22:43:50.361  6305  6305 W ResourceType: No known package when getting name for resource number 0xffffffff
11-19 22:43:50.362  6305  6305 W ResourceType: No known package when getting name for resource number 0xffffffff
11-19 22:43:50.362  6305  6305 W ResourceType: No known package when getting name for resource number 0xffffffff
11-19 22:43:50.363  6305  6305 W ResourceType: No known package when getting name for resource number 0xffffffff
11-19 22:43:50.363  6305  6305 W ResourceType: No known package when getting name for resource number 0xffffffff
11-19 22:43:50.364  6305  6305 W ResourceType: No known package when getting name for resource number 0xffffffff
11-19 22:43:50.364  6305  6305 W ResourceType: No known package when getting name for resource number 0xffffffff
11-19 22:43:50.365  6305  6305 W ResourceType: No known package when getting name for resource number 0xffffffff
11-19 22:43:50.365  6305  6305 W ResourceType: No known package when getting name for resource number 0xffffffff
11-19 22:43:50.366  6305  6305 W ResourceType: No known package when getting name for resource number 0xffffffff
11-19 22:43:50.366  6305  6305 W ResourceType: No known package when getting name for resource number 0xffffffff
11-19 22:43:50.368  6305  6305 W ResourceType: No known package when getting name for resource number 0xffffffff
11-19 22:43:50.370  6305  6305 W ResourceType: No known package when getting name for resource number 0xffffffff
11-19 22:43:50.370  6305  6305 W ResourceType: No known package when getting name for resource number 0xffffffff
11-19 22:43:50.371  6305  6305 W ResourceType: No known package when getting name for resource number 0xffffffff
11-19 22:43:50.371  6305  6305 W ResourceType: No known package when getting name for resource number 0xffffffff
11-19 22:43:50.371  6305  6305 W ResourceType: No known package when getting name for resource number 0xffffffff
11-19 22:43:50.372  6305  6305 W ResourceType: No known package when getting name for resource number 0xffffffff
11-19 22:43:50.372  6305  6305 W ResourceType: No known package when getting name for resource number 0xffffffff
11-19 22:43:50.372  6305  6305 W ResourceType: No known package when getting name for resource number 0xffffffff
11-19 22:43:50.373  6305  6305 W ResourceType: No known package when getting name for resource number 0xffffffff
11-19 22:43:50.373  6305  6305 W ResourceType: No known package when getting name for resource number 0xffffffff
11-19 22:43:50.374  6305  6305 W ResourceType: No known package when getting name for resource number 0xffffffff
11-19 22:43:50.374  6305  6305 W ResourceType: No known package when getting name for resource number 0xffffffff
11-19 22:43:50.374  6305  6305 W ResourceType: No known package when getting name for resource number 0xffffffff
11-19 22:43:50.375  6305  6305 W ResourceType: No known package when getting name for resource number 0xffffffff
11-19 22:43:50.376  6305  6305 W ResourceType: No known package when getting name for resource number 0xffffffff
11-19 22:43:50.377  6305  6305 W ResourceType: No known package when getting name for resource number 0xffffffff
11-19 22:43:50.377  6305  6305 W ResourceType: No known package when getting name for resource number 0xffffffff
11-19 22:43:50.378  6305  6305 W ResourceType: No known package when getting name for resource number 0xffffffff
11-19 22:43:50.378  6305  6305 W ResourceType: No known package when getting name for resource number 0xffffffff
11-19 22:43:50.378  6305  6305 W ResourceType: No known package when getting name for resource number 0xffffffff
11-19 22:43:50.379  6305  6305 W ResourceType: No known package when getting name for resource number 0xffffffff
11-19 22:43:50.379  6305  6305 W ResourceType: No known package when getting name for resource number 0xffffffff
11-19 22:43:50.379  6305  6305 W ResourceType: No known package when getting name for resource number 0xffffffff
11-19 22:43:50.380  6305  6305 W ResourceType: No known package when getting name for resource number 0xffffffff
11-19 22:43:50.380  6305  6305 W ResourceType: No package identifier when getting name for resource number 0x00000000
11-19 22:43:50.381  6305  6305 W ResourceType: No known package when getting name for resource number 0xffffffff
11-19 22:43:50.381  6305  6305 W ResourceType: No package identifier when getting name for resource number 0x00000004
11-19 22:43:50.382  6305  6305 W ResourceType: No known package when getting name for resource number 0xffffffff
11-19 22:43:50.382  6305  6305 W ResourceType: No known package when getting name for resource number 0x77359401
11-19 22:43:50.383  6305  6305 W ResourceType: No package identifier when getting name for resource number 0x00000001
11-19 22:43:50.383  6305  6305 W ResourceType: No known package when getting name for resource number 0xffffffff
11-19 22:43:50.384  6305  6305 W ResourceType: No package identifier when getting name for resource number 0x00000002
11-19 22:43:50.384  6305  6305 W ResourceType: No known package when getting name for resource number 0xffffffff
11-19 22:43:50.385  6305  6305 W ResourceType: No package identifier when getting name for resource number 0x00000003
11-19 22:43:50.385  6305  6305 W ResourceType: No known package when getting name for resource number 0xffffffff
11-19 22:43:50.386  6305  6305 W ResourceType: No package identifier when getting name for resource number 0x00000009
11-19 22:43:50.386  6305  6305 W ResourceType: No known package when getting name for resource number 0xffffffff
11-19 22:43:50.387  6305  6305 W ResourceType: No package identifier when getting name for resource number 0x00000008
11-19 22:43:50.387  6305  6305 W ResourceType: No known package when getting name for resource number 0xffffffff
11-19 22:43:50.388  6305  6305 W ResourceType: No known package when getting name for resource number 0x77359402
11-19 22:43:50.388  6305  6305 W ResourceType: No package identifier when getting name for resource number 0x00000005
11-19 22:43:50.388  6305  6305 W ResourceType: No known package when getting name for resource number 0xffffffff
11-19 22:43:50.389  6305  6305 W ResourceType: No package identifier when getting name for resource number 0x00000006
11-19 22:43:50.389  6305  6305 W ResourceType: No known package when getting name for resource number 0xffffffff
11-19 22:43:50.390  6305  6305 W ResourceType: No known package when getting name for resource number 0x77359403
11-19 22:43:50.390  6305  6305 W ResourceType: No package identifier when getting name for resource number 0x0000000a
11-19 22:43:50.391  6305  6305 W ResourceType: No known package when getting name for resource number 0xffffffff
11-19 22:43:50.406  6305  6371 I System.out: URI: //gesture
11-19 22:43:50.406  6305  6371 I System.out: params: {json={"query_timeout":5.0,"gestures":[{"query_string":"* id:'add_button'","touches":[{"x":50,"y":50,"offset_x":0,"offset_y":0,"wait":0.0,"time":0.2,"release":true,"query_string":null}]}]}
11-19 22:43:50.406  6305  6371 I System.out: }
11-19 22:43:50.443  6305  6305 W ResourceType: No known package when getting name for resource number 0xffffffff
11-19 22:43:50.443  6305  6305 W ResourceType: No known package when getting name for resource number 0xffffffff
11-19 22:43:50.443  6305  6305 W ResourceType: No known package when getting name for resource number 0xffffffff
11-19 22:43:50.444  6305  6305 W ResourceType: No known package when getting name for resource number 0xffffffff
11-19 22:43:50.444  6305  6305 W ResourceType: No known package when getting name for resource number 0xffffffff
11-19 22:43:50.445  6305  6305 W ResourceType: No known package when getting name for resource number 0xffffffff
11-19 22:43:50.445  6305  6305 W ResourceType: No known package when getting name for resource number 0xffffffff
11-19 22:43:50.446  6305  6305 W ResourceType: No known package when getting name for resource number 0xffffffff
11-19 22:43:50.448  6305  6305 W ResourceType: No known package when getting name for resource number 0xffffffff
11-19 22:43:50.449  6305  6305 W ResourceType: No known package when getting name for resource number 0xffffffff
11-19 22:43:50.450  6305  6305 W ResourceType: No known package when getting name for resource number 0xffffffff
11-19 22:43:50.450  6305  6305 W ResourceType: No known package when getting name for resource number 0xffffffff
11-19 22:43:50.451  6305  6305 W ResourceType: No known package when getting name for resource number 0xffffffff
11-19 22:43:50.452  6305  6305 W ResourceType: No known package when getting name for resource number 0xffffffff
11-19 22:43:50.454  6305  6305 W ResourceType: No known package when getting name for resource number 0xffffffff
11-19 22:43:50.454  6305  6305 W ResourceType: No known package when getting name for resource number 0xffffffff
11-19 22:43:50.455  6305  6305 W ResourceType: No known package when getting name for resource number 0xffffffff
11-19 22:43:50.455  6305  6305 W ResourceType: No known package when getting name for resource number 0xffffffff
11-19 22:43:50.455  6305  6305 W ResourceType: No known package when getting name for resource number 0xffffffff
11-19 22:43:50.455  6305  6305 W ResourceType: No known package when getting name for resource number 0xffffffff
11-19 22:43:50.456  6305  6305 W ResourceType: No known package when getting name for resource number 0xffffffff
11-19 22:43:50.456  6305  6305 W ResourceType: No known package when getting name for resource number 0xffffffff
11-19 22:43:50.456  6305  6305 W ResourceType: No known package when getting name for resource number 0xffffffff
11-19 22:43:50.456  6305  6305 W ResourceType: No known package when getting name for resource number 0xffffffff
11-19 22:43:50.456  6305  6305 W ResourceType: No known package when getting name for resource number 0xffffffff
11-19 22:43:50.457  6305  6305 W ResourceType: No known package when getting name for resource number 0xffffffff
11-19 22:43:50.457  6305  6305 W ResourceType: No known package when getting name for resource number 0xffffffff
11-19 22:43:50.457  6305  6305 W ResourceType: No known package when getting name for resource number 0xffffffff
11-19 22:43:50.457  6305  6305 W ResourceType: No known package when getting name for resource number 0xffffffff
11-19 22:43:50.457  6305  6305 W ResourceType: No known package when getting name for resource number 0xffffffff
11-19 22:43:50.458  6305  6305 W ResourceType: No known package when getting name for resource number 0xffffffff
11-19 22:43:50.458  6305  6305 W ResourceType: No known package when getting name for resource number 0xffffffff
11-19 22:43:50.459  6305  6305 W ResourceType: No known package when getting name for resource number 0xffffffff
11-19 22:43:50.459  6305  6305 W ResourceType: No known package when getting name for resource number 0xffffffff
11-19 22:43:50.459  6305  6305 W ResourceType: No known package when getting name for resource number 0xffffffff
11-19 22:43:50.460  6305  6305 W ResourceType: No known package when getting name for resource number 0xffffffff
11-19 22:43:50.460  6305  6305 W ResourceType: No known package when getting name for resource number 0xffffffff
11-19 22:43:50.461  6305  6305 W ResourceType: No known package when getting name for resource number 0xffffffff
11-19 22:43:50.462  6305  6305 W ResourceType: No known package when getting name for resource number 0xffffffff
11-19 22:43:50.462  6305  6305 W ResourceType: No known package when getting name for resource number 0xffffffff
11-19 22:43:50.463  6305  6305 W ResourceType: No known package when getting name for resource number 0xffffffff
11-19 22:43:50.463  6305  6305 W ResourceType: No known package when getting name for resource number 0xffffffff
11-19 22:43:50.464  6305  6305 W ResourceType: No known package when getting name for resource number 0xffffffff
11-19 22:43:50.464  6305  6305 W ResourceType: No known package when getting name for resource number 0xffffffff
11-19 22:43:50.465  6305  6305 W ResourceType: No known package when getting name for resource number 0xffffffff
11-19 22:43:50.466  6305  6305 W ResourceType: No known package when getting name for resource number 0xffffffff
11-19 22:43:50.466  6305  6305 W ResourceType: No known package when getting name for resource number 0xffffffff
11-19 22:43:50.467  6305  6305 W ResourceType: No known package when getting name for resource number 0xffffffff
11-19 22:43:50.467  6305  6305 W ResourceType: No known package when getting name for resource number 0xffffffff
11-19 22:43:50.468  6305  6305 W ResourceType: No known package when getting name for resource number 0xffffffff
11-19 22:43:50.468  6305  6305 W ResourceType: No known package when getting name for resource number 0xffffffff
11-19 22:43:50.469  6305  6305 W ResourceType: No known package when getting name for resource number 0xffffffff
11-19 22:43:50.469  6305  6305 W ResourceType: No known package when getting name for resource number 0xffffffff
11-19 22:43:50.470  6305  6305 W ResourceType: No known package when getting name for resource number 0xffffffff
11-19 22:43:50.470  6305  6305 W ResourceType: No known package when getting name for resource number 0xffffffff
11-19 22:43:50.471  6305  6305 W ResourceType: No known package when getting name for resource number 0xffffffff
11-19 22:43:50.472  6305  6305 W ResourceType: No known package when getting name for resource number 0xffffffff
11-19 22:43:50.472  6305  6305 W ResourceType: No known package when getting name for resource number 0xffffffff
11-19 22:43:50.473  6305  6305 W ResourceType: No known package when getting name for resource number 0xffffffff
11-19 22:43:50.473  6305  6305 W ResourceType: No known package when getting name for resource number 0xffffffff
11-19 22:43:50.474  6305  6305 W ResourceType: No known package when getting name for resource number 0xffffffff
11-19 22:43:50.474  6305  6305 W ResourceType: No known package when getting name for resource number 0xffffffff
11-19 22:43:50.475  6305  6305 W ResourceType: No known package when getting name for resource number 0xffffffff
11-19 22:43:50.475  6305  6305 W ResourceType: No known package when getting name for resource number 0xffffffff
11-19 22:43:50.476  6305  6305 W ResourceType: No known package when getting name for resource number 0xffffffff
11-19 22:43:50.476  6305  6305 W ResourceType: No known package when getting name for resource number 0xffffffff
11-19 22:43:50.477  6305  6305 W ResourceType: No known package when getting name for resource number 0xffffffff
11-19 22:43:50.477  6305  6305 W ResourceType: No known package when getting name for resource number 0xffffffff
11-19 22:43:50.478  6305  6305 W ResourceType: No known package when getting name for resource number 0xffffffff
11-19 22:43:50.478  6305  6305 W ResourceType: No known package when getting name for resource number 0xffffffff
11-19 22:43:50.479  6305  6305 W ResourceType: No known package when getting name for resource number 0xffffffff
11-19 22:43:50.479  6305  6305 W ResourceType: No known package when getting name for resource number 0xffffffff
11-19 22:43:50.480  6305  6305 W ResourceType: No known package when getting name for resource number 0xffffffff
11-19 22:43:50.480  6305  6305 W ResourceType: No known package when getting name for resource number 0xffffffff
11-19 22:43:50.481  6305  6305 W ResourceType: No known package when getting name for resource number 0xffffffff
11-19 22:43:50.482  6305  6305 W ResourceType: No known package when getting name for resource number 0xffffffff
11-19 22:43:50.482  6305  6305 W ResourceType: No known package when getting name for resource number 0xffffffff
11-19 22:43:50.483  6305  6305 W ResourceType: No known package when getting name for resource number 0xffffffff
11-19 22:43:50.483  6305  6305 W ResourceType: No known package when getting name for resource number 0xffffffff
11-19 22:43:50.484  6305  6305 W ResourceType: No known package when getting name for resource number 0xffffffff
11-19 22:43:50.485  6305  6305 W ResourceType: No known package when getting name for resource number 0xffffffff
11-19 22:43:50.485  6305  6305 W ResourceType: No known package when getting name for resource number 0xffffffff
11-19 22:43:50.486  6305  6305 W ResourceType: No known package when getting name for resource number 0xffffffff
11-19 22:43:50.486  6305  6305 W ResourceType: No known package when getting name for resource number 0xffffffff
11-19 22:43:50.487  6305  6305 W ResourceType: No known package when getting name for resource number 0xffffffff
11-19 22:43:50.488  6305  6305 W ResourceType: No known package when getting name for resource number 0xffffffff
11-19 22:43:50.490  6305  6305 W ResourceType: No known package when getting name for resource number 0xffffffff
11-19 22:43:50.490  6305  6305 W ResourceType: No known package when getting name for resource number 0xffffffff
11-19 22:43:50.491  6305  6305 W ResourceType: No known package when getting name for resource number 0xffffffff
11-19 22:43:50.491  6305  6305 W ResourceType: No known package when getting name for resource number 0xffffffff
11-19 22:43:50.492  6305  6305 W ResourceType: No known package when getting name for resource number 0xffffffff
11-19 22:43:50.492  6305  6305 W ResourceType: No known package when getting name for resource number 0xffffffff
11-19 22:43:50.492  6305  6305 W ResourceType: No known package when getting name for resource number 0xffffffff
11-19 22:43:50.493  6305  6305 W ResourceType: No known package when getting name for resource number 0xffffffff
11-19 22:43:50.493  6305  6305 W ResourceType: No known package when getting name for resource number 0xffffffff
11-19 22:43:50.494  6305  6305 W ResourceType: No known package when getting name for resource number 0xffffffff
11-19 22:43:50.494  6305  6305 W ResourceType: No known package when getting name for resource number 0xffffffff
11-19 22:43:50.494  6305  6305 W ResourceType: No known package when getting name for resource number 0xffffffff
11-19 22:43:50.495  6305  6305 W ResourceType: No known package when getting name for resource number 0xffffffff
11-19 22:43:50.495  6305  6305 W ResourceType: No known package when getting name for resource number 0xffffffff
11-19 22:43:50.496  6305  6305 W ResourceType: No known package when getting name for resource number 0xffffffff
11-19 22:43:50.498  6305  6305 W ResourceType: No known package when getting name for resource number 0xffffffff
11-19 22:43:50.498  6305  6305 W ResourceType: No known package when getting name for resource number 0xffffffff
11-19 22:43:50.498  6305  6305 W ResourceType: No known package when getting name for resource number 0xffffffff
11-19 22:43:50.498  6305  6305 W ResourceType: No known package when getting name for resource number 0xffffffff
11-19 22:43:50.499  6305  6305 W ResourceType: No known package when getting name for resource number 0xffffffff
11-19 22:43:50.499  6305  6305 W ResourceType: No known package when getting name for resource number 0xffffffff
11-19 22:43:50.499  6305  6305 W ResourceType: No known package when getting name for resource number 0xffffffff
11-19 22:43:50.500  6305  6305 W ResourceType: No known package when getting name for resource number 0xffffffff
11-19 22:43:50.501  6305  6305 W ResourceType: No known package when getting name for resource number 0xffffffff
11-19 22:43:50.501  6305  6305 W ResourceType: No package identifier when getting name for resource number 0x00000000
11-19 22:43:50.501  6305  6305 W ResourceType: No known package when getting name for resource number 0xffffffff
11-19 22:43:50.502  6305  6305 W ResourceType: No package identifier when getting name for resource number 0x00000004
11-19 22:43:50.502  6305  6305 W ResourceType: No known package when getting name for resource number 0xffffffff
11-19 22:43:50.503  6305  6305 W ResourceType: No known package when getting name for resource number 0x77359401
11-19 22:43:50.503  6305  6305 W ResourceType: No package identifier when getting name for resource number 0x00000001
11-19 22:43:50.504  6305  6305 W ResourceType: No known package when getting name for resource number 0xffffffff
11-19 22:43:50.505  6305  6305 W ResourceType: No package identifier when getting name for resource number 0x00000002
11-19 22:43:50.505  6305  6305 W ResourceType: No known package when getting name for resource number 0xffffffff
11-19 22:43:50.506  6305  6305 W ResourceType: No package identifier when getting name for resource number 0x00000003
11-19 22:43:50.506  6305  6305 W ResourceType: No known package when getting name for resource number 0xffffffff
11-19 22:43:50.507  6305  6305 W ResourceType: No package identifier when getting name for resource number 0x00000009
11-19 22:43:50.507  6305  6305 W ResourceType: No known package when getting name for resource number 0xffffffff
11-19 22:43:50.508  6305  6305 W ResourceType: No package identifier when getting name for resource number 0x00000008
11-19 22:43:50.508  6305  6305 W ResourceType: No known package when getting name for resource number 0xffffffff
11-19 22:43:50.509  6305  6305 W ResourceType: No known package when getting name for resource number 0x77359402
11-19 22:43:50.509  6305  6305 W ResourceType: No package identifier when getting name for resource number 0x00000005
11-19 22:43:50.509  6305  6305 W ResourceType: No known package when getting name for resource number 0xffffffff
11-19 22:43:50.510  6305  6305 W ResourceType: No package identifier when getting name for resource number 0x00000006
11-19 22:43:50.510  6305  6305 W ResourceType: No known package when getting name for resource number 0xffffffff
11-19 22:43:50.511  6305  6305 W ResourceType: No known package when getting name for resource number 0x77359403
11-19 22:43:50.511  6305  6305 W ResourceType: No package identifier when getting name for resource number 0x0000000a
11-19 22:43:50.511  6305  6305 W ResourceType: No known package when getting name for resource number 0xffffffff
11-19 22:43:50.784  6305  6336 D EGL_emulation: eglMakeCurrent: 0x93ae26c0: ver 2 0 (tinfo 0xa37e3e10)
11-19 22:43:50.795  6305  6336 D EGL_emulation: eglMakeCurrent: 0x93ae26c0: ver 2 0 (tinfo 0xa37e3e10)
11-19 22:43:50.813  6305  6305 D HomePagerActivity: Processing pending event...
11-19 22:43:50.813  6305  6305 D HomePagerActivity: Processing pending event...
11-19 22:43:50.860  6305  6305 D HomePagerActivity: OnCollapse
11-19 22:43:50.861  6305  6305 D HomePagerActivity: onEvent: es.usc.citius.servando.calendula.persistence.Medicine
11-19 22:43:50.861  6305  6305 D DailyAgendaFragment: AgendaView NotifyDataChange
11-19 22:43:50.875  6305  6305 D DailyAgendaFragment: Items after rebuild 50
11-19 22:43:50.875  6305  6305 D android:switcher:2131755223:1: Routines - Notify data change
11-19 22:43:50.876  6305  6305 D android:switcher:2131755223:2: Medicines - Notify data change
11-19 22:43:50.876  6305  6305 D android:switcher:2131755223:3: Schedules - Notify data change
11-19 22:43:50.877  6305  6305 D HomePagerActivity: OnCollapse
11-19 22:43:50.893  1653  1742 I LatinIME:LogUtils: Dictionary info: dictionary = spellcheck_userunigram.en_US ; version = 1511149430 ; date = ?
11-19 22:43:50.904  6305  6338 D ScheduleListFragment: Schedules after reload: 0
11-19 22:43:50.906  1653  1742 I LatinIME:LogUtils: Dictionary info: dictionary = main:en ; version = 54 ; date = 1414726273
11-19 22:43:50.958  6305  6336 D EGL_emulation: eglMakeCurrent: 0x93ae26c0: ver 2 0 (tinfo 0xa37e3e10)
11-19 22:43:51.009  6305  6305 D HomePagerActivity: OnCollapse
11-19 22:43:51.024  6305  6305 D DailyAgendaAdapter: isShowingSomething, expanded: false
11-19 22:43:51.032  6305  6305 W IInputConnectionWrapper: finishComposingText on inactive InputConnection
11-19 22:43:51.033  6305  6305 D HomePagerActivity: OnCollapse
11-19 22:43:51.082  1588  1930 I WindowManager: Destroying surface Surface(name=es.usc.citius.servando.calendula/es.usc.citius.servando.calendula.activities.MedicinesActivity) called by com.android.server.wm.WindowStateAnimator.destroySurface:2016 com.android.server.wm.WindowStateAnimator.destroySurfaceLocked:882 com.android.server.wm.WindowState.destroyOrSaveSurface:2100 com.android.server.wm.WindowManagerService.tryStartExitingAnimation:3024 com.android.server.wm.WindowManagerService.relayoutWindow:2904 com.android.server.wm.Session.relayout:224 android.view.IWindowSession$Stub.onTransact:286 com.android.server.wm.Session.onTransact:145 
11-19 22:43:51.098  1308  1308 W SurfaceFlinger: couldn't log to binary event log: overflow.
11-19 22:43:51.101  6305  6305 D HomePagerActivity: OnCollapse
11-19 22:43:52.050  6305  6305 D HomePagerActivity: OnCollapse
11-19 22:43:52.761  6305  6376 I System.out: URI: //
11-19 22:43:52.761  6305  6376 I System.out: params: {json={"command":"swipe","arguments":["left"]}
11-19 22:43:52.761  6305  6376 I System.out: }
11-19 22:43:52.761  6305  6376 I System.out: header: {content-type=application/json;charset=utf-8, date=Mon, 20 Nov 2017 03:43:53 GMT, accept=*/*, host=127.0.0.1:34777, content-length=40, user-agent=HTTPClient/1.0 (2.8.3, ruby 2.3.1 (2016-04-26))}
11-19 22:43:52.761  6305  6376 I System.out: params: {json={"command":"swipe","arguments":["left"]}
11-19 22:43:52.761  6305  6376 I System.out: }
11-19 22:43:52.761  6305  6376 I System.out: ProP json = {"command":"swipe","arguments":["left"]}
11-19 22:43:52.761  6305  6376 I System.out: files: {}
11-19 22:43:52.761  6305  6376 I System.out: command: {"command":"swipe","arguments":["left"]}
11-19 22:43:52.763  6305  6376 I InstrumentationBackend: Got command:'Command:'Line:null,swipe', arguments:'[left]'
11-19 22:43:52.786  6305  6310 I art     : Do full code cache collection, code=229KB, data=243KB
11-19 22:43:52.787  6305  6310 I art     : After code cache collection, code=200KB, data=199KB
11-19 22:43:53.049  6305  6305 D HomePagerActivity: OnCollapse
11-19 22:43:53.282  1588  1608 I WindowManager: Destroying surface Surface(name=Toast) called by com.android.server.wm.WindowStateAnimator.destroySurface:2016 com.android.server.wm.WindowStateAnimator.destroySurfaceLocked:882 com.android.server.wm.WindowState.destroyOrSaveSurface:2100 com.android.server.wm.WindowSurfacePlacer.performSurfacePlacementInner:429 com.android.server.wm.WindowSurfacePlacer.performSurfacePlacementLoop:232 com.android.server.wm.WindowSurfacePlacer.performSurfacePlacement:180 com.android.server.wm.WindowManagerService$H.handleMessage:8086 android.os.Handler.dispatchMessage:102 
11-19 22:43:53.943  6305  6376 I System.out: result:{"bonusInformation":[],"message":"","success":true}
11-19 22:43:53.947  6305  6377 I System.out: URI: //map
11-19 22:43:53.947  6305  6377 I System.out: params: {json={"query":"* marked:'Home'","operation":{"method_name":"query","arguments":[]}}
11-19 22:43:53.947  6305  6377 I System.out: }
11-19 22:43:53.947  1351  1393 W audio_hw_generic: Not supplying enough data to HAL, expected position 4585105 , only wrote 3956400
11-19 22:43:54.016  6305  6305 W ResourceType: No known package when getting name for resource number 0xffffffff
11-19 22:43:54.017  6305  6305 W ResourceType: No known package when getting name for resource number 0xffffffff
11-19 22:43:54.019  6305  6305 W ResourceType: No known package when getting name for resource number 0xffffffff
11-19 22:43:54.022  6305  6305 W ResourceType: No known package when getting name for resource number 0xffffffff
11-19 22:43:54.028  6305  6305 W ResourceType: No known package when getting name for resource number 0xffffffff
11-19 22:43:54.030  6305  6305 W ResourceType: No known package when getting name for resource number 0xffffffff
11-19 22:43:54.030  6305  6305 W ResourceType: No known package when getting name for resource number 0xffffffff
11-19 22:43:54.032  6305  6305 W ResourceType: No known package when getting name for resource number 0xffffffff
11-19 22:43:54.033  6305  6305 W ResourceType: No known package when getting name for resource number 0xffffffff
11-19 22:43:54.034  6305  6305 W ResourceType: No known package when getting name for resource number 0xffffffff
11-19 22:43:54.035  6305  6305 W ResourceType: No known package when getting name for resource number 0xffffffff
11-19 22:43:54.035  6305  6305 W ResourceType: No known package when getting name for resource number 0xffffffff
11-19 22:43:54.036  6305  6305 W ResourceType: No known package when getting name for resource number 0xffffffff
11-19 22:43:54.037  6305  6305 W ResourceType: No known package when getting name for resource number 0xffffffff
11-19 22:43:54.037  6305  6305 W ResourceType: No known package when getting name for resource number 0xffffffff
11-19 22:43:54.038  6305  6305 W ResourceType: No known package when getting name for resource number 0xffffffff
11-19 22:43:54.038  6305  6305 W ResourceType: No known package when getting name for resource number 0xffffffff
11-19 22:43:54.038  6305  6305 W ResourceType: No known package when getting name for resource number 0xffffffff
11-19 22:43:54.039  6305  6305 W ResourceType: No known package when getting name for resource number 0xffffffff
11-19 22:43:54.039  6305  6305 W ResourceType: No known package when getting name for resource number 0xffffffff
11-19 22:43:54.040  6305  6305 W ResourceType: No known package when getting name for resource number 0xffffffff
11-19 22:43:54.041  6305  6305 W ResourceType: No known package when getting name for resource number 0xffffffff
11-19 22:43:54.043  6305  6305 W ResourceType: No known package when getting name for resource number 0xffffffff
11-19 22:43:54.043  6305  6305 W ResourceType: No known package when getting name for resource number 0xffffffff
11-19 22:43:54.044  6305  6305 W ResourceType: No known package when getting name for resource number 0xffffffff
11-19 22:43:54.046  6305  6305 W ResourceType: No known package when getting name for resource number 0xffffffff
11-19 22:43:54.047  6305  6305 W ResourceType: No known package when getting name for resource number 0xffffffff
11-19 22:43:54.049  6305  6305 W ResourceType: No known package when getting name for resource number 0xffffffff
11-19 22:43:54.052  6305  6305 W ResourceType: No known package when getting name for resource number 0xffffffff
11-19 22:43:54.054  6305  6305 W ResourceType: No known package when getting name for resource number 0xffffffff
11-19 22:43:54.055  6305  6305 W ResourceType: No known package when getting name for resource number 0xffffffff
11-19 22:43:54.057  6305  6305 W ResourceType: No known package when getting name for resource number 0xffffffff
11-19 22:43:54.058  6305  6305 W ResourceType: No known package when getting name for resource number 0xffffffff
11-19 22:43:54.059  6305  6305 W ResourceType: No known package when getting name for resource number 0xffffffff
