11-19 22:43:30.294  1588  1608 W WindowManager: 	at com.android.server.wm.WindowManagerService.windowForClientLocked(WindowManagerService.java:9098)
11-19 22:43:30.294  1588  1608 W WindowManager: 	at com.android.server.wm.WindowManagerService.finishDrawingWindow(WindowManagerService.java:3148)
11-19 22:43:30.294  1588  1608 W WindowManager: 	at com.android.server.wm.Session.finishDrawing(Session.java:258)
11-19 22:43:30.294  1588  1608 W WindowManager: 	at android.view.ViewRootImpl.performDraw(ViewRootImpl.java:2653)
11-19 22:43:30.294  1588  1608 W WindowManager: 	at android.view.ViewRootImpl.performTraversals(ViewRootImpl.java:2211)
11-19 22:43:30.294  1588  1608 W WindowManager: 	at android.view.ViewRootImpl.doTraversal(ViewRootImpl.java:1246)
11-19 22:43:30.294  1588  1608 W WindowManager: 	at android.view.ViewRootImpl$TraversalRunnable.run(ViewRootImpl.java:6301)
11-19 22:43:30.294  1588  1608 W WindowManager: 	at android.view.Choreographer$CallbackRecord.run(Choreographer.java:871)
11-19 22:43:30.294  1588  1608 W WindowManager: 	at android.view.Choreographer.doCallbacks(Choreographer.java:683)
11-19 22:43:30.294  1588  1608 W WindowManager: 	at android.view.Choreographer.doFrame(Choreographer.java:619)
11-19 22:43:30.294  1588  1608 W WindowManager: 	at android.view.Choreographer$FrameDisplayEventReceiver.run(Choreographer.java:857)
11-19 22:43:30.294  1588  1608 W WindowManager: 	at android.os.Handler.handleCallback(Handler.java:751)
11-19 22:43:30.294  1588  1608 W WindowManager: 	at android.os.Handler.dispatchMessage(Handler.java:95)
11-19 22:43:30.294  1588  1608 W WindowManager: 	at android.os.Looper.loop(Looper.java:154)
11-19 22:43:30.294  1588  1608 W WindowManager: 	at android.os.HandlerThread.run(HandlerThread.java:61)
11-19 22:43:30.294  1588  1608 W WindowManager: 	at com.android.server.ServiceThread.run(ServiceThread.java:46)
11-19 22:43:30.294  6254  6254 V DB      : DB initialized calendula.db
11-19 22:43:30.295  1588  1608 W WindowManager: Failed looking up window
11-19 22:43:30.295  1588  1608 W WindowManager: java.lang.IllegalArgumentException: Requested window android.view.ViewRootImpl$W@e54184a does not exist
11-19 22:43:30.295  1588  1608 W WindowManager: 	at com.android.server.wm.WindowManagerService.windowForClientLocked(WindowManagerService.java:9107)
11-19 22:43:30.295  1588  1608 W WindowManager: 	at com.android.server.wm.WindowManagerService.windowForClientLocked(WindowManagerService.java:9098)
11-19 22:43:30.295  1588  1608 W WindowManager: 	at com.android.server.wm.WindowManagerService.finishDrawingWindow(WindowManagerService.java:3148)
11-19 22:43:30.295  1588  1608 W WindowManager: 	at com.android.server.wm.Session.finishDrawing(Session.java:258)
11-19 22:43:30.295  1588  1608 W WindowManager: 	at android.view.ViewRootImpl.performDraw(ViewRootImpl.java:2653)
11-19 22:43:30.295  1588  1608 W WindowManager: 	at android.view.ViewRootImpl.performTraversals(ViewRootImpl.java:2211)
11-19 22:43:30.295  1588  1608 W WindowManager: 	at android.view.ViewRootImpl.doTraversal(ViewRootImpl.java:1246)
11-19 22:43:30.295  1588  1608 W WindowManager: 	at android.view.ViewRootImpl$TraversalRunnable.run(ViewRootImpl.java:6301)
11-19 22:43:30.295  1588  1608 W WindowManager: 	at android.view.Choreographer$CallbackRecord.run(Choreographer.java:871)
11-19 22:43:30.295  1588  1608 W WindowManager: 	at android.view.Choreographer.doCallbacks(Choreographer.java:683)
11-19 22:43:30.295  1588  1608 W WindowManager: 	at android.view.Choreographer.doFrame(Choreographer.java:619)
11-19 22:43:30.295  1588  1608 W WindowManager: 	at android.view.Choreographer$FrameDisplayEventReceiver.run(Choreographer.java:857)
11-19 22:43:30.295  1588  1608 W WindowManager: 	at android.os.Handler.handleCallback(Handler.java:751)
11-19 22:43:30.295  1588  1608 W WindowManager: 	at android.os.Handler.dispatchMessage(Handler.java:95)
11-19 22:43:30.295  1588  1608 W WindowManager: 	at android.os.Looper.loop(Looper.java:154)
11-19 22:43:30.295  1588  1608 W WindowManager: 	at android.os.HandlerThread.run(HandlerThread.java:61)
11-19 22:43:30.295  1588  1608 W WindowManager: 	at com.android.server.ServiceThread.run(ServiceThread.java:46)
11-19 22:43:30.295  1588  1929 W InputMethodManagerService: Window already focused, ignoring focus gain of: com.android.internal.view.IInputMethodClient$Stub$Proxy@f83da6d attribute=null, token = android.os.BinderProxy@b286088
11-19 22:43:30.301  1588  1608 W WindowManager: Failed looking up window
11-19 22:43:30.301  1588  1608 W WindowManager: java.lang.IllegalArgumentException: Requested window android.view.ViewRootImpl$W@e54184a does not exist
11-19 22:43:30.301  1588  1608 W WindowManager: 	at com.android.server.wm.WindowManagerService.windowForClientLocked(WindowManagerService.java:9107)
11-19 22:43:30.301  1588  1608 W WindowManager: 	at com.android.server.wm.WindowManagerService.windowForClientLocked(WindowManagerService.java:9098)
11-19 22:43:30.301  1588  1608 W WindowManager: 	at com.android.server.wm.WindowManagerService.removeWindow(WindowManagerService.java:2302)
11-19 22:43:30.301  1588  1608 W WindowManager: 	at com.android.server.wm.Session.remove(Session.java:202)
11-19 22:43:30.301  1588  1608 W WindowManager: 	at android.view.ViewRootImpl.dispatchDetachedFromWindow(ViewRootImpl.java:3286)
11-19 22:43:30.301  1588  1608 W WindowManager: 	at android.view.ViewRootImpl.doDie(ViewRootImpl.java:5881)
11-19 22:43:30.301  1588  1608 W WindowManager: 	at android.view.ViewRootImpl$ViewRootHandler.handleMessage(ViewRootImpl.java:3622)
11-19 22:43:30.301  1588  1608 W WindowManager: 	at android.os.Handler.dispatchMessage(Handler.java:102)
11-19 22:43:30.301  1588  1608 W WindowManager: 	at android.os.Looper.loop(Looper.java:154)
11-19 22:43:30.301  1588  1608 W WindowManager: 	at android.os.HandlerThread.run(HandlerThread.java:61)
11-19 22:43:30.301  1588  1608 W WindowManager: 	at com.android.server.ServiceThread.run(ServiceThread.java:46)
11-19 22:43:30.304  6254  6254 D DefaultDataGenerator: Creating dummy data...
11-19 22:43:30.358  6254  6259 I art     : Do partial code cache collection, code=17KB, data=31KB
11-19 22:43:30.358  6254  6259 I art     : After code cache collection, code=17KB, data=31KB
11-19 22:43:30.358  6254  6259 I art     : Increasing code cache capacity to 128KB
11-19 22:43:30.428  6254  6254 D DefaultDataGenerator: Dummy data saved successfully!
11-19 22:43:30.433  6254  6254 D es.usc.citius.servando.calendula.scheduling.DailyAgenda: Setup daily agenda. Last updated: 31/12 - 19:00
11-19 22:43:30.437  6254  6254 D es.usc.citius.servando.calendula.scheduling.DailyAgenda: Adding DailyScheduleItem to daily schedule for date: 19/11
11-19 22:43:30.441  6254  6254 D es.usc.citius.servando.calendula.scheduling.DailyAgenda: 0 items added to daily schedule
11-19 22:43:30.441  6254  6254 D es.usc.citius.servando.calendula.scheduling.DailyAgenda: Adding DailyScheduleItem to daily schedule for date: 20/11
11-19 22:43:30.444  6254  6254 D es.usc.citius.servando.calendula.scheduling.DailyAgenda: 0 items added to daily schedule
11-19 22:43:30.447  6254  6254 D Event   : No subscribers registered for event class es.usc.citius.servando.calendula.scheduling.DailyAgenda$AgendaUpdatedEvent
11-19 22:43:30.447  6254  6254 D Event   : No subscribers registered for event class de.greenrobot.event.NoSubscriberEvent
11-19 22:43:30.474  6254  6254 D PurgeCacheJob: scheduleJob: There are 0 running and 0 requests already
11-19 22:43:30.474  6254  6254 V PurgeCacheJob: Removing duplicate jobs/requests
11-19 22:43:30.474  6254  6254 V PurgeCacheJob: Scheduling new job
11-19 22:43:30.484  6254  6254 D JobProxy24: Schedule periodic jobInfo success, request{id=1, tag=PurgeCacheJob}, interval 00:00:00 (+30 days), flex 00:00:00 (+30 days)
11-19 22:43:30.484  6254  6254 D AlarmReceiver.class: Received alarm: 2
11-19 22:43:30.486  6254  6288 D AlarmIntentService: Service started
11-19 22:43:30.486  6254  6288 D AlarmIntentService: Alarm received: AlarmIntentParams{action=2, routineId=-1, scheduleId=-1, scheduleTime='', date=''}
11-19 22:43:30.486  6254  6288 D AlarmIntentService: Received daily alarm
11-19 22:43:30.487  6254  6288 D es.usc.citius.servando.calendula.scheduling.DailyAgenda: Setup daily agenda. Last updated: 19/11 - 22:43
11-19 22:43:30.487  6254  6288 D es.usc.citius.servando.calendula.scheduling.DailyAgenda: No need to update daily schedule (0 items found for today)
11-19 22:43:32.432  6295  6295 D AndroidRuntime: >>>>>> START com.android.internal.os.RuntimeInit uid 2000 <<<<<<
11-19 22:43:32.433  6295  6295 D AndroidRuntime: CheckJNI is ON
11-19 22:43:32.450  6295  6295 W art     : Unexpected CPU variant for X86 using defaults: x86
11-19 22:43:32.452  6295  6295 D ICU     : No timezone override file found: /data/misc/zoneinfo/current/icu/icu_tzdata.dat
11-19 22:43:32.466  6295  6295 E memtrack: Couldn't load memtrack module (No such file or directory)
11-19 22:43:32.466  6295  6295 E android.os.Debug: failed to load memtrack module: -2
11-19 22:43:32.467  6295  6295 I Radio-JNI: register_android_hardware_Radio DONE
11-19 22:43:32.473  6295  6295 D AndroidRuntime: Calling main entry com.android.commands.am.Am
11-19 22:43:32.475  1588  1598 I ActivityManager: Force stopping es.usc.citius.servando.calendula appid=10094 user=0: start instr
11-19 22:43:32.475  1588  1598 I ActivityManager: Killing 6254:es.usc.citius.servando.calendula/u0a94 (adj 0): stop es.usc.citius.servando.calendula
11-19 22:43:32.475  1588  1598 D ActivityManager: cleanUpApplicationRecord -- 6254
11-19 22:43:32.475  1588  1598 W ActivityManager: Crash of app es.usc.citius.servando.calendula running instrumentation ComponentInfo{es.usc.citius.servando.calendula.test/sh.calaba.instrumentationbackend.ClearAppData2}
11-19 22:43:32.475  1588  1598 I ActivityManager: Force stopping es.usc.citius.servando.calendula appid=10094 user=0: finished inst
11-19 22:43:32.481  6305  6305 W art     : Unexpected CPU variant for X86 using defaults: x86
11-19 22:43:32.487  1588  1598 I ActivityManager: Start proc 6305:es.usc.citius.servando.calendula/u0a94 for added application es.usc.citius.servando.calendula
11-19 22:43:32.487  6295  6295 D AndroidRuntime: Shutting down VM
11-19 22:43:32.495  6305  6305 W System  : ClassLoader referenced unknown path: /data/app/es.usc.citius.servando.calendula.test-1/lib/x86
11-19 22:43:32.500  6305  6305 W System  : ClassLoader referenced unknown path: 
11-19 22:43:32.505  6305  6305 I System.out: Main activity name automatically set to: es.usc.citius.servando.calendula.activities.StartActivity
11-19 22:43:32.506  6305  6305 I System.out: Calabash did not load Mono. This is only a problem if you are trying to test a Mono application
11-19 22:43:32.506  6305  6305 I calabash: Test server port: 7102
11-19 22:43:32.507  6305  6305 I InstrumentationBackend: Added:'NullAction', with key:'nullAction'
11-19 22:43:32.507  6305  6305 I InstrumentationBackend: Added:'GetActivityOrientation', with key:'get_activity_orientation'
11-19 22:43:32.507  6305  6305 I InstrumentationBackend: Added:'SetActivityOrientation', with key:'set_activity_orientation'
11-19 22:43:32.507  6305  6305 I InstrumentationBackend: Added:'DpToDevicePixel', with key:'dp_to_device_pixel'
11-19 22:43:32.507  6305  6305 I InstrumentationBackend: Added:'ClickOnScreen', with key:'click_on_screen'
11-19 22:43:32.507  6305  6305 I InstrumentationBackend: Added:'DoubleTapCoordinate', with key:'double_tap_coordinate'
11-19 22:43:32.508  6305  6305 I InstrumentationBackend: Added:'Drag', with key:'drag'
11-19 22:43:32.508  6305  6305 I InstrumentationBackend: Added:'DragCoordinates', with key:'drag_coordinates'
11-19 22:43:32.508  6305  6305 I InstrumentationBackend: Added:'LongPressCoordinate', with key:'long_press_coordinate'
11-19 22:43:32.508  6305  6305 I InstrumentationBackend: Added:'ResumeApplication', with key:'resume_application'
11-19 22:43:32.508  6305  6305 I InstrumentationBackend: Added:'Swipe', with key:'swipe'
11-19 22:43:32.508  6305  6305 I InstrumentationBackend: Added:'TouchCoordinates', with key:'touch_coordinate'
11-19 22:43:32.508  6305  6305 I InstrumentationBackend: Added:'ListActions', with key:'list_actions'
11-19 22:43:32.508  6305  6305 I InstrumentationBackend: Added:'SendTcp', with key:'send_tcp'
11-19 22:43:32.508  6305  6305 I InstrumentationBackend: Added:'PressElement', with key:'press_l10n_element'
11-19 22:43:32.508  6305  6305 I InstrumentationBackend: Added:'WaitForElement', with key:'wait_for_l10n_element'
11-19 22:43:32.508  6305  6305 I InstrumentationBackend: Added:'FakeGPSLocation', with key:'set_gps_coordinates'
11-19 22:43:32.509  6305  6305 I InstrumentationBackend: Added:'GetMapBounds', with key:'get_map_bounds'
11-19 22:43:32.509  6305  6305 I InstrumentationBackend: Added:'GetMapCenter', with key:'get_map_center'
11-19 22:43:32.509  6305  6305 I InstrumentationBackend: Added:'GetMapMarker', with key:'get_map_marker'
11-19 22:43:32.509  6305  6305 I InstrumentationBackend: Added:'GetMapMarkers', with key:'get_map_markers'
11-19 22:43:32.509  6305  6305 I InstrumentationBackend: Added:'GetMapZoom', with key:'get_map_zoom'
11-19 22:43:32.509  6305  6305 I InstrumentationBackend: Added:'PanMapTo', with key:'pan_map_to'
11-19 22:43:32.509  6305  6305 I InstrumentationBackend: Added:'SetMapCenter', with key:'set_map_center'
11-19 22:43:32.509  6305  6305 I InstrumentationBackend: Added:'SetMapZoom', with key:'set_map_zoom'
11-19 22:43:32.509  6305  6305 I InstrumentationBackend: Added:'TapAwayFromMarkers', with key:'tap_map_away_from_markers'
11-19 22:43:32.509  6305  6305 I InstrumentationBackend: Added:'TapMapMarker', with key:'tap_map_marker_by_title'
11-19 22:43:32.509  6305  6305 I InstrumentationBackend: Added:'ClearPreferences', with key:'clear_preferences'
11-19 22:43:32.509  6305  6305 I InstrumentationBackend: Added:'GetPreferences', with key:'get_preferences'
11-19 22:43:32.516  6305  6305 I InstrumentationBackend: Added:'SetPreferences', with key:'set_preferences'
11-19 22:43:32.516  6305  6305 I InstrumentationBackend: Added:'PressKey', with key:'press_key'
11-19 22:43:32.516  6305  6305 I InstrumentationBackend: Added:'DeleteSurroundingText', with key:'delete_surrounding_text'
11-19 22:43:32.517  6305  6305 I InstrumentationBackend: Added:'HideSoftKeyboard', with key:'hide_soft_keyboard'
11-19 22:43:32.517  6305  6305 I InstrumentationBackend: Added:'KeyboardEnterText', with key:'keyboard_enter_text'
11-19 22:43:32.517  6305  6305 I InstrumentationBackend: Added:'KeyboardKeyEvent', with key:'keyboard_key_event'
11-19 22:43:32.517  6305  6305 I InstrumentationBackend: Added:'PressUserActionButton', with key:'press_user_action_button'
11-19 22:43:32.517  6305  6305 I InstrumentationBackend: Added:'SetComposingRegion', with key:'set_composing_region'
11-19 22:43:32.517  6305  6305 I InstrumentationBackend: Added:'SetSelection', with key:'set_selection'
11-19 22:43:32.517  6305  6305 I InstrumentationBackend: Added:'AndroidSDKVersion', with key:'android_sdk_version'
11-19 22:43:32.517  6305  6305 I InstrumentationBackend: Added:'Version', with key:'version'
11-19 22:43:32.517  6305  6305 I InstrumentationBackend: Added:'GetActivityName', with key:'get_activity_name'
11-19 22:43:32.517  6305  6305 I InstrumentationBackend: Added:'IsCurrentActivityFocused', with key:'is_current_activity_focused'
11-19 22:43:32.518  6305  6305 I InstrumentationBackend: Added:'ScrollToView', with key:'scroll_to_view'
11-19 22:43:32.518  6305  6305 I InstrumentationBackend: Added:'ViewConfiguration', with key:'view_configuration'
11-19 22:43:32.518  6305  6305 I InstrumentationBackend: Added:'DumpBodyHtml', with key:'dump_body_html'
11-19 22:43:32.518  6305  6305 I InstrumentationBackend: Added:'DumpHtml', with key:'dump_html'
11-19 22:43:32.518  6305  6305 I InstrumentationBackend: Added:'EnterTextByCssSelector', with key:'enter_text_by_selector'
11-19 22:43:32.518  6305  6305 I InstrumentationBackend: Added:'GetLoadProgress', with key:'get_load_progress'
11-19 22:43:32.518  6305  6305 I InstrumentationBackend: Added:'GetUrl', with key:'get_url'
11-19 22:43:32.518  6305  6305 I InstrumentationBackend: Added:'ScrollTo', with key:'scroll_to'
11-19 22:43:32.518  6305  6305 I InstrumentationBackend: Added:'SetPropertyByCssSelector', with key:'set_property_by_css_selector'
11-19 22:43:32.519  6305  6305 I calabash: Instantiating http server at 7102
11-19 22:43:32.519  6305  6305 I System.out: HTTP Daemon listening on: 7102
11-19 22:43:32.557  6305  6305 V DB      : DB initialized calendula.db
11-19 22:43:32.602  6305  6323 I System.out: URI: //ping
11-19 22:43:32.602  6305  6323 I System.out: params: {json={}
11-19 22:43:32.602  6305  6323 I System.out: }
11-19 22:43:32.606  6305  6324 I System.out: URI: //ping
11-19 22:43:32.606  6305  6324 I System.out: params: {json={}
11-19 22:43:32.606  6305  6324 I System.out: }
11-19 22:43:32.612  6305  6325 I System.out: URI: //ready
11-19 22:43:32.612  6305  6325 I System.out: params: {json={}
11-19 22:43:32.612  6305  6325 I System.out: }
11-19 22:43:32.615  6305  6326 I System.out: URI: //
11-19 22:43:32.615  6305  6326 I System.out: params: {json={"command":"version","arguments":[]}
11-19 22:43:32.615  6305  6326 I System.out: }
11-19 22:43:32.615  6305  6326 I System.out: header: {content-type=application/json;charset=utf-8, date=Mon, 20 Nov 2017 03:43:33 GMT, accept=*/*, host=127.0.0.1:34777, content-length=36, user-agent=HTTPClient/1.0 (2.8.3, ruby 2.3.1 (2016-04-26))}
11-19 22:43:32.615  6305  6326 I System.out: params: {json={"command":"version","arguments":[]}
11-19 22:43:32.615  6305  6326 I System.out: }
11-19 22:43:32.616  6305  6326 I System.out: ProP json = {"command":"version","arguments":[]}
11-19 22:43:32.616  6305  6326 I System.out: files: {}
11-19 22:43:32.616  6305  6326 I System.out: command: {"command":"version","arguments":[]}
11-19 22:43:32.625  6305  6326 I InstrumentationBackend: Got command:'Command:'Line:null,version', arguments:'[]'
11-19 22:43:32.645  6305  6326 I System.out: result:{"bonusInformation":[],"message":"0.9.0","success":true}
11-19 22:43:32.652  6305  6327 I System.out: URI: //start-application
11-19 22:43:32.652  6305  6327 I System.out: params: {json={"intent":null}
11-19 22:43:32.652  6305  6327 I System.out: }
11-19 22:43:32.691  6305  6327 I calabash: execStartActivity 4
11-19 22:43:32.691  1588  1943 I ActivityManager: START u0 {act=android.intent.action.MAIN cat=[android.intent.category.LAUNCHER] flg=0x10200000 cmp=es.usc.citius.servando.calendula/.activities.StartActivity} from uid 10094 on display 0
11-19 22:43:32.734  1308  2166 D gralloc_ranchu: gralloc_alloc: Creating ashmem region of size 8294400
11-19 22:43:32.770  6305  6305 D es.usc.citius.servando.calendula.scheduling.DailyAgenda: Setup daily agenda. Last updated: 19/11 - 22:43
11-19 22:43:32.772  6305  6305 D es.usc.citius.servando.calendula.scheduling.DailyAgenda: No need to update daily schedule (0 items found for today)
11-19 22:43:32.783  6305  6310 I art     : Do partial code cache collection, code=20KB, data=31KB
11-19 22:43:32.791  6305  6310 I art     : After code cache collection, code=20KB, data=31KB
11-19 22:43:32.792  6305  6310 I art     : Increasing code cache capacity to 128KB
11-19 22:43:32.797  6305  6305 D PurgeCacheJob: scheduleJob: There are 0 running and 1 requests already
11-19 22:43:32.798  6305  6305 I calabash: newActivity1
11-19 22:43:32.799  2053  2130 D EGL_emulation: eglMakeCurrent: 0xa37fc6e0: ver 2 0 (tinfo 0xa37f1db0)
11-19 22:43:32.809  6305  6328 I calabash: Activity is set in activity waiter. Invoking idle handlers
11-19 22:43:32.810  6305  6305 I calabash: execStartActivity 4
11-19 22:43:32.811  1588  1682 I ActivityManager: START u0 {cmp=es.usc.citius.servando.calendula/.HomePagerActivity} from uid 10094 on display 0
11-19 22:43:32.834  6305  6305 I calabash: newActivity1
11-19 22:43:32.839  6305  6305 W art     : Before Android 4.1, method android.graphics.PorterDuffColorFilter android.support.graphics.drawable.VectorDrawableCompat.updateTintFilter(android.graphics.PorterDuffColorFilter, android.content.res.ColorStateList, android.graphics.PorterDuff$Mode) would have incorrectly overridden the package-private method in android.graphics.drawable.Drawable
11-19 22:43:32.929  6305  6305 D LeftDrawer: Adding patient to drawer: Usuario
11-19 22:43:33.035  6305  6305 W Settings: Setting airplane_mode_on has moved from android.provider.Settings.System to android.provider.Settings.Global, returning read-only value.
11-19 22:43:33.063  1308  1315 E SurfaceFlinger: ro.sf.lcd_density must be defined as a build property
11-19 22:43:33.067  6305  6305 D         : HostConnection::get() New Host Connection established 0xa3787dc0, tid 6305
11-19 22:43:33.068  6305  6305 W         : Unrecognized GLES max version string in extensions: ANDROID_EMU_CHECKSUM_HELPER_v1 ANDROID_EMU_dma_v1 
11-19 22:43:33.090  6305  6305 D android:switcher:2131755223:1: Activity es.usc.citius.servando.calendula.HomePagerActivity, true
11-19 22:43:33.090  6305  6305 D android:switcher:2131755223:3: Activity es.usc.citius.servando.calendula.HomePagerActivity, true
11-19 22:43:33.122  6305  6305 D DailyAgendaFragment: AgendaView NotifyDataChange
11-19 22:43:33.171  6305  6305 D DailyAgendaFragment: Items after rebuild 50
11-19 22:43:33.179  6305  6310 I art     : Do partial code cache collection, code=56KB, data=62KB
11-19 22:43:33.179  6305  6310 I art     : After code cache collection, code=55KB, data=62KB
11-19 22:43:33.179  6305  6310 I art     : Increasing code cache capacity to 256KB
11-19 22:43:33.218  6305  6336 D         : HostConnection::get() New Host Connection established 0xa1b6b5c0, tid 6336
11-19 22:43:33.222  6305  6336 W         : Unrecognized GLES max version string in extensions: ANDROID_EMU_CHECKSUM_HELPER_v1 ANDROID_EMU_dma_v1 
11-19 22:43:33.223  6305  6336 I OpenGLRenderer: Initialized EGL, version 1.4
11-19 22:43:33.223  6305  6336 D OpenGLRenderer: Swap behavior 1
11-19 22:43:33.224  6305  6336 W OpenGLRenderer: Failed to choose config with EGL_SWAP_BEHAVIOR_PRESERVED, retrying without...
11-19 22:43:33.224  6305  6336 D OpenGLRenderer: Swap behavior 0
11-19 22:43:33.229  6305  6336 D EGL_emulation: eglCreateContext: 0x93ae26c0: maj 2 min 0 rcv 2
11-19 22:43:33.247  6305  6336 D EGL_emulation: eglMakeCurrent: 0x93ae26c0: ver 2 0 (tinfo 0xa37e3e10)
11-19 22:43:33.251  6305  6305 D HomePagerActivity: OnExpand
11-19 22:43:33.352  2017  2017 I WearableService: Wearable Services stopping
11-19 22:43:33.432  6305  6336 D EGL_emulation: eglMakeCurrent: 0x93ae26c0: ver 2 0 (tinfo 0xa37e3e10)
11-19 22:43:33.490  1588  1608 I ActivityManager: Displayed es.usc.citius.servando.calendula/.HomePagerActivity: +662ms (total +792ms)
11-19 22:43:33.497  6305  6305 D DailyAgendaAdapter: isShowingSomething, expanded: false
11-19 22:43:33.506  6305  6305 D HomePagerActivity: OnExpand
11-19 22:43:33.580  6305  6305 I calabash: execStartActivity 4
11-19 22:43:33.580  1588  1929 I ActivityManager: START u0 {cmp=es.usc.citius.servando.calendula/.activities.MaterialIntroActivity} from uid 10094 on display 0
11-19 22:43:33.604  6305  6305 I calabash: newActivity1
11-19 22:43:33.682  1588  1608 I WindowManager: Destroying surface Surface(name=Starting es.usc.citius.servando.calendula) called by com.android.server.wm.WindowStateAnimator.destroySurface:2016 com.android.server.wm.WindowStateAnimator.destroySurfaceLocked:882 com.android.server.wm.WindowState.destroyOrSaveSurface:2100 com.android.server.wm.AppWindowToken.destroySurfaces:363 com.android.server.wm.WindowStateAnimator.finishExit:565 com.android.server.wm.WindowStateAnimator.stepAnimationLocked:491 com.android.server.wm.WindowAnimator.updateWindowsLocked:303 com.android.server.wm.WindowAnimator.animateLocked:704 
11-19 22:43:33.762  6305  6336 D EGL_emulation: eglMakeCurrent: 0x93ae26c0: ver 2 0 (tinfo 0xa37e3e10)
11-19 22:43:33.813  1588  1608 I ActivityManager: Displayed es.usc.citius.servando.calendula/.activities.MaterialIntroActivity: +224ms
11-19 22:43:33.822  6305  6336 D EGL_emulation: eglMakeCurrent: 0x93ae26c0: ver 2 0 (tinfo 0xa37e3e10)
11-19 22:43:33.850  1588  1682 I WindowManager: Destroying surface Surface(name=com.android.launcher3/com.android.launcher3.Launcher) called by com.android.server.wm.WindowStateAnimator.destroySurface:2016 com.android.server.wm.WindowStateAnimator.destroySurfaceLocked:882 com.android.server.wm.WindowState.destroyOrSaveSurface:2100 com.android.server.wm.AppWindowToken.destroySurfaces:363 com.android.server.wm.AppWindowToken.notifyAppStopped:389 com.android.server.wm.WindowManagerService.notifyAppStopped:4463 com.android.server.am.ActivityStack.activityStoppedLocked:1252 com.android.server.am.ActivityManagerService.activityStopped:6903 
11-19 22:43:34.049  6305  6305 D HomePagerActivity: OnExpand
11-19 22:43:34.118  6305  6305 D HomePagerActivity: OnExpand
11-19 22:43:34.137  6305  6310 I art     : Do full code cache collection, code=121KB, data=125KB
11-19 22:43:34.137  6305  6310 I art     : After code cache collection, code=80KB, data=66KB
11-19 22:43:35.048  6305  6305 D HomePagerActivity: OnExpand
11-19 22:43:35.927  6305  6344 I System.out: URI: //
11-19 22:43:35.927  6305  6344 I System.out: params: {json={"command":"press_key","arguments":["KEYCODE_BACK"]}
11-19 22:43:35.927  6305  6344 I System.out: }
11-19 22:43:35.927  6305  6344 I System.out: header: {content-type=application/json;charset=utf-8, date=Mon, 20 Nov 2017 03:43:36 GMT, accept=*/*, host=127.0.0.1:34777, content-length=52, user-agent=HTTPClient/1.0 (2.8.3, ruby 2.3.1 (2016-04-26))}
11-19 22:43:35.927  6305  6344 I System.out: params: {json={"command":"press_key","arguments":["KEYCODE_BACK"]}
11-19 22:43:35.927  6305  6344 I System.out: }
11-19 22:43:35.927  6305  6344 I System.out: ProP json = {"command":"press_key","arguments":["KEYCODE_BACK"]}
11-19 22:43:35.927  6305  6344 I System.out: files: {}
11-19 22:43:35.927  6305  6344 I System.out: command: {"command":"press_key","arguments":["KEYCODE_BACK"]}
11-19 22:43:35.930  6305  6344 I InstrumentationBackend: Got command:'Command:'Line:null,press_key', arguments:'[KEYCODE_BACK]'
11-19 22:43:35.960  6305  6305 D HomePagerActivity: OnExpand
11-19 22:43:35.981  6305  6344 I System.out: result:{"bonusInformation":[],"message":"","success":true}
11-19 22:43:36.053  6305  6305 D HomePagerActivity: OnExpand
11-19 22:43:36.517  1588  1682 I WindowManager: Destroying surface Surface(name=es.usc.citius.servando.calendula/es.usc.citius.servando.calendula.activities.MaterialIntroActivity) called by com.android.server.wm.WindowStateAnimator.destroySurface:2016 com.android.server.wm.WindowStateAnimator.destroySurfaceLocked:882 com.android.server.wm.WindowState.removeLocked:1456 com.android.server.wm.WindowManagerService.removeWindowInnerLocked:2484 com.android.server.wm.WindowManagerService.removeWindowLocked:2442 com.android.server.wm.WindowManagerService.removeWindowLocked:2311 com.android.server.wm.WindowManagerService.removeWindow:2306 com.android.server.wm.Session.remove:202 
11-19 22:43:36.531  1308  1308 W SurfaceFlinger: couldn't log to binary event log: overflow.
11-19 22:43:37.048  6305  6305 D HomePagerActivity: OnExpand
11-19 22:43:37.330  6305  6345 I System.out: URI: //
11-19 22:43:37.330  6305  6345 I System.out: params: {json={"command":"swipe","arguments":["left"]}
11-19 22:43:37.330  6305  6345 I System.out: }
11-19 22:43:37.330  6305  6345 I System.out: header: {content-type=application/json;charset=utf-8, date=Mon, 20 Nov 2017 03:43:38 GMT, accept=*/*, host=127.0.0.1:34777, content-length=40, user-agent=HTTPClient/1.0 (2.8.3, ruby 2.3.1 (2016-04-26))}
11-19 22:43:37.330  6305  6345 I System.out: params: {json={"command":"swipe","arguments":["left"]}
11-19 22:43:37.330  6305  6345 I System.out: }
11-19 22:43:37.330  6305  6345 I System.out: ProP json = {"command":"swipe","arguments":["left"]}
11-19 22:43:37.330  6305  6345 I System.out: files: {}
11-19 22:43:37.330  6305  6345 I System.out: command: {"command":"swipe","arguments":["left"]}
11-19 22:43:37.337  6305  6345 I InstrumentationBackend: Got command:'Command:'Line:null,swipe', arguments:'[left]'
11-19 22:43:38.052  6305  6305 D HomePagerActivity: OnExpand
11-19 22:43:38.534  6305  6345 I System.out: result:{"bonusInformation":[],"message":"","success":true}
11-19 22:43:39.049  6305  6305 D HomePagerActivity: OnExpand
11-19 22:43:39.842  6305  6346 I System.out: URI: //map
11-19 22:43:39.842  6305  6346 I System.out: params: {json={"query":"* marked:'Medicines'","operation":{"method_name":"query","arguments":[]}}
11-19 22:43:39.842  6305  6346 I System.out: }
11-19 22:43:39.891  6305  6305 W ResourceType: No known package when getting name for resource number 0xffffffff
11-19 22:43:39.892  6305  6305 W ResourceType: No known package when getting name for resource number 0xffffffff
11-19 22:43:39.893  6305  6305 W ResourceType: No known package when getting name for resource number 0xffffffff
11-19 22:43:39.896  6305  6305 W ResourceType: No known package when getting name for resource number 0xffffffff
11-19 22:43:39.905  6305  6305 W ResourceType: No known package when getting name for resource number 0xffffffff
11-19 22:43:39.909  6305  6305 W ResourceType: No known package when getting name for resource number 0xffffffff
11-19 22:43:39.909  6305  6305 W ResourceType: No known package when getting name for resource number 0xffffffff
11-19 22:43:39.911  6305  6305 W ResourceType: No known package when getting name for resource number 0xffffffff
11-19 22:43:39.912  6305  6305 W ResourceType: No known package when getting name for resource number 0xffffffff
11-19 22:43:39.912  6305  6305 W ResourceType: No known package when getting name for resource number 0xffffffff
11-19 22:43:39.913  6305  6305 W ResourceType: No known package when getting name for resource number 0xffffffff
11-19 22:43:39.913  6305  6305 W ResourceType: No known package when getting name for resource number 0xffffffff
11-19 22:43:39.914  6305  6305 W ResourceType: No known package when getting name for resource number 0xffffffff
11-19 22:43:39.914  6305  6305 W ResourceType: No known package when getting name for resource number 0xffffffff
11-19 22:43:39.915  6305  6305 W ResourceType: No known package when getting name for resource number 0xffffffff
11-19 22:43:39.915  6305  6305 W ResourceType: No known package when getting name for resource number 0xffffffff
11-19 22:43:39.916  6305  6305 W ResourceType: No known package when getting name for resource number 0xffffffff
11-19 22:43:39.917  6305  6305 W ResourceType: No known package when getting name for resource number 0xffffffff
11-19 22:43:39.917  6305  6305 W ResourceType: No known package when getting name for resource number 0xffffffff
11-19 22:43:39.918  6305  6305 W ResourceType: No known package when getting name for resource number 0xffffffff
11-19 22:43:39.919  6305  6305 W ResourceType: No known package when getting name for resource number 0xffffffff
11-19 22:43:39.920  6305  6305 W ResourceType: No known package when getting name for resource number 0xffffffff
11-19 22:43:39.922  6305  6305 W ResourceType: No known package when getting name for resource number 0xffffffff
11-19 22:43:39.923  6305  6305 W ResourceType: No known package when getting name for resource number 0xffffffff
11-19 22:43:39.923  6305  6305 W ResourceType: No known package when getting name for resource number 0xffffffff
11-19 22:43:39.925  6305  6305 W ResourceType: No known package when getting name for resource number 0xffffffff
11-19 22:43:39.927  6305  6305 W ResourceType: No known package when getting name for resource number 0xffffffff
11-19 22:43:39.928  6305  6305 W ResourceType: No known package when getting name for resource number 0xffffffff
11-19 22:43:39.930  6305  6305 W ResourceType: No known package when getting name for resource number 0xffffffff
11-19 22:43:39.931  6305  6305 W ResourceType: No known package when getting name for resource number 0xffffffff
11-19 22:43:39.933  6305  6305 W ResourceType: No known package when getting name for resource number 0xffffffff
11-19 22:43:39.935  6305  6305 W ResourceType: No known package when getting name for resource number 0xffffffff
11-19 22:43:39.936  6305  6305 W ResourceType: No known package when getting name for resource number 0xffffffff
11-19 22:43:39.938  6305  6305 W ResourceType: No known package when getting name for resource number 0xffffffff
11-19 22:43:39.940  6305  6305 W ResourceType: No known package when getting name for resource number 0xffffffff
11-19 22:43:39.942  6305  6305 W ResourceType: No known package when getting name for resource number 0xffffffff
11-19 22:43:39.943  6305  6305 W ResourceType: No known package when getting name for resource number 0xffffffff
11-19 22:43:39.945  6305  6305 W ResourceType: No known package when getting name for resource number 0xffffffff
11-19 22:43:39.946  6305  6305 W ResourceType: No known package when getting name for resource number 0xffffffff
11-19 22:43:39.948  6305  6305 W ResourceType: No known package when getting name for resource number 0xffffffff
11-19 22:43:39.950  6305  6305 W ResourceType: No known package when getting name for resource number 0xffffffff
11-19 22:43:39.952  6305  6305 W ResourceType: No known package when getting name for resource number 0xffffffff
11-19 22:43:39.953  6305  6305 W ResourceType: No known package when getting name for resource number 0xffffffff
11-19 22:43:39.955  6305  6305 W ResourceType: No known package when getting name for resource number 0xffffffff
11-19 22:43:39.957  6305  6305 W ResourceType: No known package when getting name for resource number 0xffffffff
11-19 22:43:39.959  6305  6305 W ResourceType: No known package when getting name for resource number 0xffffffff
11-19 22:43:39.960  6305  6305 W ResourceType: No known package when getting name for resource number 0xffffffff
11-19 22:43:39.962  6305  6305 W ResourceType: No known package when getting name for resource number 0xffffffff
11-19 22:43:39.963  6305  6305 W ResourceType: No known package when getting name for resource number 0xffffffff
11-19 22:43:39.965  6305  6305 W ResourceType: No known package when getting name for resource number 0xffffffff
11-19 22:43:39.966  6305  6305 W ResourceType: No known package when getting name for resource number 0xffffffff
11-19 22:43:39.967  6305  6305 W ResourceType: No known package when getting name for resource number 0xffffffff
11-19 22:43:39.969  6305  6305 W ResourceType: No known package when getting name for resource number 0xffffffff
11-19 22:43:39.971  6305  6305 W ResourceType: No known package when getting name for resource number 0xffffffff
11-19 22:43:39.972  6305  6305 W ResourceType: No known package when getting name for resource number 0xffffffff
11-19 22:43:39.974  6305  6305 W ResourceType: No known package when getting name for resource number 0xffffffff
11-19 22:43:39.976  6305  6305 W ResourceType: No known package when getting name for resource number 0xffffffff
11-19 22:43:39.977  6305  6305 W ResourceType: No known package when getting name for resource number 0xffffffff
11-19 22:43:39.979  6305  6305 W ResourceType: No known package when getting name for resource number 0xffffffff
11-19 22:43:39.980  6305  6305 W ResourceType: No known package when getting name for resource number 0xffffffff
11-19 22:43:39.982  6305  6305 W ResourceType: No known package when getting name for resource number 0xffffffff
11-19 22:43:39.984  6305  6305 W ResourceType: No known package when getting name for resource number 0xffffffff
11-19 22:43:39.986  6305  6305 W ResourceType: No known package when getting name for resource number 0xffffffff
11-19 22:43:39.987  6305  6305 W ResourceType: No known package when getting name for resource number 0xffffffff
11-19 22:43:39.989  6305  6305 W ResourceType: No known package when getting name for resource number 0xffffffff
11-19 22:43:39.991  6305  6305 W ResourceType: No known package when getting name for resource number 0xffffffff
11-19 22:43:39.992  6305  6305 W ResourceType: No known package when getting name for resource number 0xffffffff
11-19 22:43:39.994  6305  6305 W ResourceType: No known package when getting name for resource number 0xffffffff
11-19 22:43:39.995  6305  6305 W ResourceType: No known package when getting name for resource number 0xffffffff
11-19 22:43:39.997  6305  6305 W ResourceType: No known package when getting name for resource number 0xffffffff
11-19 22:43:39.999  6305  6305 W ResourceType: No known package when getting name for resource number 0xffffffff
11-19 22:43:40.000  6305  6305 W ResourceType: No known package when getting name for resource number 0xffffffff
11-19 22:43:40.002  6305  6305 W ResourceType: No known package when getting name for resource number 0xffffffff
11-19 22:43:40.004  6305  6305 W ResourceType: No known package when getting name for resource number 0xffffffff
11-19 22:43:40.005  6305  6305 W ResourceType: No known package when getting name for resource number 0xffffffff
11-19 22:43:40.009  6305  6305 W ResourceType: No known package when getting name for resource number 0xffffffff
11-19 22:43:40.015  6305  6305 W ResourceType: No known package when getting name for resource number 0xffffffff
11-19 22:43:40.017  6305  6305 W ResourceType: No known package when getting name for resource number 0xffffffff
11-19 22:43:40.018  6305  6305 W ResourceType: No known package when getting name for resource number 0xffffffff
11-19 22:43:40.020  6305  6305 W ResourceType: No known package when getting name for resource number 0xffffffff
11-19 22:43:40.021  6305  6305 W ResourceType: No known package when getting name for resource number 0xffffffff
11-19 22:43:40.023  6305  6305 W ResourceType: No known package when getting name for resource number 0xffffffff
11-19 22:43:40.023  6305  6305 W ResourceType: No known package when getting name for resource number 0xffffffff
11-19 22:43:40.024  6305  6305 W ResourceType: No known package when getting name for resource number 0xffffffff
11-19 22:43:40.025  6305  6305 W ResourceType: No known package when getting name for resource number 0xffffffff
11-19 22:43:40.026  6305  6305 W ResourceType: No known package when getting name for resource number 0xffffffff
11-19 22:43:40.027  6305  6305 W ResourceType: No known package when getting name for resource number 0xffffffff
11-19 22:43:40.028  6305  6305 W ResourceType: No known package when getting name for resource number 0xffffffff
11-19 22:43:40.029  6305  6305 W ResourceType: No known package when getting name for resource number 0xffffffff
11-19 22:43:40.030  6305  6305 W ResourceType: No known package when getting name for resource number 0xffffffff
11-19 22:43:40.032  6305  6305 W ResourceType: No known package when getting name for resource number 0xffffffff
11-19 22:43:40.039  6305  6305 W ResourceType: No known package when getting name for resource number 0xffffffff
11-19 22:43:40.040  6305  6305 W ResourceType: No known package when getting name for resource number 0xffffffff
11-19 22:43:40.040  6305  6305 W ResourceType: No known package when getting name for resource number 0xffffffff
11-19 22:43:40.041  6305  6305 W ResourceType: No known package when getting name for resource number 0xffffffff
11-19 22:43:40.043  6305  6305 W ResourceType: No known package when getting name for resource number 0xffffffff
11-19 22:43:40.044  6305  6305 W ResourceType: No known package when getting name for resource number 0xffffffff
11-19 22:43:40.045  6305  6305 W ResourceType: No known package when getting name for resource number 0xffffffff
11-19 22:43:40.047  6305  6305 W ResourceType: No known package when getting name for resource number 0xffffffff
11-19 22:43:40.051  6305  6305 W ResourceType: No known package when getting name for resource number 0xffffffff
11-19 22:43:40.052  6305  6305 W ResourceType: No package identifier when getting name for resource number 0x00000000
11-19 22:43:40.053  6305  6305 W ResourceType: No known package when getting name for resource number 0xffffffff
11-19 22:43:40.055  6305  6305 W ResourceType: No package identifier when getting name for resource number 0x00000004
11-19 22:43:40.057  6305  6305 W ResourceType: No known package when getting name for resource number 0xffffffff
11-19 22:43:40.059  6305  6305 W ResourceType: No known package when getting name for resource number 0x77359401
11-19 22:43:40.060  6305  6305 W ResourceType: No package identifier when getting name for resource number 0x00000001
11-19 22:43:40.062  6305  6305 W ResourceType: No known package when getting name for resource number 0xffffffff
11-19 22:43:40.064  6305  6305 W ResourceType: No package identifier when getting name for resource number 0x00000002
11-19 22:43:40.065  6305  6305 W ResourceType: No known package when getting name for resource number 0xffffffff
11-19 22:43:40.068  6305  6305 W ResourceType: No package identifier when getting name for resource number 0x00000003
11-19 22:43:40.069  6305  6305 W ResourceType: No known package when getting name for resource number 0xffffffff
11-19 22:43:40.071  6305  6305 W ResourceType: No package identifier when getting name for resource number 0x00000009
11-19 22:43:40.073  6305  6305 W ResourceType: No known package when getting name for resource number 0xffffffff
11-19 22:43:40.075  6305  6305 W ResourceType: No package identifier when getting name for resource number 0x00000008
11-19 22:43:40.076  6305  6305 W ResourceType: No known package when getting name for resource number 0xffffffff
11-19 22:43:40.079  6305  6305 W ResourceType: No known package when getting name for resource number 0x77359402
11-19 22:43:40.080  6305  6305 W ResourceType: No package identifier when getting name for resource number 0x00000005
11-19 22:43:40.081  6305  6305 W ResourceType: No known package when getting name for resource number 0xffffffff
11-19 22:43:40.084  6305  6305 W ResourceType: No package identifier when getting name for resource number 0x00000006
11-19 22:43:40.085  6305  6305 W ResourceType: No known package when getting name for resource number 0xffffffff
11-19 22:43:40.088  6305  6305 W ResourceType: No known package when getting name for resource number 0x77359403
11-19 22:43:40.089  6305  6305 W ResourceType: No package identifier when getting name for resource number 0x0000000a
11-19 22:43:40.090  6305  6305 W ResourceType: No known package when getting name for resource number 0xffffffff
11-19 22:43:40.099  6305  6305 D HomePagerActivity: OnExpand
11-19 22:43:40.342  6305  6347 I System.out: URI: //gesture
11-19 22:43:40.342  6305  6347 I System.out: params: {json={"query_timeout":5.0,"gestures":[{"query_string":"* marked:'Medicines'","touches":[{"x":50,"y":50,"offset_x":0,"offset_y":0,"wait":0.0,"time":0.2,"release":true,"query_string":null}]}]}
11-19 22:43:40.342  6305  6347 I System.out: }
11-19 22:43:40.394  6305  6305 W ResourceType: No known package when getting name for resource number 0xffffffff
11-19 22:43:40.395  6305  6305 W ResourceType: No known package when getting name for resource number 0xffffffff
11-19 22:43:40.396  6305  6305 W ResourceType: No known package when getting name for resource number 0xffffffff
11-19 22:43:40.399  6305  6305 W ResourceType: No known package when getting name for resource number 0xffffffff
11-19 22:43:40.405  6305  6305 W ResourceType: No known package when getting name for resource number 0xffffffff
11-19 22:43:40.408  6305  6305 W ResourceType: No known package when getting name for resource number 0xffffffff
11-19 22:43:40.408  6305  6305 W ResourceType: No known package when getting name for resource number 0xffffffff
11-19 22:43:40.410  6305  6305 W ResourceType: No known package when getting name for resource number 0xffffffff
11-19 22:43:40.410  6305  6305 W ResourceType: No known package when getting name for resource number 0xffffffff
11-19 22:43:40.411  6305  6305 W ResourceType: No known package when getting name for resource number 0xffffffff
11-19 22:43:40.411  6305  6305 W ResourceType: No known package when getting name for resource number 0xffffffff
11-19 22:43:40.412  6305  6305 W ResourceType: No known package when getting name for resource number 0xffffffff
11-19 22:43:40.412  6305  6305 W ResourceType: No known package when getting name for resource number 0xffffffff
11-19 22:43:40.413  6305  6305 W ResourceType: No known package when getting name for resource number 0xffffffff
11-19 22:43:40.413  6305  6305 W ResourceType: No known package when getting name for resource number 0xffffffff
11-19 22:43:40.414  6305  6305 W ResourceType: No known package when getting name for resource number 0xffffffff
11-19 22:43:40.414  6305  6305 W ResourceType: No known package when getting name for resource number 0xffffffff
11-19 22:43:40.415  6305  6305 W ResourceType: No known package when getting name for resource number 0xffffffff
11-19 22:43:40.415  6305  6305 W ResourceType: No known package when getting name for resource number 0xffffffff
11-19 22:43:40.416  6305  6305 W ResourceType: No known package when getting name for resource number 0xffffffff
11-19 22:43:40.417  6305  6305 W ResourceType: No known package when getting name for resource number 0xffffffff
11-19 22:43:40.419  6305  6305 W ResourceType: No known package when getting name for resource number 0xffffffff
11-19 22:43:40.421  6305  6305 W ResourceType: No known package when getting name for resource number 0xffffffff
11-19 22:43:40.422  6305  6305 W ResourceType: No known package when getting name for resource number 0xffffffff
11-19 22:43:40.423  6305  6305 W ResourceType: No known package when getting name for resource number 0xffffffff
11-19 22:43:40.424  6305  6305 W ResourceType: No known package when getting name for resource number 0xffffffff
11-19 22:43:40.426  6305  6305 W ResourceType: No known package when getting name for resource number 0xffffffff
11-19 22:43:40.427  6305  6305 W ResourceType: No known package when getting name for resource number 0xffffffff
11-19 22:43:40.429  6305  6305 W ResourceType: No known package when getting name for resource number 0xffffffff
11-19 22:43:40.430  6305  6305 W ResourceType: No known package when getting name for resource number 0xffffffff
11-19 22:43:40.432  6305  6305 W ResourceType: No known package when getting name for resource number 0xffffffff
11-19 22:43:40.434  6305  6305 W ResourceType: No known package when getting name for resource number 0xffffffff
11-19 22:43:40.436  6305  6305 W ResourceType: No known package when getting name for resource number 0xffffffff
11-19 22:43:40.438  6305  6305 W ResourceType: No known package when getting name for resource number 0xffffffff
11-19 22:43:40.440  6305  6305 W ResourceType: No known package when getting name for resource number 0xffffffff
11-19 22:43:40.442  6305  6305 W ResourceType: No known package when getting name for resource number 0xffffffff
11-19 22:43:40.443  6305  6305 W ResourceType: No known package when getting name for resource number 0xffffffff
11-19 22:43:40.445  6305  6305 W ResourceType: No known package when getting name for resource number 0xffffffff
11-19 22:43:40.446  6305  6305 W ResourceType: No known package when getting name for resource number 0xffffffff
11-19 22:43:40.448  6305  6305 W ResourceType: No known package when getting name for resource number 0xffffffff
11-19 22:43:40.450  6305  6305 W ResourceType: No known package when getting name for resource number 0xffffffff
11-19 22:43:40.451  6305  6305 W ResourceType: No known package when getting name for resource number 0xffffffff
11-19 22:43:40.453  6305  6305 W ResourceType: No known package when getting name for resource number 0xffffffff
11-19 22:43:40.454  6305  6305 W ResourceType: No known package when getting name for resource number 0xffffffff
11-19 22:43:40.456  6305  6305 W ResourceType: No known package when getting name for resource number 0xffffffff
11-19 22:43:40.457  6305  6305 W ResourceType: No known package when getting name for resource number 0xffffffff
11-19 22:43:40.459  6305  6305 W ResourceType: No known package when getting name for resource number 0xffffffff
11-19 22:43:40.461  6305  6305 W ResourceType: No known package when getting name for resource number 0xffffffff
11-19 22:43:40.463  6305  6305 W ResourceType: No known package when getting name for resource number 0xffffffff
11-19 22:43:40.465  6305  6305 W ResourceType: No known package when getting name for resource number 0xffffffff
11-19 22:43:40.466  6305  6305 W ResourceType: No known package when getting name for resource number 0xffffffff
11-19 22:43:40.466  6305  6305 W ResourceType: No known package when getting name for resource number 0xffffffff
11-19 22:43:40.468  6305  6305 W ResourceType: No known package when getting name for resource number 0xffffffff
11-19 22:43:40.470  6305  6305 W ResourceType: No known package when getting name for resource number 0xffffffff
11-19 22:43:40.471  6305  6305 W ResourceType: No known package when getting name for resource number 0xffffffff
11-19 22:43:40.473  6305  6305 W ResourceType: No known package when getting name for resource number 0xffffffff
11-19 22:43:40.474  6305  6305 W ResourceType: No known package when getting name for resource number 0xffffffff
11-19 22:43:40.476  6305  6305 W ResourceType: No known package when getting name for resource number 0xffffffff
11-19 22:43:40.478  6305  6305 W ResourceType: No known package when getting name for resource number 0xffffffff
11-19 22:43:40.479  6305  6305 W ResourceType: No known package when getting name for resource number 0xffffffff
11-19 22:43:40.481  6305  6305 W ResourceType: No known package when getting name for resource number 0xffffffff
