11-19 22:43:43.846  6305  6305 W ResourceType: No known package when getting name for resource number 0xffffffff
11-19 22:43:43.846  6305  6305 W ResourceType: No known package when getting name for resource number 0xffffffff
11-19 22:43:43.848  6305  6305 W ResourceType: No known package when getting name for resource number 0xffffffff
11-19 22:43:43.849  6305  6305 W ResourceType: No known package when getting name for resource number 0xffffffff
11-19 22:43:43.850  6305  6305 W ResourceType: No known package when getting name for resource number 0xffffffff
11-19 22:43:43.851  6305  6305 W ResourceType: No known package when getting name for resource number 0xffffffff
11-19 22:43:43.852  6305  6305 W ResourceType: No known package when getting name for resource number 0xffffffff
11-19 22:43:43.857  6305  6305 W ResourceType: No known package when getting name for resource number 0xffffffff
11-19 22:43:43.858  6305  6305 W ResourceType: No known package when getting name for resource number 0xffffffff
11-19 22:43:43.859  6305  6305 W ResourceType: No known package when getting name for resource number 0xffffffff
11-19 22:43:43.860  6305  6305 W ResourceType: No known package when getting name for resource number 0xffffffff
11-19 22:43:43.861  6305  6305 W ResourceType: No known package when getting name for resource number 0xffffffff
11-19 22:43:43.863  6305  6305 W ResourceType: No known package when getting name for resource number 0xffffffff
11-19 22:43:43.865  6305  6305 W ResourceType: No known package when getting name for resource number 0xffffffff
11-19 22:43:43.870  6305  6305 W ResourceType: No known package when getting name for resource number 0xffffffff
11-19 22:43:43.870  6305  6305 W ResourceType: No known package when getting name for resource number 0xffffffff
11-19 22:43:43.871  6305  6305 W ResourceType: No known package when getting name for resource number 0xffffffff
11-19 22:43:43.871  6305  6305 W ResourceType: No known package when getting name for resource number 0xffffffff
11-19 22:43:43.874  6305  6305 W ResourceType: No known package when getting name for resource number 0xffffffff
11-19 22:43:43.874  6305  6305 W ResourceType: No known package when getting name for resource number 0xffffffff
11-19 22:43:43.874  6305  6305 W ResourceType: No known package when getting name for resource number 0xffffffff
11-19 22:43:43.876  6305  6305 W ResourceType: No known package when getting name for resource number 0xffffffff
11-19 22:43:43.879  6305  6305 W ResourceType: No known package when getting name for resource number 0xffffffff
11-19 22:43:43.880  6305  6305 W ResourceType: No package identifier when getting name for resource number 0x00000000
11-19 22:43:43.880  6305  6305 W ResourceType: No known package when getting name for resource number 0xffffffff
11-19 22:43:43.882  6305  6305 W ResourceType: No package identifier when getting name for resource number 0x00000004
11-19 22:43:43.884  6305  6305 W ResourceType: No known package when getting name for resource number 0xffffffff
11-19 22:43:43.886  6305  6305 W ResourceType: No known package when getting name for resource number 0x77359401
11-19 22:43:43.887  6305  6305 W ResourceType: No package identifier when getting name for resource number 0x00000001
11-19 22:43:43.887  6305  6305 W ResourceType: No known package when getting name for resource number 0xffffffff
11-19 22:43:43.889  6305  6305 W ResourceType: No package identifier when getting name for resource number 0x00000002
11-19 22:43:43.890  6305  6305 W ResourceType: No known package when getting name for resource number 0xffffffff
11-19 22:43:43.892  6305  6305 W ResourceType: No package identifier when getting name for resource number 0x00000003
11-19 22:43:43.893  6305  6305 W ResourceType: No known package when getting name for resource number 0xffffffff
11-19 22:43:43.895  6305  6305 W ResourceType: No package identifier when getting name for resource number 0x00000009
11-19 22:43:43.896  6305  6305 W ResourceType: No known package when getting name for resource number 0xffffffff
11-19 22:43:43.898  6305  6305 W ResourceType: No package identifier when getting name for resource number 0x00000008
11-19 22:43:43.899  6305  6305 W ResourceType: No known package when getting name for resource number 0xffffffff
11-19 22:43:43.901  6305  6305 W ResourceType: No known package when getting name for resource number 0x77359402
11-19 22:43:43.902  6305  6305 W ResourceType: No package identifier when getting name for resource number 0x00000005
11-19 22:43:43.903  6305  6305 W ResourceType: No known package when getting name for resource number 0xffffffff
11-19 22:43:43.905  6305  6305 W ResourceType: No package identifier when getting name for resource number 0x00000006
11-19 22:43:43.906  6305  6305 W ResourceType: No known package when getting name for resource number 0xffffffff
11-19 22:43:43.908  6305  6305 W ResourceType: No known package when getting name for resource number 0x77359403
11-19 22:43:43.909  6305  6305 W ResourceType: No package identifier when getting name for resource number 0x0000000a
11-19 22:43:43.910  6305  6305 W ResourceType: No known package when getting name for resource number 0xffffffff
11-19 22:43:44.021  6305  6305 D AlarmReceiver.class: Received alarm: 2
11-19 22:43:44.023  2320  2356 W Finsky  : [134] com.google.android.finsky.FinskyApp.i(1468): No account configured on this device.
11-19 22:43:44.024  6305  6354 D AlarmIntentService: Service started
11-19 22:43:44.024  6305  6354 D AlarmIntentService: Alarm received: AlarmIntentParams{action=2, routineId=-1, scheduleId=-1, scheduleTime='', date=''}
11-19 22:43:44.024  6305  6354 D AlarmIntentService: Received daily alarm
11-19 22:43:44.025  6305  6354 D es.usc.citius.servando.calendula.scheduling.DailyAgenda: Setup daily agenda. Last updated: 19/11 - 22:43
11-19 22:43:44.025  6305  6354 D es.usc.citius.servando.calendula.scheduling.DailyAgenda: No need to update daily schedule (0 items found for today)
11-19 22:43:44.025  2320  2356 I Finsky  : [134] com.google.android.finsky.c.e.run(1151): Replicating app states via AMAS.
11-19 22:43:44.076  2320  2356 I Finsky  : [134] com.google.android.finsky.c.c.a(311): Completed 0 account content syncs with 0 successful.
11-19 22:43:44.076  2320  2320 I Finsky  : [1] com.google.android.finsky.services.j.a(149): Installation state replication succeeded.
11-19 22:43:44.615  6305  6336 D EGL_emulation: eglMakeCurrent: 0x93ae26c0: ver 2 0 (tinfo 0xa37e3e10)
11-19 22:43:44.965  6305  6336 D EGL_emulation: eglMakeCurrent: 0x93ae26c0: ver 2 0 (tinfo 0xa37e3e10)
11-19 22:43:45.054  6305  6355 I System.out: URI: //gesture
11-19 22:43:45.054  6305  6355 I System.out: params: {json={"query_timeout":5.0,"gestures":[{"query_string":"* marked:'Cancel'","touches":[{"x":50,"y":50,"offset_x":0,"offset_y":0,"wait":0.0,"time":0.2,"release":true,"query_string":null}]}]}
11-19 22:43:45.054  6305  6355 I System.out: }
11-19 22:43:45.110  6305  6305 W ResourceType: No known package when getting name for resource number 0xffffffff
11-19 22:43:45.111  6305  6305 W ResourceType: No known package when getting name for resource number 0xffffffff
11-19 22:43:45.116  6305  6305 W ResourceType: No known package when getting name for resource number 0xffffffff
11-19 22:43:45.119  6305  6305 W ResourceType: No known package when getting name for resource number 0xffffffff
11-19 22:43:45.121  6305  6305 W ResourceType: No known package when getting name for resource number 0xffffffff
11-19 22:43:45.121  6305  6305 W ResourceType: No known package when getting name for resource number 0xffffffff
11-19 22:43:45.122  6305  6305 W ResourceType: No known package when getting name for resource number 0xffffffff
11-19 22:43:45.124  6305  6305 W ResourceType: No known package when getting name for resource number 0xffffffff
11-19 22:43:45.125  6305  6305 W ResourceType: No known package when getting name for resource number 0xffffffff
11-19 22:43:45.127  6305  6305 W ResourceType: No known package when getting name for resource number 0xffffffff
11-19 22:43:45.128  6305  6305 W ResourceType: No known package when getting name for resource number 0xffffffff
11-19 22:43:45.129  6305  6305 W ResourceType: No known package when getting name for resource number 0xffffffff
11-19 22:43:45.137  6305  6305 W ResourceType: No known package when getting name for resource number 0xffffffff
11-19 22:43:45.137  6305  6305 W ResourceType: No known package when getting name for resource number 0xffffffff
11-19 22:43:45.142  6305  6305 W ResourceType: No known package when getting name for resource number 0xffffffff
11-19 22:43:45.142  6305  6305 W ResourceType: No known package when getting name for resource number 0xffffffff
11-19 22:43:45.143  6305  6305 W ResourceType: No known package when getting name for resource number 0xffffffff
11-19 22:43:45.145  6305  6305 W ResourceType: No known package when getting name for resource number 0xffffffff
11-19 22:43:45.151  6305  6305 W ResourceType: No known package when getting name for resource number 0xffffffff
11-19 22:43:45.153  6305  6305 W ResourceType: No known package when getting name for resource number 0xffffffff
11-19 22:43:45.153  6305  6305 W ResourceType: No known package when getting name for resource number 0xffffffff
11-19 22:43:45.154  6305  6305 W ResourceType: No known package when getting name for resource number 0xffffffff
11-19 22:43:45.154  6305  6305 W ResourceType: No known package when getting name for resource number 0xffffffff
11-19 22:43:45.155  6305  6305 W ResourceType: No known package when getting name for resource number 0xffffffff
11-19 22:43:45.155  6305  6305 W ResourceType: No known package when getting name for resource number 0xffffffff
11-19 22:43:45.156  6305  6305 W ResourceType: No known package when getting name for resource number 0xffffffff
11-19 22:43:45.156  6305  6305 W ResourceType: No known package when getting name for resource number 0xffffffff
11-19 22:43:45.156  6305  6305 W ResourceType: No known package when getting name for resource number 0xffffffff
11-19 22:43:45.157  6305  6305 W ResourceType: No known package when getting name for resource number 0xffffffff
11-19 22:43:45.157  6305  6305 W ResourceType: No known package when getting name for resource number 0xffffffff
11-19 22:43:45.157  6305  6305 W ResourceType: No known package when getting name for resource number 0xffffffff
11-19 22:43:45.158  6305  6305 W ResourceType: No known package when getting name for resource number 0xffffffff
11-19 22:43:45.158  6305  6305 W ResourceType: No known package when getting name for resource number 0xffffffff
11-19 22:43:45.158  6305  6305 W ResourceType: No known package when getting name for resource number 0xffffffff
11-19 22:43:45.159  6305  6305 W ResourceType: No known package when getting name for resource number 0xffffffff
11-19 22:43:45.161  6305  6305 W ResourceType: No known package when getting name for resource number 0xffffffff
11-19 22:43:45.162  6305  6305 W ResourceType: No known package when getting name for resource number 0xffffffff
11-19 22:43:45.163  6305  6305 W ResourceType: No known package when getting name for resource number 0xffffffff
11-19 22:43:45.164  6305  6305 W ResourceType: No known package when getting name for resource number 0xffffffff
11-19 22:43:45.165  6305  6305 W ResourceType: No known package when getting name for resource number 0xffffffff
11-19 22:43:45.166  6305  6305 W ResourceType: No known package when getting name for resource number 0xffffffff
11-19 22:43:45.168  6305  6305 W ResourceType: No known package when getting name for resource number 0xffffffff
11-19 22:43:45.169  6305  6305 W ResourceType: No known package when getting name for resource number 0xffffffff
11-19 22:43:45.170  6305  6305 W ResourceType: No known package when getting name for resource number 0xffffffff
11-19 22:43:45.172  6305  6305 W ResourceType: No known package when getting name for resource number 0xffffffff
11-19 22:43:45.173  6305  6305 W ResourceType: No known package when getting name for resource number 0xffffffff
11-19 22:43:45.175  6305  6305 W ResourceType: No known package when getting name for resource number 0xffffffff
11-19 22:43:45.176  6305  6305 W ResourceType: No known package when getting name for resource number 0xffffffff
11-19 22:43:45.177  6305  6305 W ResourceType: No known package when getting name for resource number 0xffffffff
11-19 22:43:45.178  6305  6305 W ResourceType: No known package when getting name for resource number 0xffffffff
11-19 22:43:45.180  6305  6305 W ResourceType: No known package when getting name for resource number 0xffffffff
11-19 22:43:45.181  6305  6305 W ResourceType: No known package when getting name for resource number 0xffffffff
11-19 22:43:45.183  6305  6305 W ResourceType: No known package when getting name for resource number 0xffffffff
11-19 22:43:45.184  6305  6305 W ResourceType: No known package when getting name for resource number 0xffffffff
11-19 22:43:45.185  6305  6305 W ResourceType: No known package when getting name for resource number 0xffffffff
11-19 22:43:45.187  6305  6305 W ResourceType: No known package when getting name for resource number 0xffffffff
11-19 22:43:45.188  6305  6305 W ResourceType: No known package when getting name for resource number 0xffffffff
11-19 22:43:45.189  6305  6305 W ResourceType: No known package when getting name for resource number 0xffffffff
11-19 22:43:45.191  6305  6305 W ResourceType: No known package when getting name for resource number 0xffffffff
11-19 22:43:45.192  6305  6305 W ResourceType: No known package when getting name for resource number 0xffffffff
11-19 22:43:45.194  6305  6305 W ResourceType: No known package when getting name for resource number 0xffffffff
11-19 22:43:45.195  6305  6305 W ResourceType: No known package when getting name for resource number 0xffffffff
11-19 22:43:45.196  6305  6305 W ResourceType: No known package when getting name for resource number 0xffffffff
11-19 22:43:45.198  6305  6305 W ResourceType: No known package when getting name for resource number 0xffffffff
11-19 22:43:45.198  6305  6305 W ResourceType: No known package when getting name for resource number 0xffffffff
11-19 22:43:45.199  6305  6305 W ResourceType: No known package when getting name for resource number 0xffffffff
11-19 22:43:45.200  6305  6305 W ResourceType: No known package when getting name for resource number 0xffffffff
11-19 22:43:45.202  6305  6305 W ResourceType: No known package when getting name for resource number 0xffffffff
11-19 22:43:45.203  6305  6305 W ResourceType: No known package when getting name for resource number 0xffffffff
11-19 22:43:45.204  6305  6305 W ResourceType: No known package when getting name for resource number 0xffffffff
11-19 22:43:45.206  6305  6305 W ResourceType: No known package when getting name for resource number 0xffffffff
11-19 22:43:45.207  6305  6305 W ResourceType: No known package when getting name for resource number 0xffffffff
11-19 22:43:45.208  6305  6305 W ResourceType: No known package when getting name for resource number 0xffffffff
11-19 22:43:45.210  6305  6305 W ResourceType: No known package when getting name for resource number 0xffffffff
11-19 22:43:45.211  6305  6305 W ResourceType: No known package when getting name for resource number 0xffffffff
11-19 22:43:45.212  6305  6305 W ResourceType: No known package when getting name for resource number 0xffffffff
11-19 22:43:45.214  6305  6305 W ResourceType: No known package when getting name for resource number 0xffffffff
11-19 22:43:45.215  6305  6305 W ResourceType: No known package when getting name for resource number 0xffffffff
11-19 22:43:45.216  6305  6305 W ResourceType: No known package when getting name for resource number 0xffffffff
11-19 22:43:45.218  6305  6305 W ResourceType: No known package when getting name for resource number 0xffffffff
11-19 22:43:45.219  6305  6305 W ResourceType: No known package when getting name for resource number 0xffffffff
11-19 22:43:45.220  6305  6305 W ResourceType: No known package when getting name for resource number 0xffffffff
11-19 22:43:45.222  6305  6305 W ResourceType: No known package when getting name for resource number 0xffffffff
11-19 22:43:45.223  6305  6305 W ResourceType: No known package when getting name for resource number 0xffffffff
11-19 22:43:45.224  6305  6305 W ResourceType: No known package when getting name for resource number 0xffffffff
11-19 22:43:45.226  6305  6305 W ResourceType: No known package when getting name for resource number 0xffffffff
11-19 22:43:45.227  6305  6305 W ResourceType: No known package when getting name for resource number 0xffffffff
11-19 22:43:45.228  6305  6305 W ResourceType: No known package when getting name for resource number 0xffffffff
11-19 22:43:45.230  6305  6305 W ResourceType: No known package when getting name for resource number 0xffffffff
11-19 22:43:45.233  6305  6305 W ResourceType: No known package when getting name for resource number 0xffffffff
11-19 22:43:45.238  6305  6305 W ResourceType: No known package when getting name for resource number 0xffffffff
11-19 22:43:45.239  6305  6305 W ResourceType: No known package when getting name for resource number 0xffffffff
11-19 22:43:45.240  6305  6305 W ResourceType: No known package when getting name for resource number 0xffffffff
11-19 22:43:45.241  6305  6305 W ResourceType: No known package when getting name for resource number 0xffffffff
11-19 22:43:45.242  6305  6305 W ResourceType: No known package when getting name for resource number 0xffffffff
11-19 22:43:45.242  6305  6305 W ResourceType: No known package when getting name for resource number 0xffffffff
11-19 22:43:45.243  6305  6305 W ResourceType: No known package when getting name for resource number 0xffffffff
11-19 22:43:45.244  6305  6305 W ResourceType: No known package when getting name for resource number 0xffffffff
11-19 22:43:45.245  6305  6305 W ResourceType: No known package when getting name for resource number 0xffffffff
11-19 22:43:45.246  6305  6305 W ResourceType: No known package when getting name for resource number 0xffffffff
11-19 22:43:45.246  6305  6305 W ResourceType: No known package when getting name for resource number 0xffffffff
11-19 22:43:45.247  6305  6305 W ResourceType: No known package when getting name for resource number 0xffffffff
11-19 22:43:45.249  6305  6305 W ResourceType: No known package when getting name for resource number 0xffffffff
11-19 22:43:45.250  6305  6305 W ResourceType: No known package when getting name for resource number 0xffffffff
11-19 22:43:45.252  6305  6305 W ResourceType: No known package when getting name for resource number 0xffffffff
11-19 22:43:45.256  6305  6305 W ResourceType: No known package when getting name for resource number 0xffffffff
11-19 22:43:45.256  6305  6305 W ResourceType: No known package when getting name for resource number 0xffffffff
11-19 22:43:45.256  6305  6305 W ResourceType: No known package when getting name for resource number 0xffffffff
11-19 22:43:45.257  6305  6305 W ResourceType: No known package when getting name for resource number 0xffffffff
11-19 22:43:45.259  6305  6305 W ResourceType: No known package when getting name for resource number 0xffffffff
11-19 22:43:45.259  6305  6305 W ResourceType: No known package when getting name for resource number 0xffffffff
11-19 22:43:45.260  6305  6305 W ResourceType: No known package when getting name for resource number 0xffffffff
11-19 22:43:45.261  6305  6305 W ResourceType: No known package when getting name for resource number 0xffffffff
11-19 22:43:45.264  6305  6305 W ResourceType: No known package when getting name for resource number 0xffffffff
11-19 22:43:45.264  6305  6305 W ResourceType: No package identifier when getting name for resource number 0x00000000
11-19 22:43:45.265  6305  6305 W ResourceType: No known package when getting name for resource number 0xffffffff
11-19 22:43:45.266  6305  6305 W ResourceType: No package identifier when getting name for resource number 0x00000004
11-19 22:43:45.267  6305  6305 W ResourceType: No known package when getting name for resource number 0xffffffff
11-19 22:43:45.269  6305  6305 W ResourceType: No known package when getting name for resource number 0x77359401
11-19 22:43:45.270  6305  6305 W ResourceType: No package identifier when getting name for resource number 0x00000001
11-19 22:43:45.271  6305  6305 W ResourceType: No known package when getting name for resource number 0xffffffff
11-19 22:43:45.272  6305  6305 W ResourceType: No package identifier when getting name for resource number 0x00000002
11-19 22:43:45.273  6305  6305 W ResourceType: No known package when getting name for resource number 0xffffffff
11-19 22:43:45.274  6305  6305 W ResourceType: No package identifier when getting name for resource number 0x00000003
11-19 22:43:45.275  6305  6305 W ResourceType: No known package when getting name for resource number 0xffffffff
11-19 22:43:45.277  6305  6305 W ResourceType: No package identifier when getting name for resource number 0x00000009
11-19 22:43:45.278  6305  6305 W ResourceType: No known package when getting name for resource number 0xffffffff
11-19 22:43:45.279  6305  6305 W ResourceType: No package identifier when getting name for resource number 0x00000008
11-19 22:43:45.280  6305  6305 W ResourceType: No known package when getting name for resource number 0xffffffff
11-19 22:43:45.282  6305  6305 W ResourceType: No known package when getting name for resource number 0x77359402
11-19 22:43:45.282  6305  6305 W ResourceType: No package identifier when getting name for resource number 0x00000005
11-19 22:43:45.283  6305  6305 W ResourceType: No known package when getting name for resource number 0xffffffff
11-19 22:43:45.285  6305  6305 W ResourceType: No package identifier when getting name for resource number 0x00000006
11-19 22:43:45.285  6305  6305 W ResourceType: No known package when getting name for resource number 0xffffffff
11-19 22:43:45.287  6305  6305 W ResourceType: No known package when getting name for resource number 0x77359403
11-19 22:43:45.288  6305  6305 W ResourceType: No package identifier when getting name for resource number 0x0000000a
11-19 22:43:45.289  6305  6305 W ResourceType: No known package when getting name for resource number 0xffffffff
11-19 22:43:45.399  6305  6336 D EGL_emulation: eglMakeCurrent: 0x93ae26c0: ver 2 0 (tinfo 0xa37e3e10)
11-19 22:43:45.466  6305  6336 D EGL_emulation: eglMakeCurrent: 0x93ae26c0: ver 2 0 (tinfo 0xa37e3e10)
11-19 22:43:45.474  6305  6336 D EGL_emulation: eglMakeCurrent: 0x93ae26c0: ver 2 0 (tinfo 0xa37e3e10)
11-19 22:43:45.532  6305  6336 D EGL_emulation: eglMakeCurrent: 0x93ae26c0: ver 2 0 (tinfo 0xa37e3e10)
11-19 22:43:45.566  6305  6336 D EGL_emulation: eglMakeCurrent: 0x93ae26c0: ver 2 0 (tinfo 0xa37e3e10)
11-19 22:43:45.731  1588  1608 I WindowManager: Destroying surface Surface(name=es.usc.citius.servando.calendula/es.usc.citius.servando.calendula.activities.MedicinesActivity) called by com.android.server.wm.WindowStateAnimator.destroySurface:2016 com.android.server.wm.WindowStateAnimator.destroySurfaceLocked:882 com.android.server.wm.WindowState.destroyOrSaveSurface:2100 com.android.server.wm.AppWindowToken.destroySurfaces:363 com.android.server.wm.WindowStateAnimator.finishExit:565 com.android.server.wm.WindowStateAnimator.stepAnimationLocked:491 com.android.server.wm.WindowAnimator.updateWindowsLocked:303 com.android.server.wm.WindowAnimator.animateLocked:704 
11-19 22:43:45.748  1308  1308 W SurfaceFlinger: couldn't log to binary event log: overflow.
11-19 22:43:46.544  6305  6356 I System.out: URI: //map
11-19 22:43:46.544  6305  6356 I System.out: params: {json={"query":"android.widget.EditText index:0","operation":{"method_name":"query","arguments":[]}}
11-19 22:43:46.544  6305  6356 I System.out: }
11-19 22:43:47.946  6305  6357 I System.out: URI: //gesture
11-19 22:43:47.946  6305  6357 I System.out: params: {json={"query_timeout":5.0,"gestures":[{"query_string":"android.widget.EditText index:0","touches":[{"x":50,"y":50,"offset_x":0,"offset_y":0,"wait":0.0,"time":0.2,"release":true,"query_string":null}]}]}
11-19 22:43:47.946  6305  6357 I System.out: }
11-19 22:43:48.216  1653  1653 W InputMethodService: Window size has been changed. This may cause jankiness of resizing window: -1 -> -2
11-19 22:43:48.224  1653  1653 I LatinIME: Starting input. Cursor position = 0,0
11-19 22:43:48.272  1667  1817 D EGL_emulation: eglMakeCurrent: 0xa1b73c60: ver 2 0 (tinfo 0xa1b62d30)
11-19 22:43:48.301  1653  3581 D EGL_emulation: eglMakeCurrent: 0xa60855a0: ver 2 0 (tinfo 0xa6083690)
11-19 22:43:48.947  6305  6359 I System.out: URI: //
11-19 22:43:48.947  6305  6359 I System.out: params: {json={"command":"set_selection","arguments":[-1,-1]}
11-19 22:43:48.947  6305  6359 I System.out: }
11-19 22:43:48.947  6305  6359 I System.out: header: {content-type=application/json;charset=utf-8, date=Mon, 20 Nov 2017 03:43:49 GMT, accept=*/*, host=127.0.0.1:34777, content-length=47, user-agent=HTTPClient/1.0 (2.8.3, ruby 2.3.1 (2016-04-26))}
11-19 22:43:48.947  6305  6359 I System.out: params: {json={"command":"set_selection","arguments":[-1,-1]}
11-19 22:43:48.947  6305  6359 I System.out: }
11-19 22:43:48.947  6305  6359 I System.out: ProP json = {"command":"set_selection","arguments":[-1,-1]}
11-19 22:43:48.947  6305  6359 I System.out: files: {}
11-19 22:43:48.947  6305  6359 I System.out: command: {"command":"set_selection","arguments":[-1,-1]}
11-19 22:43:48.949  6305  6359 I InstrumentationBackend: Got command:'Command:'Line:null,set_selection', arguments:'[-1, -1]'
11-19 22:43:48.956  6305  6359 I System.out: result:{"bonusInformation":[],"message":"","success":true}
11-19 22:43:49.672  6305  6363 I System.out: URI: //
11-19 22:43:49.672  6305  6363 I System.out: params: {json={"command":"keyboard_enter_text","arguments":["dolex"]}
11-19 22:43:49.672  6305  6363 I System.out: }
11-19 22:43:49.672  6305  6363 I System.out: header: {content-type=application/json;charset=utf-8, date=Mon, 20 Nov 2017 03:43:50 GMT, accept=*/*, host=127.0.0.1:34777, content-length=55, user-agent=HTTPClient/1.0 (2.8.3, ruby 2.3.1 (2016-04-26))}
11-19 22:43:49.672  6305  6363 I System.out: params: {json={"command":"keyboard_enter_text","arguments":["dolex"]}
11-19 22:43:49.672  6305  6363 I System.out: }
11-19 22:43:49.672  6305  6363 I System.out: ProP json = {"command":"keyboard_enter_text","arguments":["dolex"]}
11-19 22:43:49.672  6305  6363 I System.out: files: {}
11-19 22:43:49.672  6305  6363 I System.out: command: {"command":"keyboard_enter_text","arguments":["dolex"]}
11-19 22:43:49.675  6305  6363 I InstrumentationBackend: Got command:'Command:'Line:null,keyboard_enter_text', arguments:'[dolex]'
11-19 22:43:49.676  6305  6305 E SpannableStringBuilder: SPAN_EXCLUSIVE_EXCLUSIVE spans cannot have a zero length
11-19 22:43:49.676  6305  6305 E SpannableStringBuilder: SPAN_EXCLUSIVE_EXCLUSIVE spans cannot have a zero length
11-19 22:43:49.681  6305  6305 E SpannableStringBuilder: SPAN_EXCLUSIVE_EXCLUSIVE spans cannot have a zero length
11-19 22:43:49.681  6305  6305 E SpannableStringBuilder: SPAN_EXCLUSIVE_EXCLUSIVE spans cannot have a zero length
11-19 22:43:49.689  6305  6363 I System.out: result:{"bonusInformation":[],"message":"","success":true}
11-19 22:43:49.713  6305  6367 I System.out: URI: //
11-19 22:43:49.713  6305  6367 I System.out: params: {json={"command":"press_user_action_button","arguments":[]}
11-19 22:43:49.713  6305  6367 I System.out: }
11-19 22:43:49.713  6305  6367 I System.out: header: {content-type=application/json;charset=utf-8, date=Mon, 20 Nov 2017 03:43:50 GMT, accept=*/*, host=127.0.0.1:34777, content-length=53, user-agent=HTTPClient/1.0 (2.8.3, ruby 2.3.1 (2016-04-26))}
11-19 22:43:49.713  6305  6367 I System.out: params: {json={"command":"press_user_action_button","arguments":[]}
11-19 22:43:49.714  6305  6367 I System.out: }
11-19 22:43:49.714  6305  6367 I System.out: ProP json = {"command":"press_user_action_button","arguments":[]}
11-19 22:43:49.714  6305  6367 I System.out: files: {}
11-19 22:43:49.714  6305  6367 I System.out: command: {"command":"press_user_action_button","arguments":[]}
11-19 22:43:49.716  6305  6367 I InstrumentationBackend: Got command:'Command:'Line:null,press_user_action_button', arguments:'[]'
11-19 22:43:49.717  1653  1653 W InputMethodService: Window size has been changed. This may cause jankiness of resizing window: -1 -> -2
11-19 22:43:49.722  6305  6367 I System.out: result:{"bonusInformation":[],"message":"","success":true}
11-19 22:43:49.726  6305  6368 I System.out: URI: //map
11-19 22:43:49.726  6305  6368 I System.out: params: {json={"query":"* id:'med_presentation_2'","operation":{"method_name":"query","arguments":[]}}
11-19 22:43:49.726  6305  6368 I System.out: }
11-19 22:43:49.733  1653  3581 D EGL_emulation: eglMakeCurrent: 0xa60855a0: ver 2 0 (tinfo 0xa6083690)
11-19 22:43:49.781  6305  6305 W ResourceType: No known package when getting name for resource number 0xffffffff
11-19 22:43:49.782  6305  6305 W ResourceType: No known package when getting name for resource number 0xffffffff
11-19 22:43:49.782  6305  6305 W ResourceType: No known package when getting name for resource number 0xffffffff
11-19 22:43:49.785  6305  6305 W ResourceType: No known package when getting name for resource number 0xffffffff
11-19 22:43:49.785  6305  6305 W ResourceType: No known package when getting name for resource number 0xffffffff
11-19 22:43:49.786  6305  6305 W ResourceType: No known package when getting name for resource number 0xffffffff
11-19 22:43:49.787  6305  6305 W ResourceType: No known package when getting name for resource number 0xffffffff
11-19 22:43:49.787  6305  6305 W ResourceType: No known package when getting name for resource number 0xffffffff
11-19 22:43:49.791  6305  6305 W ResourceType: No known package when getting name for resource number 0xffffffff
11-19 22:43:49.791  6305  6305 W ResourceType: No known package when getting name for resource number 0xffffffff
11-19 22:43:49.793  6305  6305 W ResourceType: No known package when getting name for resource number 0xffffffff
11-19 22:43:49.793  6305  6305 W ResourceType: No known package when getting name for resource number 0xffffffff
11-19 22:43:49.794  6305  6305 W ResourceType: No known package when getting name for resource number 0xffffffff
11-19 22:43:49.795  6305  6305 W ResourceType: No known package when getting name for resource number 0xffffffff
11-19 22:43:49.797  6305  6305 W ResourceType: No known package when getting name for resource number 0xffffffff
11-19 22:43:49.798  6305  6305 W ResourceType: No known package when getting name for resource number 0xffffffff
11-19 22:43:49.799  6305  6305 W ResourceType: No known package when getting name for resource number 0xffffffff
11-19 22:43:49.799  6305  6305 W ResourceType: No known package when getting name for resource number 0xffffffff
11-19 22:43:49.799  6305  6305 W ResourceType: No known package when getting name for resource number 0xffffffff
11-19 22:43:49.800  6305  6305 W ResourceType: No known package when getting name for resource number 0xffffffff
11-19 22:43:49.800  6305  6305 W ResourceType: No known package when getting name for resource number 0xffffffff
11-19 22:43:49.800  6305  6305 W ResourceType: No known package when getting name for resource number 0xffffffff
11-19 22:43:49.800  6305  6305 W ResourceType: No known package when getting name for resource number 0xffffffff
11-19 22:43:49.801  6305  6305 W ResourceType: No known package when getting name for resource number 0xffffffff
11-19 22:43:49.801  6305  6305 W ResourceType: No known package when getting name for resource number 0xffffffff
11-19 22:43:49.801  6305  6305 W ResourceType: No known package when getting name for resource number 0xffffffff
11-19 22:43:49.801  6305  6305 W ResourceType: No known package when getting name for resource number 0xffffffff
11-19 22:43:49.801  6305  6305 W ResourceType: No known package when getting name for resource number 0xffffffff
11-19 22:43:49.802  6305  6305 W ResourceType: No known package when getting name for resource number 0xffffffff
11-19 22:43:49.802  6305  6305 W ResourceType: No known package when getting name for resource number 0xffffffff
11-19 22:43:49.802  6305  6305 W ResourceType: No known package when getting name for resource number 0xffffffff
11-19 22:43:49.803  6305  6305 W ResourceType: No known package when getting name for resource number 0xffffffff
11-19 22:43:49.804  6305  6305 W ResourceType: No known package when getting name for resource number 0xffffffff
11-19 22:43:49.804  6305  6305 W ResourceType: No known package when getting name for resource number 0xffffffff
11-19 22:43:49.805  6305  6305 W ResourceType: No known package when getting name for resource number 0xffffffff
11-19 22:43:49.805  6305  6305 W ResourceType: No known package when getting name for resource number 0xffffffff
11-19 22:43:49.806  6305  6305 W ResourceType: No known package when getting name for resource number 0xffffffff
11-19 22:43:49.808  6305  6305 W ResourceType: No known package when getting name for resource number 0xffffffff
11-19 22:43:49.808  6305  6305 W ResourceType: No known package when getting name for resource number 0xffffffff
11-19 22:43:49.809  6305  6305 W ResourceType: No known package when getting name for resource number 0xffffffff
11-19 22:43:49.810  6305  6305 W ResourceType: No known package when getting name for resource number 0xffffffff
11-19 22:43:49.811  6305  6305 W ResourceType: No known package when getting name for resource number 0xffffffff
11-19 22:43:49.811  6305  6305 W ResourceType: No known package when getting name for resource number 0xffffffff
11-19 22:43:49.812  6305  6305 W ResourceType: No known package when getting name for resource number 0xffffffff
11-19 22:43:49.812  6305  6305 W ResourceType: No known package when getting name for resource number 0xffffffff
11-19 22:43:49.813  6305  6305 W ResourceType: No known package when getting name for resource number 0xffffffff
11-19 22:43:49.813  6305  6305 W ResourceType: No known package when getting name for resource number 0xffffffff
11-19 22:43:49.814  6305  6305 W ResourceType: No known package when getting name for resource number 0xffffffff
11-19 22:43:49.815  6305  6305 W ResourceType: No known package when getting name for resource number 0xffffffff
11-19 22:43:49.816  6305  6305 W ResourceType: No known package when getting name for resource number 0xffffffff
11-19 22:43:49.817  6305  6305 W ResourceType: No known package when getting name for resource number 0xffffffff
11-19 22:43:49.817  6305  6305 W ResourceType: No known package when getting name for resource number 0xffffffff
11-19 22:43:49.818  6305  6305 W ResourceType: No known package when getting name for resource number 0xffffffff
11-19 22:43:49.819  6305  6305 W ResourceType: No known package when getting name for resource number 0xffffffff
11-19 22:43:49.819  6305  6305 W ResourceType: No known package when getting name for resource number 0xffffffff
11-19 22:43:49.820  6305  6305 W ResourceType: No known package when getting name for resource number 0xffffffff
11-19 22:43:49.821  6305  6305 W ResourceType: No known package when getting name for resource number 0xffffffff
11-19 22:43:49.822  6305  6305 W ResourceType: No known package when getting name for resource number 0xffffffff
11-19 22:43:49.822  6305  6305 W ResourceType: No known package when getting name for resource number 0xffffffff
11-19 22:43:49.824  6305  6305 W ResourceType: No known package when getting name for resource number 0xffffffff
11-19 22:43:49.824  6305  6305 W ResourceType: No known package when getting name for resource number 0xffffffff
11-19 22:43:49.825  6305  6305 W ResourceType: No known package when getting name for resource number 0xffffffff
11-19 22:43:49.825  6305  6305 W ResourceType: No known package when getting name for resource number 0xffffffff
11-19 22:43:49.826  6305  6305 W ResourceType: No known package when getting name for resource number 0xffffffff
11-19 22:43:49.826  6305  6305 W ResourceType: No known package when getting name for resource number 0xffffffff
11-19 22:43:49.827  6305  6305 W ResourceType: No known package when getting name for resource number 0xffffffff
11-19 22:43:49.828  6305  6305 W ResourceType: No known package when getting name for resource number 0xffffffff
11-19 22:43:49.828  6305  6305 W ResourceType: No known package when getting name for resource number 0xffffffff
11-19 22:43:49.829  6305  6305 W ResourceType: No known package when getting name for resource number 0xffffffff
11-19 22:43:49.829  6305  6305 W ResourceType: No known package when getting name for resource number 0xffffffff
11-19 22:43:49.830  6305  6305 W ResourceType: No known package when getting name for resource number 0xffffffff
11-19 22:43:49.831  6305  6305 W ResourceType: No known package when getting name for resource number 0xffffffff
11-19 22:43:49.831  6305  6305 W ResourceType: No known package when getting name for resource number 0xffffffff
11-19 22:43:49.832  6305  6305 W ResourceType: No known package when getting name for resource number 0xffffffff
11-19 22:43:49.833  6305  6305 W ResourceType: No known package when getting name for resource number 0xffffffff
11-19 22:43:49.834  6305  6305 W ResourceType: No known package when getting name for resource number 0xffffffff
11-19 22:43:49.835  6305  6305 W ResourceType: No known package when getting name for resource number 0xffffffff
11-19 22:43:49.835  6305  6305 W ResourceType: No known package when getting name for resource number 0xffffffff
11-19 22:43:49.836  6305  6305 W ResourceType: No known package when getting name for resource number 0xffffffff
11-19 22:43:49.837  6305  6305 W ResourceType: No known package when getting name for resource number 0xffffffff
11-19 22:43:49.838  6305  6305 W ResourceType: No known package when getting name for resource number 0xffffffff
11-19 22:43:49.838  6305  6305 W ResourceType: No known package when getting name for resource number 0xffffffff
11-19 22:43:49.839  6305  6305 W ResourceType: No known package when getting name for resource number 0xffffffff
11-19 22:43:49.840  6305  6305 W ResourceType: No known package when getting name for resource number 0xffffffff
11-19 22:43:49.841  6305  6305 W ResourceType: No known package when getting name for resource number 0xffffffff
11-19 22:43:49.843  6305  6305 W ResourceType: No known package when getting name for resource number 0xffffffff
11-19 22:43:49.845  6305  6305 W ResourceType: No known package when getting name for resource number 0xffffffff
11-19 22:43:49.845  6305  6305 W ResourceType: No known package when getting name for resource number 0xffffffff
11-19 22:43:49.846  6305  6305 W ResourceType: No known package when getting name for resource number 0xffffffff
11-19 22:43:49.846  6305  6305 W ResourceType: No known package when getting name for resource number 0xffffffff
11-19 22:43:49.847  6305  6305 W ResourceType: No known package when getting name for resource number 0xffffffff
11-19 22:43:49.847  6305  6305 W ResourceType: No known package when getting name for resource number 0xffffffff
11-19 22:43:49.848  6305  6305 W ResourceType: No known package when getting name for resource number 0xffffffff
11-19 22:43:49.848  6305  6305 W ResourceType: No known package when getting name for resource number 0xffffffff
11-19 22:43:49.849  6305  6305 W ResourceType: No known package when getting name for resource number 0xffffffff
11-19 22:43:49.849  6305  6305 W ResourceType: No known package when getting name for resource number 0xffffffff
11-19 22:43:49.850  6305  6305 W ResourceType: No known package when getting name for resource number 0xffffffff
11-19 22:43:49.850  6305  6305 W ResourceType: No known package when getting name for resource number 0xffffffff
11-19 22:43:49.851  6305  6305 W ResourceType: No known package when getting name for resource number 0xffffffff
11-19 22:43:49.852  6305  6305 W ResourceType: No known package when getting name for resource number 0xffffffff
11-19 22:43:49.852  6305  6305 W ResourceType: No known package when getting name for resource number 0xffffffff
11-19 22:43:49.854  6305  6305 W ResourceType: No known package when getting name for resource number 0xffffffff
11-19 22:43:49.855  6305  6305 W ResourceType: No known package when getting name for resource number 0xffffffff
11-19 22:43:49.855  6305  6305 W ResourceType: No known package when getting name for resource number 0xffffffff
11-19 22:43:49.855  6305  6305 W ResourceType: No known package when getting name for resource number 0xffffffff
11-19 22:43:49.857  6305  6305 W ResourceType: No known package when getting name for resource number 0xffffffff
11-19 22:43:49.857  6305  6305 W ResourceType: No known package when getting name for resource number 0xffffffff
11-19 22:43:49.858  6305  6305 W ResourceType: No known package when getting name for resource number 0xffffffff
11-19 22:43:49.858  6305  6305 W ResourceType: No known package when getting name for resource number 0xffffffff
11-19 22:43:49.859  6305  6305 W ResourceType: No known package when getting name for resource number 0xffffffff
11-19 22:43:49.860  6305  6305 W ResourceType: No package identifier when getting name for resource number 0x00000000
11-19 22:43:49.860  6305  6305 W ResourceType: No known package when getting name for resource number 0xffffffff
11-19 22:43:49.861  6305  6305 W ResourceType: No package identifier when getting name for resource number 0x00000004
11-19 22:43:49.861  6305  6305 W ResourceType: No known package when getting name for resource number 0xffffffff
11-19 22:43:49.862  6305  6305 W ResourceType: No known package when getting name for resource number 0x77359401
11-19 22:43:49.862  6305  6305 W ResourceType: No package identifier when getting name for resource number 0x00000001
11-19 22:43:49.863  6305  6305 W ResourceType: No known package when getting name for resource number 0xffffffff
11-19 22:43:49.863  6305  6305 W ResourceType: No package identifier when getting name for resource number 0x00000002
11-19 22:43:49.864  6305  6305 W ResourceType: No known package when getting name for resource number 0xffffffff
11-19 22:43:49.864  6305  6305 W ResourceType: No package identifier when getting name for resource number 0x00000003
11-19 22:43:49.865  6305  6305 W ResourceType: No known package when getting name for resource number 0xffffffff
11-19 22:43:49.866  6305  6305 W ResourceType: No package identifier when getting name for resource number 0x00000009
11-19 22:43:49.866  6305  6305 W ResourceType: No known package when getting name for resource number 0xffffffff
11-19 22:43:49.867  6305  6305 W ResourceType: No package identifier when getting name for resource number 0x00000008
11-19 22:43:49.868  6305  6305 W ResourceType: No known package when getting name for resource number 0xffffffff
11-19 22:43:49.868  6305  6305 W ResourceType: No known package when getting name for resource number 0x77359402
11-19 22:43:49.869  6305  6305 W ResourceType: No package identifier when getting name for resource number 0x00000005
11-19 22:43:49.869  6305  6305 W ResourceType: No known package when getting name for resource number 0xffffffff
11-19 22:43:49.871  6305  6305 W ResourceType: No package identifier when getting name for resource number 0x00000006
11-19 22:43:49.872  6305  6305 W ResourceType: No known package when getting name for resource number 0xffffffff
11-19 22:43:49.873  6305  6305 W ResourceType: No known package when getting name for resource number 0x77359403
11-19 22:43:49.873  6305  6305 W ResourceType: No package identifier when getting name for resource number 0x0000000a
11-19 22:43:49.873  6305  6305 W ResourceType: No known package when getting name for resource number 0xffffffff
11-19 22:43:49.897  6305  6369 I System.out: URI: //gesture
11-19 22:43:49.897  6305  6369 I System.out: params: {json={"query_timeout":5.0,"gestures":[{"query_string":"* id:'med_presentation_2'","touches":[{"x":50,"y":50,"offset_x":0,"offset_y":0,"wait":0.0,"time":0.2,"release":true,"query_string":null}]}]}
11-19 22:43:49.897  6305  6369 I System.out: }
11-19 22:43:49.915  1588  1608 I WindowManager: Destroying surface Surface(name=InputMethod) called by com.android.server.wm.WindowStateAnimator.destroySurface:2016 com.android.server.wm.WindowStateAnimator.destroySurfaceLocked:882 com.android.server.wm.WindowState.destroyOrSaveSurface:2100 com.android.server.wm.WindowSurfacePlacer.performSurfacePlacementInner:429 com.android.server.wm.WindowSurfacePlacer.performSurfacePlacementLoop:232 com.android.server.wm.WindowSurfacePlacer.performSurfacePlacement:180 com.android.server.wm.WindowManagerService$H.handleMessage:8086 android.os.Handler.dispatchMessage:102 
11-19 22:43:49.940  6305  6305 W ResourceType: No known package when getting name for resource number 0xffffffff
11-19 22:43:49.940  6305  6305 W ResourceType: No known package when getting name for resource number 0xffffffff
11-19 22:43:49.940  6305  6305 W ResourceType: No known package when getting name for resource number 0xffffffff
11-19 22:43:49.941  6305  6305 W ResourceType: No known package when getting name for resource number 0xffffffff
11-19 22:43:49.941  6305  6305 W ResourceType: No known package when getting name for resource number 0xffffffff
11-19 22:43:49.942  6305  6305 W ResourceType: No known package when getting name for resource number 0xffffffff
11-19 22:43:49.942  6305  6305 W ResourceType: No known package when getting name for resource number 0xffffffff
11-19 22:43:49.943  6305  6305 W ResourceType: No known package when getting name for resource number 0xffffffff
11-19 22:43:49.945  6305  6305 W ResourceType: No known package when getting name for resource number 0xffffffff
11-19 22:43:49.946  6305  6305 W ResourceType: No known package when getting name for resource number 0xffffffff
11-19 22:43:49.947  6305  6305 W ResourceType: No known package when getting name for resource number 0xffffffff
11-19 22:43:49.947  6305  6305 W ResourceType: No known package when getting name for resource number 0xffffffff
11-19 22:43:49.948  6305  6305 W ResourceType: No known package when getting name for resource number 0xffffffff
11-19 22:43:49.949  6305  6305 W ResourceType: No known package when getting name for resource number 0xffffffff
11-19 22:43:49.951  6305  6305 W ResourceType: No known package when getting name for resource number 0xffffffff
11-19 22:43:49.952  6305  6305 W ResourceType: No known package when getting name for resource number 0xffffffff
11-19 22:43:49.953  6305  6305 W ResourceType: No known package when getting name for resource number 0xffffffff
11-19 22:43:49.953  6305  6305 W ResourceType: No known package when getting name for resource number 0xffffffff
11-19 22:43:49.954  6305  6305 W ResourceType: No known package when getting name for resource number 0xffffffff
11-19 22:43:49.954  6305  6305 W ResourceType: No known package when getting name for resource number 0xffffffff
11-19 22:43:49.955  6305  6305 W ResourceType: No known package when getting name for resource number 0xffffffff
11-19 22:43:49.955  6305  6305 W ResourceType: No known package when getting name for resource number 0xffffffff
11-19 22:43:49.955  6305  6305 W ResourceType: No known package when getting name for resource number 0xffffffff
11-19 22:43:49.955  6305  6305 W ResourceType: No known package when getting name for resource number 0xffffffff
11-19 22:43:49.955  6305  6305 W ResourceType: No known package when getting name for resource number 0xffffffff
11-19 22:43:49.956  6305  6305 W ResourceType: No known package when getting name for resource number 0xffffffff
11-19 22:43:49.956  6305  6305 W ResourceType: No known package when getting name for resource number 0xffffffff
11-19 22:43:49.956  6305  6305 W ResourceType: No known package when getting name for resource number 0xffffffff
11-19 22:43:49.956  6305  6305 W ResourceType: No known package when getting name for resource number 0xffffffff
11-19 22:43:49.956  6305  6305 W ResourceType: No known package when getting name for resource number 0xffffffff
11-19 22:43:49.957  6305  6305 W ResourceType: No known package when getting name for resource number 0xffffffff
11-19 22:43:49.957  6305  6305 W ResourceType: No known package when getting name for resource number 0xffffffff
11-19 22:43:49.958  6305  6305 W ResourceType: No known package when getting name for resource number 0xffffffff
11-19 22:43:49.958  6305  6305 W ResourceType: No known package when getting name for resource number 0xffffffff
11-19 22:43:49.958  6305  6305 W ResourceType: No known package when getting name for resource number 0xffffffff
11-19 22:43:49.959  6305  6305 W ResourceType: No known package when getting name for resource number 0xffffffff
11-19 22:43:49.959  6305  6305 W ResourceType: No known package when getting name for resource number 0xffffffff
11-19 22:43:49.960  6305  6305 W ResourceType: No known package when getting name for resource number 0xffffffff
11-19 22:43:49.961  6305  6305 W ResourceType: No known package when getting name for resource number 0xffffffff
11-19 22:43:49.961  6305  6305 W ResourceType: No known package when getting name for resource number 0xffffffff
11-19 22:43:49.962  6305  6305 W ResourceType: No known package when getting name for resource number 0xffffffff
11-19 22:43:49.962  6305  6305 W ResourceType: No known package when getting name for resource number 0xffffffff
