11-19 22:45:08.592  6677  6677 I InstrumentationBackend: Added:'GetActivityName', with key:'get_activity_name'
11-19 22:45:08.592  6677  6677 I InstrumentationBackend: Added:'IsCurrentActivityFocused', with key:'is_current_activity_focused'
11-19 22:45:08.592  6677  6677 I InstrumentationBackend: Added:'ScrollToView', with key:'scroll_to_view'
11-19 22:45:08.593  6677  6677 I InstrumentationBackend: Added:'ViewConfiguration', with key:'view_configuration'
11-19 22:45:08.593  6677  6677 I InstrumentationBackend: Added:'DumpBodyHtml', with key:'dump_body_html'
11-19 22:45:08.593  6677  6677 I InstrumentationBackend: Added:'DumpHtml', with key:'dump_html'
11-19 22:45:08.593  6677  6677 I InstrumentationBackend: Added:'EnterTextByCssSelector', with key:'enter_text_by_selector'
11-19 22:45:08.593  6677  6677 I InstrumentationBackend: Added:'GetLoadProgress', with key:'get_load_progress'
11-19 22:45:08.593  6677  6677 I InstrumentationBackend: Added:'GetUrl', with key:'get_url'
11-19 22:45:08.593  6677  6677 I InstrumentationBackend: Added:'ScrollTo', with key:'scroll_to'
11-19 22:45:08.593  6677  6677 I InstrumentationBackend: Added:'SetPropertyByCssSelector', with key:'set_property_by_css_selector'
11-19 22:45:08.594  6677  6677 I calabash: Instantiating http server at 7102
11-19 22:45:08.594  6677  6677 I System.out: HTTP Daemon listening on: 7102
11-19 22:45:08.679  6677  6694 I System.out: URI: //ping
11-19 22:45:08.679  6677  6694 I System.out: params: {json={}
11-19 22:45:08.679  6677  6694 I System.out: }
11-19 22:45:08.685  6677  6695 I System.out: URI: //ping
11-19 22:45:08.686  6677  6695 I System.out: params: {json={}
11-19 22:45:08.686  6677  6695 I System.out: }
11-19 22:45:08.689  6677  6696 I System.out: URI: //ready
11-19 22:45:08.689  6677  6696 I System.out: params: {json={}
11-19 22:45:08.689  6677  6696 I System.out: }
11-19 22:45:08.695  6677  6697 I System.out: URI: //
11-19 22:45:08.696  6677  6697 I System.out: params: {json={"command":"version","arguments":[]}
11-19 22:45:08.696  6677  6697 I System.out: }
11-19 22:45:08.696  6677  6697 I System.out: header: {content-type=application/json;charset=utf-8, date=Mon, 20 Nov 2017 03:45:09 GMT, accept=*/*, host=127.0.0.1:34777, content-length=36, user-agent=HTTPClient/1.0 (2.8.3, ruby 2.3.1 (2016-04-26))}
11-19 22:45:08.696  6677  6697 I System.out: params: {json={"command":"version","arguments":[]}
11-19 22:45:08.696  6677  6697 I System.out: }
11-19 22:45:08.696  6677  6697 I System.out: ProP json = {"command":"version","arguments":[]}
11-19 22:45:08.696  6677  6697 I System.out: files: {}
11-19 22:45:08.696  6677  6697 I System.out: command: {"command":"version","arguments":[]}
11-19 22:45:08.701  6677  6697 I InstrumentationBackend: Got command:'Command:'Line:null,version', arguments:'[]'
11-19 22:45:08.711  6677  6697 I System.out: result:{"bonusInformation":[],"message":"0.9.0","success":true}
11-19 22:45:08.715  6677  6698 I System.out: URI: //start-application
11-19 22:45:08.715  6677  6698 I System.out: params: {json={"intent":null}
11-19 22:45:08.715  6677  6698 I System.out: }
11-19 22:45:08.731  6677  6698 I calabash: execStartActivity 4
11-19 22:45:08.732  1588  5701 I ActivityManager: START u0 {act=android.intent.action.MAIN cat=[android.intent.category.LAUNCHER] flg=0x10200000 cmp=net.alaindonesia.silectric/.MainActivity} from uid 10096 on display 0
11-19 22:45:08.742  6677  6677 I calabash: newActivity1
11-19 22:45:08.746  6677  6699 I calabash: Activity is set in activity waiter. Invoking idle handlers
11-19 22:45:08.751  6677  6677 W art     : Before Android 4.1, method android.graphics.PorterDuffColorFilter android.support.graphics.drawable.VectorDrawableCompat.updateTintFilter(android.graphics.PorterDuffColorFilter, android.content.res.ColorStateList, android.graphics.PorterDuff$Mode) would have incorrectly overridden the package-private method in android.graphics.drawable.Drawable
11-19 22:45:08.773  1308  1313 D gralloc_ranchu: gralloc_alloc: Creating ashmem region of size 8294400
11-19 22:45:08.816  2053  2130 D EGL_emulation: eglMakeCurrent: 0xa37fc6e0: ver 2 0 (tinfo 0xa37f1db0)
11-19 22:45:08.834  6677  6677 I calabash: execStartActivity 4
11-19 22:45:08.837  1588  1930 I ActivityManager: START u0 {cmp=net.alaindonesia.silectric/.OptionsActivity} from uid 10096 on display 0
11-19 22:45:08.899  6677  6677 I calabash: newActivity1
11-19 22:45:09.015  1308  1844 E SurfaceFlinger: ro.sf.lcd_density must be defined as a build property
11-19 22:45:09.019  6677  6677 D         : HostConnection::get() New Host Connection established 0xa1b74300, tid 6677
11-19 22:45:09.021  6677  6677 W         : Unrecognized GLES max version string in extensions: ANDROID_EMU_CHECKSUM_HELPER_v1 ANDROID_EMU_dma_v1 
11-19 22:45:09.052  6677  6703 D         : HostConnection::get() New Host Connection established 0xa1b74a80, tid 6703
11-19 22:45:09.056  6677  6703 W         : Unrecognized GLES max version string in extensions: ANDROID_EMU_CHECKSUM_HELPER_v1 ANDROID_EMU_dma_v1 
11-19 22:45:09.060  6677  6703 I OpenGLRenderer: Initialized EGL, version 1.4
11-19 22:45:09.060  6677  6703 D OpenGLRenderer: Swap behavior 1
11-19 22:45:09.060  6677  6703 W OpenGLRenderer: Failed to choose config with EGL_SWAP_BEHAVIOR_PRESERVED, retrying without...
11-19 22:45:09.060  6677  6703 D OpenGLRenderer: Swap behavior 0
11-19 22:45:09.065  6677  6703 D EGL_emulation: eglCreateContext: 0xa60856c0: maj 2 min 0 rcv 2
11-19 22:45:09.080  6677  6703 D EGL_emulation: eglMakeCurrent: 0xa60856c0: ver 2 0 (tinfo 0xa60836c0)
11-19 22:45:09.090  6677  6703 D EGL_emulation: eglMakeCurrent: 0xa60856c0: ver 2 0 (tinfo 0xa60836c0)
11-19 22:45:09.160  1588  1608 I ActivityManager: Displayed net.alaindonesia.silectric/.OptionsActivity: +266ms (total +420ms)
11-19 22:45:09.348  1588  1608 I WindowManager: Destroying surface Surface(name=Starting net.alaindonesia.silectric) called by com.android.server.wm.WindowStateAnimator.destroySurface:2016 com.android.server.wm.WindowStateAnimator.destroySurfaceLocked:882 com.android.server.wm.WindowState.destroyOrSaveSurface:2100 com.android.server.wm.AppWindowToken.destroySurfaces:363 com.android.server.wm.WindowStateAnimator.finishExit:565 com.android.server.wm.WindowStateAnimator.stepAnimationLocked:491 com.android.server.wm.WindowAnimator.updateWindowsLocked:303 com.android.server.wm.WindowAnimator.animateLocked:704 
11-19 22:45:09.404  2017  2017 I WearableService: Wearable Services stopping
11-19 22:45:09.566  1588  1598 I WindowManager: Destroying surface Surface(name=com.android.launcher3/com.android.launcher3.Launcher) called by com.android.server.wm.WindowStateAnimator.destroySurface:2016 com.android.server.wm.WindowStateAnimator.destroySurfaceLocked:882 com.android.server.wm.WindowState.destroyOrSaveSurface:2100 com.android.server.wm.AppWindowToken.destroySurfaces:363 com.android.server.wm.AppWindowToken.notifyAppStopped:389 com.android.server.wm.WindowManagerService.notifyAppStopped:4463 com.android.server.am.ActivityStack.activityStoppedLocked:1252 com.android.server.am.ActivityManagerService.activityStopped:6903 
11-19 22:45:11.165  6677  6706 I System.out: URI: //gesture
11-19 22:45:11.165  6677  6706 I System.out: params: {json={"query_timeout":5.0,"gestures":[{"query_string":"android.widget.EditText index:0","touches":[{"x":50,"y":50,"offset_x":0,"offset_y":0,"wait":0.0,"time":0.2,"release":true,"query_string":null}]}]}
11-19 22:45:11.165  6677  6706 I System.out: }
11-19 22:45:11.449  1653  1653 W InputMethodService: Window size has been changed. This may cause jankiness of resizing window: -1 -> -2
11-19 22:45:11.473  1653  1653 I LatinIME: Starting input. Cursor position = 0,0
11-19 22:45:11.515  6677  6703 D EGL_emulation: eglMakeCurrent: 0xa60856c0: ver 2 0 (tinfo 0xa60836c0)
11-19 22:45:11.535  6677  6703 D EGL_emulation: eglMakeCurrent: 0xa60856c0: ver 2 0 (tinfo 0xa60836c0)
11-19 22:45:11.549  1667  1817 D EGL_emulation: eglMakeCurrent: 0xa1b73c60: ver 2 0 (tinfo 0xa1b62d30)
11-19 22:45:11.602  1653  3581 D EGL_emulation: eglMakeCurrent: 0xa60855a0: ver 2 0 (tinfo 0xa6083690)
11-19 22:45:13.068  6677  6682 I art     : Do partial code cache collection, code=28KB, data=30KB
11-19 22:45:13.068  6677  6682 I art     : After code cache collection, code=28KB, data=30KB
11-19 22:45:13.068  6677  6682 I art     : Increasing code cache capacity to 128KB
11-19 22:45:13.068  6677  6712 I System.out: URI: //
11-19 22:45:13.068  6677  6712 I System.out: params: {json={"command":"set_selection","arguments":[-1,-1]}
11-19 22:45:13.068  6677  6712 I System.out: }
11-19 22:45:13.068  6677  6712 I System.out: header: {content-type=application/json;charset=utf-8, date=Mon, 20 Nov 2017 03:45:14 GMT, accept=*/*, host=127.0.0.1:34777, content-length=47, user-agent=HTTPClient/1.0 (2.8.3, ruby 2.3.1 (2016-04-26))}
11-19 22:45:13.068  6677  6712 I System.out: params: {json={"command":"set_selection","arguments":[-1,-1]}
11-19 22:45:13.068  6677  6712 I System.out: }
11-19 22:45:13.068  6677  6712 I System.out: ProP json = {"command":"set_selection","arguments":[-1,-1]}
11-19 22:45:13.068  6677  6712 I System.out: files: {}
11-19 22:45:13.068  6677  6712 I System.out: command: {"command":"set_selection","arguments":[-1,-1]}
11-19 22:45:13.070  6677  6712 I InstrumentationBackend: Got command:'Command:'Line:null,set_selection', arguments:'[-1, -1]'
11-19 22:45:13.079  6677  6712 I System.out: result:{"bonusInformation":[],"message":"","success":true}
11-19 22:45:14.569  6677  6713 I System.out: URI: //
11-19 22:45:14.569  6677  6713 I System.out: params: {json={"command":"delete_surrounding_text","arguments":[-1,0]}
11-19 22:45:14.569  6677  6713 I System.out: }
11-19 22:45:14.569  6677  6713 I System.out: header: {content-type=application/json;charset=utf-8, date=Mon, 20 Nov 2017 03:45:15 GMT, accept=*/*, host=127.0.0.1:34777, content-length=56, user-agent=HTTPClient/1.0 (2.8.3, ruby 2.3.1 (2016-04-26))}
11-19 22:45:14.569  6677  6713 I System.out: params: {json={"command":"delete_surrounding_text","arguments":[-1,0]}
11-19 22:45:14.569  6677  6713 I System.out: }
11-19 22:45:14.570  6677  6713 I System.out: ProP json = {"command":"delete_surrounding_text","arguments":[-1,0]}
11-19 22:45:14.570  6677  6713 I System.out: files: {}
11-19 22:45:14.570  6677  6713 I System.out: command: {"command":"delete_surrounding_text","arguments":[-1,0]}
11-19 22:45:14.572  6677  6713 I InstrumentationBackend: Got command:'Command:'Line:null,delete_surrounding_text', arguments:'[-1, 0]'
11-19 22:45:14.573  6677  6677 E SpannableStringBuilder: SPAN_EXCLUSIVE_EXCLUSIVE spans cannot have a zero length
11-19 22:45:14.573  6677  6677 E SpannableStringBuilder: SPAN_EXCLUSIVE_EXCLUSIVE spans cannot have a zero length
11-19 22:45:14.592  6677  6713 I System.out: result:{"bonusInformation":[],"message":"","success":true}
11-19 22:45:14.748  1588  1608 I WindowManager: Destroying surface Surface(name=PopupWindow:3c2ee41) called by com.android.server.wm.WindowStateAnimator.destroySurface:2016 com.android.server.wm.WindowStateAnimator.destroySurfaceLocked:882 com.android.server.wm.WindowState.destroyOrSaveSurface:2100 com.android.server.wm.AppWindowToken.destroySurfaces:363 com.android.server.wm.WindowStateAnimator.finishExit:565 com.android.server.wm.WindowStateAnimator.stepAnimationLocked:491 com.android.server.wm.WindowAnimator.updateWindowsLocked:303 com.android.server.wm.WindowAnimator.animateLocked:704 
11-19 22:45:16.071  6677  6714 I System.out: URI: //map
11-19 22:45:16.071  6677  6714 I System.out: params: {json={"query":"android.widget.EditText index:0","operation":{"method_name":"query","arguments":[]}}
11-19 22:45:16.071  6677  6714 I System.out: }
11-19 22:45:17.472  6677  6715 I System.out: URI: //gesture
11-19 22:45:17.473  6677  6715 I System.out: params: {json={"query_timeout":5.0,"gestures":[{"query_string":"android.widget.EditText index:0","touches":[{"x":50,"y":50,"offset_x":0,"offset_y":0,"wait":0.0,"time":0.2,"release":true,"query_string":null}]}]}
11-19 22:45:17.473  6677  6715 I System.out: }
11-19 22:45:19.375  6677  6716 I System.out: URI: //
11-19 22:45:19.375  6677  6716 I System.out: params: {json={"command":"set_selection","arguments":[-1,-1]}
11-19 22:45:19.375  6677  6716 I System.out: }
11-19 22:45:19.375  6677  6716 I System.out: header: {content-type=application/json;charset=utf-8, date=Mon, 20 Nov 2017 03:45:20 GMT, accept=*/*, host=127.0.0.1:34777, content-length=47, user-agent=HTTPClient/1.0 (2.8.3, ruby 2.3.1 (2016-04-26))}
11-19 22:45:19.375  6677  6716 I System.out: params: {json={"command":"set_selection","arguments":[-1,-1]}
11-19 22:45:19.375  6677  6716 I System.out: }
11-19 22:45:19.375  6677  6716 I System.out: ProP json = {"command":"set_selection","arguments":[-1,-1]}
11-19 22:45:19.375  6677  6716 I System.out: files: {}
11-19 22:45:19.375  6677  6716 I System.out: command: {"command":"set_selection","arguments":[-1,-1]}
11-19 22:45:19.378  6677  6716 I InstrumentationBackend: Got command:'Command:'Line:null,set_selection', arguments:'[-1, -1]'
11-19 22:45:19.390  6677  6716 I System.out: result:{"bonusInformation":[],"message":"","success":true}
11-19 22:45:20.976  6677  6721 I System.out: URI: //
11-19 22:45:20.976  6677  6721 I System.out: params: {json={"command":"keyboard_enter_text","arguments":["99999999999999999999999999999999999999999999999999999"]}
11-19 22:45:20.976  6677  6721 I System.out: }
11-19 22:45:20.976  6677  6721 I System.out: header: {content-type=application/json;charset=utf-8, date=Mon, 20 Nov 2017 03:45:21 GMT, accept=*/*, host=127.0.0.1:34777, content-length=103, user-agent=HTTPClient/1.0 (2.8.3, ruby 2.3.1 (2016-04-26))}
11-19 22:45:20.976  6677  6721 I System.out: params: {json={"command":"keyboard_enter_text","arguments":["99999999999999999999999999999999999999999999999999999"]}
11-19 22:45:20.976  6677  6721 I System.out: }
11-19 22:45:20.976  6677  6721 I System.out: ProP json = {"command":"keyboard_enter_text","arguments":["99999999999999999999999999999999999999999999999999999"]}
11-19 22:45:20.977  6677  6721 I System.out: files: {}
11-19 22:45:20.977  6677  6721 I System.out: command: {"command":"keyboard_enter_text","arguments":["99999999999999999999999999999999999999999999999999999"]}
11-19 22:45:20.979  6677  6721 I InstrumentationBackend: Got command:'Command:'Line:null,keyboard_enter_text', arguments:'[99999999999999999999999999999999999999999999999999999]'
11-19 22:45:20.979  6677  6677 E SpannableStringBuilder: SPAN_EXCLUSIVE_EXCLUSIVE spans cannot have a zero length
11-19 22:45:20.979  6677  6677 E SpannableStringBuilder: SPAN_EXCLUSIVE_EXCLUSIVE spans cannot have a zero length
11-19 22:45:21.011  6677  6677 E SpannableStringBuilder: SPAN_EXCLUSIVE_EXCLUSIVE spans cannot have a zero length
11-19 22:45:21.011  6677  6677 E SpannableStringBuilder: SPAN_EXCLUSIVE_EXCLUSIVE spans cannot have a zero length
11-19 22:45:21.035  6677  6721 I System.out: result:{"bonusInformation":[],"message":"","success":true}
11-19 22:45:21.395  2320  2356 W Finsky  : [134] com.google.android.finsky.FinskyApp.i(1468): No account configured on this device.
11-19 22:45:21.395  2320  2356 I Finsky  : [134] com.google.android.finsky.c.e.run(1151): Replicating app states via AMAS.
11-19 22:45:21.451  2320  2356 I Finsky  : [134] com.google.android.finsky.c.c.a(311): Completed 0 account content syncs with 0 successful.
11-19 22:45:21.452  2320  2320 I Finsky  : [1] com.google.android.finsky.services.j.a(149): Installation state replication succeeded.
11-19 22:45:22.878  6677  6725 I System.out: URI: //map
11-19 22:45:22.878  6677  6725 I System.out: params: {json={"query":"* id:'saveElectricFeeButton'","operation":{"method_name":"query","arguments":[]}}
11-19 22:45:22.878  6677  6725 I System.out: }
11-19 22:45:22.889  6677  6677 W ResourceType: No known package when getting name for resource number 0xffffffff
11-19 22:45:22.889  6677  6677 W ResourceType: No known package when getting name for resource number 0xffffffff
11-19 22:45:22.889  6677  6677 W ResourceType: No known package when getting name for resource number 0xffffffff
11-19 22:45:22.890  6677  6677 W ResourceType: No known package when getting name for resource number 0xffffffff
11-19 22:45:22.891  6677  6677 W ResourceType: No known package when getting name for resource number 0xffffffff
11-19 22:45:22.891  6677  6677 W ResourceType: No known package when getting name for resource number 0xffffffff
11-19 22:45:22.892  6677  6677 W ResourceType: No known package when getting name for resource number 0xffffffff
11-19 22:45:22.892  6677  6677 W ResourceType: No known package when getting name for resource number 0xffffffff
11-19 22:45:22.892  6677  6677 W ResourceType: No known package when getting name for resource number 0xffffffff
11-19 22:45:22.892  6677  6677 W ResourceType: No known package when getting name for resource number 0xffffffff
11-19 22:45:22.893  6677  6677 W ResourceType: No known package when getting name for resource number 0xffffffff
11-19 22:45:22.893  6677  6677 W ResourceType: No known package when getting name for resource number 0xffffffff
11-19 22:45:22.893  6677  6677 W ResourceType: No known package when getting name for resource number 0xffffffff
11-19 22:45:22.894  6677  6677 W ResourceType: No known package when getting name for resource number 0xffffffff
11-19 22:45:22.895  6677  6677 W ResourceType: No known package when getting name for resource number 0xffffffff
11-19 22:45:22.895  6677  6677 W ResourceType: No known package when getting name for resource number 0xffffffff
11-19 22:45:22.895  6677  6677 W ResourceType: No known package when getting name for resource number 0xffffffff
11-19 22:45:22.897  6677  6677 W ResourceType: No known package when getting name for resource number 0xffffffff
11-19 22:45:22.898  6677  6677 W ResourceType: No known package when getting name for resource number 0xffffffff
11-19 22:45:23.879  6677  6726 I System.out: URI: //gesture
11-19 22:45:23.879  6677  6726 I System.out: params: {json={"query_timeout":5.0,"gestures":[{"query_string":"* id:'saveElectricFeeButton'","touches":[{"x":50,"y":50,"offset_x":0,"offset_y":0,"wait":0.0,"time":0.2,"release":true,"query_string":null}]}]}
11-19 22:45:23.880  6677  6726 I System.out: }
11-19 22:45:23.890  6677  6677 W ResourceType: No known package when getting name for resource number 0xffffffff
11-19 22:45:23.890  6677  6677 W ResourceType: No known package when getting name for resource number 0xffffffff
11-19 22:45:23.891  6677  6677 W ResourceType: No known package when getting name for resource number 0xffffffff
11-19 22:45:23.891  6677  6677 W ResourceType: No known package when getting name for resource number 0xffffffff
11-19 22:45:23.891  6677  6677 W ResourceType: No known package when getting name for resource number 0xffffffff
11-19 22:45:23.892  6677  6677 W ResourceType: No known package when getting name for resource number 0xffffffff
11-19 22:45:23.892  6677  6677 W ResourceType: No known package when getting name for resource number 0xffffffff
11-19 22:45:23.892  6677  6677 W ResourceType: No known package when getting name for resource number 0xffffffff
11-19 22:45:23.892  6677  6677 W ResourceType: No known package when getting name for resource number 0xffffffff
11-19 22:45:23.892  6677  6677 W ResourceType: No known package when getting name for resource number 0xffffffff
11-19 22:45:23.893  6677  6677 W ResourceType: No known package when getting name for resource number 0xffffffff
11-19 22:45:23.893  6677  6677 W ResourceType: No known package when getting name for resource number 0xffffffff
11-19 22:45:23.893  6677  6677 W ResourceType: No known package when getting name for resource number 0xffffffff
11-19 22:45:23.893  6677  6677 W ResourceType: No known package when getting name for resource number 0xffffffff
11-19 22:45:23.894  6677  6677 W ResourceType: No known package when getting name for resource number 0xffffffff
11-19 22:45:23.894  6677  6677 W ResourceType: No known package when getting name for resource number 0xffffffff
11-19 22:45:23.894  6677  6677 W ResourceType: No known package when getting name for resource number 0xffffffff
11-19 22:45:23.894  6677  6677 W ResourceType: No known package when getting name for resource number 0xffffffff
11-19 22:45:23.895  6677  6677 W ResourceType: No known package when getting name for resource number 0xffffffff
11-19 22:45:24.155  1351  1392 W audio_hw_generic: Not supplying enough data to HAL, expected position 4371274 , only wrote 4371120
11-19 22:45:24.176  6677  6682 I art     : Do partial code cache collection, code=54KB, data=62KB
11-19 22:45:24.176  6677  6682 I art     : After code cache collection, code=54KB, data=62KB
11-19 22:45:24.176  6677  6682 I art     : Increasing code cache capacity to 256KB
11-19 22:45:24.263  6677  6703 D EGL_emulation: eglMakeCurrent: 0xa60856c0: ver 2 0 (tinfo 0xa60836c0)
11-19 22:45:24.286  6677  6703 D EGL_emulation: eglMakeCurrent: 0xa60856c0: ver 2 0 (tinfo 0xa60836c0)
11-19 22:45:24.345  1653  1653 W InputMethodService: Window size has been changed. This may cause jankiness of resizing window: -1 -> -2
11-19 22:45:24.346  6677  6703 D EGL_emulation: eglMakeCurrent: 0xa60856c0: ver 2 0 (tinfo 0xa60836c0)
11-19 22:45:24.355  6677  6703 D EGL_emulation: eglMakeCurrent: 0xa60856c0: ver 2 0 (tinfo 0xa60836c0)
11-19 22:45:24.356  1653  3581 D EGL_emulation: eglMakeCurrent: 0xa60855a0: ver 2 0 (tinfo 0xa6083690)
11-19 22:45:24.415  6677  6677 W IInputConnectionWrapper: finishComposingText on inactive InputConnection
11-19 22:45:24.415  6677  6677 W IInputConnectionWrapper: finishComposingText on inactive InputConnection
11-19 22:45:24.417  6677  6703 D EGL_emulation: eglMakeCurrent: 0xa60856c0: ver 2 0 (tinfo 0xa60836c0)
11-19 22:45:24.431  6677  6703 D OpenGLRenderer: endAllActiveAnimators on 0x947b2600 (RippleDrawable) with handle 0x93cc1cc0
11-19 22:45:24.601  1588  1608 I WindowManager: Destroying surface Surface(name=InputMethod) called by com.android.server.wm.WindowStateAnimator.destroySurface:2016 com.android.server.wm.WindowStateAnimator.destroySurfaceLocked:882 com.android.server.wm.WindowState.destroyOrSaveSurface:2100 com.android.server.wm.WindowSurfacePlacer.performSurfacePlacementInner:429 com.android.server.wm.WindowSurfacePlacer.performSurfacePlacementLoop:232 com.android.server.wm.WindowSurfacePlacer.performSurfacePlacement:180 com.android.server.wm.WindowManagerService$H.handleMessage:8086 android.os.Handler.dispatchMessage:102 
11-19 22:45:24.609  1588  1598 I WindowManager: Destroying surface Surface(name=net.alaindonesia.silectric/net.alaindonesia.silectric.OptionsActivity) called by com.android.server.wm.WindowStateAnimator.destroySurface:2016 com.android.server.wm.WindowStateAnimator.destroySurfaceLocked:882 com.android.server.wm.WindowState.removeLocked:1456 com.android.server.wm.WindowManagerService.removeWindowInnerLocked:2484 com.android.server.wm.WindowManagerService.removeWindowLocked:2442 com.android.server.wm.WindowManagerService.removeWindowLocked:2311 com.android.server.wm.WindowManagerService.removeWindow:2306 com.android.server.wm.Session.remove:202 
11-19 22:45:27.091  6677  6729 I System.out: URI: //
11-19 22:45:27.091  6677  6729 I System.out: params: {json={"command":"press_key","arguments":["KEYCODE_MENU"]}
11-19 22:45:27.091  6677  6729 I System.out: }
11-19 22:45:27.091  6677  6729 I System.out: header: {content-type=application/json;charset=utf-8, date=Mon, 20 Nov 2017 03:45:28 GMT, accept=*/*, host=127.0.0.1:34777, content-length=52, user-agent=HTTPClient/1.0 (2.8.3, ruby 2.3.1 (2016-04-26))}
11-19 22:45:27.091  6677  6729 I System.out: params: {json={"command":"press_key","arguments":["KEYCODE_MENU"]}
11-19 22:45:27.091  6677  6729 I System.out: }
11-19 22:45:27.092  6677  6729 I System.out: ProP json = {"command":"press_key","arguments":["KEYCODE_MENU"]}
11-19 22:45:27.092  6677  6729 I System.out: files: {}
11-19 22:45:27.092  6677  6729 I System.out: command: {"command":"press_key","arguments":["KEYCODE_MENU"]}
11-19 22:45:27.094  6677  6729 I InstrumentationBackend: Got command:'Command:'Line:null,press_key', arguments:'[KEYCODE_MENU]'
11-19 22:45:27.102  6677  6677 W art     : Before Android 4.1, method int android.support.v7.widget.ListViewCompat.lookForSelectablePosition(int, boolean) would have incorrectly overridden the package-private method in android.widget.ListView
11-19 22:45:27.105  6677  6729 I System.out: result:{"bonusInformation":[],"message":"","success":true}
11-19 22:45:27.113  6677  6730 I System.out: URI: //map
11-19 22:45:27.113  6677  6730 I System.out: params: {json={"query":"* marked:'Preferences'","operation":{"method_name":"query","arguments":[]}}
11-19 22:45:27.113  6677  6730 I System.out: }
11-19 22:45:27.163  6677  6703 D EGL_emulation: eglMakeCurrent: 0xa60856c0: ver 2 0 (tinfo 0xa60836c0)
11-19 22:45:27.180  6677  6677 W ResourceType: No known package when getting name for resource number 0xffffffff
11-19 22:45:27.180  6677  6677 W ResourceType: No known package when getting name for resource number 0xffffffff
11-19 22:45:27.181  6677  6677 W ResourceType: No known package when getting name for resource number 0xffffffff
11-19 22:45:27.183  6677  6677 W ResourceType: No known package when getting name for resource number 0xffffffff
11-19 22:45:27.184  6677  6677 W ResourceType: No known package when getting name for resource number 0xffffffff
11-19 22:45:27.187  6677  6677 W ResourceType: No known package when getting name for resource number 0xffffffff
11-19 22:45:27.187  6677  6677 W ResourceType: No known package when getting name for resource number 0xffffffff
11-19 22:45:27.189  6677  6677 W ResourceType: No known package when getting name for resource number 0xffffffff
11-19 22:45:27.190  6677  6677 W ResourceType: No known package when getting name for resource number 0xffffffff
11-19 22:45:27.191  6677  6677 W ResourceType: No known package when getting name for resource number 0xffffffff
11-19 22:45:27.192  6677  6677 W ResourceType: No known package when getting name for resource number 0xffffffff
11-19 22:45:27.193  6677  6677 W ResourceType: No known package when getting name for resource number 0xffffffff
11-19 22:45:27.193  6677  6677 W ResourceType: No known package when getting name for resource number 0xffffffff
11-19 22:45:27.194  6677  6677 W ResourceType: No known package when getting name for resource number 0xffffffff
11-19 22:45:27.194  6677  6677 W ResourceType: No known package when getting name for resource number 0xffffffff
11-19 22:45:27.194  6677  6677 W ResourceType: No known package when getting name for resource number 0xffffffff
11-19 22:45:27.195  6677  6677 W ResourceType: No known package when getting name for resource number 0xffffffff
11-19 22:45:27.195  6677  6677 W ResourceType: No known package when getting name for resource number 0xffffffff
11-19 22:45:27.196  6677  6677 W ResourceType: No known package when getting name for resource number 0xffffffff
11-19 22:45:27.197  6677  6677 W ResourceType: No known package when getting name for resource number 0xffffffff
11-19 22:45:27.197  6677  6677 W ResourceType: No known package when getting name for resource number 0xffffffff
11-19 22:45:27.197  6677  6677 W ResourceType: No known package when getting name for resource number 0xffffffff
11-19 22:45:27.198  6677  6677 W ResourceType: No known package when getting name for resource number 0xffffffff
11-19 22:45:27.199  6677  6677 W ResourceType: No known package when getting name for resource number 0xffffffff
11-19 22:45:27.199  6677  6677 W ResourceType: No known package when getting name for resource number 0xffffffff
11-19 22:45:27.201  6677  6677 W ResourceType: No known package when getting name for resource number 0xffffffff
11-19 22:45:27.202  6677  6677 W ResourceType: No known package when getting name for resource number 0xffffffff
11-19 22:45:27.203  6677  6677 W ResourceType: No known package when getting name for resource number 0xffffffff
11-19 22:45:27.225  6677  6703 D EGL_emulation: eglMakeCurrent: 0xa60856c0: ver 2 0 (tinfo 0xa60836c0)
11-19 22:45:27.229  6677  6703 D EGL_emulation: eglMakeCurrent: 0xa60856c0: ver 2 0 (tinfo 0xa60836c0)
11-19 22:45:27.233  6677  6731 I System.out: URI: //gesture
11-19 22:45:27.233  6677  6731 I System.out: params: {json={"query_timeout":5.0,"gestures":[{"query_string":"* marked:'Preferences'","touches":[{"x":50,"y":50,"offset_x":0,"offset_y":0,"wait":0.0,"time":0.2,"release":true,"query_string":null}]}]}
11-19 22:45:27.233  6677  6731 I System.out: }
11-19 22:45:27.244  6677  6677 W ResourceType: No known package when getting name for resource number 0xffffffff
11-19 22:45:27.245  6677  6677 W ResourceType: No known package when getting name for resource number 0xffffffff
11-19 22:45:27.246  6677  6677 W ResourceType: No known package when getting name for resource number 0xffffffff
11-19 22:45:27.247  6677  6677 W ResourceType: No known package when getting name for resource number 0xffffffff
11-19 22:45:27.247  6677  6677 W ResourceType: No known package when getting name for resource number 0xffffffff
11-19 22:45:27.251  6677  6677 W ResourceType: No known package when getting name for resource number 0xffffffff
11-19 22:45:27.251  6677  6677 W ResourceType: No known package when getting name for resource number 0xffffffff
11-19 22:45:27.254  6677  6677 W ResourceType: No known package when getting name for resource number 0xffffffff
11-19 22:45:27.254  6677  6677 W ResourceType: No known package when getting name for resource number 0xffffffff
11-19 22:45:27.255  6677  6677 W ResourceType: No known package when getting name for resource number 0xffffffff
11-19 22:45:27.257  6677  6677 W ResourceType: No known package when getting name for resource number 0xffffffff
11-19 22:45:27.257  6677  6677 W ResourceType: No known package when getting name for resource number 0xffffffff
11-19 22:45:27.258  6677  6677 W ResourceType: No known package when getting name for resource number 0xffffffff
11-19 22:45:27.258  6677  6677 W ResourceType: No known package when getting name for resource number 0xffffffff
11-19 22:45:27.259  6677  6677 W ResourceType: No known package when getting name for resource number 0xffffffff
11-19 22:45:27.259  6677  6677 W ResourceType: No known package when getting name for resource number 0xffffffff
11-19 22:45:27.260  6677  6677 W ResourceType: No known package when getting name for resource number 0xffffffff
11-19 22:45:27.260  6677  6677 W ResourceType: No known package when getting name for resource number 0xffffffff
11-19 22:45:27.261  6677  6677 W ResourceType: No known package when getting name for resource number 0xffffffff
11-19 22:45:27.262  6677  6677 W ResourceType: No known package when getting name for resource number 0xffffffff
11-19 22:45:27.262  6677  6677 W ResourceType: No known package when getting name for resource number 0xffffffff
11-19 22:45:27.262  6677  6677 W ResourceType: No known package when getting name for resource number 0xffffffff
11-19 22:45:27.263  6677  6677 W ResourceType: No known package when getting name for resource number 0xffffffff
11-19 22:45:27.263  6677  6677 W ResourceType: No known package when getting name for resource number 0xffffffff
11-19 22:45:27.264  6677  6677 W ResourceType: No known package when getting name for resource number 0xffffffff
11-19 22:45:27.265  6677  6677 W ResourceType: No known package when getting name for resource number 0xffffffff
11-19 22:45:27.265  6677  6677 W ResourceType: No known package when getting name for resource number 0xffffffff
11-19 22:45:27.267  6677  6677 W ResourceType: No known package when getting name for resource number 0xffffffff
11-19 22:45:27.365  1351  1393 W audio_hw_generic: Not supplying enough data to HAL, expected position 4677226 , only wrote 4525200
11-19 22:45:27.502  6677  6677 I calabash: execStartActivity 4
11-19 22:45:27.503  1588  1929 I ActivityManager: START u0 {cmp=net.alaindonesia.silectric/.OptionsActivity} from uid 10096 on display 0
11-19 22:45:27.505  1351  1392 W audio_hw_generic: Not supplying enough data to HAL, expected position 4525349 , only wrote 4525200
11-19 22:45:27.526  6677  6677 I calabash: newActivity1
11-19 22:45:27.526  6677  6732 I System.out: URI: //map
11-19 22:45:27.526  6677  6732 I System.out: params: {json={"query":"android.widget.EditText id:'usage_fee_per_kwh_edit_text'","operation":{"method_name":"query","arguments":[]}}
11-19 22:45:27.526  6677  6732 I System.out: }
11-19 22:45:27.738  6677  6703 D EGL_emulation: eglMakeCurrent: 0xa60856c0: ver 2 0 (tinfo 0xa60836c0)
11-19 22:45:27.761  6677  6703 D EGL_emulation: eglMakeCurrent: 0xa60856c0: ver 2 0 (tinfo 0xa60836c0)
11-19 22:45:27.816  6677  6703 D EGL_emulation: eglMakeCurrent: 0xa60856c0: ver 2 0 (tinfo 0xa60836c0)
11-19 22:45:27.828  6677  6703 D EGL_emulation: eglMakeCurrent: 0xa60856c0: ver 2 0 (tinfo 0xa60836c0)
11-19 22:45:27.833  1588  1608 I ActivityManager: Displayed net.alaindonesia.silectric/.OptionsActivity: +323ms
11-19 22:45:27.859  6677  6703 D EGL_emulation: eglMakeCurrent: 0xa60856c0: ver 2 0 (tinfo 0xa60836c0)
11-19 22:45:27.860  6677  6703 D OpenGLRenderer: endAllActiveAnimators on 0x93715880 (MenuPopupWindow$MenuDropDownListView) with handle 0x93cc1c60
11-19 22:45:28.031  1588  1608 I WindowManager: Destroying surface Surface(name=PopupWindow:3152a8d) called by com.android.server.wm.WindowStateAnimator.destroySurface:2016 com.android.server.wm.WindowStateAnimator.destroySurfaceLocked:882 com.android.server.wm.WindowState.destroyOrSaveSurface:2100 com.android.server.wm.AppWindowToken.destroySurfaces:363 com.android.server.wm.WindowStateAnimator.finishExit:565 com.android.server.wm.WindowStateAnimator.finishExit:516 com.android.server.wm.AppWindowAnimator.stepAnimationLocked:427 com.android.server.wm.WindowAnimator.updateAppWindowsLocked:176 
11-19 22:45:28.122  6677  6734 I System.out: URI: //map
11-19 22:45:28.122  6677  6734 I System.out: params: {json={"query":"android.widget.EditText id:'usage_fee_per_kwh_edit_text'","operation":{"method_name":"query","arguments":[]}}
11-19 22:45:28.122  6677  6734 I System.out: }
11-19 22:45:28.156  6677  6735 I System.out: URI: //gesture
11-19 22:45:28.156  6677  6735 I System.out: params: {json={"query_timeout":5.0,"gestures":[{"query_string":"android.widget.EditText id:'usage_fee_per_kwh_edit_text'","touches":[{"x":50,"y":50,"offset_x":0,"offset_y":0,"wait":0.0,"time":0.2,"release":true,"query_string":null}]}]}
11-19 22:45:28.156  6677  6735 I System.out: }
11-19 22:45:28.182  1588  1598 I WindowManager: Destroying surface Surface(name=net.alaindonesia.silectric/net.alaindonesia.silectric.MainActivity) called by com.android.server.wm.WindowStateAnimator.destroySurface:2016 com.android.server.wm.WindowStateAnimator.destroySurfaceLocked:882 com.android.server.wm.WindowState.destroyOrSaveSurface:2100 com.android.server.wm.WindowManagerService.tryStartExitingAnimation:3024 com.android.server.wm.WindowManagerService.relayoutWindow:2904 com.android.server.wm.Session.relayout:224 android.view.IWindowSession$Stub.onTransact:286 com.android.server.wm.Session.onTransact:145 
11-19 22:45:28.301  6677  6703 D EGL_emulation: eglMakeCurrent: 0xa60856c0: ver 2 0 (tinfo 0xa60836c0)
11-19 22:45:28.418  1653  1653 W InputMethodService: Window size has been changed. This may cause jankiness of resizing window: -1 -> -2
11-19 22:45:28.428  1653  1653 I LatinIME: Starting input. Cursor position = 0,0
11-19 22:45:28.482  6677  6703 D EGL_emulation: eglMakeCurrent: 0xa60856c0: ver 2 0 (tinfo 0xa60836c0)
11-19 22:45:28.489  6677  6703 D EGL_emulation: eglMakeCurrent: 0xa60856c0: ver 2 0 (tinfo 0xa60836c0)
11-19 22:45:28.550  1653  3581 D EGL_emulation: eglMakeCurrent: 0xa60855a0: ver 2 0 (tinfo 0xa6083690)
11-19 22:45:28.944  6677  6736 I System.out: URI: //
11-19 22:45:28.944  6677  6736 I System.out: params: {json={"command":"set_selection","arguments":[-1,-1]}
11-19 22:45:28.944  6677  6736 I System.out: }
11-19 22:45:28.944  6677  6736 I System.out: header: {content-type=application/json;charset=utf-8, date=Mon, 20 Nov 2017 03:45:29 GMT, accept=*/*, host=127.0.0.1:34777, content-length=47, user-agent=HTTPClient/1.0 (2.8.3, ruby 2.3.1 (2016-04-26))}
11-19 22:45:28.944  6677  6736 I System.out: params: {json={"command":"set_selection","arguments":[-1,-1]}
11-19 22:45:28.944  6677  6736 I System.out: }
11-19 22:45:28.944  6677  6736 I System.out: ProP json = {"command":"set_selection","arguments":[-1,-1]}
11-19 22:45:28.944  6677  6736 I System.out: files: {}
11-19 22:45:28.944  6677  6736 I System.out: command: {"command":"set_selection","arguments":[-1,-1]}
11-19 22:45:28.947  6677  6736 I InstrumentationBackend: Got command:'Command:'Line:null,set_selection', arguments:'[-1, -1]'
11-19 22:45:28.957  6677  6736 I System.out: result:{"bonusInformation":[],"message":"","success":true}
11-19 22:45:28.980  6677  6740 I System.out: URI: //
11-19 22:45:28.980  6677  6740 I System.out: params: {json={"command":"keyboard_enter_text","arguments":["5"]}
11-19 22:45:28.980  6677  6740 I System.out: }
11-19 22:45:28.980  6677  6740 I System.out: header: {content-type=application/json;charset=utf-8, date=Mon, 20 Nov 2017 03:45:29 GMT, accept=*/*, host=127.0.0.1:34777, content-length=51, user-agent=HTTPClient/1.0 (2.8.3, ruby 2.3.1 (2016-04-26))}
11-19 22:45:28.980  6677  6740 I System.out: params: {json={"command":"keyboard_enter_text","arguments":["5"]}
11-19 22:45:28.980  6677  6740 I System.out: }
11-19 22:45:28.980  6677  6740 I System.out: ProP json = {"command":"keyboard_enter_text","arguments":["5"]}
11-19 22:45:28.980  6677  6740 I System.out: files: {}
11-19 22:45:28.980  6677  6740 I System.out: command: {"command":"keyboard_enter_text","arguments":["5"]}
11-19 22:45:28.982  6677  6740 I InstrumentationBackend: Got command:'Command:'Line:null,keyboard_enter_text', arguments:'[5]'
11-19 22:45:28.982  6677  6677 E SpannableStringBuilder: SPAN_EXCLUSIVE_EXCLUSIVE spans cannot have a zero length
11-19 22:45:28.982  6677  6677 E SpannableStringBuilder: SPAN_EXCLUSIVE_EXCLUSIVE spans cannot have a zero length
11-19 22:45:28.986  6677  6677 E SpannableStringBuilder: SPAN_EXCLUSIVE_EXCLUSIVE spans cannot have a zero length
11-19 22:45:28.986  6677  6677 E SpannableStringBuilder: SPAN_EXCLUSIVE_EXCLUSIVE spans cannot have a zero length
11-19 22:45:28.991  6677  6740 I System.out: result:{"bonusInformation":[],"message":"","success":true}
11-19 22:45:28.995  6677  6741 I System.out: URI: //map
11-19 22:45:28.995  6677  6741 I System.out: params: {json={"query":"* id:'saveElectricFeeButton'","operation":{"method_name":"query","arguments":[]}}
11-19 22:45:28.995  6677  6741 I System.out: }
11-19 22:45:29.009  6677  6682 I art     : Do full code cache collection, code=101KB, data=104KB
11-19 22:45:29.009  6677  6682 I art     : After code cache collection, code=91KB, data=85KB
11-19 22:45:29.011  6677  6677 W ResourceType: No known package when getting name for resource number 0xffffffff
11-19 22:45:29.011  6677  6677 W ResourceType: No known package when getting name for resource number 0xffffffff
11-19 22:45:29.011  6677  6677 W ResourceType: No known package when getting name for resource number 0xffffffff
11-19 22:45:29.012  6677  6677 W ResourceType: No known package when getting name for resource number 0xffffffff
11-19 22:45:29.013  6677  6677 W ResourceType: No known package when getting name for resource number 0xffffffff
11-19 22:45:29.013  6677  6677 W ResourceType: No known package when getting name for resource number 0xffffffff
11-19 22:45:29.013  6677  6677 W ResourceType: No known package when getting name for resource number 0xffffffff
11-19 22:45:29.013  6677  6677 W ResourceType: No known package when getting name for resource number 0xffffffff
11-19 22:45:29.014  6677  6677 W ResourceType: No known package when getting name for resource number 0xffffffff
11-19 22:45:29.014  6677  6677 W ResourceType: No known package when getting name for resource number 0xffffffff
11-19 22:45:29.014  6677  6677 W ResourceType: No known package when getting name for resource number 0xffffffff
11-19 22:45:29.015  6677  6677 W ResourceType: No known package when getting name for resource number 0xffffffff
11-19 22:45:29.015  6677  6677 W ResourceType: No known package when getting name for resource number 0xffffffff
11-19 22:45:29.016  6677  6677 W ResourceType: No known package when getting name for resource number 0xffffffff
11-19 22:45:29.016  6677  6677 W ResourceType: No known package when getting name for resource number 0xffffffff
11-19 22:45:29.016  6677  6677 W ResourceType: No known package when getting name for resource number 0xffffffff
11-19 22:45:29.017  6677  6677 W ResourceType: No known package when getting name for resource number 0xffffffff
11-19 22:45:29.017  6677  6677 W ResourceType: No known package when getting name for resource number 0xffffffff
11-19 22:45:29.017  6677  6677 W ResourceType: No known package when getting name for resource number 0xffffffff
11-19 22:45:29.018  6677  6677 W ResourceType: No known package when getting name for resource number 0xffffffff
11-19 22:45:29.018  6677  6677 W ResourceType: No known package when getting name for resource number 0xffffffff
11-19 22:45:29.018  6677  6677 W ResourceType: No known package when getting name for resource number 0xffffffff
11-19 22:45:29.019  6677  6677 W ResourceType: No known package when getting name for resource number 0xffffffff
11-19 22:45:29.020  6677  6677 W ResourceType: No known package when getting name for resource number 0xffffffff
11-19 22:45:29.020  6677  6677 W ResourceType: No known package when getting name for resource number 0xffffffff
11-19 22:45:29.020  6677  6677 W ResourceType: No known package when getting name for resource number 0xffffffff
11-19 22:45:29.021  6677  6677 W ResourceType: No known package when getting name for resource number 0xffffffff
11-19 22:45:29.021  6677  6677 W ResourceType: No known package when getting name for resource number 0xffffffff
11-19 22:45:29.021  6677  6677 W ResourceType: No known package when getting name for resource number 0xffffffff
11-19 22:45:29.021  6677  6677 W ResourceType: No known package when getting name for resource number 0xffffffff
11-19 22:45:29.021  6677  6677 W ResourceType: No known package when getting name for resource number 0xffffffff
11-19 22:45:29.022  6677  6677 W ResourceType: No known package when getting name for resource number 0xffffffff
11-19 22:45:29.022  6677  6677 W ResourceType: No known package when getting name for resource number 0xffffffff
11-19 22:45:29.022  6677  6677 W ResourceType: No known package when getting name for resource number 0xffffffff
11-19 22:45:29.023  6677  6677 W ResourceType: No known package when getting name for resource number 0xffffffff
11-19 22:45:29.023  6677  6677 W ResourceType: No known package when getting name for resource number 0xffffffff
11-19 22:45:29.023  6677  6677 W ResourceType: No known package when getting name for resource number 0xffffffff
11-19 22:45:29.023  6677  6677 W ResourceType: No known package when getting name for resource number 0xffffffff
11-19 22:45:29.023  6677  6677 W ResourceType: No known package when getting name for resource number 0xffffffff
11-19 22:45:29.024  6677  6677 W ResourceType: No known package when getting name for resource number 0xffffffff
11-19 22:45:29.046  6677  6742 I System.out: URI: //gesture
11-19 22:45:29.046  6677  6742 I System.out: params: {json={"query_timeout":5.0,"gestures":[{"query_string":"* id:'saveElectricFeeButton'","touches":[{"x":50,"y":50,"offset_x":0,"offset_y":0,"wait":0.0,"time":0.2,"release":true,"query_string":null}]}]}
11-19 22:45:29.046  6677  6742 I System.out: }
11-19 22:45:29.060  6677  6677 W ResourceType: No known package when getting name for resource number 0xffffffff
11-19 22:45:29.060  6677  6677 W ResourceType: No known package when getting name for resource number 0xffffffff
11-19 22:45:29.061  6677  6677 W ResourceType: No known package when getting name for resource number 0xffffffff
11-19 22:45:29.062  6677  6677 W ResourceType: No known package when getting name for resource number 0xffffffff
11-19 22:45:29.062  6677  6677 W ResourceType: No known package when getting name for resource number 0xffffffff
11-19 22:45:29.062  6677  6677 W ResourceType: No known package when getting name for resource number 0xffffffff
11-19 22:45:29.063  6677  6677 W ResourceType: No known package when getting name for resource number 0xffffffff
11-19 22:45:29.063  6677  6677 W ResourceType: No known package when getting name for resource number 0xffffffff
11-19 22:45:29.063  6677  6677 W ResourceType: No known package when getting name for resource number 0xffffffff
11-19 22:45:29.064  6677  6677 W ResourceType: No known package when getting name for resource number 0xffffffff
11-19 22:45:29.064  6677  6677 W ResourceType: No known package when getting name for resource number 0xffffffff
11-19 22:45:29.064  6677  6677 W ResourceType: No known package when getting name for resource number 0xffffffff
11-19 22:45:29.065  6677  6677 W ResourceType: No known package when getting name for resource number 0xffffffff
11-19 22:45:29.066  6677  6677 W ResourceType: No known package when getting name for resource number 0xffffffff
11-19 22:45:29.067  6677  6677 W ResourceType: No known package when getting name for resource number 0xffffffff
11-19 22:45:29.067  6677  6677 W ResourceType: No known package when getting name for resource number 0xffffffff
11-19 22:45:29.067  6677  6677 W ResourceType: No known package when getting name for resource number 0xffffffff
11-19 22:45:29.068  6677  6677 W ResourceType: No known package when getting name for resource number 0xffffffff
11-19 22:45:29.068  6677  6677 W ResourceType: No known package when getting name for resource number 0xffffffff
11-19 22:45:29.069  6677  6677 W ResourceType: No known package when getting name for resource number 0xffffffff
11-19 22:45:29.069  6677  6677 W ResourceType: No known package when getting name for resource number 0xffffffff
11-19 22:45:29.070  6677  6677 W ResourceType: No known package when getting name for resource number 0xffffffff
11-19 22:45:29.071  6677  6677 W ResourceType: No known package when getting name for resource number 0xffffffff
11-19 22:45:29.071  6677  6677 W ResourceType: No known package when getting name for resource number 0xffffffff
11-19 22:45:29.072  6677  6677 W ResourceType: No known package when getting name for resource number 0xffffffff
11-19 22:45:29.072  6677  6677 W ResourceType: No known package when getting name for resource number 0xffffffff
11-19 22:45:29.072  6677  6677 W ResourceType: No known package when getting name for resource number 0xffffffff
11-19 22:45:29.073  6677  6677 W ResourceType: No known package when getting name for resource number 0xffffffff
11-19 22:45:29.073  6677  6677 W ResourceType: No known package when getting name for resource number 0xffffffff
11-19 22:45:29.073  6677  6677 W ResourceType: No known package when getting name for resource number 0xffffffff
11-19 22:45:29.074  6677  6677 W ResourceType: No known package when getting name for resource number 0xffffffff
11-19 22:45:29.075  6677  6677 W ResourceType: No known package when getting name for resource number 0xffffffff
11-19 22:45:29.075  6677  6677 W ResourceType: No known package when getting name for resource number 0xffffffff
11-19 22:45:29.075  6677  6677 W ResourceType: No known package when getting name for resource number 0xffffffff
11-19 22:45:29.076  6677  6677 W ResourceType: No known package when getting name for resource number 0xffffffff
11-19 22:45:29.076  6677  6677 W ResourceType: No known package when getting name for resource number 0xffffffff
11-19 22:45:29.076  6677  6677 W ResourceType: No known package when getting name for resource number 0xffffffff
11-19 22:45:29.077  6677  6677 W ResourceType: No known package when getting name for resource number 0xffffffff
11-19 22:45:29.077  6677  6677 W ResourceType: No known package when getting name for resource number 0xffffffff
11-19 22:45:29.077  6677  6677 W ResourceType: No known package when getting name for resource number 0xffffffff
11-19 22:45:29.165  1588  1608 I WindowManager: Destroying surface Surface(name=PopupWindow:7bafed2) called by com.android.server.wm.WindowStateAnimator.destroySurface:2016 com.android.server.wm.WindowStateAnimator.destroySurfaceLocked:882 com.android.server.wm.WindowState.destroyOrSaveSurface:2100 com.android.server.wm.AppWindowToken.destroySurfaces:363 com.android.server.wm.WindowStateAnimator.finishExit:565 com.android.server.wm.WindowStateAnimator.stepAnimationLocked:491 com.android.server.wm.WindowAnimator.updateWindowsLocked:303 com.android.server.wm.WindowAnimator.animateLocked:704 
11-19 22:45:29.323  6677  6677 D AndroidRuntime: Shutting down VM
--------- beginning of crash
11-19 22:45:29.323  6677  6677 E AndroidRuntime: FATAL EXCEPTION: main
11-19 22:45:29.323  6677  6677 E AndroidRuntime: Process: net.alaindonesia.silectric, PID: 6677
11-19 22:45:29.323  6677  6677 E AndroidRuntime: java.lang.NumberFormatException: For input string: "Infinity5"
11-19 22:45:29.323  6677  6677 E AndroidRuntime: 	at java.lang.FloatingDecimal.readJavaFormatString(FloatingDecimal.java:1306)
11-19 22:45:29.323  6677  6677 E AndroidRuntime: 	at java.lang.Float.valueOf(Float.java:424)
11-19 22:45:29.323  6677  6677 E AndroidRuntime: 	at net.alaindonesia.silectric.OptionsActivity$1.onClick(OptionsActivity.java:71)
11-19 22:45:29.323  6677  6677 E AndroidRuntime: 	at android.view.View.performClick(View.java:5610)
11-19 22:45:29.323  6677  6677 E AndroidRuntime: 	at android.view.View$PerformClick.run(View.java:22265)
