--------- beginning of main
11-19 22:45:00.015  1667  1817 D EGL_emulation: eglMakeCurrent: 0xa1b73c60: ver 2 0 (tinfo 0xa1b62d30)
11-19 22:45:02.323  6419  6419 D AndroidRuntime: >>>>>> START com.android.internal.os.RuntimeInit uid 2000 <<<<<<
11-19 22:45:02.325  6419  6419 D AndroidRuntime: CheckJNI is ON
11-19 22:45:02.349  6419  6419 W art     : Unexpected CPU variant for X86 using defaults: x86
11-19 22:45:02.352  6419  6419 D ICU     : No timezone override file found: /data/misc/zoneinfo/current/icu/icu_tzdata.dat
11-19 22:45:02.363  6419  6419 E memtrack: Couldn't load memtrack module (No such file or directory)
11-19 22:45:02.363  6419  6419 E android.os.Debug: failed to load memtrack module: -2
11-19 22:45:02.364  6419  6419 I Radio-JNI: register_android_hardware_Radio DONE
11-19 22:45:02.371  6419  6419 D AndroidRuntime: Calling main entry com.android.commands.pm.Pm
11-19 22:45:02.375  6419  6419 I art     : System.exit called, status: 0
11-19 22:45:02.375  6419  6419 I AndroidRuntime: VM exiting with result code 0.
--------- beginning of system
11-19 22:45:02.396  1588  1601 I ActivityManager: Force stopping net.alaindonesia.silectric appid=10084 user=-1: deletePackageX
11-19 22:45:02.429  1588  1613 I art     : Starting a blocking GC Explicit
11-19 22:45:02.449  1588  1613 I art     : Explicit concurrent mark sweep GC freed 16894(1110KB) AllocSpace objects, 8(160KB) LOS objects, 25% free, 11MB/15MB, paused 259us total 19.969ms
11-19 22:45:02.455  1588  1613 I ActivityManager: Force stopping net.alaindonesia.silectric appid=10084 user=0: pkg removed
11-19 22:45:02.470  2017  2017 I GeofencerStateMachine: removeGeofences: removeRequest=RemoveGeofencingRequest[REMOVE_ALL packageName=net.alaindonesia.silectric]
11-19 22:45:02.481  1788  1788 D CarrierSvcBindHelper: No carrier app for: 0
11-19 22:45:02.483  1588  1613 E KernelUidCpuTimeReader: failed to remove uid from uid_cputime module
11-19 22:45:02.483  1588  1613 E KernelUidCpuTimeReader: java.io.FileNotFoundException: /proc/uid_cputime/remove_uid_range (No such file or directory)
11-19 22:45:02.483  1588  1613 E KernelUidCpuTimeReader: 	at java.io.FileOutputStream.open(Native Method)
11-19 22:45:02.483  1588  1613 E KernelUidCpuTimeReader: 	at java.io.FileOutputStream.<init>(FileOutputStream.java:221)
11-19 22:45:02.483  1588  1613 E KernelUidCpuTimeReader: 	at java.io.FileOutputStream.<init>(FileOutputStream.java:108)
11-19 22:45:02.483  1588  1613 E KernelUidCpuTimeReader: 	at java.io.FileWriter.<init>(FileWriter.java:63)
11-19 22:45:02.483  1588  1613 E KernelUidCpuTimeReader: 	at com.android.internal.os.KernelUidCpuTimeReader.removeUid(KernelUidCpuTimeReader.java:158)
11-19 22:45:02.483  1588  1613 E KernelUidCpuTimeReader: 	at com.android.internal.os.BatteryStatsImpl.removeUidStatsLocked(BatteryStatsImpl.java:9805)
11-19 22:45:02.483  1588  1613 E KernelUidCpuTimeReader: 	at com.android.server.am.BatteryStatsService.removeUid(BatteryStatsService.java:291)
11-19 22:45:02.483  1588  1613 E KernelUidCpuTimeReader: 	at com.android.server.am.ActivityManagerService.broadcastIntentLocked(ActivityManagerService.java:17857)
11-19 22:45:02.483  1588  1613 E KernelUidCpuTimeReader: 	at com.android.server.am.ActivityManagerService.broadcastIntent(ActivityManagerService.java:18346)
11-19 22:45:02.483  1588  1613 E KernelUidCpuTimeReader: 	at com.android.server.pm.PackageManagerService$8.run(PackageManagerService.java:11407)
11-19 22:45:02.483  1588  1613 E KernelUidCpuTimeReader: 	at android.os.Handler.handleCallback(Handler.java:751)
11-19 22:45:02.483  1588  1613 E KernelUidCpuTimeReader: 	at android.os.Handler.dispatchMessage(Handler.java:95)
11-19 22:45:02.483  1588  1613 E KernelUidCpuTimeReader: 	at android.os.Looper.loop(Looper.java:154)
11-19 22:45:02.483  1588  1613 E KernelUidCpuTimeReader: 	at android.os.HandlerThread.run(HandlerThread.java:61)
11-19 22:45:02.483  1588  1613 E KernelUidCpuTimeReader: 	at com.android.server.ServiceThread.run(ServiceThread.java:46)
11-19 22:45:02.487  1588  1621 I InputReader: Reconfiguring input devices.  changes=0x00000010
11-19 22:45:02.531  3134  3134 W ContextImpl: Calling a method in the system process without a qualified user: android.app.ContextImpl.startService:1385 android.content.ContextWrapper.startService:613 android.content.ContextWrapper.startService:613 com.android.keychain.KeyChainBroadcastReceiver.onReceive:12 android.app.ActivityThread.handleReceiver:3011 
11-19 22:45:02.545  2271  6443 D VoicemailCleanupService: Cleaning up data for package: net.alaindonesia.silectric
11-19 22:45:02.550  2320  2320 W Finsky  : [1] com.google.android.finsky.FinskyApp.i(1468): No account configured on this device.
11-19 22:45:02.580  2017  2017 I WearableService: Wearable Services not starting - Wear is not available on this device.
11-19 22:45:02.589  2017  2030 D WearableService: onGetService - Wear is not available on this device.
11-19 22:45:02.590  2320  2320 E Finsky  : [1] com.google.android.finsky.wear.bk.a(752): onConnectionFailed: ConnectionResult{statusCode=API_UNAVAILABLE, resolution=null, message=null}
11-19 22:45:02.590  2320  2320 I Finsky  : [1] com.google.android.finsky.wear.WearSupportService.a(6355): Dropping command=auto_uninstall due to Gms not connected
11-19 22:45:02.642  1653  1742 I LatinIME:LogUtils: Dictionary info: dictionary = main:en ; version = 54 ; date = 1414726273
11-19 22:45:02.674  2101  6452 I UpdateIcingCorporaServi: Updating corpora: APPS=net.alaindonesia.silectric, CONTACTS=MAYBE
11-19 22:45:02.737  2176  5787 I ContentMaintenance: Pruning caches...
11-19 22:45:02.756  2176  5287 I Icing   : doRemovePackageData net.alaindonesia.silectric
11-19 22:45:02.757  2176  6457 D Wear_Controller: Received broadcast action=android.intent.action.PACKAGE_REMOVED and uri=net.alaindonesia.silectric
11-19 22:45:02.759  2176  6457 I LocationSettingsChecker: Removing dialog suppression flag for package net.alaindonesia.silectric
11-19 22:45:02.767  2176  5787 I ContentMaintenance: Internal cache bytes used: 0; limit: 100000000; download size: 0
11-19 22:45:02.774  2176  5787 I ContentMaintenance: Cache pruning complete.
11-19 22:45:02.776  2176  5787 I ContentMaintenance: Beginning garbage collection.
11-19 22:45:02.778  2176  5787 I RealtimeCacheCleanup: Beginning Realtime garbage collection.
11-19 22:45:02.792  2176  2437 I Icing   : IndexChimeraService.getServiceInterface callingPackage=com.google.android.googlequicksearchbox componentName=null serviceId=36
11-19 22:45:02.798  6437  6437 D AndroidRuntime: >>>>>> START com.android.internal.os.RuntimeInit uid 2000 <<<<<<
11-19 22:45:02.798  2176  5787 I RealtimeCacheCleanup: Finished Realtime garbage collection.
11-19 22:45:02.798  2176  5787 I ContentMaintenance: Finished garbage collection.
11-19 22:45:02.800  6437  6437 D AndroidRuntime: CheckJNI is ON
11-19 22:45:02.807  2176  2438 I Icing   : IndexChimeraService.getServiceInterface callingPackage=com.google.android.gms componentName=AppsCorpus serviceId=32
11-19 22:45:02.809  2176  2437 I Icing   : IndexChimeraService.getServiceInterface callingPackage=com.google.android.gms componentName=AppsCorpus serviceId=36
11-19 22:45:02.811  2101  6452 I UpdateIcingCorporaServi: UpdateCorporaTask done [took 137 ms] updated apps [took 137 ms] 
11-19 22:45:02.819  6437  6437 W art     : Unexpected CPU variant for X86 using defaults: x86
11-19 22:45:02.822  6437  6437 D ICU     : No timezone override file found: /data/misc/zoneinfo/current/icu/icu_tzdata.dat
11-19 22:45:02.823  2176  5287 I Icing   : Usage reports ok 0, Failed Usage reports 0, indexed 0, rejected 0, imm upload true
11-19 22:45:02.826  2176  5287 I Icing   : Usage reports ok 0, Failed Usage reports 0, indexed 0, rejected 0, imm upload false
11-19 22:45:02.831  2176  5287 I Icing   : Usage reports ok 0, Failed Usage reports 0, indexed 0, rejected 0, imm upload false
11-19 22:45:02.834  6437  6437 E memtrack: Couldn't load memtrack module (No such file or directory)
11-19 22:45:02.834  6437  6437 E android.os.Debug: failed to load memtrack module: -2
11-19 22:45:02.835  6437  6437 I Radio-JNI: register_android_hardware_Radio DONE
11-19 22:45:02.842  6437  6437 D AndroidRuntime: Calling main entry com.android.commands.pm.Pm
11-19 22:45:02.847  6437  6437 I art     : System.exit called, status: 0
11-19 22:45:02.848  6437  6437 I AndroidRuntime: VM exiting with result code 0.
11-19 22:45:02.881  1354  1354 I         : free_cache(2027196) avail 1967226880
11-19 22:45:03.083  1588  1613 I PackageManager.DexOptimizer: Running dexopt (dex2oat) on: /data/app/vmdl71655893.tmp/base.apk pkg=net.alaindonesia.silectric isa=x86 vmSafeMode=false debuggable=true target-filter=interpret-only oatDir = /data/app/vmdl71655893.tmp/oat sharedLibraries=null
11-19 22:45:03.095  6491  6491 W dex2oat : Unexpected CPU variant for X86 using defaults: x86
11-19 22:45:03.095  6491  6491 W dex2oat : Mismatch between dex2oat instruction set features (ISA: X86 Feature string: smp,-ssse3,-sse4.1,-sse4.2,-avx,-avx2,-lock_add,-popcnt) and those of dex2oat executable (ISA: X86 Feature string: smp,ssse3,-sse4.1,-sse4.2,-avx,-avx2,-lock_add,-popcnt) for the command line:
11-19 22:45:03.095  6491  6491 W dex2oat : /system/bin/dex2oat --zip-fd=6 --zip-location=base.apk --oat-fd=7 --oat-location=/data/app/vmdl71655893.tmp/oat/x86/base.odex --instruction-set=x86 --instruction-set-variant=x86 --instruction-set-features=default --runtime-arg -Xms64m --runtime-arg -Xmx512m --compiler-filter=interpret-only --swap-fd=9 --debuggable
11-19 22:45:03.096  6491  6491 I dex2oat : /system/bin/dex2oat --compiler-filter=interpret-only --debuggable
11-19 22:45:03.219  6491  6491 W dex2oat : Before Android 4.1, method int android.support.v7.widget.ListViewCompat.lookForSelectablePosition(int, boolean) would have incorrectly overridden the package-private method in android.widget.ListView
11-19 22:45:03.231  6491  6493 W dex2oat : Before Android 4.1, method android.graphics.PorterDuffColorFilter android.support.graphics.drawable.VectorDrawableCompat.updateTintFilter(android.graphics.PorterDuffColorFilter, android.content.res.ColorStateList, android.graphics.PorterDuff$Mode) would have incorrectly overridden the package-private method in android.graphics.drawable.Drawable
11-19 22:45:03.468  6491  6491 I dex2oat : dex2oat took 373.199ms (threads: 2) arena alloc=1632B (1632B) java alloc=3MB (3245552B) native alloc=4MB (4688920B) free=2MB (2126824B)
11-19 22:45:03.541  1588  1613 V BackupManagerService: restoreAtInstall pkg=net.alaindonesia.silectric token=11 restoreSet=0
11-19 22:45:03.541  1588  1613 V BackupManagerService: Finishing install immediately
11-19 22:45:03.546  1588  1613 I art     : Starting a blocking GC Explicit
11-19 22:45:03.569  1588  1613 I art     : Explicit concurrent mark sweep GC freed 17665(1033KB) AllocSpace objects, 7(204KB) LOS objects, 25% free, 11MB/15MB, paused 326us total 22.689ms
11-19 22:45:03.569  1354  1354 E         : Couldn't opendir /data/app/vmdl71655893.tmp: No such file or directory
11-19 22:45:03.583  1588  1621 I InputReader: Reconfiguring input devices.  changes=0x00000010
11-19 22:45:03.589  1788  1788 D CarrierSvcBindHelper: No carrier app for: 0
11-19 22:45:03.589  1788  1788 D CarrierConfigLoader: mHandler: 9 phoneId: 0
11-19 22:45:03.639  2320  2320 I Finsky  : [1] com.google.android.finsky.utils.PermissionPolicies$PermissionPolicyService.onStartCommand(117): post-install permissions check for net.alaindonesia.silectric
11-19 22:45:03.639  2320  2320 W Finsky  : [1] com.google.android.finsky.FinskyApp.i(1468): No account configured on this device.
11-19 22:45:03.670  2176  6465 D Wear_Controller: Received broadcast action=android.intent.action.PACKAGE_ADDED and uri=net.alaindonesia.silectric
11-19 22:45:03.696  2101  6499 I UpdateIcingCorporaServi: Updating corpora: APPS=net.alaindonesia.silectric, CONTACTS=MAYBE
11-19 22:45:03.723  2320  2320 I Finsky  : [1] com.google.android.finsky.utils.bh.run(2302): Package state data is missing for net.alaindonesia.silectric
11-19 22:45:03.724  2320  2320 W Finsky  : [1] com.google.android.finsky.FinskyApp.i(1468): No account configured on this device.
11-19 22:45:03.729  2176  2437 I Icing   : IndexChimeraService.getServiceInterface callingPackage=com.google.android.gms componentName=AppsCorpus serviceId=36
11-19 22:45:03.730  2176  2438 I Icing   : IndexChimeraService.getServiceInterface callingPackage=com.google.android.gms componentName=AppsCorpus serviceId=32
11-19 22:45:03.737  2176  6091 I Icing   : Usage reports ok 0, Failed Usage reports 0, indexed 0, rejected 0, imm upload false
11-19 22:45:03.743  2176  6091 I Icing   : Usage reports ok 0, Failed Usage reports 0, indexed 0, rejected 0, imm upload false
11-19 22:45:03.747  2176  2438 I Icing   : IndexChimeraService.getServiceInterface callingPackage=com.google.android.googlequicksearchbox componentName=null serviceId=36
11-19 22:45:03.755  2176  5287 I Icing   : Usage reports ok 0, Failed Usage reports 0, indexed 0, rejected 0, imm upload true
11-19 22:45:03.761  2101  6499 I UpdateIcingCorporaServi: UpdateCorporaTask done [took 65 ms] updated apps [took 65 ms] 
11-19 22:45:03.840  6494  6494 D AndroidRuntime: >>>>>> START com.android.internal.os.RuntimeInit uid 2000 <<<<<<
11-19 22:45:03.842  6494  6494 D AndroidRuntime: CheckJNI is ON
11-19 22:45:03.843  2176  5287 I Icing   : Indexing F2EF1948327B39903DF2FFE084CE5A5E43C5BFBD from com.google.android.googlequicksearchbox
11-19 22:45:03.859  6494  6494 W art     : Unexpected CPU variant for X86 using defaults: x86
11-19 22:45:03.862  6494  6494 D ICU     : No timezone override file found: /data/misc/zoneinfo/current/icu/icu_tzdata.dat
11-19 22:45:03.873  6494  6494 E memtrack: Couldn't load memtrack module (No such file or directory)
11-19 22:45:03.873  6494  6494 E android.os.Debug: failed to load memtrack module: -2
11-19 22:45:03.873  6494  6494 I Radio-JNI: register_android_hardware_Radio DONE
11-19 22:45:03.880  6494  6494 D AndroidRuntime: Calling main entry com.android.commands.pm.Pm
11-19 22:45:03.886  6494  6494 I art     : System.exit called, status: 0
11-19 22:45:03.886  6494  6494 I AndroidRuntime: VM exiting with result code 0.
11-19 22:45:03.906  2176  5287 I Icing   : Indexing D32915E6F5B822A0D17C3C027CE6B10D07C3D07B from com.google.android.gms
11-19 22:45:03.936  2176  5287 I Icing   : Indexing done F2EF1948327B39903DF2FFE084CE5A5E43C5BFBD
11-19 22:45:03.937  2176  5287 I Icing   : Indexing done D32915E6F5B822A0D17C3C027CE6B10D07C3D07B
11-19 22:45:04.147  6521  6521 D AndroidRuntime: >>>>>> START com.android.internal.os.RuntimeInit uid 2000 <<<<<<
11-19 22:45:04.148  6521  6521 D AndroidRuntime: CheckJNI is ON
11-19 22:45:04.170  6521  6521 W art     : Unexpected CPU variant for X86 using defaults: x86
11-19 22:45:04.173  6521  6521 D ICU     : No timezone override file found: /data/misc/zoneinfo/current/icu/icu_tzdata.dat
11-19 22:45:04.187  6521  6521 E memtrack: Couldn't load memtrack module (No such file or directory)
11-19 22:45:04.187  6521  6521 E android.os.Debug: failed to load memtrack module: -2
11-19 22:45:04.188  6521  6521 I Radio-JNI: register_android_hardware_Radio DONE
11-19 22:45:04.194  6521  6521 D AndroidRuntime: Calling main entry com.android.commands.pm.Pm
11-19 22:45:04.201  6521  6521 I art     : System.exit called, status: 0
11-19 22:45:04.201  6521  6521 I AndroidRuntime: VM exiting with result code 0.
11-19 22:45:04.220  1588  1601 I ActivityManager: Force stopping net.alaindonesia.silectric.test appid=10085 user=-1: deletePackageX
11-19 22:45:04.220  1588  1601 I ActivityManager: Killing 4178:net.alaindonesia.silectric.test/u0a85 (adj 904): stop net.alaindonesia.silectric.test
11-19 22:45:04.220  1588  1601 D ActivityManager: cleanUpApplicationRecord -- 4178
11-19 22:45:04.243  1588  1613 I art     : Starting a blocking GC Explicit
11-19 22:45:04.265  1588  1613 I art     : Explicit concurrent mark sweep GC freed 39272(2MB) AllocSpace objects, 10(200KB) LOS objects, 25% free, 11MB/15MB, paused 287us total 21.361ms
11-19 22:45:04.271  1588  1613 I ActivityManager: Force stopping net.alaindonesia.silectric.test appid=10085 user=0: pkg removed
11-19 22:45:04.275  1588  1613 E KernelUidCpuTimeReader: failed to remove uid from uid_cputime module
11-19 22:45:04.275  1588  1613 E KernelUidCpuTimeReader: java.io.FileNotFoundException: /proc/uid_cputime/remove_uid_range (No such file or directory)
11-19 22:45:04.275  1588  1613 E KernelUidCpuTimeReader: 	at java.io.FileOutputStream.open(Native Method)
11-19 22:45:04.275  1588  1613 E KernelUidCpuTimeReader: 	at java.io.FileOutputStream.<init>(FileOutputStream.java:221)
11-19 22:45:04.275  1588  1613 E KernelUidCpuTimeReader: 	at java.io.FileOutputStream.<init>(FileOutputStream.java:108)
11-19 22:45:04.275  1588  1613 E KernelUidCpuTimeReader: 	at java.io.FileWriter.<init>(FileWriter.java:63)
11-19 22:45:04.275  1588  1613 E KernelUidCpuTimeReader: 	at com.android.internal.os.KernelUidCpuTimeReader.removeUid(KernelUidCpuTimeReader.java:158)
11-19 22:45:04.275  1588  1613 E KernelUidCpuTimeReader: 	at com.android.internal.os.BatteryStatsImpl.removeUidStatsLocked(BatteryStatsImpl.java:9805)
11-19 22:45:04.275  1588  1613 E KernelUidCpuTimeReader: 	at com.android.server.am.BatteryStatsService.removeUid(BatteryStatsService.java:291)
11-19 22:45:04.275  1588  1613 E KernelUidCpuTimeReader: 	at com.android.server.am.ActivityManagerService.broadcastIntentLocked(ActivityManagerService.java:17857)
11-19 22:45:04.275  1588  1613 E KernelUidCpuTimeReader: 	at com.android.server.am.ActivityManagerService.broadcastIntent(ActivityManagerService.java:18346)
11-19 22:45:04.275  1588  1613 E KernelUidCpuTimeReader: 	at com.android.server.pm.PackageManagerService$8.run(PackageManagerService.java:11407)
11-19 22:45:04.275  1588  1613 E KernelUidCpuTimeReader: 	at android.os.Handler.handleCallback(Handler.java:751)
11-19 22:45:04.275  1588  1613 E KernelUidCpuTimeReader: 	at android.os.Handler.dispatchMessage(Handler.java:95)
11-19 22:45:04.275  1588  1613 E KernelUidCpuTimeReader: 	at android.os.Looper.loop(Looper.java:154)
11-19 22:45:04.275  1588  1613 E KernelUidCpuTimeReader: 	at android.os.HandlerThread.run(HandlerThread.java:61)
11-19 22:45:04.275  1588  1613 E KernelUidCpuTimeReader: 	at com.android.server.ServiceThread.run(ServiceThread.java:46)
11-19 22:45:04.277  2017  2017 I GeofencerStateMachine: removeGeofences: removeRequest=RemoveGeofencingRequest[REMOVE_ALL packageName=net.alaindonesia.silectric.test]
11-19 22:45:04.286  1588  1621 I InputReader: Reconfiguring input devices.  changes=0x00000010
11-19 22:45:04.298  1788  1788 D CarrierSvcBindHelper: No carrier app for: 0
11-19 22:45:04.331  3134  3134 W ContextImpl: Calling a method in the system process without a qualified user: android.app.ContextImpl.startService:1385 android.content.ContextWrapper.startService:613 android.content.ContextWrapper.startService:613 com.android.keychain.KeyChainBroadcastReceiver.onReceive:12 android.app.ActivityThread.handleReceiver:3011 
11-19 22:45:04.344  2271  6543 D VoicemailCleanupService: Cleaning up data for package: net.alaindonesia.silectric.test
11-19 22:45:04.356  2320  2320 W Finsky  : [1] com.google.android.finsky.FinskyApp.i(1468): No account configured on this device.
11-19 22:45:04.364  2017  2492 D WearableService: onGetService - Wear is not available on this device.
11-19 22:45:04.365  2320  2320 E Finsky  : [1] com.google.android.finsky.wear.bk.a(752): onConnectionFailed: ConnectionResult{statusCode=API_UNAVAILABLE, resolution=null, message=null}
11-19 22:45:04.365  2320  2320 I Finsky  : [1] com.google.android.finsky.wear.WearSupportService.a(6355): Dropping command=auto_uninstall due to Gms not connected
11-19 22:45:04.396  2176  6464 D Wear_Controller: Received broadcast action=android.intent.action.PACKAGE_REMOVED and uri=net.alaindonesia.silectric.test
11-19 22:45:04.398  2176  6464 I LocationSettingsChecker: Removing dialog suppression flag for package net.alaindonesia.silectric.test
11-19 22:45:04.422  2176  5786 I Icing   : doRemovePackageData net.alaindonesia.silectric.test
11-19 22:45:04.428  2176  2438 I Icing   : IndexChimeraService.getServiceInterface callingPackage=com.google.android.gms componentName=AppsCorpus serviceId=36
11-19 22:45:04.430  2176  2437 I Icing   : IndexChimeraService.getServiceInterface callingPackage=com.google.android.gms componentName=AppsCorpus serviceId=32
11-19 22:45:04.461  2101  6551 I UpdateIcingCorporaServi: Updating corpora: APPS=net.alaindonesia.silectric.test, CONTACTS=MAYBE
11-19 22:45:04.479  2176  6552 I Icing   : Usage reports ok 0, Failed Usage reports 0, indexed 0, rejected 0, imm upload false
11-19 22:45:04.480  2101  6551 I UpdateIcingCorporaServi: UpdateCorporaTask done [took 20 ms] updated apps [took 20 ms] 
11-19 22:45:04.491  2176  6552 I Icing   : Usage reports ok 0, Failed Usage reports 0, indexed 0, rejected 0, imm upload false
11-19 22:45:04.517  1653  1742 I LatinIME:LogUtils: Dictionary info: dictionary = main:en ; version = 54 ; date = 1414726273
11-19 22:45:04.628  6538  6538 D AndroidRuntime: >>>>>> START com.android.internal.os.RuntimeInit uid 2000 <<<<<<
11-19 22:45:04.630  6538  6538 D AndroidRuntime: CheckJNI is ON
11-19 22:45:04.646  6538  6538 W art     : Unexpected CPU variant for X86 using defaults: x86
11-19 22:45:04.649  6538  6538 D ICU     : No timezone override file found: /data/misc/zoneinfo/current/icu/icu_tzdata.dat
11-19 22:45:04.660  6538  6538 E memtrack: Couldn't load memtrack module (No such file or directory)
11-19 22:45:04.660  6538  6538 E android.os.Debug: failed to load memtrack module: -2
11-19 22:45:04.660  6538  6538 I Radio-JNI: register_android_hardware_Radio DONE
11-19 22:45:04.667  6538  6538 D AndroidRuntime: Calling main entry com.android.commands.pm.Pm
11-19 22:45:04.672  6538  6559 W MessageQueue: Handler (android.os.Handler) {8f751e2} sending message to a Handler on a dead thread
11-19 22:45:04.672  6538  6559 W MessageQueue: java.lang.IllegalStateException: Handler (android.os.Handler) {8f751e2} sending message to a Handler on a dead thread
11-19 22:45:04.672  6538  6559 W MessageQueue: 	at android.os.MessageQueue.enqueueMessage(MessageQueue.java:543)
11-19 22:45:04.672  6538  6559 W MessageQueue: 	at android.os.Handler.enqueueMessage(Handler.java:643)
11-19 22:45:04.672  6538  6559 W MessageQueue: 	at android.os.Handler.sendMessageAtTime(Handler.java:612)
11-19 22:45:04.672  6538  6559 W MessageQueue: 	at android.os.Handler.sendMessageDelayed(Handler.java:582)
11-19 22:45:04.672  6538  6559 W MessageQueue: 	at android.os.Handler.post(Handler.java:338)
11-19 22:45:04.672  6538  6559 W MessageQueue: 	at android.os.ResultReceiver$MyResultReceiver.send(ResultReceiver.java:57)
11-19 22:45:04.672  6538  6559 W MessageQueue: 	at com.android.internal.os.IResultReceiver$Stub.onTransact(IResultReceiver.java:58)
11-19 22:45:04.672  6538  6559 W MessageQueue: 	at android.os.Binder.execTransact(Binder.java:565)
11-19 22:45:04.672  6538  6538 I art     : System.exit called, status: 0
11-19 22:45:04.672  6538  6538 I AndroidRuntime: VM exiting with result code 0.
11-19 22:45:04.706  1354  1354 I         : free_cache(609383) avail 1963716608
11-19 22:45:04.761  1588  1613 I PackageManager.DexOptimizer: Running dexopt (dex2oat) on: /data/app/vmdl1055697285.tmp/base.apk pkg=net.alaindonesia.silectric.test isa=x86 vmSafeMode=false debuggable=false target-filter=interpret-only oatDir = /data/app/vmdl1055697285.tmp/oat sharedLibraries=/system/framework/android.test.runner.jar:/system/framework/com.google.android.maps.jar
11-19 22:45:04.772  6571  6571 W dex2oat : Unexpected CPU variant for X86 using defaults: x86
11-19 22:45:04.772  6571  6571 W dex2oat : Mismatch between dex2oat instruction set features (ISA: X86 Feature string: smp,-ssse3,-sse4.1,-sse4.2,-avx,-avx2,-lock_add,-popcnt) and those of dex2oat executable (ISA: X86 Feature string: smp,ssse3,-sse4.1,-sse4.2,-avx,-avx2,-lock_add,-popcnt) for the command line:
11-19 22:45:04.772  6571  6571 W dex2oat : /system/bin/dex2oat --zip-fd=6 --zip-location=base.apk --oat-fd=7 --oat-location=/data/app/vmdl1055697285.tmp/oat/x86/base.odex --instruction-set=x86 --instruction-set-variant=x86 --instruction-set-features=default --runtime-arg -Xms64m --runtime-arg -Xmx512m --compiler-filter=interpret-only --swap-fd=9 --runtime-arg -classpath --runtime-arg /system/framework/android.test.runner.jar:/system/framework/com.google.android.maps.jar
11-19 22:45:04.772  6571  6571 I dex2oat : /system/bin/dex2oat --compiler-filter=interpret-only
11-19 22:45:04.783  2176  5787 I Icing   : Indexing D32915E6F5B822A0D17C3C027CE6B10D07C3D07B from com.google.android.gms
11-19 22:45:04.783  2176  5787 I Icing   : Indexing done D32915E6F5B822A0D17C3C027CE6B10D07C3D07B
11-19 22:45:04.784  2176  5787 I Icing   : Indexing F2EF1948327B39903DF2FFE084CE5A5E43C5BFBD from com.google.android.googlequicksearchbox
11-19 22:45:04.788  2176  5787 I Icing   : Indexing done F2EF1948327B39903DF2FFE084CE5A5E43C5BFBD
11-19 22:45:04.967  6571  6571 I dex2oat : dex2oat took 195.532ms (threads: 2) arena alloc=174KB (178288B) java alloc=1218KB (1247408B) native alloc=2MB (2361168B) free=1790KB (1833136B)
11-19 22:45:04.995  1588  1613 W PackageManager: Not granting permission android.permission.ACCESS_MOCK_LOCATION to package net.alaindonesia.silectric.test (protectionLevel=2 flags=0x1818be44)
11-19 22:45:05.021  1588  1613 V BackupManagerService: restoreAtInstall pkg=net.alaindonesia.silectric.test token=12 restoreSet=0
11-19 22:45:05.021  1588  1613 V BackupManagerService: Finishing install immediately
11-19 22:45:05.021  1588  1613 I art     : Starting a blocking GC Explicit
11-19 22:45:05.042  1588  1613 I art     : Explicit concurrent mark sweep GC freed 6089(429KB) AllocSpace objects, 4(80KB) LOS objects, 25% free, 11MB/15MB, paused 288us total 20.512ms
11-19 22:45:05.042  1354  1354 E         : Couldn't opendir /data/app/vmdl1055697285.tmp: No such file or directory
11-19 22:45:05.053  1588  1621 I InputReader: Reconfiguring input devices.  changes=0x00000010
11-19 22:45:05.063  1788  1788 D CarrierSvcBindHelper: No carrier app for: 0
11-19 22:45:05.063  1788  1788 D CarrierConfigLoader: mHandler: 9 phoneId: 0
11-19 22:45:05.091  2320  2320 I Finsky  : [1] com.google.android.finsky.utils.PermissionPolicies$PermissionPolicyService.onStartCommand(117): post-install permissions check for net.alaindonesia.silectric.test
11-19 22:45:05.101  2320  2320 W Finsky  : [1] com.google.android.finsky.FinskyApp.i(1468): No account configured on this device.
11-19 22:45:05.113  2176  6454 I FontsPackageChangeOp: Package net.alaindonesia.silectric.test has no metadata
11-19 22:45:05.115  2176  6454 D Wear_Controller: Received broadcast action=android.intent.action.PACKAGE_ADDED and uri=net.alaindonesia.silectric.test
11-19 22:45:05.132  2320  2320 I Finsky  : [1] com.google.android.finsky.utils.bh.run(2302): Package state data is missing for net.alaindonesia.silectric.test
11-19 22:45:05.132  2320  2320 W Finsky  : [1] com.google.android.finsky.FinskyApp.i(1468): No account configured on this device.
11-19 22:45:05.134  2176  2438 I Icing   : IndexChimeraService.getServiceInterface callingPackage=com.google.android.gms componentName=AppsCorpus serviceId=32
11-19 22:45:05.136  2176  2437 I Icing   : IndexChimeraService.getServiceInterface callingPackage=com.google.android.gms componentName=AppsCorpus serviceId=36
11-19 22:45:05.139  2101  6580 I UpdateIcingCorporaServi: Updating corpora: APPS=net.alaindonesia.silectric.test, CONTACTS=MAYBE
11-19 22:45:05.149  2101  6580 I UpdateIcingCorporaServi: UpdateCorporaTask done [took 10 ms] updated apps [took 10 ms] 
11-19 22:45:05.196  2176  5786 I Icing   : Usage reports ok 0, Failed Usage reports 0, indexed 0, rejected 0, imm upload false
11-19 22:45:05.201  2176  5786 I Icing   : Usage reports ok 0, Failed Usage reports 0, indexed 0, rejected 0, imm upload false
11-19 22:45:05.309  6574  6574 D AndroidRuntime: >>>>>> START com.android.internal.os.RuntimeInit uid 2000 <<<<<<
11-19 22:45:05.311  6574  6574 D AndroidRuntime: CheckJNI is ON
11-19 22:45:05.334  6574  6574 W art     : Unexpected CPU variant for X86 using defaults: x86
11-19 22:45:05.339  6574  6574 D ICU     : No timezone override file found: /data/misc/zoneinfo/current/icu/icu_tzdata.dat
11-19 22:45:05.357  6574  6574 E memtrack: Couldn't load memtrack module (No such file or directory)
11-19 22:45:05.357  6574  6574 E android.os.Debug: failed to load memtrack module: -2
11-19 22:45:05.358  6574  6574 I Radio-JNI: register_android_hardware_Radio DONE
11-19 22:45:05.367  6574  6574 D AndroidRuntime: Calling main entry com.android.commands.pm.Pm
11-19 22:45:05.372  6574  6574 I art     : System.exit called, status: 0
11-19 22:45:05.372  6574  6574 I AndroidRuntime: VM exiting with result code 0.
11-19 22:45:05.532  2176  5786 I Icing   : Indexing D32915E6F5B822A0D17C3C027CE6B10D07C3D07B from com.google.android.gms
11-19 22:45:05.533  2176  5786 I Icing   : Indexing done D32915E6F5B822A0D17C3C027CE6B10D07C3D07B
11-19 22:45:05.634  6600  6600 D AndroidRuntime: >>>>>> START com.android.internal.os.RuntimeInit uid 2000 <<<<<<
11-19 22:45:05.636  6600  6600 D AndroidRuntime: CheckJNI is ON
11-19 22:45:05.659  6600  6600 W art     : Unexpected CPU variant for X86 using defaults: x86
11-19 22:45:05.663  6600  6600 D ICU     : No timezone override file found: /data/misc/zoneinfo/current/icu/icu_tzdata.dat
11-19 22:45:05.679  6600  6600 E memtrack: Couldn't load memtrack module (No such file or directory)
11-19 22:45:05.679  6600  6600 E android.os.Debug: failed to load memtrack module: -2
11-19 22:45:05.680  6600  6600 I Radio-JNI: register_android_hardware_Radio DONE
11-19 22:45:05.687  6600  6600 D AndroidRuntime: Calling main entry com.android.commands.pm.Pm
11-19 22:45:05.693  6600  6600 I art     : System.exit called, status: 0
11-19 22:45:05.693  6600  6600 I AndroidRuntime: VM exiting with result code 0.
11-19 22:45:05.916  6612  6612 D AndroidRuntime: >>>>>> START com.android.internal.os.RuntimeInit uid 2000 <<<<<<
11-19 22:45:05.917  6612  6612 D AndroidRuntime: CheckJNI is ON
11-19 22:45:05.939  6612  6612 W art     : Unexpected CPU variant for X86 using defaults: x86
11-19 22:45:05.942  6612  6612 D ICU     : No timezone override file found: /data/misc/zoneinfo/current/icu/icu_tzdata.dat
11-19 22:45:05.956  6612  6612 E memtrack: Couldn't load memtrack module (No such file or directory)
11-19 22:45:05.956  6612  6612 E android.os.Debug: failed to load memtrack module: -2
11-19 22:45:05.957  6612  6612 I Radio-JNI: register_android_hardware_Radio DONE
11-19 22:45:05.965  6612  6612 D AndroidRuntime: Calling main entry com.android.commands.pm.Pm
11-19 22:45:05.971  6612  6612 I art     : System.exit called, status: 0
11-19 22:45:05.971  6612  6612 I AndroidRuntime: VM exiting with result code 0.
11-19 22:45:06.193  6624  6624 D AndroidRuntime: >>>>>> START com.android.internal.os.RuntimeInit uid 2000 <<<<<<
11-19 22:45:06.194  6624  6624 D AndroidRuntime: CheckJNI is ON
11-19 22:45:06.211  6624  6624 W art     : Unexpected CPU variant for X86 using defaults: x86
11-19 22:45:06.214  6624  6624 D ICU     : No timezone override file found: /data/misc/zoneinfo/current/icu/icu_tzdata.dat
11-19 22:45:06.225  6624  6624 E memtrack: Couldn't load memtrack module (No such file or directory)
11-19 22:45:06.225  6624  6624 E android.os.Debug: failed to load memtrack module: -2
11-19 22:45:06.226  6624  6624 I Radio-JNI: register_android_hardware_Radio DONE
11-19 22:45:06.232  2176  5786 I Icing   : Indexing D32915E6F5B822A0D17C3C027CE6B10D07C3D07B from com.google.android.gms
11-19 22:45:06.233  6624  6624 D AndroidRuntime: Calling main entry com.android.commands.am.Am
11-19 22:45:06.233  2176  5786 I Icing   : Indexing done D32915E6F5B822A0D17C3C027CE6B10D07C3D07B
11-19 22:45:06.234  1588  1930 I ActivityManager: Force stopping net.alaindonesia.silectric appid=10096 user=0: start instr
11-19 22:45:06.238  6634  6634 I art     : Not late-enabling -Xcheck:jni (already on)
11-19 22:45:06.238  6634  6634 W art     : Unexpected CPU variant for X86 using defaults: x86
11-19 22:45:06.245  1588  1930 I ActivityManager: Start proc 6634:net.alaindonesia.silectric/u0a96 for added application net.alaindonesia.silectric
11-19 22:45:06.245  6624  6624 D AndroidRuntime: Shutting down VM
11-19 22:45:06.252  6634  6634 W System  : ClassLoader referenced unknown path: /data/app/net.alaindonesia.silectric.test-1/lib/x86
11-19 22:45:06.252  6634  6634 W System  : ClassLoader referenced unknown path: /data/app/net.alaindonesia.silectric-1/lib/x86
11-19 22:45:06.255  6634  6634 W System  : ClassLoader referenced unknown path: 
11-19 22:45:06.257  6634  6634 I System.out: Calabash did not load Mono. This is only a problem if you are trying to test a Mono application
11-19 22:45:06.260  1588  1832 D VoldConnector: SND -> {31 volume mkdirs /storage/emulated/0/Android/data/net.alaindonesia.silectric/cache/}
11-19 22:45:06.261  1588  1623 D VoldConnector: RCV <- {200 31 Command succeeded}
11-19 22:45:06.263  1588  1599 D VoldConnector: SND -> {32 volume mkdirs /storage/15FD-3318/Android/data/net.alaindonesia.silectric/cache/}
11-19 22:45:06.265  1588  1623 D VoldConnector: RCV <- {200 32 Command succeeded}
11-19 22:45:06.265  6634  6634 I System.out: External cache dir: /storage/emulated/0/Android/data/net.alaindonesia.silectric/cache
11-19 22:45:06.265  6634  6634 I System.out: Deleting external cache dir...
11-19 22:45:06.266  6634  6634 I System.out: Deleting: /storage/emulated/0/Android/data/net.alaindonesia.silectric/cache
11-19 22:45:06.266  6634  6634 I System.out: Cache dir: /data/user/0/net.alaindonesia.silectric/cache
11-19 22:45:06.266  6634  6634 I System.out: Deleting cache dir...
11-19 22:45:06.266  6634  6634 I System.out: Deleting: /data/user/0/net.alaindonesia.silectric/cache
11-19 22:45:06.266  6634  6634 I System.out: External files dir: /storage/emulated/0/Android/data/net.alaindonesia.silectric/files
11-19 22:45:06.266  6634  6634 I System.out: Deleting external files dir...
11-19 22:45:06.267  6634  6634 I System.out: Deleting: /storage/emulated/0/Android/data/net.alaindonesia.silectric/files
11-19 22:45:06.267  6634  6634 I System.out: Files dir: /data/user/0/net.alaindonesia.silectric/files
11-19 22:45:06.267  6634  6634 I System.out: Deleting files dir...
11-19 22:45:06.267  6634  6634 I System.out: Deleting: /data/user/0/net.alaindonesia.silectric/files
11-19 22:45:06.267  6634  6634 I System.out: Data dir: /data/user/0/net.alaindonesia.silectric
11-19 22:45:06.269  1588  1648 I ActivityManager: START u0 {flg=0x10000000 cmp=net.alaindonesia.silectric.test/sh.calaba.instrumentationbackend.StatusReporterActivity (has extras)} from uid 10096 on display 0
11-19 22:45:06.278  6649  6649 W art     : Unexpected CPU variant for X86 using defaults: x86
11-19 22:45:06.283  1588  1943 I ActivityManager: Start proc 6649:net.alaindonesia.silectric.test/u0a97 for activity net.alaindonesia.silectric.test/sh.calaba.instrumentationbackend.StatusReporterActivity
11-19 22:45:06.310  6649  6649 W System  : ClassLoader referenced unknown path: /data/app/net.alaindonesia.silectric.test-1/lib/x86
11-19 22:45:06.315  1308  1315 D gralloc_ranchu: gralloc_alloc: Creating ashmem region of size 8294400
11-19 22:45:06.320  6649  6649 I System.out: Failure file: /data/user/0/net.alaindonesia.silectric.test/files/calabash_failure.out
11-19 22:45:06.320  6649  6649 I System.out: Finished file: /data/user/0/net.alaindonesia.silectric.test/files/calabash_finished.out
11-19 22:45:06.321  6649  6649 I System.out: method: report-finished
11-19 22:45:06.321  6649  6649 I System.out: Finished state: SUCCESSFUL
11-19 22:45:06.344  1588  1648 I WindowManager: Failed to capture screenshot of Token{4393934 ActivityRecord{d21f407 u0 net.alaindonesia.silectric.test/sh.calaba.instrumentationbackend.StatusReporterActivity t24 f}} appWin=Window{8b677b8 u0 Starting net.alaindonesia.silectric.test} drawState=1
11-19 22:45:06.354  1588  1930 I WindowManager: Destroying surface Surface(name=Starting net.alaindonesia.silectric.test) called by com.android.server.wm.WindowStateAnimator.destroySurface:2016 com.android.server.wm.WindowStateAnimator.destroySurfaceLocked:882 com.android.server.wm.WindowState.removeLocked:1456 com.android.server.wm.WindowManagerService.removeWindowInnerLocked:2484 com.android.server.wm.WindowManagerService.removeWindowLocked:2442 com.android.server.wm.WindowManagerService.removeWindowLocked:2311 com.android.server.wm.AppWindowToken.removeAllWindows:530 com.android.server.wm.AppWindowToken.removeAppFromTaskLocked:326 
11-19 22:45:06.360  1588  1608 W WindowManager: Failed looking up window
11-19 22:45:06.360  1588  1608 W WindowManager: java.lang.IllegalArgumentException: Requested window android.view.ViewRootImpl$W@52ca1b does not exist
11-19 22:45:06.360  1588  1608 W WindowManager: 	at com.android.server.wm.WindowManagerService.windowForClientLocked(WindowManagerService.java:9107)
11-19 22:45:06.360  1588  1608 W WindowManager: 	at com.android.server.wm.WindowManagerService.windowForClientLocked(WindowManagerService.java:9098)
11-19 22:45:06.360  1588  1608 W WindowManager: 	at com.android.server.wm.WindowManagerService.finishDrawingWindow(WindowManagerService.java:3148)
11-19 22:45:06.360  1588  1608 W WindowManager: 	at com.android.server.wm.Session.finishDrawing(Session.java:258)
11-19 22:45:06.360  1588  1608 W WindowManager: 	at android.view.ViewRootImpl.performDraw(ViewRootImpl.java:2653)
11-19 22:45:06.360  1588  1608 W WindowManager: 	at android.view.ViewRootImpl.performTraversals(ViewRootImpl.java:2211)
11-19 22:45:06.360  1588  1608 W WindowManager: 	at android.view.ViewRootImpl.doTraversal(ViewRootImpl.java:1246)
11-19 22:45:06.360  1588  1608 W WindowManager: 	at android.view.ViewRootImpl$TraversalRunnable.run(ViewRootImpl.java:6301)
11-19 22:45:06.360  1588  1608 W WindowManager: 	at android.view.Choreographer$CallbackRecord.run(Choreographer.java:871)
11-19 22:45:06.360  1588  1608 W WindowManager: 	at android.view.Choreographer.doCallbacks(Choreographer.java:683)
11-19 22:45:06.360  1588  1608 W WindowManager: 	at android.view.Choreographer.doFrame(Choreographer.java:619)
11-19 22:45:06.360  1588  1608 W WindowManager: 	at android.view.Choreographer$FrameDisplayEventReceiver.run(Choreographer.java:857)
11-19 22:45:06.360  1588  1608 W WindowManager: 	at android.os.Handler.handleCallback(Handler.java:751)
11-19 22:45:06.360  1588  1608 W WindowManager: 	at android.os.Handler.dispatchMessage(Handler.java:95)
11-19 22:45:06.360  1588  1608 W WindowManager: 	at android.os.Looper.loop(Looper.java:154)
11-19 22:45:06.360  1588  1608 W WindowManager: 	at android.os.HandlerThread.run(HandlerThread.java:61)
11-19 22:45:06.360  1588  1608 W WindowManager: 	at com.android.server.ServiceThread.run(ServiceThread.java:46)
11-19 22:45:06.361  1588  1608 W WindowManager: Failed looking up window
11-19 22:45:06.361  1588  1608 W WindowManager: java.lang.IllegalArgumentException: Requested window android.view.ViewRootImpl$W@52ca1b does not exist
11-19 22:45:06.361  1588  1608 W WindowManager: 	at com.android.server.wm.WindowManagerService.windowForClientLocked(WindowManagerService.java:9107)
11-19 22:45:06.361  1588  1608 W WindowManager: 	at com.android.server.wm.WindowManagerService.windowForClientLocked(WindowManagerService.java:9098)
11-19 22:45:06.361  1588  1608 W WindowManager: 	at com.android.server.wm.WindowManagerService.finishDrawingWindow(WindowManagerService.java:3148)
11-19 22:45:06.361  1588  1608 W WindowManager: 	at com.android.server.wm.Session.finishDrawing(Session.java:258)
11-19 22:45:06.361  1588  1608 W WindowManager: 	at android.view.ViewRootImpl.performDraw(ViewRootImpl.java:2653)
11-19 22:45:06.361  1588  1608 W WindowManager: 	at android.view.ViewRootImpl.performTraversals(ViewRootImpl.java:2211)
11-19 22:45:06.361  1588  1608 W WindowManager: 	at android.view.ViewRootImpl.doTraversal(ViewRootImpl.java:1246)
11-19 22:45:06.361  1588  1608 W WindowManager: 	at android.view.ViewRootImpl$TraversalRunnable.run(ViewRootImpl.java:6301)
11-19 22:45:06.361  1588  1608 W WindowManager: 	at android.view.Choreographer$CallbackRecord.run(Choreographer.java:871)
11-19 22:45:06.361  1588  1608 W WindowManager: 	at android.view.Choreographer.doCallbacks(Choreographer.java:683)
11-19 22:45:06.361  1588  1608 W WindowManager: 	at android.view.Choreographer.doFrame(Choreographer.java:619)
11-19 22:45:06.361  1588  1608 W WindowManager: 	at android.view.Choreographer$FrameDisplayEventReceiver.run(Choreographer.java:857)
11-19 22:45:06.361  1588  1608 W WindowManager: 	at android.os.Handler.handleCallback(Handler.java:751)
11-19 22:45:06.361  1588  1608 W WindowManager: 	at android.os.Handler.dispatchMessage(Handler.java:95)
11-19 22:45:06.361  1588  1608 W WindowManager: 	at android.os.Looper.loop(Looper.java:154)
11-19 22:45:06.361  1588  1608 W WindowManager: 	at android.os.HandlerThread.run(HandlerThread.java:61)
11-19 22:45:06.361  1588  1608 W WindowManager: 	at com.android.server.ServiceThread.run(ServiceThread.java:46)
11-19 22:45:06.363  1588  1608 W WindowManager: Failed looking up window
11-19 22:45:06.363  1588  1608 W WindowManager: java.lang.IllegalArgumentException: Requested window android.view.ViewRootImpl$W@52ca1b does not exist
11-19 22:45:06.363  1588  1608 W WindowManager: 	at com.android.server.wm.WindowManagerService.windowForClientLocked(WindowManagerService.java:9107)
11-19 22:45:06.363  1588  1608 W WindowManager: 	at com.android.server.wm.WindowManagerService.windowForClientLocked(WindowManagerService.java:9098)
11-19 22:45:06.363  1588  1608 W WindowManager: 	at com.android.server.wm.WindowManagerService.removeWindow(WindowManagerService.java:2302)
11-19 22:45:06.363  1588  1608 W WindowManager: 	at com.android.server.wm.Session.remove(Session.java:202)
11-19 22:45:06.363  1588  1608 W WindowManager: 	at android.view.ViewRootImpl.dispatchDetachedFromWindow(ViewRootImpl.java:3286)
11-19 22:45:06.363  1588  1608 W WindowManager: 	at android.view.ViewRootImpl.doDie(ViewRootImpl.java:5881)
11-19 22:45:06.363  1588  1608 W WindowManager: 	at android.view.ViewRootImpl$ViewRootHandler.handleMessage(ViewRootImpl.java:3622)
11-19 22:45:06.363  1588  1608 W WindowManager: 	at android.os.Handler.dispatchMessage(Handler.java:102)
11-19 22:45:06.363  1588  1608 W WindowManager: 	at android.os.Looper.loop(Looper.java:154)
11-19 22:45:06.363  1588  1608 W WindowManager: 	at android.os.HandlerThread.run(HandlerThread.java:61)
11-19 22:45:06.363  1588  1608 W WindowManager: 	at com.android.server.ServiceThread.run(ServiceThread.java:46)
11-19 22:45:06.367  1588  1682 W InputMethodManagerService: Window already focused, ignoring focus gain of: com.android.internal.view.IInputMethodClient$Stub$Proxy@8691682 attribute=null, token = android.os.BinderProxy@b286088
11-19 22:45:08.508  6667  6667 D AndroidRuntime: >>>>>> START com.android.internal.os.RuntimeInit uid 2000 <<<<<<
11-19 22:45:08.510  6667  6667 D AndroidRuntime: CheckJNI is ON
11-19 22:45:08.526  6667  6667 W art     : Unexpected CPU variant for X86 using defaults: x86
11-19 22:45:08.529  6667  6667 D ICU     : No timezone override file found: /data/misc/zoneinfo/current/icu/icu_tzdata.dat
11-19 22:45:08.539  6667  6667 E memtrack: Couldn't load memtrack module (No such file or directory)
11-19 22:45:08.539  6667  6667 E android.os.Debug: failed to load memtrack module: -2
11-19 22:45:08.540  6667  6667 I Radio-JNI: register_android_hardware_Radio DONE
11-19 22:45:08.547  6667  6667 D AndroidRuntime: Calling main entry com.android.commands.am.Am
11-19 22:45:08.549  1588  1598 I ActivityManager: Force stopping net.alaindonesia.silectric appid=10096 user=0: start instr
11-19 22:45:08.549  1588  1598 I ActivityManager: Killing 6634:net.alaindonesia.silectric/u0a96 (adj 0): stop net.alaindonesia.silectric
11-19 22:45:08.549  1588  1598 D ActivityManager: cleanUpApplicationRecord -- 6634
11-19 22:45:08.551  1588  1598 W ActivityManager: Crash of app net.alaindonesia.silectric running instrumentation ComponentInfo{net.alaindonesia.silectric.test/sh.calaba.instrumentationbackend.ClearAppData2}
11-19 22:45:08.551  1588  1598 I ActivityManager: Force stopping net.alaindonesia.silectric appid=10096 user=0: finished inst
11-19 22:45:08.555  6677  6677 I art     : Not late-enabling -Xcheck:jni (already on)
11-19 22:45:08.555  6677  6677 W art     : Unexpected CPU variant for X86 using defaults: x86
11-19 22:45:08.562  1588  1598 I ActivityManager: Start proc 6677:net.alaindonesia.silectric/u0a96 for added application net.alaindonesia.silectric
11-19 22:45:08.562  6667  6667 D AndroidRuntime: Shutting down VM
11-19 22:45:08.569  6677  6677 W System  : ClassLoader referenced unknown path: /data/app/net.alaindonesia.silectric.test-1/lib/x86
11-19 22:45:08.570  6677  6677 W System  : ClassLoader referenced unknown path: /data/app/net.alaindonesia.silectric-1/lib/x86
11-19 22:45:08.574  6677  6677 W System  : ClassLoader referenced unknown path: 
11-19 22:45:08.580  6677  6677 I System.out: Main activity name automatically set to: net.alaindonesia.silectric.MainActivity
11-19 22:45:08.581  6677  6677 I System.out: Calabash did not load Mono. This is only a problem if you are trying to test a Mono application
11-19 22:45:08.581  6677  6677 I calabash: Test server port: 7102
11-19 22:45:08.582  6677  6677 I InstrumentationBackend: Added:'NullAction', with key:'nullAction'
11-19 22:45:08.582  6677  6677 I InstrumentationBackend: Added:'GetActivityOrientation', with key:'get_activity_orientation'
11-19 22:45:08.582  6677  6677 I InstrumentationBackend: Added:'SetActivityOrientation', with key:'set_activity_orientation'
11-19 22:45:08.582  6677  6677 I InstrumentationBackend: Added:'DpToDevicePixel', with key:'dp_to_device_pixel'
11-19 22:45:08.582  6677  6677 I InstrumentationBackend: Added:'ClickOnScreen', with key:'click_on_screen'
11-19 22:45:08.583  6677  6677 I InstrumentationBackend: Added:'DoubleTapCoordinate', with key:'double_tap_coordinate'
11-19 22:45:08.583  6677  6677 I InstrumentationBackend: Added:'Drag', with key:'drag'
11-19 22:45:08.583  6677  6677 I InstrumentationBackend: Added:'DragCoordinates', with key:'drag_coordinates'
11-19 22:45:08.583  6677  6677 I InstrumentationBackend: Added:'LongPressCoordinate', with key:'long_press_coordinate'
11-19 22:45:08.583  6677  6677 I InstrumentationBackend: Added:'ResumeApplication', with key:'resume_application'
11-19 22:45:08.583  6677  6677 I InstrumentationBackend: Added:'Swipe', with key:'swipe'
11-19 22:45:08.583  6677  6677 I InstrumentationBackend: Added:'TouchCoordinates', with key:'touch_coordinate'
11-19 22:45:08.583  6677  6677 I InstrumentationBackend: Added:'ListActions', with key:'list_actions'
11-19 22:45:08.583  6677  6677 I InstrumentationBackend: Added:'SendTcp', with key:'send_tcp'
11-19 22:45:08.583  6677  6677 I InstrumentationBackend: Added:'PressElement', with key:'press_l10n_element'
11-19 22:45:08.583  6677  6677 I InstrumentationBackend: Added:'WaitForElement', with key:'wait_for_l10n_element'
11-19 22:45:08.584  6677  6677 I InstrumentationBackend: Added:'FakeGPSLocation', with key:'set_gps_coordinates'
11-19 22:45:08.584  6677  6677 I InstrumentationBackend: Added:'GetMapBounds', with key:'get_map_bounds'
11-19 22:45:08.584  6677  6677 I InstrumentationBackend: Added:'GetMapCenter', with key:'get_map_center'
11-19 22:45:08.584  6677  6677 I InstrumentationBackend: Added:'GetMapMarker', with key:'get_map_marker'
11-19 22:45:08.584  6677  6677 I InstrumentationBackend: Added:'GetMapMarkers', with key:'get_map_markers'
11-19 22:45:08.584  6677  6677 I InstrumentationBackend: Added:'GetMapZoom', with key:'get_map_zoom'
11-19 22:45:08.584  6677  6677 I InstrumentationBackend: Added:'PanMapTo', with key:'pan_map_to'
11-19 22:45:08.584  6677  6677 I InstrumentationBackend: Added:'SetMapCenter', with key:'set_map_center'
11-19 22:45:08.584  6677  6677 I InstrumentationBackend: Added:'SetMapZoom', with key:'set_map_zoom'
11-19 22:45:08.584  6677  6677 I InstrumentationBackend: Added:'TapAwayFromMarkers', with key:'tap_map_away_from_markers'
11-19 22:45:08.584  6677  6677 I InstrumentationBackend: Added:'TapMapMarker', with key:'tap_map_marker_by_title'
11-19 22:45:08.584  6677  6677 I InstrumentationBackend: Added:'ClearPreferences', with key:'clear_preferences'
11-19 22:45:08.584  6677  6677 I InstrumentationBackend: Added:'GetPreferences', with key:'get_preferences'
11-19 22:45:08.591  6677  6677 I InstrumentationBackend: Added:'SetPreferences', with key:'set_preferences'
11-19 22:45:08.591  6677  6677 I InstrumentationBackend: Added:'PressKey', with key:'press_key'
11-19 22:45:08.591  6677  6677 I InstrumentationBackend: Added:'DeleteSurroundingText', with key:'delete_surrounding_text'
11-19 22:45:08.591  6677  6677 I InstrumentationBackend: Added:'HideSoftKeyboard', with key:'hide_soft_keyboard'
11-19 22:45:08.592  6677  6677 I InstrumentationBackend: Added:'KeyboardEnterText', with key:'keyboard_enter_text'
11-19 22:45:08.592  6677  6677 I InstrumentationBackend: Added:'KeyboardKeyEvent', with key:'keyboard_key_event'
11-19 22:45:08.592  6677  6677 I InstrumentationBackend: Added:'PressUserActionButton', with key:'press_user_action_button'
11-19 22:45:08.592  6677  6677 I InstrumentationBackend: Added:'SetComposingRegion', with key:'set_composing_region'
11-19 22:45:08.592  6677  6677 I InstrumentationBackend: Added:'SetSelection', with key:'set_selection'
11-19 22:45:08.592  6677  6677 I InstrumentationBackend: Added:'AndroidSDKVersion', with key:'android_sdk_version'
11-19 22:45:08.592  6677  6677 I InstrumentationBackend: Added:'Version', with key:'version'
