11-19 22:43:40.483  6305  6305 W ResourceType: No known package when getting name for resource number 0xffffffff
11-19 22:43:40.484  6305  6305 W ResourceType: No known package when getting name for resource number 0xffffffff
11-19 22:43:40.486  6305  6305 W ResourceType: No known package when getting name for resource number 0xffffffff
11-19 22:43:40.487  6305  6305 W ResourceType: No known package when getting name for resource number 0xffffffff
11-19 22:43:40.489  6305  6305 W ResourceType: No known package when getting name for resource number 0xffffffff
11-19 22:43:40.490  6305  6305 W ResourceType: No known package when getting name for resource number 0xffffffff
11-19 22:43:40.492  6305  6305 W ResourceType: No known package when getting name for resource number 0xffffffff
11-19 22:43:40.494  6305  6305 W ResourceType: No known package when getting name for resource number 0xffffffff
11-19 22:43:40.495  6305  6305 W ResourceType: No known package when getting name for resource number 0xffffffff
11-19 22:43:40.497  6305  6305 W ResourceType: No known package when getting name for resource number 0xffffffff
11-19 22:43:40.499  6305  6305 W ResourceType: No known package when getting name for resource number 0xffffffff
11-19 22:43:40.500  6305  6305 W ResourceType: No known package when getting name for resource number 0xffffffff
11-19 22:43:40.502  6305  6305 W ResourceType: No known package when getting name for resource number 0xffffffff
11-19 22:43:40.503  6305  6305 W ResourceType: No known package when getting name for resource number 0xffffffff
11-19 22:43:40.507  6305  6305 W ResourceType: No known package when getting name for resource number 0xffffffff
11-19 22:43:40.513  6305  6305 W ResourceType: No known package when getting name for resource number 0xffffffff
11-19 22:43:40.514  6305  6305 W ResourceType: No known package when getting name for resource number 0xffffffff
11-19 22:43:40.515  6305  6305 W ResourceType: No known package when getting name for resource number 0xffffffff
11-19 22:43:40.516  6305  6305 W ResourceType: No known package when getting name for resource number 0xffffffff
11-19 22:43:40.518  6305  6305 W ResourceType: No known package when getting name for resource number 0xffffffff
11-19 22:43:40.518  6305  6305 W ResourceType: No known package when getting name for resource number 0xffffffff
11-19 22:43:40.519  6305  6305 W ResourceType: No known package when getting name for resource number 0xffffffff
11-19 22:43:40.520  6305  6305 W ResourceType: No known package when getting name for resource number 0xffffffff
11-19 22:43:40.521  6305  6305 W ResourceType: No known package when getting name for resource number 0xffffffff
11-19 22:43:40.522  6305  6305 W ResourceType: No known package when getting name for resource number 0xffffffff
11-19 22:43:40.523  6305  6305 W ResourceType: No known package when getting name for resource number 0xffffffff
11-19 22:43:40.524  6305  6305 W ResourceType: No known package when getting name for resource number 0xffffffff
11-19 22:43:40.525  6305  6305 W ResourceType: No known package when getting name for resource number 0xffffffff
11-19 22:43:40.527  6305  6305 W ResourceType: No known package when getting name for resource number 0xffffffff
11-19 22:43:40.528  6305  6305 W ResourceType: No known package when getting name for resource number 0xffffffff
11-19 22:43:40.533  6305  6305 W ResourceType: No known package when getting name for resource number 0xffffffff
11-19 22:43:40.534  6305  6305 W ResourceType: No known package when getting name for resource number 0xffffffff
11-19 22:43:40.534  6305  6305 W ResourceType: No known package when getting name for resource number 0xffffffff
11-19 22:43:40.534  6305  6305 W ResourceType: No known package when getting name for resource number 0xffffffff
11-19 22:43:40.536  6305  6305 W ResourceType: No known package when getting name for resource number 0xffffffff
11-19 22:43:40.537  6305  6305 W ResourceType: No known package when getting name for resource number 0xffffffff
11-19 22:43:40.537  6305  6305 W ResourceType: No known package when getting name for resource number 0xffffffff
11-19 22:43:40.539  6305  6305 W ResourceType: No known package when getting name for resource number 0xffffffff
11-19 22:43:40.542  6305  6305 W ResourceType: No known package when getting name for resource number 0xffffffff
11-19 22:43:40.543  6305  6305 W ResourceType: No package identifier when getting name for resource number 0x00000000
11-19 22:43:40.544  6305  6305 W ResourceType: No known package when getting name for resource number 0xffffffff
11-19 22:43:40.545  6305  6305 W ResourceType: No package identifier when getting name for resource number 0x00000004
11-19 22:43:40.546  6305  6305 W ResourceType: No known package when getting name for resource number 0xffffffff
11-19 22:43:40.548  6305  6305 W ResourceType: No known package when getting name for resource number 0x77359401
11-19 22:43:40.549  6305  6305 W ResourceType: No package identifier when getting name for resource number 0x00000001
11-19 22:43:40.550  6305  6305 W ResourceType: No known package when getting name for resource number 0xffffffff
11-19 22:43:40.552  6305  6305 W ResourceType: No package identifier when getting name for resource number 0x00000002
11-19 22:43:40.553  6305  6305 W ResourceType: No known package when getting name for resource number 0xffffffff
11-19 22:43:40.554  6305  6305 W ResourceType: No package identifier when getting name for resource number 0x00000003
11-19 22:43:40.555  6305  6305 W ResourceType: No known package when getting name for resource number 0xffffffff
11-19 22:43:40.557  6305  6305 W ResourceType: No package identifier when getting name for resource number 0x00000009
11-19 22:43:40.558  6305  6305 W ResourceType: No known package when getting name for resource number 0xffffffff
11-19 22:43:40.559  6305  6305 W ResourceType: No package identifier when getting name for resource number 0x00000008
11-19 22:43:40.560  6305  6305 W ResourceType: No known package when getting name for resource number 0xffffffff
11-19 22:43:40.562  6305  6305 W ResourceType: No known package when getting name for resource number 0x77359402
11-19 22:43:40.563  6305  6305 W ResourceType: No package identifier when getting name for resource number 0x00000005
11-19 22:43:40.564  6305  6305 W ResourceType: No known package when getting name for resource number 0xffffffff
11-19 22:43:40.566  6305  6305 W ResourceType: No package identifier when getting name for resource number 0x00000006
11-19 22:43:40.567  6305  6305 W ResourceType: No known package when getting name for resource number 0xffffffff
11-19 22:43:40.569  6305  6305 W ResourceType: No known package when getting name for resource number 0x77359403
11-19 22:43:40.569  6305  6305 W ResourceType: No package identifier when getting name for resource number 0x0000000a
11-19 22:43:40.570  6305  6305 W ResourceType: No known package when getting name for resource number 0xffffffff
11-19 22:43:40.807  1351  1392 W audio_hw_generic: Not supplying enough data to HAL, expected position 3325830 , only wrote 3325680
11-19 22:43:40.818  6305  6305 D HomePagerActivity: OnExpand
11-19 22:43:40.837  6305  6310 I art     : Do partial code cache collection, code=121KB, data=118KB
11-19 22:43:40.837  6305  6310 I art     : After code cache collection, code=119KB, data=118KB
11-19 22:43:40.837  6305  6310 I art     : Increasing code cache capacity to 512KB
11-19 22:43:40.869  6305  6305 D HomePagerActivity: OnCollapse
11-19 22:43:40.883  6305  6305 D HomePagerActivity: OnCollapse
11-19 22:43:40.901  6305  6305 D HomePagerActivity: OnCollapse
11-19 22:43:40.921  6305  6305 D HomePagerActivity: OnCollapse
11-19 22:43:40.934  6305  6305 D HomePagerActivity: OnCollapse
11-19 22:43:40.949  6305  6305 D HomePagerActivity: OnCollapse
11-19 22:43:40.967  6305  6305 D HomePagerActivity: OnCollapse
11-19 22:43:40.983  6305  6305 D HomePagerActivity: OnCollapse
11-19 22:43:41.000  6305  6305 D HomePagerActivity: OnCollapse
11-19 22:43:41.017  6305  6305 D HomePagerActivity: OnCollapse
11-19 22:43:41.033  6305  6305 D HomePagerActivity: OnCollapse
11-19 22:43:41.050  6305  6305 D HomePagerActivity: OnCollapse
11-19 22:43:41.052  6305  6305 D HomePagerActivity: OnCollapse
11-19 22:43:41.066  6305  6305 D HomePagerActivity: OnCollapse
11-19 22:43:41.084  6305  6305 D HomePagerActivity: OnCollapse
11-19 22:43:41.532  6305  6351 I System.out: URI: //map
11-19 22:43:41.532  6305  6351 I System.out: params: {json={"query":"* id:'add_button'","operation":{"method_name":"query","arguments":[]}}
11-19 22:43:41.532  6305  6351 I System.out: }
11-19 22:43:41.581  6305  6305 W ResourceType: No known package when getting name for resource number 0xffffffff
11-19 22:43:41.582  6305  6305 W ResourceType: No known package when getting name for resource number 0xffffffff
11-19 22:43:41.582  6305  6305 W ResourceType: No known package when getting name for resource number 0xffffffff
11-19 22:43:41.583  6305  6305 W ResourceType: No known package when getting name for resource number 0xffffffff
11-19 22:43:41.587  6305  6305 W ResourceType: No known package when getting name for resource number 0xffffffff
11-19 22:43:41.588  6305  6305 W ResourceType: No known package when getting name for resource number 0xffffffff
11-19 22:43:41.588  6305  6305 W ResourceType: No known package when getting name for resource number 0xffffffff
11-19 22:43:41.589  6305  6305 W ResourceType: No known package when getting name for resource number 0xffffffff
11-19 22:43:41.589  6305  6305 W ResourceType: No known package when getting name for resource number 0xffffffff
11-19 22:43:41.589  6305  6305 W ResourceType: No known package when getting name for resource number 0xffffffff
11-19 22:43:41.589  6305  6305 W ResourceType: No known package when getting name for resource number 0xffffffff
11-19 22:43:41.589  6305  6305 W ResourceType: No known package when getting name for resource number 0xffffffff
11-19 22:43:41.590  6305  6305 W ResourceType: No known package when getting name for resource number 0xffffffff
11-19 22:43:41.590  6305  6305 W ResourceType: No known package when getting name for resource number 0xffffffff
11-19 22:43:41.590  6305  6305 W ResourceType: No known package when getting name for resource number 0xffffffff
11-19 22:43:41.590  6305  6305 W ResourceType: No known package when getting name for resource number 0xffffffff
11-19 22:43:41.591  6305  6305 W ResourceType: No known package when getting name for resource number 0xffffffff
11-19 22:43:41.591  6305  6305 W ResourceType: No known package when getting name for resource number 0xffffffff
11-19 22:43:41.591  6305  6305 W ResourceType: No known package when getting name for resource number 0xffffffff
11-19 22:43:41.592  6305  6305 W ResourceType: No known package when getting name for resource number 0xffffffff
11-19 22:43:41.592  6305  6305 W ResourceType: No known package when getting name for resource number 0xffffffff
11-19 22:43:41.593  6305  6305 W ResourceType: No known package when getting name for resource number 0xffffffff
11-19 22:43:41.594  6305  6305 W ResourceType: No known package when getting name for resource number 0xffffffff
11-19 22:43:41.594  6305  6305 W ResourceType: No known package when getting name for resource number 0xffffffff
11-19 22:43:41.595  6305  6305 W ResourceType: No known package when getting name for resource number 0xffffffff
11-19 22:43:41.596  6305  6305 W ResourceType: No known package when getting name for resource number 0xffffffff
11-19 22:43:41.597  6305  6305 W ResourceType: No known package when getting name for resource number 0xffffffff
11-19 22:43:41.597  6305  6305 W ResourceType: No known package when getting name for resource number 0xffffffff
11-19 22:43:41.598  6305  6305 W ResourceType: No known package when getting name for resource number 0xffffffff
11-19 22:43:41.599  6305  6305 W ResourceType: No known package when getting name for resource number 0xffffffff
11-19 22:43:41.600  6305  6305 W ResourceType: No known package when getting name for resource number 0xffffffff
11-19 22:43:41.601  6305  6305 W ResourceType: No known package when getting name for resource number 0xffffffff
11-19 22:43:41.602  6305  6305 W ResourceType: No known package when getting name for resource number 0xffffffff
11-19 22:43:41.603  6305  6305 W ResourceType: No known package when getting name for resource number 0xffffffff
11-19 22:43:41.604  6305  6305 W ResourceType: No known package when getting name for resource number 0xffffffff
11-19 22:43:41.604  6305  6305 W ResourceType: No known package when getting name for resource number 0xffffffff
11-19 22:43:41.605  6305  6305 W ResourceType: No known package when getting name for resource number 0xffffffff
11-19 22:43:41.606  6305  6305 W ResourceType: No known package when getting name for resource number 0xffffffff
11-19 22:43:41.607  6305  6305 W ResourceType: No known package when getting name for resource number 0xffffffff
11-19 22:43:41.608  6305  6305 W ResourceType: No known package when getting name for resource number 0xffffffff
11-19 22:43:41.608  6305  6305 W ResourceType: No known package when getting name for resource number 0xffffffff
11-19 22:43:41.609  6305  6305 W ResourceType: No known package when getting name for resource number 0xffffffff
11-19 22:43:41.610  6305  6305 W ResourceType: No known package when getting name for resource number 0xffffffff
11-19 22:43:41.611  6305  6305 W ResourceType: No known package when getting name for resource number 0xffffffff
11-19 22:43:41.612  6305  6305 W ResourceType: No known package when getting name for resource number 0xffffffff
11-19 22:43:41.613  6305  6305 W ResourceType: No known package when getting name for resource number 0xffffffff
11-19 22:43:41.614  6305  6305 W ResourceType: No known package when getting name for resource number 0xffffffff
11-19 22:43:41.614  6305  6305 W ResourceType: No known package when getting name for resource number 0xffffffff
11-19 22:43:41.615  6305  6305 W ResourceType: No known package when getting name for resource number 0xffffffff
11-19 22:43:41.616  6305  6305 W ResourceType: No known package when getting name for resource number 0xffffffff
11-19 22:43:41.616  6305  6305 W ResourceType: No known package when getting name for resource number 0xffffffff
11-19 22:43:41.617  6305  6305 W ResourceType: No known package when getting name for resource number 0xffffffff
11-19 22:43:41.618  6305  6305 W ResourceType: No known package when getting name for resource number 0xffffffff
11-19 22:43:41.619  6305  6305 W ResourceType: No known package when getting name for resource number 0xffffffff
11-19 22:43:41.619  6305  6305 W ResourceType: No known package when getting name for resource number 0xffffffff
11-19 22:43:41.620  6305  6305 W ResourceType: No known package when getting name for resource number 0xffffffff
11-19 22:43:41.621  6305  6305 W ResourceType: No known package when getting name for resource number 0xffffffff
11-19 22:43:41.622  6305  6305 W ResourceType: No known package when getting name for resource number 0xffffffff
11-19 22:43:41.623  6305  6305 W ResourceType: No known package when getting name for resource number 0xffffffff
11-19 22:43:41.623  6305  6305 W ResourceType: No known package when getting name for resource number 0xffffffff
11-19 22:43:41.624  6305  6305 W ResourceType: No known package when getting name for resource number 0xffffffff
11-19 22:43:41.625  6305  6305 W ResourceType: No known package when getting name for resource number 0xffffffff
11-19 22:43:41.626  6305  6305 W ResourceType: No known package when getting name for resource number 0xffffffff
11-19 22:43:41.627  6305  6305 W ResourceType: No known package when getting name for resource number 0xffffffff
11-19 22:43:41.628  6305  6305 W ResourceType: No known package when getting name for resource number 0xffffffff
11-19 22:43:41.628  6305  6305 W ResourceType: No known package when getting name for resource number 0xffffffff
11-19 22:43:41.629  6305  6305 W ResourceType: No known package when getting name for resource number 0xffffffff
11-19 22:43:41.630  6305  6305 W ResourceType: No known package when getting name for resource number 0xffffffff
11-19 22:43:41.631  6305  6305 W ResourceType: No known package when getting name for resource number 0xffffffff
11-19 22:43:41.632  6305  6305 W ResourceType: No known package when getting name for resource number 0xffffffff
11-19 22:43:41.633  6305  6305 W ResourceType: No known package when getting name for resource number 0xffffffff
11-19 22:43:41.634  6305  6305 W ResourceType: No known package when getting name for resource number 0xffffffff
11-19 22:43:41.634  6305  6305 W ResourceType: No known package when getting name for resource number 0xffffffff
11-19 22:43:41.635  6305  6305 W ResourceType: No known package when getting name for resource number 0xffffffff
11-19 22:43:41.636  6305  6305 W ResourceType: No known package when getting name for resource number 0xffffffff
11-19 22:43:41.638  6305  6305 W ResourceType: No known package when getting name for resource number 0xffffffff
11-19 22:43:41.641  6305  6305 W ResourceType: No known package when getting name for resource number 0xffffffff
11-19 22:43:41.641  6305  6305 W ResourceType: No known package when getting name for resource number 0xffffffff
11-19 22:43:41.642  6305  6305 W ResourceType: No known package when getting name for resource number 0xffffffff
11-19 22:43:41.643  6305  6305 W ResourceType: No known package when getting name for resource number 0xffffffff
11-19 22:43:41.644  6305  6305 W ResourceType: No known package when getting name for resource number 0xffffffff
11-19 22:43:41.644  6305  6305 W ResourceType: No known package when getting name for resource number 0xffffffff
11-19 22:43:41.645  6305  6305 W ResourceType: No known package when getting name for resource number 0xffffffff
11-19 22:43:41.646  6305  6305 W ResourceType: No known package when getting name for resource number 0xffffffff
11-19 22:43:41.646  6305  6305 W ResourceType: No known package when getting name for resource number 0xffffffff
11-19 22:43:41.647  6305  6305 W ResourceType: No known package when getting name for resource number 0xffffffff
11-19 22:43:41.647  6305  6305 W ResourceType: No known package when getting name for resource number 0xffffffff
11-19 22:43:41.648  6305  6305 W ResourceType: No known package when getting name for resource number 0xffffffff
11-19 22:43:41.649  6305  6305 W ResourceType: No known package when getting name for resource number 0xffffffff
11-19 22:43:41.650  6305  6305 W ResourceType: No known package when getting name for resource number 0xffffffff
11-19 22:43:41.651  6305  6305 W ResourceType: No known package when getting name for resource number 0xffffffff
11-19 22:43:41.653  6305  6305 W ResourceType: No known package when getting name for resource number 0xffffffff
11-19 22:43:41.653  6305  6305 W ResourceType: No known package when getting name for resource number 0xffffffff
11-19 22:43:41.654  6305  6305 W ResourceType: No known package when getting name for resource number 0xffffffff
11-19 22:43:41.654  6305  6305 W ResourceType: No known package when getting name for resource number 0xffffffff
11-19 22:43:41.655  6305  6305 W ResourceType: No known package when getting name for resource number 0xffffffff
11-19 22:43:41.655  6305  6305 W ResourceType: No known package when getting name for resource number 0xffffffff
11-19 22:43:41.656  6305  6305 W ResourceType: No known package when getting name for resource number 0xffffffff
11-19 22:43:41.657  6305  6305 W ResourceType: No known package when getting name for resource number 0xffffffff
11-19 22:43:41.658  6305  6305 W ResourceType: No known package when getting name for resource number 0xffffffff
11-19 22:43:41.658  6305  6305 W ResourceType: No package identifier when getting name for resource number 0x00000000
11-19 22:43:41.659  6305  6305 W ResourceType: No known package when getting name for resource number 0xffffffff
11-19 22:43:41.660  6305  6305 W ResourceType: No package identifier when getting name for resource number 0x00000004
11-19 22:43:41.660  6305  6305 W ResourceType: No known package when getting name for resource number 0xffffffff
11-19 22:43:41.662  6305  6305 W ResourceType: No known package when getting name for resource number 0x77359401
11-19 22:43:41.662  6305  6305 W ResourceType: No package identifier when getting name for resource number 0x00000001
11-19 22:43:41.663  6305  6305 W ResourceType: No known package when getting name for resource number 0xffffffff
11-19 22:43:41.664  6305  6305 W ResourceType: No package identifier when getting name for resource number 0x00000002
11-19 22:43:41.664  6305  6305 W ResourceType: No known package when getting name for resource number 0xffffffff
11-19 22:43:41.665  6305  6305 W ResourceType: No package identifier when getting name for resource number 0x00000003
11-19 22:43:41.666  6305  6305 W ResourceType: No known package when getting name for resource number 0xffffffff
11-19 22:43:41.667  6305  6305 W ResourceType: No package identifier when getting name for resource number 0x00000009
11-19 22:43:41.667  6305  6305 W ResourceType: No known package when getting name for resource number 0xffffffff
11-19 22:43:41.669  6305  6305 W ResourceType: No package identifier when getting name for resource number 0x00000008
11-19 22:43:41.669  6305  6305 W ResourceType: No known package when getting name for resource number 0xffffffff
11-19 22:43:41.670  6305  6305 W ResourceType: No known package when getting name for resource number 0x77359402
11-19 22:43:41.671  6305  6305 W ResourceType: No package identifier when getting name for resource number 0x00000005
11-19 22:43:41.671  6305  6305 W ResourceType: No known package when getting name for resource number 0xffffffff
11-19 22:43:41.672  6305  6305 W ResourceType: No package identifier when getting name for resource number 0x00000006
11-19 22:43:41.673  6305  6305 W ResourceType: No known package when getting name for resource number 0xffffffff
11-19 22:43:41.674  6305  6305 W ResourceType: No known package when getting name for resource number 0x77359403
11-19 22:43:41.674  6305  6305 W ResourceType: No package identifier when getting name for resource number 0x0000000a
11-19 22:43:41.675  6305  6305 W ResourceType: No known package when getting name for resource number 0xffffffff
11-19 22:43:42.048  6305  6305 D HomePagerActivity: OnCollapse
11-19 22:43:42.441  6305  6352 I System.out: URI: //gesture
11-19 22:43:42.442  6305  6352 I System.out: params: {json={"query_timeout":5.0,"gestures":[{"query_string":"* id:'add_button'","touches":[{"x":50,"y":50,"offset_x":0,"offset_y":0,"wait":0.0,"time":0.2,"release":true,"query_string":null}]}]}
11-19 22:43:42.442  6305  6352 I System.out: }
11-19 22:43:42.488  6305  6305 W ResourceType: No known package when getting name for resource number 0xffffffff
11-19 22:43:42.489  6305  6305 W ResourceType: No known package when getting name for resource number 0xffffffff
11-19 22:43:42.489  6305  6305 W ResourceType: No known package when getting name for resource number 0xffffffff
11-19 22:43:42.490  6305  6305 W ResourceType: No known package when getting name for resource number 0xffffffff
11-19 22:43:42.494  6305  6305 W ResourceType: No known package when getting name for resource number 0xffffffff
11-19 22:43:42.495  6305  6305 W ResourceType: No known package when getting name for resource number 0xffffffff
11-19 22:43:42.495  6305  6305 W ResourceType: No known package when getting name for resource number 0xffffffff
11-19 22:43:42.496  6305  6305 W ResourceType: No known package when getting name for resource number 0xffffffff
11-19 22:43:42.496  6305  6305 W ResourceType: No known package when getting name for resource number 0xffffffff
11-19 22:43:42.497  6305  6305 W ResourceType: No known package when getting name for resource number 0xffffffff
11-19 22:43:42.497  6305  6305 W ResourceType: No known package when getting name for resource number 0xffffffff
11-19 22:43:42.497  6305  6305 W ResourceType: No known package when getting name for resource number 0xffffffff
11-19 22:43:42.497  6305  6305 W ResourceType: No known package when getting name for resource number 0xffffffff
11-19 22:43:42.498  6305  6305 W ResourceType: No known package when getting name for resource number 0xffffffff
11-19 22:43:42.498  6305  6305 W ResourceType: No known package when getting name for resource number 0xffffffff
11-19 22:43:42.499  6305  6305 W ResourceType: No known package when getting name for resource number 0xffffffff
11-19 22:43:42.499  6305  6305 W ResourceType: No known package when getting name for resource number 0xffffffff
11-19 22:43:42.499  6305  6305 W ResourceType: No known package when getting name for resource number 0xffffffff
11-19 22:43:42.499  6305  6305 W ResourceType: No known package when getting name for resource number 0xffffffff
11-19 22:43:42.500  6305  6305 W ResourceType: No known package when getting name for resource number 0xffffffff
11-19 22:43:42.501  6305  6305 W ResourceType: No known package when getting name for resource number 0xffffffff
11-19 22:43:42.502  6305  6305 W ResourceType: No known package when getting name for resource number 0xffffffff
11-19 22:43:42.503  6305  6305 W ResourceType: No known package when getting name for resource number 0xffffffff
11-19 22:43:42.503  6305  6305 W ResourceType: No known package when getting name for resource number 0xffffffff
11-19 22:43:42.504  6305  6305 W ResourceType: No known package when getting name for resource number 0xffffffff
11-19 22:43:42.505  6305  6305 W ResourceType: No known package when getting name for resource number 0xffffffff
11-19 22:43:42.506  6305  6305 W ResourceType: No known package when getting name for resource number 0xffffffff
11-19 22:43:42.507  6305  6305 W ResourceType: No known package when getting name for resource number 0xffffffff
11-19 22:43:42.507  6305  6305 W ResourceType: No known package when getting name for resource number 0xffffffff
11-19 22:43:42.508  6305  6305 W ResourceType: No known package when getting name for resource number 0xffffffff
11-19 22:43:42.509  6305  6305 W ResourceType: No known package when getting name for resource number 0xffffffff
11-19 22:43:42.510  6305  6305 W ResourceType: No known package when getting name for resource number 0xffffffff
11-19 22:43:42.511  6305  6305 W ResourceType: No known package when getting name for resource number 0xffffffff
11-19 22:43:42.512  6305  6305 W ResourceType: No known package when getting name for resource number 0xffffffff
11-19 22:43:42.513  6305  6305 W ResourceType: No known package when getting name for resource number 0xffffffff
11-19 22:43:42.514  6305  6305 W ResourceType: No known package when getting name for resource number 0xffffffff
11-19 22:43:42.514  6305  6305 W ResourceType: No known package when getting name for resource number 0xffffffff
11-19 22:43:42.515  6305  6305 W ResourceType: No known package when getting name for resource number 0xffffffff
11-19 22:43:42.516  6305  6305 W ResourceType: No known package when getting name for resource number 0xffffffff
11-19 22:43:42.517  6305  6305 W ResourceType: No known package when getting name for resource number 0xffffffff
11-19 22:43:42.518  6305  6305 W ResourceType: No known package when getting name for resource number 0xffffffff
11-19 22:43:42.519  6305  6305 W ResourceType: No known package when getting name for resource number 0xffffffff
11-19 22:43:42.520  6305  6305 W ResourceType: No known package when getting name for resource number 0xffffffff
11-19 22:43:42.520  6305  6305 W ResourceType: No known package when getting name for resource number 0xffffffff
11-19 22:43:42.521  6305  6305 W ResourceType: No known package when getting name for resource number 0xffffffff
11-19 22:43:42.522  6305  6305 W ResourceType: No known package when getting name for resource number 0xffffffff
11-19 22:43:42.523  6305  6305 W ResourceType: No known package when getting name for resource number 0xffffffff
11-19 22:43:42.524  6305  6305 W ResourceType: No known package when getting name for resource number 0xffffffff
11-19 22:43:42.525  6305  6305 W ResourceType: No known package when getting name for resource number 0xffffffff
11-19 22:43:42.526  6305  6305 W ResourceType: No known package when getting name for resource number 0xffffffff
11-19 22:43:42.526  6305  6305 W ResourceType: No known package when getting name for resource number 0xffffffff
11-19 22:43:42.527  6305  6305 W ResourceType: No known package when getting name for resource number 0xffffffff
11-19 22:43:42.527  6305  6305 W ResourceType: No known package when getting name for resource number 0xffffffff
11-19 22:43:42.528  6305  6305 W ResourceType: No known package when getting name for resource number 0xffffffff
11-19 22:43:42.529  6305  6305 W ResourceType: No known package when getting name for resource number 0xffffffff
11-19 22:43:42.530  6305  6305 W ResourceType: No known package when getting name for resource number 0xffffffff
11-19 22:43:42.531  6305  6305 W ResourceType: No known package when getting name for resource number 0xffffffff
11-19 22:43:42.532  6305  6305 W ResourceType: No known package when getting name for resource number 0xffffffff
11-19 22:43:42.533  6305  6305 W ResourceType: No known package when getting name for resource number 0xffffffff
11-19 22:43:42.533  6305  6305 W ResourceType: No known package when getting name for resource number 0xffffffff
11-19 22:43:42.534  6305  6305 W ResourceType: No known package when getting name for resource number 0xffffffff
11-19 22:43:42.535  6305  6305 W ResourceType: No known package when getting name for resource number 0xffffffff
11-19 22:43:42.536  6305  6305 W ResourceType: No known package when getting name for resource number 0xffffffff
11-19 22:43:42.537  6305  6305 W ResourceType: No known package when getting name for resource number 0xffffffff
11-19 22:43:42.538  6305  6305 W ResourceType: No known package when getting name for resource number 0xffffffff
11-19 22:43:42.538  6305  6305 W ResourceType: No known package when getting name for resource number 0xffffffff
11-19 22:43:42.539  6305  6305 W ResourceType: No known package when getting name for resource number 0xffffffff
11-19 22:43:42.540  6305  6305 W ResourceType: No known package when getting name for resource number 0xffffffff
11-19 22:43:42.541  6305  6305 W ResourceType: No known package when getting name for resource number 0xffffffff
11-19 22:43:42.542  6305  6305 W ResourceType: No known package when getting name for resource number 0xffffffff
11-19 22:43:42.543  6305  6305 W ResourceType: No known package when getting name for resource number 0xffffffff
11-19 22:43:42.544  6305  6305 W ResourceType: No known package when getting name for resource number 0xffffffff
11-19 22:43:42.544  6305  6305 W ResourceType: No known package when getting name for resource number 0xffffffff
11-19 22:43:42.545  6305  6305 W ResourceType: No known package when getting name for resource number 0xffffffff
11-19 22:43:42.546  6305  6305 W ResourceType: No known package when getting name for resource number 0xffffffff
11-19 22:43:42.548  6305  6305 W ResourceType: No known package when getting name for resource number 0xffffffff
11-19 22:43:42.551  6305  6305 W ResourceType: No known package when getting name for resource number 0xffffffff
11-19 22:43:42.552  6305  6305 W ResourceType: No known package when getting name for resource number 0xffffffff
11-19 22:43:42.552  6305  6305 W ResourceType: No known package when getting name for resource number 0xffffffff
11-19 22:43:42.553  6305  6305 W ResourceType: No known package when getting name for resource number 0xffffffff
11-19 22:43:42.554  6305  6305 W ResourceType: No known package when getting name for resource number 0xffffffff
11-19 22:43:42.554  6305  6305 W ResourceType: No known package when getting name for resource number 0xffffffff
11-19 22:43:42.555  6305  6305 W ResourceType: No known package when getting name for resource number 0xffffffff
11-19 22:43:42.555  6305  6305 W ResourceType: No known package when getting name for resource number 0xffffffff
11-19 22:43:42.556  6305  6305 W ResourceType: No known package when getting name for resource number 0xffffffff
11-19 22:43:42.557  6305  6305 W ResourceType: No known package when getting name for resource number 0xffffffff
11-19 22:43:42.557  6305  6305 W ResourceType: No known package when getting name for resource number 0xffffffff
11-19 22:43:42.558  6305  6305 W ResourceType: No known package when getting name for resource number 0xffffffff
11-19 22:43:42.559  6305  6305 W ResourceType: No known package when getting name for resource number 0xffffffff
11-19 22:43:42.559  6305  6305 W ResourceType: No known package when getting name for resource number 0xffffffff
11-19 22:43:42.560  6305  6305 W ResourceType: No known package when getting name for resource number 0xffffffff
11-19 22:43:42.563  6305  6305 W ResourceType: No known package when getting name for resource number 0xffffffff
11-19 22:43:42.563  6305  6305 W ResourceType: No known package when getting name for resource number 0xffffffff
11-19 22:43:42.563  6305  6305 W ResourceType: No known package when getting name for resource number 0xffffffff
11-19 22:43:42.564  6305  6305 W ResourceType: No known package when getting name for resource number 0xffffffff
11-19 22:43:42.565  6305  6305 W ResourceType: No known package when getting name for resource number 0xffffffff
11-19 22:43:42.565  6305  6305 W ResourceType: No known package when getting name for resource number 0xffffffff
11-19 22:43:42.565  6305  6305 W ResourceType: No known package when getting name for resource number 0xffffffff
11-19 22:43:42.566  6305  6305 W ResourceType: No known package when getting name for resource number 0xffffffff
11-19 22:43:42.568  6305  6305 W ResourceType: No known package when getting name for resource number 0xffffffff
11-19 22:43:42.568  6305  6305 W ResourceType: No package identifier when getting name for resource number 0x00000000
11-19 22:43:42.569  6305  6305 W ResourceType: No known package when getting name for resource number 0xffffffff
11-19 22:43:42.570  6305  6305 W ResourceType: No package identifier when getting name for resource number 0x00000004
11-19 22:43:42.570  6305  6305 W ResourceType: No known package when getting name for resource number 0xffffffff
11-19 22:43:42.571  6305  6305 W ResourceType: No known package when getting name for resource number 0x77359401
11-19 22:43:42.572  6305  6305 W ResourceType: No package identifier when getting name for resource number 0x00000001
11-19 22:43:42.572  6305  6305 W ResourceType: No known package when getting name for resource number 0xffffffff
11-19 22:43:42.573  6305  6305 W ResourceType: No package identifier when getting name for resource number 0x00000002
11-19 22:43:42.574  6305  6305 W ResourceType: No known package when getting name for resource number 0xffffffff
11-19 22:43:42.575  6305  6305 W ResourceType: No package identifier when getting name for resource number 0x00000003
11-19 22:43:42.575  6305  6305 W ResourceType: No known package when getting name for resource number 0xffffffff
11-19 22:43:42.576  6305  6305 W ResourceType: No package identifier when getting name for resource number 0x00000009
11-19 22:43:42.577  6305  6305 W ResourceType: No known package when getting name for resource number 0xffffffff
11-19 22:43:42.578  6305  6305 W ResourceType: No package identifier when getting name for resource number 0x00000008
11-19 22:43:42.579  6305  6305 W ResourceType: No known package when getting name for resource number 0xffffffff
11-19 22:43:42.580  6305  6305 W ResourceType: No known package when getting name for resource number 0x77359402
11-19 22:43:42.580  6305  6305 W ResourceType: No package identifier when getting name for resource number 0x00000005
11-19 22:43:42.580  6305  6305 W ResourceType: No known package when getting name for resource number 0xffffffff
11-19 22:43:42.582  6305  6305 W ResourceType: No package identifier when getting name for resource number 0x00000006
11-19 22:43:42.582  6305  6305 W ResourceType: No known package when getting name for resource number 0xffffffff
11-19 22:43:42.583  6305  6305 W ResourceType: No known package when getting name for resource number 0x77359403
11-19 22:43:42.584  6305  6305 W ResourceType: No package identifier when getting name for resource number 0x0000000a
11-19 22:43:42.584  6305  6305 W ResourceType: No known package when getting name for resource number 0xffffffff
11-19 22:43:42.810  6305  6330 D JobManager: Reschedule 0 jobs of 1 jobs
11-19 22:43:42.818  6305  6305 I calabash: execStartActivity 4
11-19 22:43:42.818  1588  1832 I ActivityManager: START u0 {cmp=es.usc.citius.servando.calendula/.activities.MedicinesActivity} from uid 10094 on display 0
11-19 22:43:42.836  6305  6305 I calabash: newActivity1
11-19 22:43:42.850  6305  6305 I AppCompatViewInflater: app:theme is now deprecated. Please move to using android:theme instead.
11-19 22:43:42.886  6305  6305 D android:switcher:2131755210:0: Activity es.usc.citius.servando.calendula.activities.MedicinesActivity, true
11-19 22:43:42.931  6305  6305 D android:switcher:2131755210:0: Arguments:  true, savedState: false
11-19 22:43:42.932  6305  6305 D android:switcher:2131755210:0: Pill
11-19 22:43:43.067  6305  6336 D EGL_emulation: eglMakeCurrent: 0x93ae26c0: ver 2 0 (tinfo 0xa37e3e10)
11-19 22:43:43.113  6305  6336 D EGL_emulation: eglMakeCurrent: 0x93ae26c0: ver 2 0 (tinfo 0xa37e3e10)
11-19 22:43:43.154  6305  6336 D EGL_emulation: eglMakeCurrent: 0x93ae26c0: ver 2 0 (tinfo 0xa37e3e10)
11-19 22:43:43.158  1588  1608 I ActivityManager: Displayed es.usc.citius.servando.calendula/.activities.MedicinesActivity: +335ms
11-19 22:43:43.170  6305  6336 D EGL_emulation: eglMakeCurrent: 0x93ae26c0: ver 2 0 (tinfo 0xa37e3e10)
11-19 22:43:43.179  6305  6305 D HomePagerActivity: OnCollapse
11-19 22:43:43.180  6305  6336 D EGL_emulation: eglMakeCurrent: 0x93ae26c0: ver 2 0 (tinfo 0xa37e3e10)
11-19 22:43:43.190  6305  6336 D EGL_emulation: eglMakeCurrent: 0x93ae26c0: ver 2 0 (tinfo 0xa37e3e10)
11-19 22:43:43.198  1588  1832 I WindowManager: Destroying surface Surface(name=es.usc.citius.servando.calendula/es.usc.citius.servando.calendula.HomePagerActivity) called by com.android.server.wm.WindowStateAnimator.destroySurface:2016 com.android.server.wm.WindowStateAnimator.destroySurfaceLocked:882 com.android.server.wm.WindowState.destroyOrSaveSurface:2100 com.android.server.wm.WindowManagerService.tryStartExitingAnimation:3024 com.android.server.wm.WindowManagerService.relayoutWindow:2904 com.android.server.wm.Session.relayout:224 android.view.IWindowSession$Stub.onTransact:286 com.android.server.wm.Session.onTransact:145 
11-19 22:43:43.465  6305  6336 D EGL_emulation: eglMakeCurrent: 0x93ae26c0: ver 2 0 (tinfo 0xa37e3e10)
11-19 22:43:43.653  6305  6353 I System.out: URI: //map
11-19 22:43:43.653  6305  6353 I System.out: params: {json={"query":"* marked:'Cancel'","operation":{"method_name":"query","arguments":[]}}
11-19 22:43:43.653  6305  6353 I System.out: }
11-19 22:43:43.691  6305  6305 W ResourceType: No known package when getting name for resource number 0xffffffff
11-19 22:43:43.692  6305  6305 W ResourceType: No known package when getting name for resource number 0xffffffff
11-19 22:43:43.697  6305  6305 W ResourceType: No known package when getting name for resource number 0xffffffff
11-19 22:43:43.699  6305  6305 W ResourceType: No known package when getting name for resource number 0xffffffff
11-19 22:43:43.702  6305  6305 W ResourceType: No known package when getting name for resource number 0xffffffff
11-19 22:43:43.702  6305  6305 W ResourceType: No known package when getting name for resource number 0xffffffff
11-19 22:43:43.703  6305  6305 W ResourceType: No known package when getting name for resource number 0xffffffff
11-19 22:43:43.706  6305  6305 W ResourceType: No known package when getting name for resource number 0xffffffff
11-19 22:43:43.706  6305  6305 W ResourceType: No known package when getting name for resource number 0xffffffff
11-19 22:43:43.709  6305  6305 W ResourceType: No known package when getting name for resource number 0xffffffff
11-19 22:43:43.709  6305  6305 W ResourceType: No known package when getting name for resource number 0xffffffff
11-19 22:43:43.711  6305  6305 W ResourceType: No known package when getting name for resource number 0xffffffff
11-19 22:43:43.719  6305  6305 W ResourceType: No known package when getting name for resource number 0xffffffff
11-19 22:43:43.719  6305  6305 W ResourceType: No known package when getting name for resource number 0xffffffff
11-19 22:43:43.724  6305  6305 W ResourceType: No known package when getting name for resource number 0xffffffff
11-19 22:43:43.725  6305  6305 W ResourceType: No known package when getting name for resource number 0xffffffff
11-19 22:43:43.725  6305  6305 W ResourceType: No known package when getting name for resource number 0xffffffff
11-19 22:43:43.728  6305  6305 W ResourceType: No known package when getting name for resource number 0xffffffff
11-19 22:43:43.735  6305  6305 W ResourceType: No known package when getting name for resource number 0xffffffff
11-19 22:43:43.737  6305  6305 W ResourceType: No known package when getting name for resource number 0xffffffff
11-19 22:43:43.738  6305  6305 W ResourceType: No known package when getting name for resource number 0xffffffff
11-19 22:43:43.739  6305  6305 W ResourceType: No known package when getting name for resource number 0xffffffff
11-19 22:43:43.739  6305  6305 W ResourceType: No known package when getting name for resource number 0xffffffff
11-19 22:43:43.740  6305  6305 W ResourceType: No known package when getting name for resource number 0xffffffff
11-19 22:43:43.740  6305  6305 W ResourceType: No known package when getting name for resource number 0xffffffff
11-19 22:43:43.741  6305  6305 W ResourceType: No known package when getting name for resource number 0xffffffff
11-19 22:43:43.741  6305  6305 W ResourceType: No known package when getting name for resource number 0xffffffff
11-19 22:43:43.742  6305  6305 W ResourceType: No known package when getting name for resource number 0xffffffff
11-19 22:43:43.742  6305  6305 W ResourceType: No known package when getting name for resource number 0xffffffff
11-19 22:43:43.743  6305  6305 W ResourceType: No known package when getting name for resource number 0xffffffff
11-19 22:43:43.743  6305  6305 W ResourceType: No known package when getting name for resource number 0xffffffff
11-19 22:43:43.744  6305  6305 W ResourceType: No known package when getting name for resource number 0xffffffff
11-19 22:43:43.744  6305  6305 W ResourceType: No known package when getting name for resource number 0xffffffff
11-19 22:43:43.744  6305  6305 W ResourceType: No known package when getting name for resource number 0xffffffff
11-19 22:43:43.746  6305  6305 W ResourceType: No known package when getting name for resource number 0xffffffff
11-19 22:43:43.747  6305  6305 W ResourceType: No known package when getting name for resource number 0xffffffff
11-19 22:43:43.749  6305  6305 W ResourceType: No known package when getting name for resource number 0xffffffff
11-19 22:43:43.750  6305  6305 W ResourceType: No known package when getting name for resource number 0xffffffff
11-19 22:43:43.751  6305  6305 W ResourceType: No known package when getting name for resource number 0xffffffff
11-19 22:43:43.753  6305  6305 W ResourceType: No known package when getting name for resource number 0xffffffff
11-19 22:43:43.755  6305  6305 W ResourceType: No known package when getting name for resource number 0xffffffff
11-19 22:43:43.757  6305  6305 W ResourceType: No known package when getting name for resource number 0xffffffff
11-19 22:43:43.759  6305  6305 W ResourceType: No known package when getting name for resource number 0xffffffff
11-19 22:43:43.761  6305  6305 W ResourceType: No known package when getting name for resource number 0xffffffff
11-19 22:43:43.763  6305  6305 W ResourceType: No known package when getting name for resource number 0xffffffff
11-19 22:43:43.765  6305  6305 W ResourceType: No known package when getting name for resource number 0xffffffff
11-19 22:43:43.766  6305  6305 W ResourceType: No known package when getting name for resource number 0xffffffff
11-19 22:43:43.768  6305  6305 W ResourceType: No known package when getting name for resource number 0xffffffff
11-19 22:43:43.769  6305  6305 W ResourceType: No known package when getting name for resource number 0xffffffff
11-19 22:43:43.771  6305  6305 W ResourceType: No known package when getting name for resource number 0xffffffff
11-19 22:43:43.773  6305  6305 W ResourceType: No known package when getting name for resource number 0xffffffff
11-19 22:43:43.774  6305  6305 W ResourceType: No known package when getting name for resource number 0xffffffff
11-19 22:43:43.776  6305  6305 W ResourceType: No known package when getting name for resource number 0xffffffff
11-19 22:43:43.778  6305  6305 W ResourceType: No known package when getting name for resource number 0xffffffff
11-19 22:43:43.779  6305  6305 W ResourceType: No known package when getting name for resource number 0xffffffff
11-19 22:43:43.781  6305  6305 W ResourceType: No known package when getting name for resource number 0xffffffff
11-19 22:43:43.783  6305  6305 W ResourceType: No known package when getting name for resource number 0xffffffff
11-19 22:43:43.784  6305  6305 W ResourceType: No known package when getting name for resource number 0xffffffff
11-19 22:43:43.786  6305  6305 W ResourceType: No known package when getting name for resource number 0xffffffff
11-19 22:43:43.787  6305  6305 W ResourceType: No known package when getting name for resource number 0xffffffff
11-19 22:43:43.789  6305  6305 W ResourceType: No known package when getting name for resource number 0xffffffff
11-19 22:43:43.791  6305  6305 W ResourceType: No known package when getting name for resource number 0xffffffff
11-19 22:43:43.792  6305  6305 W ResourceType: No known package when getting name for resource number 0xffffffff
11-19 22:43:43.794  6305  6305 W ResourceType: No known package when getting name for resource number 0xffffffff
11-19 22:43:43.795  6305  6305 W ResourceType: No known package when getting name for resource number 0xffffffff
11-19 22:43:43.796  6305  6305 W ResourceType: No known package when getting name for resource number 0xffffffff
11-19 22:43:43.797  6305  6305 W ResourceType: No known package when getting name for resource number 0xffffffff
11-19 22:43:43.799  6305  6305 W ResourceType: No known package when getting name for resource number 0xffffffff
11-19 22:43:43.800  6305  6305 W ResourceType: No known package when getting name for resource number 0xffffffff
11-19 22:43:43.802  6305  6305 W ResourceType: No known package when getting name for resource number 0xffffffff
11-19 22:43:43.804  6305  6305 W ResourceType: No known package when getting name for resource number 0xffffffff
11-19 22:43:43.806  6305  6305 W ResourceType: No known package when getting name for resource number 0xffffffff
11-19 22:43:43.807  6305  6305 W ResourceType: No known package when getting name for resource number 0xffffffff
11-19 22:43:43.809  6305  6305 W ResourceType: No known package when getting name for resource number 0xffffffff
11-19 22:43:43.811  6305  6305 W ResourceType: No known package when getting name for resource number 0xffffffff
11-19 22:43:43.812  6305  6305 W ResourceType: No known package when getting name for resource number 0xffffffff
11-19 22:43:43.814  6305  6305 W ResourceType: No known package when getting name for resource number 0xffffffff
11-19 22:43:43.816  6305  6305 W ResourceType: No known package when getting name for resource number 0xffffffff
11-19 22:43:43.817  6305  6305 W ResourceType: No known package when getting name for resource number 0xffffffff
11-19 22:43:43.819  6305  6305 W ResourceType: No known package when getting name for resource number 0xffffffff
11-19 22:43:43.820  6305  6305 W ResourceType: No known package when getting name for resource number 0xffffffff
11-19 22:43:43.822  6305  6305 W ResourceType: No known package when getting name for resource number 0xffffffff
11-19 22:43:43.824  6305  6305 W ResourceType: No known package when getting name for resource number 0xffffffff
11-19 22:43:43.826  6305  6305 W ResourceType: No known package when getting name for resource number 0xffffffff
11-19 22:43:43.827  6305  6305 W ResourceType: No known package when getting name for resource number 0xffffffff
11-19 22:43:43.829  6305  6305 W ResourceType: No known package when getting name for resource number 0xffffffff
11-19 22:43:43.831  6305  6305 W ResourceType: No known package when getting name for resource number 0xffffffff
11-19 22:43:43.833  6305  6305 W ResourceType: No known package when getting name for resource number 0xffffffff
11-19 22:43:43.834  6305  6305 W ResourceType: No known package when getting name for resource number 0xffffffff
11-19 22:43:43.839  6305  6305 W ResourceType: No known package when getting name for resource number 0xffffffff
11-19 22:43:43.844  6305  6305 W ResourceType: No known package when getting name for resource number 0xffffffff
